[2026-08-31T03:25:16.879+0000] {taskinstance.py:1956} INFO - Dependencies all met for dep_context=non-requeueable deps ti=<TaskInstance: air_quality_ingestion.ingest_to_bronze scheduled__2026-08-31T01:00:00+00:00 [queued]>
[2026-08-31T03:25:16.923+0000] {taskinstance.py:1956} INFO - Dependencies all met for dep_context=requeueable deps ti=<TaskInstance: air_quality_ingestion.ingest_to_bronze scheduled__2026-08-31T01:00:00+00:00 [queued]>
[2026-08-31T03:25:16.924+0000] {taskinstance.py:2170} INFO - Starting attempt 1 of 4
[2026-08-31T03:25:16.989+0000] {taskinstance.py:2191} INFO - Executing <Task(PythonOperator): ingest_to_bronze> on 2026-08-31 01:00:00+00:00
[2026-08-31T03:25:17.032+0000] {standard_task_runner.py:60} INFO - Started process 23191 to run task
[2026-08-31T03:25:17.049+0000] {standard_task_runner.py:87} INFO - Running: ['***', 'tasks', 'run', 'air_quality_ingestion', 'ingest_to_bronze', 'scheduled__2026-08-31T01:00:00+00:00', '--job-id', '480', '--raw', '--subdir', 'DAGS_FOLDER/ingestion_dag.py', '--cfg-path', '/tmp/tmpx1douw9r']
[2026-08-31T03:25:17.055+0000] {standard_task_runner.py:88} INFO - Job 480: Subtask ingest_to_bronze
[2026-08-31T03:25:17.470+0000] {task_command.py:423} INFO - Running <TaskInstance: air_quality_ingestion.ingest_to_bronze scheduled__2026-08-31T01:00:00+00:00 [running]> on host 6a0525c4c718
[2026-08-31T03:25:17.814+0000] {taskinstance.py:2480} INFO - Exporting env vars: AIRFLOW_CTX_DAG_OWNER='***' AIRFLOW_CTX_DAG_ID='air_quality_ingestion' AIRFLOW_CTX_TASK_ID='ingest_to_bronze' AIRFLOW_CTX_EXECUTION_DATE='2026-08-31T01:00:00+00:00' AIRFLOW_CTX_TRY_NUMBER='1' AIRFLOW_CTX_DAG_RUN_ID='scheduled__2026-08-31T01:00:00+00:00'
[2026-08-31T03:25:18.184+0000] {logging_mixin.py:188} INFO - Created bucket: bronze-air-quality
[2026-08-31T03:25:18.200+0000] {logging_mixin.py:188} INFO - Created bucket: silver-air-quality
[2026-08-31T03:25:18.226+0000] {logging_mixin.py:188} INFO - Created bucket: gold-air-quality
[2026-08-31T03:25:18.301+0000] {logging_mixin.py:188} INFO - ✗ new york: HTTPSConnectionPool(host='api.waqi.info', port=443): Max retries exceeded with url: /feed/new%20york/?token=2cc5f2fc84f739a6377a29001c83fd1911c54797 (Caused by NewConnectionError('<urllib3.connection.HTTPSConnection object at 0x70c3bd32ba50>: Failed to establish a new connection: [Errno 111] Connection refused'))
[2026-08-31T03:25:18.323+0000] {logging_mixin.py:188} INFO - ✗ london: HTTPSConnectionPool(host='api.waqi.info', port=443): Max retries exceeded with url: /feed/london/?token=2cc5f2fc84f739a6377a29001c83fd1911c54797 (Caused by NewConnectionError('<urllib3.connection.HTTPSConnection object at 0x70c3bd331550>: Failed to establish a new connection: [Errno 111] Connection refused'))
[2026-08-31T03:25:18.340+0000] {logging_mixin.py:188} INFO - ✗ beijing: HTTPSConnectionPool(host='api.waqi.info', port=443): Max retries exceeded with url: /feed/beijing/?token=2cc5f2fc84f739a6377a29001c83fd1911c54797 (Caused by NewConnectionError('<urllib3.connection.HTTPSConnection object at 0x70c3bd3339d0>: Failed to establish a new connection: [Errno 111] Connection refused'))
[2026-08-31T03:25:18.371+0000] {logging_mixin.py:188} INFO - ✗ delhi: HTTPSConnectionPool(host='api.waqi.info', port=443): Max retries exceeded with url: /feed/delhi/?token=2cc5f2fc84f739a6377a29001c83fd1911c54797 (Caused by NewConnectionError('<urllib3.connection.HTTPSConnection object at 0x70c3bd32a4d0>: Failed to establish a new connection: [Errno 111] Connection refused'))
[2026-08-31T03:25:18.388+0000] {logging_mixin.py:188} INFO - ✗ sydney: HTTPSConnectionPool(host='api.waqi.info', port=443): Max retries exceeded with url: /feed/sydney/?token=2cc5f2fc84f739a6377a29001c83fd1911c54797 (Caused by NewConnectionError('<urllib3.connection.HTTPSConnection object at 0x70c3bd33cad0>: Failed to establish a new connection: [Errno 111] Connection refused'))
[2026-08-31T03:25:18.389+0000] {logging_mixin.py:188} INFO - 
Total records ingested: 0
[2026-08-31T03:25:18.390+0000] {python.py:201} INFO - Done. Returned value was: None
[2026-08-31T03:25:18.416+0000] {taskinstance.py:1138} INFO - Marking task as SUCCESS. dag_id=air_quality_ingestion, task_id=ingest_to_bronze, execution_date=20260831T010000, start_date=20260831T032516, end_date=20260831T032518
[2026-08-31T03:25:18.488+0000] {local_task_job_runner.py:234} INFO - Task exited with return code 0
[2026-08-31T03:25:18.533+0000] {taskinstance.py:3280} INFO - 0 downstream tasks scheduled from follow-on schedule check
