[2026-08-11T01:31:21.881+0000] {taskinstance.py:1956} INFO - Dependencies all met for dep_context=non-requeueable deps ti=<TaskInstance: air_quality_pipeline.wait_for_ingestion scheduled__2026-08-10T22:05:00+00:00 [queued]>
[2026-08-11T01:31:21.889+0000] {taskinstance.py:1956} INFO - Dependencies all met for dep_context=requeueable deps ti=<TaskInstance: air_quality_pipeline.wait_for_ingestion scheduled__2026-08-10T22:05:00+00:00 [queued]>
[2026-08-11T01:31:21.891+0000] {taskinstance.py:2170} INFO - Starting attempt 2 of 3
[2026-08-11T01:31:21.905+0000] {taskinstance.py:2191} INFO - Executing <Task(ExternalTaskSensor): wait_for_ingestion> on 2026-08-10 22:05:00+00:00
[2026-08-11T01:31:21.911+0000] {standard_task_runner.py:60} INFO - Started process 26113 to run task
[2026-08-11T01:31:21.915+0000] {standard_task_runner.py:87} INFO - Running: ['***', 'tasks', 'run', 'air_quality_pipeline', 'wait_for_ingestion', 'scheduled__2026-08-10T22:05:00+00:00', '--job-id', '201', '--raw', '--subdir', 'DAGS_FOLDER/spark_pipeline_dag.py', '--cfg-path', '/tmp/tmp4o4i6ulx']
[2026-08-11T01:31:21.918+0000] {standard_task_runner.py:88} INFO - Job 201: Subtask wait_for_ingestion
[2026-08-11T01:31:21.987+0000] {task_command.py:423} INFO - Running <TaskInstance: air_quality_pipeline.wait_for_ingestion scheduled__2026-08-10T22:05:00+00:00 [running]> on host 6a0525c4c718
[2026-08-11T01:31:22.045+0000] {taskinstance.py:2480} INFO - Exporting env vars: AIRFLOW_CTX_DAG_OWNER='***' AIRFLOW_CTX_DAG_ID='air_quality_pipeline' AIRFLOW_CTX_TASK_ID='wait_for_ingestion' AIRFLOW_CTX_EXECUTION_DATE='2026-08-10T22:05:00+00:00' AIRFLOW_CTX_TRY_NUMBER='2' AIRFLOW_CTX_DAG_RUN_ID='scheduled__2026-08-10T22:05:00+00:00'
[2026-08-11T01:31:22.047+0000] {external_task.py:244} INFO - Poking for tasks ['ingest_to_bronze'] in dag air_quality_ingestion on 2026-08-10T22:05:00+00:00 ... 
[2026-08-11T01:31:52.056+0000] {external_task.py:244} INFO - Poking for tasks ['ingest_to_bronze'] in dag air_quality_ingestion on 2026-08-10T22:05:00+00:00 ... 
[2026-08-11T01:32:22.066+0000] {external_task.py:244} INFO - Poking for tasks ['ingest_to_bronze'] in dag air_quality_ingestion on 2026-08-10T22:05:00+00:00 ... 
[2026-08-11T01:32:52.073+0000] {external_task.py:244} INFO - Poking for tasks ['ingest_to_bronze'] in dag air_quality_ingestion on 2026-08-10T22:05:00+00:00 ... 
[2026-08-11T01:33:22.080+0000] {external_task.py:244} INFO - Poking for tasks ['ingest_to_bronze'] in dag air_quality_ingestion on 2026-08-10T22:05:00+00:00 ... 
[2026-08-11T01:33:52.093+0000] {external_task.py:244} INFO - Poking for tasks ['ingest_to_bronze'] in dag air_quality_ingestion on 2026-08-10T22:05:00+00:00 ... 
[2026-08-11T01:34:22.101+0000] {external_task.py:244} INFO - Poking for tasks ['ingest_to_bronze'] in dag air_quality_ingestion on 2026-08-10T22:05:00+00:00 ... 
[2026-08-11T01:34:52.108+0000] {external_task.py:244} INFO - Poking for tasks ['ingest_to_bronze'] in dag air_quality_ingestion on 2026-08-10T22:05:00+00:00 ... 
[2026-08-11T01:35:22.118+0000] {external_task.py:244} INFO - Poking for tasks ['ingest_to_bronze'] in dag air_quality_ingestion on 2026-08-10T22:05:00+00:00 ... 
[2026-08-11T01:35:52.126+0000] {external_task.py:244} INFO - Poking for tasks ['ingest_to_bronze'] in dag air_quality_ingestion on 2026-08-10T22:05:00+00:00 ... 
[2026-08-11T01:36:22.134+0000] {external_task.py:244} INFO - Poking for tasks ['ingest_to_bronze'] in dag air_quality_ingestion on 2026-08-10T22:05:00+00:00 ... 
[2026-08-11T01:36:22.143+0000] {taskinstance.py:2698} ERROR - Task failed with exception
Traceback (most recent call last):
  File "/home/airflow/.local/lib/python3.11/site-packages/airflow/models/taskinstance.py", line 433, in _execute_task
    result = execute_callable(context=context, **execute_callable_kwargs)
             ^^^^^^^^^^^^^^^^^^^^^^^^^^^^^^^^^^^^^^^^^^^^^^^^^^^^^^^^^^^^
  File "/home/airflow/.local/lib/python3.11/site-packages/airflow/sensors/external_task.py", line 334, in execute
    super().execute(context)
  File "/home/airflow/.local/lib/python3.11/site-packages/airflow/sensors/base.py", line 282, in execute
    raise AirflowSensorTimeout(message)
airflow.exceptions.AirflowSensorTimeout: Sensor has timed out; run duration of 300.11861701801536 seconds exceeds the specified timeout of 300.0.
[2026-08-11T01:36:22.151+0000] {taskinstance.py:1138} INFO - Immediate failure requested. Marking task as FAILED. dag_id=air_quality_pipeline, task_id=wait_for_ingestion, execution_date=20260810T220500, start_date=20260811T013121, end_date=20260811T013622
[2026-08-11T01:36:22.173+0000] {standard_task_runner.py:107} ERROR - Failed to execute job 201 for task wait_for_ingestion (Sensor has timed out; run duration of 300.11861701801536 seconds exceeds the specified timeout of 300.0.; 26113)
[2026-08-11T01:36:22.189+0000] {local_task_job_runner.py:234} INFO - Task exited with return code 1
[2026-08-11T01:36:22.212+0000] {taskinstance.py:3280} INFO - 0 downstream tasks scheduled from follow-on schedule check
