[2026-08-29T05:05:47.595+0000] {taskinstance.py:1956} INFO - Dependencies all met for dep_context=non-requeueable deps ti=<TaskInstance: air_quality_pipeline.wait_for_ingestion scheduled__2026-08-28T11:05:00+00:00 [queued]>
[2026-08-29T05:05:47.639+0000] {taskinstance.py:1956} INFO - Dependencies all met for dep_context=requeueable deps ti=<TaskInstance: air_quality_pipeline.wait_for_ingestion scheduled__2026-08-28T11:05:00+00:00 [queued]>
[2026-08-29T05:05:47.665+0000] {taskinstance.py:2170} INFO - Starting attempt 1 of 3
[2026-08-29T05:05:47.718+0000] {taskinstance.py:2191} INFO - Executing <Task(ExternalTaskSensor): wait_for_ingestion> on 2026-08-28 11:05:00+00:00
[2026-08-29T05:05:47.736+0000] {standard_task_runner.py:60} INFO - Started process 13628 to run task
[2026-08-29T05:05:47.751+0000] {standard_task_runner.py:87} INFO - Running: ['***', 'tasks', 'run', 'air_quality_pipeline', 'wait_for_ingestion', 'scheduled__2026-08-28T11:05:00+00:00', '--job-id', '429', '--raw', '--subdir', 'DAGS_FOLDER/spark_pipeline_dag.py', '--cfg-path', '/tmp/tmpbbf552_b']
[2026-08-29T05:05:47.785+0000] {standard_task_runner.py:88} INFO - Job 429: Subtask wait_for_ingestion
[2026-08-29T05:05:47.981+0000] {task_command.py:423} INFO - Running <TaskInstance: air_quality_pipeline.wait_for_ingestion scheduled__2026-08-28T11:05:00+00:00 [running]> on host 6a0525c4c718
[2026-08-29T05:05:48.151+0000] {taskinstance.py:2480} INFO - Exporting env vars: AIRFLOW_CTX_DAG_OWNER='***' AIRFLOW_CTX_DAG_ID='air_quality_pipeline' AIRFLOW_CTX_TASK_ID='wait_for_ingestion' AIRFLOW_CTX_EXECUTION_DATE='2026-08-28T11:05:00+00:00' AIRFLOW_CTX_TRY_NUMBER='1' AIRFLOW_CTX_DAG_RUN_ID='scheduled__2026-08-28T11:05:00+00:00'
[2026-08-29T05:05:48.155+0000] {external_task.py:244} INFO - Poking for tasks ['ingest_to_bronze'] in dag air_quality_ingestion on 2026-08-28T11:05:00+00:00 ... 
[2026-08-29T05:06:18.195+0000] {external_task.py:244} INFO - Poking for tasks ['ingest_to_bronze'] in dag air_quality_ingestion on 2026-08-28T11:05:00+00:00 ... 
[2026-08-29T05:06:48.302+0000] {external_task.py:244} INFO - Poking for tasks ['ingest_to_bronze'] in dag air_quality_ingestion on 2026-08-28T11:05:00+00:00 ... 
[2026-08-29T05:07:18.309+0000] {external_task.py:244} INFO - Poking for tasks ['ingest_to_bronze'] in dag air_quality_ingestion on 2026-08-28T11:05:00+00:00 ... 
[2026-08-29T05:07:48.327+0000] {external_task.py:244} INFO - Poking for tasks ['ingest_to_bronze'] in dag air_quality_ingestion on 2026-08-28T11:05:00+00:00 ... 
[2026-08-29T05:16:51.888+0000] {external_task.py:244} INFO - Poking for tasks ['ingest_to_bronze'] in dag air_quality_ingestion on 2026-08-28T11:05:00+00:00 ... 
[2026-08-29T05:17:21.942+0000] {external_task.py:244} INFO - Poking for tasks ['ingest_to_bronze'] in dag air_quality_ingestion on 2026-08-28T11:05:00+00:00 ... 
[2026-08-29T05:17:51.971+0000] {external_task.py:244} INFO - Poking for tasks ['ingest_to_bronze'] in dag air_quality_ingestion on 2026-08-28T11:05:00+00:00 ... 
[2026-08-29T05:18:22.003+0000] {external_task.py:244} INFO - Poking for tasks ['ingest_to_bronze'] in dag air_quality_ingestion on 2026-08-28T11:05:00+00:00 ... 
[2026-08-29T05:18:52.016+0000] {external_task.py:244} INFO - Poking for tasks ['ingest_to_bronze'] in dag air_quality_ingestion on 2026-08-28T11:05:00+00:00 ... 
[2026-08-29T05:19:23.051+0000] {external_task.py:244} INFO - Poking for tasks ['ingest_to_bronze'] in dag air_quality_ingestion on 2026-08-28T11:05:00+00:00 ... 
[2026-08-29T05:19:23.074+0000] {taskinstance.py:2698} ERROR - Task failed with exception
Traceback (most recent call last):
  File "/home/airflow/.local/lib/python3.11/site-packages/airflow/models/taskinstance.py", line 433, in _execute_task
    result = execute_callable(context=context, **execute_callable_kwargs)
             ^^^^^^^^^^^^^^^^^^^^^^^^^^^^^^^^^^^^^^^^^^^^^^^^^^^^^^^^^^^^
  File "/home/airflow/.local/lib/python3.11/site-packages/airflow/sensors/external_task.py", line 334, in execute
    super().execute(context)
  File "/home/airflow/.local/lib/python3.11/site-packages/airflow/sensors/base.py", line 282, in execute
    raise AirflowSensorTimeout(message)
airflow.exceptions.AirflowSensorTimeout: Sensor has timed out; run duration of 300.37377249400015 seconds exceeds the specified timeout of 300.0.
[2026-08-29T05:19:23.108+0000] {taskinstance.py:1138} INFO - Immediate failure requested. Marking task as FAILED. dag_id=air_quality_pipeline, task_id=wait_for_ingestion, execution_date=20260828T110500, start_date=20260829T050547, end_date=20260829T051923
[2026-08-29T05:19:23.147+0000] {standard_task_runner.py:107} ERROR - Failed to execute job 429 for task wait_for_ingestion (Sensor has timed out; run duration of 300.37377249400015 seconds exceeds the specified timeout of 300.0.; 13628)
[2026-08-29T05:19:23.188+0000] {local_task_job_runner.py:234} INFO - Task exited with return code 1
[2026-08-29T05:19:23.265+0000] {taskinstance.py:3280} INFO - 0 downstream tasks scheduled from follow-on schedule check
