[2026-09-09T14:00:00.813+0000] {taskinstance.py:1956} INFO - Dependencies all met for dep_context=non-requeueable deps ti=<TaskInstance: air_quality_ingestion.ingest_to_bronze scheduled__2026-09-09T13:00:00+00:00 [queued]>
[2026-09-09T14:00:00.822+0000] {taskinstance.py:1956} INFO - Dependencies all met for dep_context=requeueable deps ti=<TaskInstance: air_quality_ingestion.ingest_to_bronze scheduled__2026-09-09T13:00:00+00:00 [queued]>
[2026-09-09T14:00:00.823+0000] {taskinstance.py:2170} INFO - Starting attempt 1 of 4
[2026-09-09T14:00:00.837+0000] {taskinstance.py:2191} INFO - Executing <Task(PythonOperator): ingest_to_bronze> on 2026-09-09 13:00:00+00:00
[2026-09-09T14:00:00.842+0000] {standard_task_runner.py:60} INFO - Started process 4236 to run task
[2026-09-09T14:00:00.846+0000] {standard_task_runner.py:87} INFO - Running: ['***', 'tasks', 'run', 'air_quality_ingestion', 'ingest_to_bronze', 'scheduled__2026-09-09T13:00:00+00:00', '--job-id', '743', '--raw', '--subdir', 'DAGS_FOLDER/ingestion_dag.py', '--cfg-path', '/tmp/tmpb69n_zjl']
[2026-09-09T14:00:00.849+0000] {standard_task_runner.py:88} INFO - Job 743: Subtask ingest_to_bronze
[2026-09-09T14:00:00.920+0000] {task_command.py:423} INFO - Running <TaskInstance: air_quality_ingestion.ingest_to_bronze scheduled__2026-09-09T13:00:00+00:00 [running]> on host 6a0525c4c718
[2026-09-09T14:00:01.009+0000] {taskinstance.py:2480} INFO - Exporting env vars: AIRFLOW_CTX_DAG_OWNER='***' AIRFLOW_CTX_DAG_ID='air_quality_ingestion' AIRFLOW_CTX_TASK_ID='ingest_to_bronze' AIRFLOW_CTX_EXECUTION_DATE='2026-09-09T13:00:00+00:00' AIRFLOW_CTX_TRY_NUMBER='1' AIRFLOW_CTX_DAG_RUN_ID='scheduled__2026-09-09T13:00:00+00:00'
[2026-09-09T14:00:01.134+0000] {logging_mixin.py:188} INFO - Created bucket: bronze-air-quality
[2026-09-09T14:00:01.142+0000] {logging_mixin.py:188} INFO - Created bucket: silver-air-quality
[2026-09-09T14:00:01.151+0000] {logging_mixin.py:188} INFO - Created bucket: gold-air-quality
[2026-09-09T14:00:01.973+0000] {logging_mixin.py:188} INFO - ✓ new york: AQI=48
[2026-09-09T14:00:02.763+0000] {logging_mixin.py:188} INFO - ✓ london: AQI=21
[2026-09-09T14:00:03.503+0000] {logging_mixin.py:188} INFO - ✓ beijing: AQI=38
[2026-09-09T14:00:04.263+0000] {logging_mixin.py:188} INFO - ✓ delhi: AQI=81
[2026-09-09T14:00:04.999+0000] {logging_mixin.py:188} INFO - ✓ sydney: AQI=24
[2026-09-09T14:00:05.044+0000] {logging_mixin.py:188} INFO - Saved → s3://bronze-air-quality/year=2026/month=09/day=09/city=new_york/140001.json
[2026-09-09T14:00:05.060+0000] {logging_mixin.py:188} INFO - Saved → s3://bronze-air-quality/year=2026/month=09/day=09/city=london/140001.json
[2026-09-09T14:00:05.073+0000] {logging_mixin.py:188} INFO - Saved → s3://bronze-air-quality/year=2026/month=09/day=09/city=beijing/140001.json
[2026-09-09T14:00:05.084+0000] {logging_mixin.py:188} INFO - Saved → s3://bronze-air-quality/year=2026/month=09/day=09/city=delhi/140001.json
[2026-09-09T14:00:05.095+0000] {logging_mixin.py:188} INFO - Saved → s3://bronze-air-quality/year=2026/month=09/day=09/city=sydney/140001.json
[2026-09-09T14:00:05.096+0000] {logging_mixin.py:188} INFO - 
Total records ingested: 5
[2026-09-09T14:00:05.096+0000] {python.py:201} INFO - Done. Returned value was: None
[2026-09-09T14:00:05.112+0000] {taskinstance.py:1138} INFO - Marking task as SUCCESS. dag_id=air_quality_ingestion, task_id=ingest_to_bronze, execution_date=20260909T130000, start_date=20260909T140000, end_date=20260909T140005
[2026-09-09T14:00:05.160+0000] {local_task_job_runner.py:234} INFO - Task exited with return code 0
[2026-09-09T14:00:05.182+0000] {taskinstance.py:3280} INFO - 0 downstream tasks scheduled from follow-on schedule check
