[2026-08-13T13:32:00.690+0000] {taskinstance.py:1956} INFO - Dependencies all met for dep_context=non-requeueable deps ti=<TaskInstance: air_quality_ingestion.ingest_to_bronze scheduled__2026-08-13T04:00:00+00:00 [queued]>
[2026-08-13T13:32:00.740+0000] {taskinstance.py:1956} INFO - Dependencies all met for dep_context=requeueable deps ti=<TaskInstance: air_quality_ingestion.ingest_to_bronze scheduled__2026-08-13T04:00:00+00:00 [queued]>
[2026-08-13T13:32:00.744+0000] {taskinstance.py:2170} INFO - Starting attempt 1 of 4
[2026-08-13T13:32:00.842+0000] {taskinstance.py:2191} INFO - Executing <Task(PythonOperator): ingest_to_bronze> on 2026-08-13 04:00:00+00:00
[2026-08-13T13:32:00.874+0000] {standard_task_runner.py:60} INFO - Started process 44527 to run task
[2026-08-13T13:32:00.897+0000] {standard_task_runner.py:87} INFO - Running: ['***', 'tasks', 'run', 'air_quality_ingestion', 'ingest_to_bronze', 'scheduled__2026-08-13T04:00:00+00:00', '--job-id', '275', '--raw', '--subdir', 'DAGS_FOLDER/ingestion_dag.py', '--cfg-path', '/tmp/tmpinppyjbb']
[2026-08-13T13:32:00.915+0000] {standard_task_runner.py:88} INFO - Job 275: Subtask ingest_to_bronze
[2026-08-13T13:32:01.250+0000] {task_command.py:423} INFO - Running <TaskInstance: air_quality_ingestion.ingest_to_bronze scheduled__2026-08-13T04:00:00+00:00 [running]> on host 6a0525c4c718
[2026-08-13T13:32:01.677+0000] {taskinstance.py:2480} INFO - Exporting env vars: AIRFLOW_CTX_DAG_OWNER='***' AIRFLOW_CTX_DAG_ID='air_quality_ingestion' AIRFLOW_CTX_TASK_ID='ingest_to_bronze' AIRFLOW_CTX_EXECUTION_DATE='2026-08-13T04:00:00+00:00' AIRFLOW_CTX_TRY_NUMBER='1' AIRFLOW_CTX_DAG_RUN_ID='scheduled__2026-08-13T04:00:00+00:00'
[2026-08-13T13:32:03.173+0000] {logging_mixin.py:188} INFO - Created bucket: bronze-air-quality
[2026-08-13T13:32:03.207+0000] {logging_mixin.py:188} INFO - Created bucket: silver-air-quality
[2026-08-13T13:32:03.236+0000] {logging_mixin.py:188} INFO - Created bucket: gold-air-quality
[2026-08-13T13:32:04.626+0000] {logging_mixin.py:188} INFO - ✓ new york: AQI=60
[2026-08-13T13:32:05.907+0000] {logging_mixin.py:188} INFO - ✓ london: AQI=53
[2026-08-13T16:13:17.092+0000] {logging_mixin.py:188} INFO - ✗ beijing: ('Connection aborted.', RemoteDisconnected('Remote end closed connection without response'))
[2026-08-13T16:13:20.107+0000] {logging_mixin.py:188} INFO - ✓ delhi: AQI=74
[2026-08-13T16:13:21.681+0000] {logging_mixin.py:188} INFO - ✓ sydney: AQI=27
[2026-08-13T16:13:21.778+0000] {logging_mixin.py:188} INFO - Saved → s3://bronze-air-quality/year=2026/month=08/day=13/city=new_york/133203.json
[2026-08-13T16:13:21.959+0000] {logging_mixin.py:188} INFO - Saved → s3://bronze-air-quality/year=2026/month=08/day=13/city=london/133203.json
[2026-08-13T16:13:22.357+0000] {logging_mixin.py:188} INFO - Saved → s3://bronze-air-quality/year=2026/month=08/day=13/city=delhi/133203.json
[2026-08-13T16:13:23.410+0000] {logging_mixin.py:188} INFO - Saved → s3://bronze-air-quality/year=2026/month=08/day=13/city=sydney/133203.json
[2026-08-13T16:13:23.429+0000] {logging_mixin.py:188} INFO - 
Total records ingested: 4
[2026-08-13T16:13:23.490+0000] {python.py:201} INFO - Done. Returned value was: None
[2026-08-13T16:13:23.651+0000] {taskinstance.py:1138} INFO - Marking task as SUCCESS. dag_id=air_quality_ingestion, task_id=ingest_to_bronze, execution_date=20260813T040000, start_date=20260813T133200, end_date=20260813T161323
[2026-08-13T16:13:24.300+0000] {local_task_job_runner.py:234} INFO - Task exited with return code 0
[2026-08-13T16:13:24.440+0000] {taskinstance.py:3280} INFO - 0 downstream tasks scheduled from follow-on schedule check
