[2026-08-17T15:00:51.951+0000] {taskinstance.py:1956} INFO - Dependencies all met for dep_context=non-requeueable deps ti=<TaskInstance: air_quality_ingestion.ingest_to_bronze scheduled__2026-08-17T10:00:00+00:00 [queued]>
[2026-08-17T15:00:52.013+0000] {taskinstance.py:1956} INFO - Dependencies all met for dep_context=requeueable deps ti=<TaskInstance: air_quality_ingestion.ingest_to_bronze scheduled__2026-08-17T10:00:00+00:00 [queued]>
[2026-08-17T15:00:52.030+0000] {taskinstance.py:2170} INFO - Starting attempt 1 of 4
[2026-08-17T15:00:52.691+0000] {taskinstance.py:2191} INFO - Executing <Task(PythonOperator): ingest_to_bronze> on 2026-08-17 10:00:00+00:00
[2026-08-17T15:00:52.775+0000] {standard_task_runner.py:60} INFO - Started process 60381 to run task
[2026-08-17T15:00:52.797+0000] {standard_task_runner.py:87} INFO - Running: ['***', 'tasks', 'run', 'air_quality_ingestion', 'ingest_to_bronze', 'scheduled__2026-08-17T10:00:00+00:00', '--job-id', '361', '--raw', '--subdir', 'DAGS_FOLDER/ingestion_dag.py', '--cfg-path', '/tmp/tmpd0o7t3ld']
[2026-08-17T15:00:52.834+0000] {standard_task_runner.py:88} INFO - Job 361: Subtask ingest_to_bronze
[2026-08-17T15:00:53.726+0000] {task_command.py:423} INFO - Running <TaskInstance: air_quality_ingestion.ingest_to_bronze scheduled__2026-08-17T10:00:00+00:00 [running]> on host 6a0525c4c718
[2026-08-17T15:00:55.603+0000] {taskinstance.py:2480} INFO - Exporting env vars: AIRFLOW_CTX_DAG_OWNER='***' AIRFLOW_CTX_DAG_ID='air_quality_ingestion' AIRFLOW_CTX_TASK_ID='ingest_to_bronze' AIRFLOW_CTX_EXECUTION_DATE='2026-08-17T10:00:00+00:00' AIRFLOW_CTX_TRY_NUMBER='1' AIRFLOW_CTX_DAG_RUN_ID='scheduled__2026-08-17T10:00:00+00:00'
[2026-08-17T15:00:56.204+0000] {logging_mixin.py:188} INFO - Created bucket: bronze-air-quality
[2026-08-17T15:00:56.258+0000] {logging_mixin.py:188} INFO - Created bucket: silver-air-quality
[2026-08-17T15:00:56.315+0000] {logging_mixin.py:188} INFO - Created bucket: gold-air-quality
[2026-08-17T15:00:57.508+0000] {logging_mixin.py:188} INFO - ✓ new york: AQI=19
[2026-08-17T15:00:58.719+0000] {logging_mixin.py:188} INFO - ✓ london: AQI=30
[2026-08-17T15:00:59.706+0000] {logging_mixin.py:188} INFO - ✓ beijing: AQI=50
[2026-08-17T15:01:01.421+0000] {logging_mixin.py:188} INFO - ✓ delhi: AQI=70
[2026-08-17T15:01:02.584+0000] {logging_mixin.py:188} INFO - ✓ sydney: AQI=18
[2026-08-17T15:01:02.666+0000] {logging_mixin.py:188} INFO - Saved → s3://bronze-air-quality/year=2026/month=08/day=17/city=new_york/150056.json
[2026-08-17T15:01:02.724+0000] {logging_mixin.py:188} INFO - Saved → s3://bronze-air-quality/year=2026/month=08/day=17/city=london/150056.json
[2026-08-17T15:01:02.765+0000] {logging_mixin.py:188} INFO - Saved → s3://bronze-air-quality/year=2026/month=08/day=17/city=beijing/150056.json
[2026-08-17T15:01:02.873+0000] {logging_mixin.py:188} INFO - Saved → s3://bronze-air-quality/year=2026/month=08/day=17/city=delhi/150056.json
[2026-08-17T15:01:02.927+0000] {logging_mixin.py:188} INFO - Saved → s3://bronze-air-quality/year=2026/month=08/day=17/city=sydney/150056.json
[2026-08-17T15:01:02.932+0000] {logging_mixin.py:188} INFO - 
Total records ingested: 5
[2026-08-17T15:01:02.936+0000] {python.py:201} INFO - Done. Returned value was: None
[2026-08-17T15:01:02.996+0000] {taskinstance.py:1138} INFO - Marking task as SUCCESS. dag_id=air_quality_ingestion, task_id=ingest_to_bronze, execution_date=20260817T100000, start_date=20260817T150051, end_date=20260817T150102
[2026-08-17T15:01:03.244+0000] {local_task_job_runner.py:234} INFO - Task exited with return code 0
[2026-08-17T15:01:03.352+0000] {taskinstance.py:3280} INFO - 0 downstream tasks scheduled from follow-on schedule check
