[2026-08-14T14:49:53.463+0000] {taskinstance.py:1956} INFO - Dependencies all met for dep_context=non-requeueable deps ti=<TaskInstance: air_quality_pipeline.wait_for_ingestion scheduled__2026-08-14T09:05:00+00:00 [queued]>
[2026-08-14T14:49:53.519+0000] {taskinstance.py:1956} INFO - Dependencies all met for dep_context=requeueable deps ti=<TaskInstance: air_quality_pipeline.wait_for_ingestion scheduled__2026-08-14T09:05:00+00:00 [queued]>
[2026-08-14T14:49:53.522+0000] {taskinstance.py:2170} INFO - Starting attempt 1 of 3
[2026-08-14T14:49:53.732+0000] {taskinstance.py:2191} INFO - Executing <Task(ExternalTaskSensor): wait_for_ingestion> on 2026-08-14 09:05:00+00:00
[2026-08-14T14:49:53.752+0000] {standard_task_runner.py:60} INFO - Started process 51282 to run task
[2026-08-14T14:49:53.769+0000] {standard_task_runner.py:87} INFO - Running: ['***', 'tasks', 'run', 'air_quality_pipeline', 'wait_for_ingestion', 'scheduled__2026-08-14T09:05:00+00:00', '--job-id', '303', '--raw', '--subdir', 'DAGS_FOLDER/spark_pipeline_dag.py', '--cfg-path', '/tmp/tmpeozce5d3']
[2026-08-14T14:49:53.779+0000] {standard_task_runner.py:88} INFO - Job 303: Subtask wait_for_ingestion
[2026-08-14T14:49:54.248+0000] {task_command.py:423} INFO - Running <TaskInstance: air_quality_pipeline.wait_for_ingestion scheduled__2026-08-14T09:05:00+00:00 [running]> on host 6a0525c4c718
[2026-08-14T14:49:55.172+0000] {taskinstance.py:2480} INFO - Exporting env vars: AIRFLOW_CTX_DAG_OWNER='***' AIRFLOW_CTX_DAG_ID='air_quality_pipeline' AIRFLOW_CTX_TASK_ID='wait_for_ingestion' AIRFLOW_CTX_EXECUTION_DATE='2026-08-14T09:05:00+00:00' AIRFLOW_CTX_TRY_NUMBER='1' AIRFLOW_CTX_DAG_RUN_ID='scheduled__2026-08-14T09:05:00+00:00'
[2026-08-14T14:49:55.209+0000] {external_task.py:244} INFO - Poking for tasks ['ingest_to_bronze'] in dag air_quality_ingestion on 2026-08-14T09:05:00+00:00 ... 
[2026-08-14T16:30:52.424+0000] {external_task.py:244} INFO - Poking for tasks ['ingest_to_bronze'] in dag air_quality_ingestion on 2026-08-14T09:05:00+00:00 ... 
[2026-08-14T16:31:22.449+0000] {external_task.py:244} INFO - Poking for tasks ['ingest_to_bronze'] in dag air_quality_ingestion on 2026-08-14T09:05:00+00:00 ... 
[2026-08-14T16:31:52.457+0000] {external_task.py:244} INFO - Poking for tasks ['ingest_to_bronze'] in dag air_quality_ingestion on 2026-08-14T09:05:00+00:00 ... 
[2026-08-14T16:32:22.468+0000] {external_task.py:244} INFO - Poking for tasks ['ingest_to_bronze'] in dag air_quality_ingestion on 2026-08-14T09:05:00+00:00 ... 
[2026-08-14T16:32:52.480+0000] {external_task.py:244} INFO - Poking for tasks ['ingest_to_bronze'] in dag air_quality_ingestion on 2026-08-14T09:05:00+00:00 ... 
[2026-08-14T16:33:22.491+0000] {external_task.py:244} INFO - Poking for tasks ['ingest_to_bronze'] in dag air_quality_ingestion on 2026-08-14T09:05:00+00:00 ... 
[2026-08-14T16:33:52.497+0000] {external_task.py:244} INFO - Poking for tasks ['ingest_to_bronze'] in dag air_quality_ingestion on 2026-08-14T09:05:00+00:00 ... 
[2026-08-14T16:34:22.507+0000] {external_task.py:244} INFO - Poking for tasks ['ingest_to_bronze'] in dag air_quality_ingestion on 2026-08-14T09:05:00+00:00 ... 
[2026-08-14T16:34:52.517+0000] {external_task.py:244} INFO - Poking for tasks ['ingest_to_bronze'] in dag air_quality_ingestion on 2026-08-14T09:05:00+00:00 ... 
[2026-08-14T16:35:22.552+0000] {external_task.py:244} INFO - Poking for tasks ['ingest_to_bronze'] in dag air_quality_ingestion on 2026-08-14T09:05:00+00:00 ... 
[2026-08-14T16:35:22.588+0000] {taskinstance.py:2698} ERROR - Task failed with exception
Traceback (most recent call last):
  File "/home/airflow/.local/lib/python3.11/site-packages/airflow/models/taskinstance.py", line 433, in _execute_task
    result = execute_callable(context=context, **execute_callable_kwargs)
             ^^^^^^^^^^^^^^^^^^^^^^^^^^^^^^^^^^^^^^^^^^^^^^^^^^^^^^^^^^^^
  File "/home/airflow/.local/lib/python3.11/site-packages/airflow/sensors/external_task.py", line 334, in execute
    super().execute(context)
  File "/home/airflow/.local/lib/python3.11/site-packages/airflow/sensors/base.py", line 282, in execute
    raise AirflowSensorTimeout(message)
airflow.exceptions.AirflowSensorTimeout: Sensor has timed out; run duration of 300.26066343902494 seconds exceeds the specified timeout of 300.0.
[2026-08-14T16:35:22.614+0000] {taskinstance.py:1138} INFO - Immediate failure requested. Marking task as FAILED. dag_id=air_quality_pipeline, task_id=wait_for_ingestion, execution_date=20260814T090500, start_date=20260814T144953, end_date=20260814T163522
[2026-08-14T16:35:22.656+0000] {standard_task_runner.py:107} ERROR - Failed to execute job 303 for task wait_for_ingestion (Sensor has timed out; run duration of 300.26066343902494 seconds exceeds the specified timeout of 300.0.; 51282)
[2026-08-14T16:35:22.683+0000] {local_task_job_runner.py:234} INFO - Task exited with return code 1
[2026-08-14T16:35:22.789+0000] {taskinstance.py:3280} INFO - 0 downstream tasks scheduled from follow-on schedule check
