[2026-08-14T16:30:36.361+0000] {taskinstance.py:1956} INFO - Dependencies all met for dep_context=non-requeueable deps ti=<TaskInstance: air_quality_ingestion.ingest_to_bronze scheduled__2026-08-14T14:00:00+00:00 [queued]>
[2026-08-14T16:30:36.405+0000] {taskinstance.py:1956} INFO - Dependencies all met for dep_context=requeueable deps ti=<TaskInstance: air_quality_ingestion.ingest_to_bronze scheduled__2026-08-14T14:00:00+00:00 [queued]>
[2026-08-14T16:30:36.422+0000] {taskinstance.py:2170} INFO - Starting attempt 1 of 4
[2026-08-14T16:30:36.498+0000] {taskinstance.py:2191} INFO - Executing <Task(PythonOperator): ingest_to_bronze> on 2026-08-14 14:00:00+00:00
[2026-08-14T16:30:36.579+0000] {standard_task_runner.py:60} INFO - Started process 51306 to run task
[2026-08-14T16:30:36.585+0000] {standard_task_runner.py:87} INFO - Running: ['***', 'tasks', 'run', 'air_quality_ingestion', 'ingest_to_bronze', 'scheduled__2026-08-14T14:00:00+00:00', '--job-id', '310', '--raw', '--subdir', 'DAGS_FOLDER/ingestion_dag.py', '--cfg-path', '/tmp/tmp1_ryfh1s']
[2026-08-14T16:30:36.654+0000] {standard_task_runner.py:88} INFO - Job 310: Subtask ingest_to_bronze
[2026-08-14T16:30:37.176+0000] {task_command.py:423} INFO - Running <TaskInstance: air_quality_ingestion.ingest_to_bronze scheduled__2026-08-14T14:00:00+00:00 [running]> on host 6a0525c4c718
[2026-08-14T16:30:37.475+0000] {taskinstance.py:2480} INFO - Exporting env vars: AIRFLOW_CTX_DAG_OWNER='***' AIRFLOW_CTX_DAG_ID='air_quality_ingestion' AIRFLOW_CTX_TASK_ID='ingest_to_bronze' AIRFLOW_CTX_EXECUTION_DATE='2026-08-14T14:00:00+00:00' AIRFLOW_CTX_TRY_NUMBER='1' AIRFLOW_CTX_DAG_RUN_ID='scheduled__2026-08-14T14:00:00+00:00'
[2026-08-14T16:30:37.782+0000] {logging_mixin.py:188} INFO - Created bucket: bronze-air-quality
[2026-08-14T16:30:37.846+0000] {logging_mixin.py:188} INFO - Created bucket: silver-air-quality
[2026-08-14T16:30:37.913+0000] {logging_mixin.py:188} INFO - Created bucket: gold-air-quality
[2026-08-14T16:30:39.225+0000] {logging_mixin.py:188} INFO - ✓ new york: AQI=44
[2026-08-14T16:30:40.487+0000] {logging_mixin.py:188} INFO - ✓ london: AQI=53
[2026-08-14T16:30:41.645+0000] {logging_mixin.py:188} INFO - ✓ beijing: AQI=61
[2026-08-14T16:30:42.809+0000] {logging_mixin.py:188} INFO - ✓ delhi: AQI=61
[2026-08-14T16:30:44.312+0000] {logging_mixin.py:188} INFO - ✓ sydney: AQI=61
[2026-08-14T16:30:44.335+0000] {logging_mixin.py:188} INFO - Saved → s3://bronze-air-quality/year=2026/month=08/day=14/city=new_york/163037.json
[2026-08-14T16:30:44.355+0000] {logging_mixin.py:188} INFO - Saved → s3://bronze-air-quality/year=2026/month=08/day=14/city=london/163037.json
[2026-08-14T16:30:44.372+0000] {logging_mixin.py:188} INFO - Saved → s3://bronze-air-quality/year=2026/month=08/day=14/city=beijing/163037.json
[2026-08-14T16:30:44.397+0000] {logging_mixin.py:188} INFO - Saved → s3://bronze-air-quality/year=2026/month=08/day=14/city=delhi/163037.json
[2026-08-14T16:30:44.420+0000] {logging_mixin.py:188} INFO - Saved → s3://bronze-air-quality/year=2026/month=08/day=14/city=sydney/163037.json
[2026-08-14T16:30:44.431+0000] {logging_mixin.py:188} INFO - 
Total records ingested: 5
[2026-08-14T16:30:44.446+0000] {python.py:201} INFO - Done. Returned value was: None
[2026-08-14T16:30:44.469+0000] {taskinstance.py:1138} INFO - Marking task as SUCCESS. dag_id=air_quality_ingestion, task_id=ingest_to_bronze, execution_date=20260814T140000, start_date=20260814T163036, end_date=20260814T163044
[2026-08-14T16:30:44.539+0000] {local_task_job_runner.py:234} INFO - Task exited with return code 0
[2026-08-14T16:30:44.723+0000] {taskinstance.py:3280} INFO - 0 downstream tasks scheduled from follow-on schedule check
