[2026-09-09T00:14:45.193+0000] {taskinstance.py:1956} INFO - Dependencies all met for dep_context=non-requeueable deps ti=<TaskInstance: air_quality_ingestion.ingest_to_bronze scheduled__2026-09-08T17:00:00+00:00 [queued]>
[2026-09-09T00:14:45.215+0000] {taskinstance.py:1956} INFO - Dependencies all met for dep_context=requeueable deps ti=<TaskInstance: air_quality_ingestion.ingest_to_bronze scheduled__2026-09-08T17:00:00+00:00 [queued]>
[2026-09-09T00:14:45.224+0000] {taskinstance.py:2170} INFO - Starting attempt 1 of 4
[2026-09-09T00:14:45.268+0000] {taskinstance.py:2191} INFO - Executing <Task(PythonOperator): ingest_to_bronze> on 2026-09-08 17:00:00+00:00
[2026-09-09T00:14:45.282+0000] {standard_task_runner.py:60} INFO - Started process 99996 to run task
[2026-09-09T00:14:45.288+0000] {standard_task_runner.py:87} INFO - Running: ['***', 'tasks', 'run', 'air_quality_ingestion', 'ingest_to_bronze', 'scheduled__2026-09-08T17:00:00+00:00', '--job-id', '725', '--raw', '--subdir', 'DAGS_FOLDER/ingestion_dag.py', '--cfg-path', '/tmp/tmphrk2pekc']
[2026-09-09T00:14:45.302+0000] {standard_task_runner.py:88} INFO - Job 725: Subtask ingest_to_bronze
[2026-09-09T00:14:45.509+0000] {task_command.py:423} INFO - Running <TaskInstance: air_quality_ingestion.ingest_to_bronze scheduled__2026-09-08T17:00:00+00:00 [running]> on host 6a0525c4c718
[2026-09-09T00:14:45.761+0000] {taskinstance.py:2480} INFO - Exporting env vars: AIRFLOW_CTX_DAG_OWNER='***' AIRFLOW_CTX_DAG_ID='air_quality_ingestion' AIRFLOW_CTX_TASK_ID='ingest_to_bronze' AIRFLOW_CTX_EXECUTION_DATE='2026-09-08T17:00:00+00:00' AIRFLOW_CTX_TRY_NUMBER='1' AIRFLOW_CTX_DAG_RUN_ID='scheduled__2026-09-08T17:00:00+00:00'
[2026-09-09T00:14:45.923+0000] {logging_mixin.py:188} INFO - Created bucket: bronze-air-quality
[2026-09-09T00:14:45.936+0000] {logging_mixin.py:188} INFO - Created bucket: silver-air-quality
[2026-09-09T00:14:45.951+0000] {logging_mixin.py:188} INFO - Created bucket: gold-air-quality
[2026-09-09T00:14:46.088+0000] {logging_mixin.py:188} INFO - ✗ new york: HTTPSConnectionPool(host='api.waqi.info', port=443): Max retries exceeded with url: /feed/new%20york/?token=2cc5f2fc84f739a6377a29001c83fd1911c54797 (Caused by NewConnectionError('<urllib3.connection.HTTPSConnection object at 0x70c3c51f5890>: Failed to establish a new connection: [Errno 111] Connection refused'))
[2026-09-09T00:14:46.213+0000] {logging_mixin.py:188} INFO - ✗ london: HTTPSConnectionPool(host='api.waqi.info', port=443): Max retries exceeded with url: /feed/london/?token=2cc5f2fc84f739a6377a29001c83fd1911c54797 (Caused by NewConnectionError('<urllib3.connection.HTTPSConnection object at 0x70c3bd3314d0>: Failed to establish a new connection: [Errno 111] Connection refused'))
[2026-09-09T00:14:46.340+0000] {logging_mixin.py:188} INFO - ✗ beijing: HTTPSConnectionPool(host='api.waqi.info', port=443): Max retries exceeded with url: /feed/beijing/?token=2cc5f2fc84f739a6377a29001c83fd1911c54797 (Caused by NewConnectionError('<urllib3.connection.HTTPSConnection object at 0x70c3bd333a90>: Failed to establish a new connection: [Errno 111] Connection refused'))
[2026-09-09T00:14:46.421+0000] {logging_mixin.py:188} INFO - ✗ delhi: HTTPSConnectionPool(host='api.waqi.info', port=443): Max retries exceeded with url: /feed/delhi/?token=2cc5f2fc84f739a6377a29001c83fd1911c54797 (Caused by NewConnectionError('<urllib3.connection.HTTPSConnection object at 0x70c3bd32b910>: Failed to establish a new connection: [Errno 111] Connection refused'))
[2026-09-09T00:14:46.447+0000] {logging_mixin.py:188} INFO - ✗ sydney: HTTPSConnectionPool(host='api.waqi.info', port=443): Max retries exceeded with url: /feed/sydney/?token=2cc5f2fc84f739a6377a29001c83fd1911c54797 (Caused by NewConnectionError('<urllib3.connection.HTTPSConnection object at 0x70c3bd33c910>: Failed to establish a new connection: [Errno 111] Connection refused'))
[2026-09-09T00:14:46.452+0000] {logging_mixin.py:188} INFO - 
Total records ingested: 0
[2026-09-09T00:14:46.454+0000] {python.py:201} INFO - Done. Returned value was: None
[2026-09-09T00:14:46.476+0000] {taskinstance.py:1138} INFO - Marking task as SUCCESS. dag_id=air_quality_ingestion, task_id=ingest_to_bronze, execution_date=20260908T170000, start_date=20260909T001445, end_date=20260909T001446
[2026-09-09T00:14:46.535+0000] {local_task_job_runner.py:234} INFO - Task exited with return code 0
[2026-09-09T00:14:46.584+0000] {taskinstance.py:3280} INFO - 0 downstream tasks scheduled from follow-on schedule check
