[2026-09-01T00:38:57.822+0000] {taskinstance.py:1956} INFO - Dependencies all met for dep_context=non-requeueable deps ti=<TaskInstance: air_quality_pipeline.wait_for_ingestion scheduled__2026-08-31T23:05:00+00:00 [queued]>
[2026-09-01T00:38:57.851+0000] {taskinstance.py:1956} INFO - Dependencies all met for dep_context=requeueable deps ti=<TaskInstance: air_quality_pipeline.wait_for_ingestion scheduled__2026-08-31T23:05:00+00:00 [queued]>
[2026-09-01T00:38:57.859+0000] {taskinstance.py:2170} INFO - Starting attempt 1 of 3
[2026-09-01T00:38:57.919+0000] {taskinstance.py:2191} INFO - Executing <Task(ExternalTaskSensor): wait_for_ingestion> on 2026-08-31 23:05:00+00:00
[2026-09-01T00:38:57.940+0000] {standard_task_runner.py:60} INFO - Started process 32326 to run task
[2026-09-01T00:38:57.948+0000] {standard_task_runner.py:87} INFO - Running: ['***', 'tasks', 'run', 'air_quality_pipeline', 'wait_for_ingestion', 'scheduled__2026-08-31T23:05:00+00:00', '--job-id', '504', '--raw', '--subdir', 'DAGS_FOLDER/spark_pipeline_dag.py', '--cfg-path', '/tmp/tmpsrr8kt8s']
[2026-09-01T00:38:57.961+0000] {standard_task_runner.py:88} INFO - Job 504: Subtask wait_for_ingestion
[2026-09-01T00:38:58.294+0000] {task_command.py:423} INFO - Running <TaskInstance: air_quality_pipeline.wait_for_ingestion scheduled__2026-08-31T23:05:00+00:00 [running]> on host 6a0525c4c718
[2026-09-01T00:38:58.713+0000] {taskinstance.py:2480} INFO - Exporting env vars: AIRFLOW_CTX_DAG_OWNER='***' AIRFLOW_CTX_DAG_ID='air_quality_pipeline' AIRFLOW_CTX_TASK_ID='wait_for_ingestion' AIRFLOW_CTX_EXECUTION_DATE='2026-08-31T23:05:00+00:00' AIRFLOW_CTX_TRY_NUMBER='1' AIRFLOW_CTX_DAG_RUN_ID='scheduled__2026-08-31T23:05:00+00:00'
[2026-09-01T00:38:58.715+0000] {external_task.py:244} INFO - Poking for tasks ['ingest_to_bronze'] in dag air_quality_ingestion on 2026-08-31T23:05:00+00:00 ... 
[2026-09-01T00:39:28.756+0000] {external_task.py:244} INFO - Poking for tasks ['ingest_to_bronze'] in dag air_quality_ingestion on 2026-08-31T23:05:00+00:00 ... 
[2026-09-01T00:39:58.778+0000] {external_task.py:244} INFO - Poking for tasks ['ingest_to_bronze'] in dag air_quality_ingestion on 2026-08-31T23:05:00+00:00 ... 
[2026-09-01T00:40:28.788+0000] {external_task.py:244} INFO - Poking for tasks ['ingest_to_bronze'] in dag air_quality_ingestion on 2026-08-31T23:05:00+00:00 ... 
[2026-09-01T00:40:58.806+0000] {external_task.py:244} INFO - Poking for tasks ['ingest_to_bronze'] in dag air_quality_ingestion on 2026-08-31T23:05:00+00:00 ... 
[2026-09-01T00:41:28.817+0000] {external_task.py:244} INFO - Poking for tasks ['ingest_to_bronze'] in dag air_quality_ingestion on 2026-08-31T23:05:00+00:00 ... 
[2026-09-01T00:41:58.826+0000] {external_task.py:244} INFO - Poking for tasks ['ingest_to_bronze'] in dag air_quality_ingestion on 2026-08-31T23:05:00+00:00 ... 
[2026-09-01T00:42:28.847+0000] {external_task.py:244} INFO - Poking for tasks ['ingest_to_bronze'] in dag air_quality_ingestion on 2026-08-31T23:05:00+00:00 ... 
[2026-09-01T00:42:58.856+0000] {external_task.py:244} INFO - Poking for tasks ['ingest_to_bronze'] in dag air_quality_ingestion on 2026-08-31T23:05:00+00:00 ... 
[2026-09-01T00:43:28.874+0000] {external_task.py:244} INFO - Poking for tasks ['ingest_to_bronze'] in dag air_quality_ingestion on 2026-08-31T23:05:00+00:00 ... 
[2026-09-01T00:43:58.889+0000] {external_task.py:244} INFO - Poking for tasks ['ingest_to_bronze'] in dag air_quality_ingestion on 2026-08-31T23:05:00+00:00 ... 
[2026-09-01T00:43:58.908+0000] {taskinstance.py:2698} ERROR - Task failed with exception
Traceback (most recent call last):
  File "/home/airflow/.local/lib/python3.11/site-packages/airflow/models/taskinstance.py", line 433, in _execute_task
    result = execute_callable(context=context, **execute_callable_kwargs)
             ^^^^^^^^^^^^^^^^^^^^^^^^^^^^^^^^^^^^^^^^^^^^^^^^^^^^^^^^^^^^
  File "/home/airflow/.local/lib/python3.11/site-packages/airflow/sensors/external_task.py", line 334, in execute
    super().execute(context)
  File "/home/airflow/.local/lib/python3.11/site-packages/airflow/sensors/base.py", line 282, in execute
    raise AirflowSensorTimeout(message)
airflow.exceptions.AirflowSensorTimeout: Sensor has timed out; run duration of 300.23395409202203 seconds exceeds the specified timeout of 300.0.
[2026-09-01T00:43:58.925+0000] {taskinstance.py:1138} INFO - Immediate failure requested. Marking task as FAILED. dag_id=air_quality_pipeline, task_id=wait_for_ingestion, execution_date=20260831T230500, start_date=20260901T003857, end_date=20260901T004358
[2026-09-01T00:43:58.943+0000] {standard_task_runner.py:107} ERROR - Failed to execute job 504 for task wait_for_ingestion (Sensor has timed out; run duration of 300.23395409202203 seconds exceeds the specified timeout of 300.0.; 32326)
[2026-09-01T00:43:58.972+0000] {local_task_job_runner.py:234} INFO - Task exited with return code 1
[2026-09-01T00:43:59.002+0000] {taskinstance.py:3280} INFO - 0 downstream tasks scheduled from follow-on schedule check
