[2026-08-13T13:32:00.634+0000] {taskinstance.py:1956} INFO - Dependencies all met for dep_context=non-requeueable deps ti=<TaskInstance: air_quality_pipeline.wait_for_ingestion scheduled__2026-08-13T07:05:00+00:00 [queued]>
[2026-08-13T13:32:00.688+0000] {taskinstance.py:1956} INFO - Dependencies all met for dep_context=requeueable deps ti=<TaskInstance: air_quality_pipeline.wait_for_ingestion scheduled__2026-08-13T07:05:00+00:00 [queued]>
[2026-08-13T13:32:00.697+0000] {taskinstance.py:2170} INFO - Starting attempt 1 of 3
[2026-08-13T13:32:00.771+0000] {taskinstance.py:2191} INFO - Executing <Task(ExternalTaskSensor): wait_for_ingestion> on 2026-08-13 07:05:00+00:00
[2026-08-13T13:32:00.801+0000] {standard_task_runner.py:60} INFO - Started process 44526 to run task
[2026-08-13T13:32:00.816+0000] {standard_task_runner.py:87} INFO - Running: ['***', 'tasks', 'run', 'air_quality_pipeline', 'wait_for_ingestion', 'scheduled__2026-08-13T07:05:00+00:00', '--job-id', '274', '--raw', '--subdir', 'DAGS_FOLDER/spark_pipeline_dag.py', '--cfg-path', '/tmp/tmps_iohg70']
[2026-08-13T13:32:00.834+0000] {standard_task_runner.py:88} INFO - Job 274: Subtask wait_for_ingestion
[2026-08-13T13:32:01.158+0000] {task_command.py:423} INFO - Running <TaskInstance: air_quality_pipeline.wait_for_ingestion scheduled__2026-08-13T07:05:00+00:00 [running]> on host 6a0525c4c718
[2026-08-13T13:32:01.586+0000] {taskinstance.py:2480} INFO - Exporting env vars: AIRFLOW_CTX_DAG_OWNER='***' AIRFLOW_CTX_DAG_ID='air_quality_pipeline' AIRFLOW_CTX_TASK_ID='wait_for_ingestion' AIRFLOW_CTX_EXECUTION_DATE='2026-08-13T07:05:00+00:00' AIRFLOW_CTX_TRY_NUMBER='1' AIRFLOW_CTX_DAG_RUN_ID='scheduled__2026-08-13T07:05:00+00:00'
[2026-08-13T13:32:01.590+0000] {external_task.py:244} INFO - Poking for tasks ['ingest_to_bronze'] in dag air_quality_ingestion on 2026-08-13T07:05:00+00:00 ... 
[2026-08-13T16:13:36.839+0000] {external_task.py:244} INFO - Poking for tasks ['ingest_to_bronze'] in dag air_quality_ingestion on 2026-08-13T07:05:00+00:00 ... 
[2026-08-13T16:14:07.316+0000] {external_task.py:244} INFO - Poking for tasks ['ingest_to_bronze'] in dag air_quality_ingestion on 2026-08-13T07:05:00+00:00 ... 
[2026-08-13T16:14:37.319+0000] {external_task.py:244} INFO - Poking for tasks ['ingest_to_bronze'] in dag air_quality_ingestion on 2026-08-13T07:05:00+00:00 ... 
[2026-08-13T16:15:07.317+0000] {external_task.py:244} INFO - Poking for tasks ['ingest_to_bronze'] in dag air_quality_ingestion on 2026-08-13T07:05:00+00:00 ... 
[2026-08-13T16:15:37.336+0000] {external_task.py:244} INFO - Poking for tasks ['ingest_to_bronze'] in dag air_quality_ingestion on 2026-08-13T07:05:00+00:00 ... 
[2026-08-13T16:16:07.356+0000] {external_task.py:244} INFO - Poking for tasks ['ingest_to_bronze'] in dag air_quality_ingestion on 2026-08-13T07:05:00+00:00 ... 
[2026-08-13T16:16:37.372+0000] {external_task.py:244} INFO - Poking for tasks ['ingest_to_bronze'] in dag air_quality_ingestion on 2026-08-13T07:05:00+00:00 ... 
[2026-08-13T16:17:07.382+0000] {external_task.py:244} INFO - Poking for tasks ['ingest_to_bronze'] in dag air_quality_ingestion on 2026-08-13T07:05:00+00:00 ... 
[2026-08-13T16:17:37.388+0000] {external_task.py:244} INFO - Poking for tasks ['ingest_to_bronze'] in dag air_quality_ingestion on 2026-08-13T07:05:00+00:00 ... 
[2026-08-13T16:18:07.395+0000] {external_task.py:244} INFO - Poking for tasks ['ingest_to_bronze'] in dag air_quality_ingestion on 2026-08-13T07:05:00+00:00 ... 
[2026-08-13T16:18:07.426+0000] {taskinstance.py:2698} ERROR - Task failed with exception
Traceback (most recent call last):
  File "/home/airflow/.local/lib/python3.11/site-packages/airflow/models/taskinstance.py", line 433, in _execute_task
    result = execute_callable(context=context, **execute_callable_kwargs)
             ^^^^^^^^^^^^^^^^^^^^^^^^^^^^^^^^^^^^^^^^^^^^^^^^^^^^^^^^^^^^
  File "/home/airflow/.local/lib/python3.11/site-packages/airflow/sensors/external_task.py", line 334, in execute
    super().execute(context)
  File "/home/airflow/.local/lib/python3.11/site-packages/airflow/sensors/base.py", line 282, in execute
    raise AirflowSensorTimeout(message)
airflow.exceptions.AirflowSensorTimeout: Sensor has timed out; run duration of 300.78385783502017 seconds exceeds the specified timeout of 300.0.
[2026-08-13T16:18:07.446+0000] {taskinstance.py:1138} INFO - Immediate failure requested. Marking task as FAILED. dag_id=air_quality_pipeline, task_id=wait_for_ingestion, execution_date=20260813T070500, start_date=20260813T133200, end_date=20260813T161807
[2026-08-13T16:18:07.479+0000] {standard_task_runner.py:107} ERROR - Failed to execute job 274 for task wait_for_ingestion (Sensor has timed out; run duration of 300.78385783502017 seconds exceeds the specified timeout of 300.0.; 44526)
[2026-08-13T16:18:07.529+0000] {local_task_job_runner.py:234} INFO - Task exited with return code 1
[2026-08-13T16:18:07.583+0000] {taskinstance.py:3280} INFO - 0 downstream tasks scheduled from follow-on schedule check
