[2026-08-31T14:00:01.332+0000] {taskinstance.py:1956} INFO - Dependencies all met for dep_context=non-requeueable deps ti=<TaskInstance: air_quality_ingestion.ingest_to_bronze scheduled__2026-08-31T13:00:00+00:00 [queued]>
[2026-08-31T14:00:01.337+0000] {taskinstance.py:1956} INFO - Dependencies all met for dep_context=requeueable deps ti=<TaskInstance: air_quality_ingestion.ingest_to_bronze scheduled__2026-08-31T13:00:00+00:00 [queued]>
[2026-08-31T14:00:01.338+0000] {taskinstance.py:2170} INFO - Starting attempt 1 of 4
[2026-08-31T14:00:01.348+0000] {taskinstance.py:2191} INFO - Executing <Task(PythonOperator): ingest_to_bronze> on 2026-08-31 13:00:00+00:00
[2026-08-31T14:00:01.352+0000] {standard_task_runner.py:60} INFO - Started process 24785 to run task
[2026-08-31T14:00:01.354+0000] {standard_task_runner.py:87} INFO - Running: ['***', 'tasks', 'run', 'air_quality_ingestion', 'ingest_to_bronze', 'scheduled__2026-08-31T13:00:00+00:00', '--job-id', '488', '--raw', '--subdir', 'DAGS_FOLDER/ingestion_dag.py', '--cfg-path', '/tmp/tmpcif4sgz2']
[2026-08-31T14:00:01.357+0000] {standard_task_runner.py:88} INFO - Job 488: Subtask ingest_to_bronze
[2026-08-31T14:00:01.422+0000] {task_command.py:423} INFO - Running <TaskInstance: air_quality_ingestion.ingest_to_bronze scheduled__2026-08-31T13:00:00+00:00 [running]> on host 6a0525c4c718
[2026-08-31T14:00:01.487+0000] {taskinstance.py:2480} INFO - Exporting env vars: AIRFLOW_CTX_DAG_OWNER='***' AIRFLOW_CTX_DAG_ID='air_quality_ingestion' AIRFLOW_CTX_TASK_ID='ingest_to_bronze' AIRFLOW_CTX_EXECUTION_DATE='2026-08-31T13:00:00+00:00' AIRFLOW_CTX_TRY_NUMBER='1' AIRFLOW_CTX_DAG_RUN_ID='scheduled__2026-08-31T13:00:00+00:00'
[2026-08-31T14:00:01.593+0000] {logging_mixin.py:188} INFO - Created bucket: bronze-air-quality
[2026-08-31T14:00:01.598+0000] {logging_mixin.py:188} INFO - Created bucket: silver-air-quality
[2026-08-31T14:00:01.610+0000] {logging_mixin.py:188} INFO - Created bucket: gold-air-quality
[2026-08-31T14:00:02.480+0000] {logging_mixin.py:188} INFO - ✓ new york: AQI=28
[2026-08-31T14:00:03.297+0000] {logging_mixin.py:188} INFO - ✓ london: AQI=34
[2026-08-31T14:00:04.097+0000] {logging_mixin.py:188} INFO - ✓ beijing: AQI=46
[2026-08-31T14:00:04.849+0000] {logging_mixin.py:188} INFO - ✓ delhi: AQI=82
[2026-08-31T14:00:05.629+0000] {logging_mixin.py:188} INFO - ✓ sydney: AQI=39
[2026-08-31T14:00:05.680+0000] {logging_mixin.py:188} INFO - Saved → s3://bronze-air-quality/year=2026/month=08/day=31/city=new_york/140001.json
[2026-08-31T14:00:05.685+0000] {logging_mixin.py:188} INFO - Saved → s3://bronze-air-quality/year=2026/month=08/day=31/city=london/140001.json
[2026-08-31T14:00:05.692+0000] {logging_mixin.py:188} INFO - Saved → s3://bronze-air-quality/year=2026/month=08/day=31/city=beijing/140001.json
[2026-08-31T14:00:05.698+0000] {logging_mixin.py:188} INFO - Saved → s3://bronze-air-quality/year=2026/month=08/day=31/city=delhi/140001.json
[2026-08-31T14:00:05.703+0000] {logging_mixin.py:188} INFO - Saved → s3://bronze-air-quality/year=2026/month=08/day=31/city=sydney/140001.json
[2026-08-31T14:00:05.704+0000] {logging_mixin.py:188} INFO - 
Total records ingested: 5
[2026-08-31T14:00:05.704+0000] {python.py:201} INFO - Done. Returned value was: None
[2026-08-31T14:00:05.712+0000] {taskinstance.py:1138} INFO - Marking task as SUCCESS. dag_id=air_quality_ingestion, task_id=ingest_to_bronze, execution_date=20260831T130000, start_date=20260831T140001, end_date=20260831T140005
[2026-08-31T14:00:05.768+0000] {local_task_job_runner.py:234} INFO - Task exited with return code 0
[2026-08-31T14:00:05.811+0000] {taskinstance.py:3280} INFO - 0 downstream tasks scheduled from follow-on schedule check
