[2026-08-31T04:00:02.065+0000] {taskinstance.py:1956} INFO - Dependencies all met for dep_context=non-requeueable deps ti=<TaskInstance: air_quality_ingestion.ingest_to_bronze scheduled__2026-08-31T03:00:00+00:00 [queued]>
[2026-08-31T04:00:02.071+0000] {taskinstance.py:1956} INFO - Dependencies all met for dep_context=requeueable deps ti=<TaskInstance: air_quality_ingestion.ingest_to_bronze scheduled__2026-08-31T03:00:00+00:00 [queued]>
[2026-08-31T04:00:02.072+0000] {taskinstance.py:2170} INFO - Starting attempt 1 of 4
[2026-08-31T04:00:02.084+0000] {taskinstance.py:2191} INFO - Executing <Task(PythonOperator): ingest_to_bronze> on 2026-08-31 03:00:00+00:00
[2026-08-31T04:00:02.088+0000] {standard_task_runner.py:60} INFO - Started process 23874 to run task
[2026-08-31T04:00:02.092+0000] {standard_task_runner.py:87} INFO - Running: ['***', 'tasks', 'run', 'air_quality_ingestion', 'ingest_to_bronze', 'scheduled__2026-08-31T03:00:00+00:00', '--job-id', '482', '--raw', '--subdir', 'DAGS_FOLDER/ingestion_dag.py', '--cfg-path', '/tmp/tmpz7n4xmbl']
[2026-08-31T04:00:02.095+0000] {standard_task_runner.py:88} INFO - Job 482: Subtask ingest_to_bronze
[2026-08-31T04:00:02.200+0000] {task_command.py:423} INFO - Running <TaskInstance: air_quality_ingestion.ingest_to_bronze scheduled__2026-08-31T03:00:00+00:00 [running]> on host 6a0525c4c718
[2026-08-31T04:00:02.302+0000] {taskinstance.py:2480} INFO - Exporting env vars: AIRFLOW_CTX_DAG_OWNER='***' AIRFLOW_CTX_DAG_ID='air_quality_ingestion' AIRFLOW_CTX_TASK_ID='ingest_to_bronze' AIRFLOW_CTX_EXECUTION_DATE='2026-08-31T03:00:00+00:00' AIRFLOW_CTX_TRY_NUMBER='1' AIRFLOW_CTX_DAG_RUN_ID='scheduled__2026-08-31T03:00:00+00:00'
[2026-08-31T04:00:02.458+0000] {logging_mixin.py:188} INFO - Created bucket: bronze-air-quality
[2026-08-31T04:00:02.465+0000] {logging_mixin.py:188} INFO - Created bucket: silver-air-quality
[2026-08-31T04:00:02.473+0000] {logging_mixin.py:188} INFO - Created bucket: gold-air-quality
[2026-08-31T04:00:03.436+0000] {logging_mixin.py:188} INFO - ✓ new york: AQI=66
[2026-08-31T04:00:04.226+0000] {logging_mixin.py:188} INFO - ✓ london: AQI=34
[2026-08-31T04:00:05.040+0000] {logging_mixin.py:188} INFO - ✓ beijing: AQI=29
[2026-08-31T04:00:05.842+0000] {logging_mixin.py:188} INFO - ✓ delhi: AQI=76
[2026-08-31T04:00:06.683+0000] {logging_mixin.py:188} INFO - ✓ sydney: AQI=52
[2026-08-31T04:00:06.703+0000] {logging_mixin.py:188} INFO - Saved → s3://bronze-air-quality/year=2026/month=08/day=31/city=new_york/040002.json
[2026-08-31T04:00:06.711+0000] {logging_mixin.py:188} INFO - Saved → s3://bronze-air-quality/year=2026/month=08/day=31/city=london/040002.json
[2026-08-31T04:00:06.761+0000] {logging_mixin.py:188} INFO - Saved → s3://bronze-air-quality/year=2026/month=08/day=31/city=beijing/040002.json
[2026-08-31T04:00:06.768+0000] {logging_mixin.py:188} INFO - Saved → s3://bronze-air-quality/year=2026/month=08/day=31/city=delhi/040002.json
[2026-08-31T04:00:06.777+0000] {logging_mixin.py:188} INFO - Saved → s3://bronze-air-quality/year=2026/month=08/day=31/city=sydney/040002.json
[2026-08-31T04:00:06.777+0000] {logging_mixin.py:188} INFO - 
Total records ingested: 5
[2026-08-31T04:00:06.778+0000] {python.py:201} INFO - Done. Returned value was: None
[2026-08-31T04:00:06.788+0000] {taskinstance.py:1138} INFO - Marking task as SUCCESS. dag_id=air_quality_ingestion, task_id=ingest_to_bronze, execution_date=20260831T030000, start_date=20260831T040002, end_date=20260831T040006
[2026-08-31T04:00:06.821+0000] {local_task_job_runner.py:234} INFO - Task exited with return code 0
[2026-08-31T04:00:06.864+0000] {taskinstance.py:3280} INFO - 0 downstream tasks scheduled from follow-on schedule check
