[2026-09-02T17:00:00.704+0000] {taskinstance.py:1956} INFO - Dependencies all met for dep_context=non-requeueable deps ti=<TaskInstance: air_quality_ingestion.ingest_to_bronze scheduled__2026-09-02T16:00:00+00:00 [queued]>
[2026-09-02T17:00:00.709+0000] {taskinstance.py:1956} INFO - Dependencies all met for dep_context=requeueable deps ti=<TaskInstance: air_quality_ingestion.ingest_to_bronze scheduled__2026-09-02T16:00:00+00:00 [queued]>
[2026-09-02T17:00:00.710+0000] {taskinstance.py:2170} INFO - Starting attempt 1 of 4
[2026-09-02T17:00:00.718+0000] {taskinstance.py:2191} INFO - Executing <Task(PythonOperator): ingest_to_bronze> on 2026-09-02 16:00:00+00:00
[2026-09-02T17:00:00.723+0000] {standard_task_runner.py:60} INFO - Started process 42824 to run task
[2026-09-02T17:00:00.725+0000] {standard_task_runner.py:87} INFO - Running: ['***', 'tasks', 'run', 'air_quality_ingestion', 'ingest_to_bronze', 'scheduled__2026-09-02T16:00:00+00:00', '--job-id', '553', '--raw', '--subdir', 'DAGS_FOLDER/ingestion_dag.py', '--cfg-path', '/tmp/tmp8b43zk9q']
[2026-09-02T17:00:00.727+0000] {standard_task_runner.py:88} INFO - Job 553: Subtask ingest_to_bronze
[2026-09-02T17:00:00.792+0000] {task_command.py:423} INFO - Running <TaskInstance: air_quality_ingestion.ingest_to_bronze scheduled__2026-09-02T16:00:00+00:00 [running]> on host 6a0525c4c718
[2026-09-02T17:00:00.856+0000] {taskinstance.py:2480} INFO - Exporting env vars: AIRFLOW_CTX_DAG_OWNER='***' AIRFLOW_CTX_DAG_ID='air_quality_ingestion' AIRFLOW_CTX_TASK_ID='ingest_to_bronze' AIRFLOW_CTX_EXECUTION_DATE='2026-09-02T16:00:00+00:00' AIRFLOW_CTX_TRY_NUMBER='1' AIRFLOW_CTX_DAG_RUN_ID='scheduled__2026-09-02T16:00:00+00:00'
[2026-09-02T17:00:00.922+0000] {logging_mixin.py:188} INFO - Created bucket: bronze-air-quality
[2026-09-02T17:00:00.927+0000] {logging_mixin.py:188} INFO - Created bucket: silver-air-quality
[2026-09-02T17:00:00.931+0000] {logging_mixin.py:188} INFO - Created bucket: gold-air-quality
[2026-09-02T17:00:01.772+0000] {logging_mixin.py:188} INFO - ✓ new york: AQI=21
[2026-09-02T17:00:02.779+0000] {logging_mixin.py:188} INFO - ✓ london: AQI=21
[2026-09-02T17:00:04.055+0000] {logging_mixin.py:188} INFO - ✓ beijing: AQI=74
[2026-09-02T17:00:04.948+0000] {logging_mixin.py:188} INFO - ✓ delhi: AQI=39
[2026-09-02T17:00:05.850+0000] {logging_mixin.py:188} INFO - ✓ sydney: AQI=48
[2026-09-02T17:00:05.863+0000] {logging_mixin.py:188} INFO - Saved → s3://bronze-air-quality/year=2026/month=09/day=02/city=new_york/170000.json
[2026-09-02T17:00:05.869+0000] {logging_mixin.py:188} INFO - Saved → s3://bronze-air-quality/year=2026/month=09/day=02/city=london/170000.json
[2026-09-02T17:00:05.874+0000] {logging_mixin.py:188} INFO - Saved → s3://bronze-air-quality/year=2026/month=09/day=02/city=beijing/170000.json
[2026-09-02T17:00:05.880+0000] {logging_mixin.py:188} INFO - Saved → s3://bronze-air-quality/year=2026/month=09/day=02/city=delhi/170000.json
[2026-09-02T17:00:05.886+0000] {logging_mixin.py:188} INFO - Saved → s3://bronze-air-quality/year=2026/month=09/day=02/city=sydney/170000.json
[2026-09-02T17:00:05.886+0000] {logging_mixin.py:188} INFO - 
Total records ingested: 5
[2026-09-02T17:00:05.887+0000] {python.py:201} INFO - Done. Returned value was: None
[2026-09-02T17:00:05.895+0000] {taskinstance.py:1138} INFO - Marking task as SUCCESS. dag_id=air_quality_ingestion, task_id=ingest_to_bronze, execution_date=20260902T160000, start_date=20260902T170000, end_date=20260902T170005
[2026-09-02T17:00:05.944+0000] {local_task_job_runner.py:234} INFO - Task exited with return code 0
[2026-09-02T17:00:05.963+0000] {taskinstance.py:3280} INFO - 0 downstream tasks scheduled from follow-on schedule check
