[2026-09-05T00:05:07.569+0000] {taskinstance.py:1956} INFO - Dependencies all met for dep_context=non-requeueable deps ti=<TaskInstance: air_quality_pipeline.wait_for_ingestion scheduled__2026-09-04T23:05:00+00:00 [queued]>
[2026-09-05T00:05:07.604+0000] {taskinstance.py:1956} INFO - Dependencies all met for dep_context=requeueable deps ti=<TaskInstance: air_quality_pipeline.wait_for_ingestion scheduled__2026-09-04T23:05:00+00:00 [queued]>
[2026-09-05T00:05:07.608+0000] {taskinstance.py:2170} INFO - Starting attempt 1 of 3
[2026-09-05T00:05:07.677+0000] {taskinstance.py:2191} INFO - Executing <Task(ExternalTaskSensor): wait_for_ingestion> on 2026-09-04 23:05:00+00:00
[2026-09-05T00:05:07.698+0000] {standard_task_runner.py:87} INFO - Running: ['***', 'tasks', 'run', 'air_quality_pipeline', 'wait_for_ingestion', 'scheduled__2026-09-04T23:05:00+00:00', '--job-id', '625', '--raw', '--subdir', 'DAGS_FOLDER/spark_pipeline_dag.py', '--cfg-path', '/tmp/tmpxvzzyh7h']
[2026-09-05T00:05:07.692+0000] {standard_task_runner.py:60} INFO - Started process 61981 to run task
[2026-09-05T00:05:07.711+0000] {standard_task_runner.py:88} INFO - Job 625: Subtask wait_for_ingestion
[2026-09-05T00:05:08.010+0000] {task_command.py:423} INFO - Running <TaskInstance: air_quality_pipeline.wait_for_ingestion scheduled__2026-09-04T23:05:00+00:00 [running]> on host 6a0525c4c718
[2026-09-05T00:05:08.576+0000] {taskinstance.py:2480} INFO - Exporting env vars: AIRFLOW_CTX_DAG_OWNER='***' AIRFLOW_CTX_DAG_ID='air_quality_pipeline' AIRFLOW_CTX_TASK_ID='wait_for_ingestion' AIRFLOW_CTX_EXECUTION_DATE='2026-09-04T23:05:00+00:00' AIRFLOW_CTX_TRY_NUMBER='1' AIRFLOW_CTX_DAG_RUN_ID='scheduled__2026-09-04T23:05:00+00:00'
[2026-09-05T00:05:08.592+0000] {external_task.py:244} INFO - Poking for tasks ['ingest_to_bronze'] in dag air_quality_ingestion on 2026-09-04T23:05:00+00:00 ... 
[2026-09-05T00:05:38.640+0000] {external_task.py:244} INFO - Poking for tasks ['ingest_to_bronze'] in dag air_quality_ingestion on 2026-09-04T23:05:00+00:00 ... 
[2026-09-05T00:06:08.663+0000] {external_task.py:244} INFO - Poking for tasks ['ingest_to_bronze'] in dag air_quality_ingestion on 2026-09-04T23:05:00+00:00 ... 
[2026-09-05T00:06:38.682+0000] {external_task.py:244} INFO - Poking for tasks ['ingest_to_bronze'] in dag air_quality_ingestion on 2026-09-04T23:05:00+00:00 ... 
[2026-09-05T00:07:08.692+0000] {external_task.py:244} INFO - Poking for tasks ['ingest_to_bronze'] in dag air_quality_ingestion on 2026-09-04T23:05:00+00:00 ... 
[2026-09-05T00:07:38.705+0000] {external_task.py:244} INFO - Poking for tasks ['ingest_to_bronze'] in dag air_quality_ingestion on 2026-09-04T23:05:00+00:00 ... 
[2026-09-05T00:08:08.719+0000] {external_task.py:244} INFO - Poking for tasks ['ingest_to_bronze'] in dag air_quality_ingestion on 2026-09-04T23:05:00+00:00 ... 
[2026-09-05T00:08:38.731+0000] {external_task.py:244} INFO - Poking for tasks ['ingest_to_bronze'] in dag air_quality_ingestion on 2026-09-04T23:05:00+00:00 ... 
[2026-09-05T00:09:08.748+0000] {external_task.py:244} INFO - Poking for tasks ['ingest_to_bronze'] in dag air_quality_ingestion on 2026-09-04T23:05:00+00:00 ... 
[2026-09-05T00:09:38.764+0000] {external_task.py:244} INFO - Poking for tasks ['ingest_to_bronze'] in dag air_quality_ingestion on 2026-09-04T23:05:00+00:00 ... 
[2026-09-05T00:10:08.773+0000] {external_task.py:244} INFO - Poking for tasks ['ingest_to_bronze'] in dag air_quality_ingestion on 2026-09-04T23:05:00+00:00 ... 
[2026-09-05T00:10:08.784+0000] {taskinstance.py:2698} ERROR - Task failed with exception
Traceback (most recent call last):
  File "/home/airflow/.local/lib/python3.11/site-packages/airflow/models/taskinstance.py", line 433, in _execute_task
    result = execute_callable(context=context, **execute_callable_kwargs)
             ^^^^^^^^^^^^^^^^^^^^^^^^^^^^^^^^^^^^^^^^^^^^^^^^^^^^^^^^^^^^
  File "/home/airflow/.local/lib/python3.11/site-packages/airflow/sensors/external_task.py", line 334, in execute
    super().execute(context)
  File "/home/airflow/.local/lib/python3.11/site-packages/airflow/sensors/base.py", line 282, in execute
    raise AirflowSensorTimeout(message)
airflow.exceptions.AirflowSensorTimeout: Sensor has timed out; run duration of 300.2253791440162 seconds exceeds the specified timeout of 300.0.
[2026-09-05T00:10:08.809+0000] {taskinstance.py:1138} INFO - Immediate failure requested. Marking task as FAILED. dag_id=air_quality_pipeline, task_id=wait_for_ingestion, execution_date=20260904T230500, start_date=20260905T000507, end_date=20260905T001008
[2026-09-05T00:10:08.837+0000] {standard_task_runner.py:107} ERROR - Failed to execute job 625 for task wait_for_ingestion (Sensor has timed out; run duration of 300.2253791440162 seconds exceeds the specified timeout of 300.0.; 61981)
[2026-09-05T00:10:08.871+0000] {local_task_job_runner.py:234} INFO - Task exited with return code 1
[2026-09-05T00:10:08.913+0000] {taskinstance.py:3280} INFO - 0 downstream tasks scheduled from follow-on schedule check
