[2026-08-05T12:23:33.790+0000] {taskinstance.py:1956} INFO - Dependencies all met for dep_context=non-requeueable deps ti=<TaskInstance: air_quality_ingestion.ingest_to_bronze scheduled__2026-08-05T11:00:00+00:00 [queued]>
[2026-08-05T12:23:33.840+0000] {taskinstance.py:1956} INFO - Dependencies all met for dep_context=requeueable deps ti=<TaskInstance: air_quality_ingestion.ingest_to_bronze scheduled__2026-08-05T11:00:00+00:00 [queued]>
[2026-08-05T12:23:33.841+0000] {taskinstance.py:2170} INFO - Starting attempt 1 of 4
[2026-08-05T12:23:33.937+0000] {taskinstance.py:2191} INFO - Executing <Task(PythonOperator): ingest_to_bronze> on 2026-08-05 11:00:00+00:00
[2026-08-05T12:23:33.989+0000] {standard_task_runner.py:60} INFO - Started process 8213 to run task
[2026-08-05T12:23:34.074+0000] {standard_task_runner.py:87} INFO - Running: ['***', 'tasks', 'run', 'air_quality_ingestion', 'ingest_to_bronze', 'scheduled__2026-08-05T11:00:00+00:00', '--job-id', '60', '--raw', '--subdir', 'DAGS_FOLDER/ingestion_dag.py', '--cfg-path', '/tmp/tmpewbqxi29']
[2026-08-05T12:23:34.117+0000] {standard_task_runner.py:88} INFO - Job 60: Subtask ingest_to_bronze
[2026-08-05T12:23:34.412+0000] {task_command.py:423} INFO - Running <TaskInstance: air_quality_ingestion.ingest_to_bronze scheduled__2026-08-05T11:00:00+00:00 [running]> on host cd53ba4eefa8
[2026-08-05T12:23:34.833+0000] {taskinstance.py:2480} INFO - Exporting env vars: AIRFLOW_CTX_DAG_OWNER='***' AIRFLOW_CTX_DAG_ID='air_quality_ingestion' AIRFLOW_CTX_TASK_ID='ingest_to_bronze' AIRFLOW_CTX_EXECUTION_DATE='2026-08-05T11:00:00+00:00' AIRFLOW_CTX_TRY_NUMBER='1' AIRFLOW_CTX_DAG_RUN_ID='scheduled__2026-08-05T11:00:00+00:00'
[2026-08-05T12:23:35.483+0000] {logging_mixin.py:188} INFO - Created bucket: bronze-air-quality
[2026-08-05T12:23:35.517+0000] {logging_mixin.py:188} INFO - Created bucket: silver-air-quality
[2026-08-05T12:23:35.545+0000] {logging_mixin.py:188} INFO - Created bucket: gold-air-quality
[2026-08-05T12:23:38.622+0000] {logging_mixin.py:188} INFO - ✗ london: HTTPSConnectionPool(host='api.waqi.info', port=443): Max retries exceeded with url: /feed/london/?token=your_aqicn_key_here (Caused by SSLError(SSLEOFError(8, '[SSL: UNEXPECTED_EOF_WHILE_READING] EOF occurred in violation of protocol (_ssl.c:1006)')))
[2026-08-05T14:02:01.860+0000] {logging_mixin.py:188} INFO - ✗ beijing: HTTPSConnectionPool(host='api.waqi.info', port=443): Max retries exceeded with url: /feed/beijing/?token=your_aqicn_key_here (Caused by NameResolutionError("<urllib3.connection.HTTPSConnection object at 0x7c1f20aacd50>: Failed to resolve 'api.waqi.info' ([Errno -2] Name or service not known)"))
[2026-08-05T14:02:02.091+0000] {logging_mixin.py:188} INFO - ✗ delhi: HTTPSConnectionPool(host='api.waqi.info', port=443): Max retries exceeded with url: /feed/delhi/?token=your_aqicn_key_here (Caused by NameResolutionError("<urllib3.connection.HTTPSConnection object at 0x7c1f20aaef10>: Failed to resolve 'api.waqi.info' ([Errno -2] Name or service not known)"))
[2026-08-05T14:02:02.275+0000] {logging_mixin.py:188} INFO - ✗ sydney: HTTPSConnectionPool(host='api.waqi.info', port=443): Max retries exceeded with url: /feed/sydney/?token=your_aqicn_key_here (Caused by NameResolutionError("<urllib3.connection.HTTPSConnection object at 0x7c1f2a970e50>: Failed to resolve 'api.waqi.info' ([Errno -2] Name or service not known)"))
[2026-08-05T14:02:02.295+0000] {logging_mixin.py:188} INFO - 
Total records ingested: 0
[2026-08-05T14:02:02.326+0000] {python.py:201} INFO - Done. Returned value was: None
[2026-08-05T14:02:02.561+0000] {taskinstance.py:1138} INFO - Marking task as SUCCESS. dag_id=air_quality_ingestion, task_id=ingest_to_bronze, execution_date=20260805T110000, start_date=20260805T122333, end_date=20260805T140202
[2026-08-05T14:02:03.057+0000] {local_task_job_runner.py:234} INFO - Task exited with return code 0
[2026-08-05T14:02:03.264+0000] {taskinstance.py:3280} INFO - 0 downstream tasks scheduled from follow-on schedule check
