[2026-09-03T23:00:01.326+0000] {taskinstance.py:1956} INFO - Dependencies all met for dep_context=non-requeueable deps ti=<TaskInstance: air_quality_ingestion.ingest_to_bronze scheduled__2026-09-03T22:00:00+00:00 [queued]>
[2026-09-03T23:00:01.331+0000] {taskinstance.py:1956} INFO - Dependencies all met for dep_context=requeueable deps ti=<TaskInstance: air_quality_ingestion.ingest_to_bronze scheduled__2026-09-03T22:00:00+00:00 [queued]>
[2026-09-03T23:00:01.332+0000] {taskinstance.py:2170} INFO - Starting attempt 1 of 4
[2026-09-03T23:00:01.342+0000] {taskinstance.py:2191} INFO - Executing <Task(PythonOperator): ingest_to_bronze> on 2026-09-03 22:00:00+00:00
[2026-09-03T23:00:01.359+0000] {standard_task_runner.py:60} INFO - Started process 52891 to run task
[2026-09-03T23:00:01.362+0000] {standard_task_runner.py:87} INFO - Running: ['***', 'tasks', 'run', 'air_quality_ingestion', 'ingest_to_bronze', 'scheduled__2026-09-03T22:00:00+00:00', '--job-id', '593', '--raw', '--subdir', 'DAGS_FOLDER/ingestion_dag.py', '--cfg-path', '/tmp/tmpyi2ti499']
[2026-09-03T23:00:01.372+0000] {standard_task_runner.py:88} INFO - Job 593: Subtask ingest_to_bronze
[2026-09-03T23:00:01.456+0000] {task_command.py:423} INFO - Running <TaskInstance: air_quality_ingestion.ingest_to_bronze scheduled__2026-09-03T22:00:00+00:00 [running]> on host 6a0525c4c718
[2026-09-03T23:00:01.552+0000] {taskinstance.py:2480} INFO - Exporting env vars: AIRFLOW_CTX_DAG_OWNER='***' AIRFLOW_CTX_DAG_ID='air_quality_ingestion' AIRFLOW_CTX_TASK_ID='ingest_to_bronze' AIRFLOW_CTX_EXECUTION_DATE='2026-09-03T22:00:00+00:00' AIRFLOW_CTX_TRY_NUMBER='1' AIRFLOW_CTX_DAG_RUN_ID='scheduled__2026-09-03T22:00:00+00:00'
[2026-09-03T23:00:01.647+0000] {logging_mixin.py:188} INFO - Created bucket: bronze-air-quality
[2026-09-03T23:00:01.653+0000] {logging_mixin.py:188} INFO - Created bucket: silver-air-quality
[2026-09-03T23:00:01.659+0000] {logging_mixin.py:188} INFO - Created bucket: gold-air-quality
[2026-09-03T23:00:02.736+0000] {logging_mixin.py:188} INFO - ✓ new york: AQI=18
[2026-09-03T23:00:03.766+0000] {logging_mixin.py:188} INFO - ✓ london: AQI=21
[2026-09-03T23:00:04.743+0000] {logging_mixin.py:188} INFO - ✓ beijing: AQI=59
[2026-09-03T23:00:05.700+0000] {logging_mixin.py:188} INFO - ✓ delhi: AQI=37
[2026-09-03T23:00:06.753+0000] {logging_mixin.py:188} INFO - ✓ sydney: AQI=48
[2026-09-03T23:00:06.765+0000] {logging_mixin.py:188} INFO - Saved → s3://bronze-air-quality/year=2026/month=09/day=03/city=new_york/230001.json
[2026-09-03T23:00:06.772+0000] {logging_mixin.py:188} INFO - Saved → s3://bronze-air-quality/year=2026/month=09/day=03/city=london/230001.json
[2026-09-03T23:00:06.779+0000] {logging_mixin.py:188} INFO - Saved → s3://bronze-air-quality/year=2026/month=09/day=03/city=beijing/230001.json
[2026-09-03T23:00:06.784+0000] {logging_mixin.py:188} INFO - Saved → s3://bronze-air-quality/year=2026/month=09/day=03/city=delhi/230001.json
[2026-09-03T23:00:06.790+0000] {logging_mixin.py:188} INFO - Saved → s3://bronze-air-quality/year=2026/month=09/day=03/city=sydney/230001.json
[2026-09-03T23:00:06.790+0000] {logging_mixin.py:188} INFO - 
Total records ingested: 5
[2026-09-03T23:00:06.791+0000] {python.py:201} INFO - Done. Returned value was: None
[2026-09-03T23:00:06.799+0000] {taskinstance.py:1138} INFO - Marking task as SUCCESS. dag_id=air_quality_ingestion, task_id=ingest_to_bronze, execution_date=20260903T220000, start_date=20260903T230001, end_date=20260903T230006
[2026-09-03T23:00:06.818+0000] {local_task_job_runner.py:234} INFO - Task exited with return code 0
[2026-09-03T23:00:06.830+0000] {taskinstance.py:3280} INFO - 0 downstream tasks scheduled from follow-on schedule check
