[2026-08-12T16:05:01.145+0000] {taskinstance.py:1956} INFO - Dependencies all met for dep_context=non-requeueable deps ti=<TaskInstance: air_quality_pipeline.wait_for_ingestion scheduled__2026-08-12T15:05:00+00:00 [queued]>
[2026-08-12T16:05:01.159+0000] {taskinstance.py:1956} INFO - Dependencies all met for dep_context=requeueable deps ti=<TaskInstance: air_quality_pipeline.wait_for_ingestion scheduled__2026-08-12T15:05:00+00:00 [queued]>
[2026-08-12T16:05:01.160+0000] {taskinstance.py:2170} INFO - Starting attempt 1 of 3
[2026-08-12T16:05:01.179+0000] {taskinstance.py:2191} INFO - Executing <Task(ExternalTaskSensor): wait_for_ingestion> on 2026-08-12 15:05:00+00:00
[2026-08-12T16:05:01.185+0000] {standard_task_runner.py:60} INFO - Started process 37329 to run task
[2026-08-12T16:05:01.191+0000] {standard_task_runner.py:87} INFO - Running: ['***', 'tasks', 'run', 'air_quality_pipeline', 'wait_for_ingestion', 'scheduled__2026-08-12T15:05:00+00:00', '--job-id', '251', '--raw', '--subdir', 'DAGS_FOLDER/spark_pipeline_dag.py', '--cfg-path', '/tmp/tmpzqjx813v']
[2026-08-12T16:05:01.195+0000] {standard_task_runner.py:88} INFO - Job 251: Subtask wait_for_ingestion
[2026-08-12T16:05:01.278+0000] {task_command.py:423} INFO - Running <TaskInstance: air_quality_pipeline.wait_for_ingestion scheduled__2026-08-12T15:05:00+00:00 [running]> on host 6a0525c4c718
[2026-08-12T16:05:01.384+0000] {taskinstance.py:2480} INFO - Exporting env vars: AIRFLOW_CTX_DAG_OWNER='***' AIRFLOW_CTX_DAG_ID='air_quality_pipeline' AIRFLOW_CTX_TASK_ID='wait_for_ingestion' AIRFLOW_CTX_EXECUTION_DATE='2026-08-12T15:05:00+00:00' AIRFLOW_CTX_TRY_NUMBER='1' AIRFLOW_CTX_DAG_RUN_ID='scheduled__2026-08-12T15:05:00+00:00'
[2026-08-12T16:05:01.388+0000] {external_task.py:244} INFO - Poking for tasks ['ingest_to_bronze'] in dag air_quality_ingestion on 2026-08-12T15:05:00+00:00 ... 
[2026-08-12T16:05:31.403+0000] {external_task.py:244} INFO - Poking for tasks ['ingest_to_bronze'] in dag air_quality_ingestion on 2026-08-12T15:05:00+00:00 ... 
[2026-08-12T16:06:01.432+0000] {external_task.py:244} INFO - Poking for tasks ['ingest_to_bronze'] in dag air_quality_ingestion on 2026-08-12T15:05:00+00:00 ... 
[2026-08-12T16:06:31.457+0000] {external_task.py:244} INFO - Poking for tasks ['ingest_to_bronze'] in dag air_quality_ingestion on 2026-08-12T15:05:00+00:00 ... 
[2026-08-12T16:37:06.655+0000] {external_task.py:244} INFO - Poking for tasks ['ingest_to_bronze'] in dag air_quality_ingestion on 2026-08-12T15:05:00+00:00 ... 
[2026-08-12T16:37:36.692+0000] {external_task.py:244} INFO - Poking for tasks ['ingest_to_bronze'] in dag air_quality_ingestion on 2026-08-12T15:05:00+00:00 ... 
[2026-08-12T16:38:06.705+0000] {external_task.py:244} INFO - Poking for tasks ['ingest_to_bronze'] in dag air_quality_ingestion on 2026-08-12T15:05:00+00:00 ... 
[2026-08-12T16:38:36.712+0000] {external_task.py:244} INFO - Poking for tasks ['ingest_to_bronze'] in dag air_quality_ingestion on 2026-08-12T15:05:00+00:00 ... 
[2026-08-12T16:39:06.722+0000] {external_task.py:244} INFO - Poking for tasks ['ingest_to_bronze'] in dag air_quality_ingestion on 2026-08-12T15:05:00+00:00 ... 
[2026-08-12T16:39:36.728+0000] {external_task.py:244} INFO - Poking for tasks ['ingest_to_bronze'] in dag air_quality_ingestion on 2026-08-12T15:05:00+00:00 ... 
[2026-08-12T16:40:06.735+0000] {external_task.py:244} INFO - Poking for tasks ['ingest_to_bronze'] in dag air_quality_ingestion on 2026-08-12T15:05:00+00:00 ... 
[2026-08-12T16:40:06.756+0000] {taskinstance.py:2698} ERROR - Task failed with exception
Traceback (most recent call last):
  File "/home/airflow/.local/lib/python3.11/site-packages/airflow/models/taskinstance.py", line 433, in _execute_task
    result = execute_callable(context=context, **execute_callable_kwargs)
             ^^^^^^^^^^^^^^^^^^^^^^^^^^^^^^^^^^^^^^^^^^^^^^^^^^^^^^^^^^^^
  File "/home/airflow/.local/lib/python3.11/site-packages/airflow/sensors/external_task.py", line 334, in execute
    super().execute(context)
  File "/home/airflow/.local/lib/python3.11/site-packages/airflow/sensors/base.py", line 282, in execute
    raise AirflowSensorTimeout(message)
airflow.exceptions.AirflowSensorTimeout: Sensor has timed out; run duration of 300.22423909802455 seconds exceeds the specified timeout of 300.0.
[2026-08-12T16:40:06.771+0000] {taskinstance.py:1138} INFO - Immediate failure requested. Marking task as FAILED. dag_id=air_quality_pipeline, task_id=wait_for_ingestion, execution_date=20260812T150500, start_date=20260812T160501, end_date=20260812T164006
[2026-08-12T16:40:06.795+0000] {standard_task_runner.py:107} ERROR - Failed to execute job 251 for task wait_for_ingestion (Sensor has timed out; run duration of 300.22423909802455 seconds exceeds the specified timeout of 300.0.; 37329)
[2026-08-12T16:40:06.829+0000] {local_task_job_runner.py:234} INFO - Task exited with return code 1
[2026-08-12T16:40:06.857+0000] {taskinstance.py:3280} INFO - 0 downstream tasks scheduled from follow-on schedule check
