[2026-08-08T11:47:31.835+0000] {taskinstance.py:1956} INFO - Dependencies all met for dep_context=non-requeueable deps ti=<TaskInstance: air_quality_pipeline.wait_for_ingestion scheduled__2026-08-08T10:05:00+00:00 [queued]>
[2026-08-08T11:47:31.900+0000] {taskinstance.py:1956} INFO - Dependencies all met for dep_context=requeueable deps ti=<TaskInstance: air_quality_pipeline.wait_for_ingestion scheduled__2026-08-08T10:05:00+00:00 [queued]>
[2026-08-08T11:47:31.904+0000] {taskinstance.py:2170} INFO - Starting attempt 1 of 3
[2026-08-08T11:47:31.957+0000] {taskinstance.py:2191} INFO - Executing <Task(ExternalTaskSensor): wait_for_ingestion> on 2026-08-08 10:05:00+00:00
[2026-08-08T11:47:31.976+0000] {standard_task_runner.py:60} INFO - Started process 19655 to run task
[2026-08-08T11:47:31.992+0000] {standard_task_runner.py:87} INFO - Running: ['***', 'tasks', 'run', 'air_quality_pipeline', 'wait_for_ingestion', 'scheduled__2026-08-08T10:05:00+00:00', '--job-id', '151', '--raw', '--subdir', 'DAGS_FOLDER/spark_pipeline_dag.py', '--cfg-path', '/tmp/tmpcv2bev12']
[2026-08-08T11:47:32.008+0000] {standard_task_runner.py:88} INFO - Job 151: Subtask wait_for_ingestion
[2026-08-08T11:49:34.200+0000] {task_command.py:423} INFO - Running <TaskInstance: air_quality_pipeline.wait_for_ingestion scheduled__2026-08-08T10:05:00+00:00 [running]> on host 6a0525c4c718
[2026-08-08T20:58:24.703+0000] {taskinstance.py:2480} INFO - Exporting env vars: AIRFLOW_CTX_DAG_OWNER='***' AIRFLOW_CTX_DAG_ID='air_quality_pipeline' AIRFLOW_CTX_TASK_ID='wait_for_ingestion' AIRFLOW_CTX_EXECUTION_DATE='2026-08-08T10:05:00+00:00' AIRFLOW_CTX_TRY_NUMBER='1' AIRFLOW_CTX_DAG_RUN_ID='scheduled__2026-08-08T10:05:00+00:00'
[2026-08-08T20:58:24.807+0000] {external_task.py:244} INFO - Poking for tasks ['ingest_to_bronze'] in dag air_quality_ingestion on 2026-08-08T10:05:00+00:00 ... 
[2026-08-09T02:29:18.661+0000] {external_task.py:244} INFO - Poking for tasks ['ingest_to_bronze'] in dag air_quality_ingestion on 2026-08-08T10:05:00+00:00 ... 
[2026-08-09T02:29:48.799+0000] {external_task.py:244} INFO - Poking for tasks ['ingest_to_bronze'] in dag air_quality_ingestion on 2026-08-08T10:05:00+00:00 ... 
[2026-08-09T02:30:18.815+0000] {external_task.py:244} INFO - Poking for tasks ['ingest_to_bronze'] in dag air_quality_ingestion on 2026-08-08T10:05:00+00:00 ... 
[2026-08-09T02:30:48.828+0000] {external_task.py:244} INFO - Poking for tasks ['ingest_to_bronze'] in dag air_quality_ingestion on 2026-08-08T10:05:00+00:00 ... 
[2026-08-09T02:31:18.844+0000] {external_task.py:244} INFO - Poking for tasks ['ingest_to_bronze'] in dag air_quality_ingestion on 2026-08-08T10:05:00+00:00 ... 
[2026-08-09T02:31:48.876+0000] {external_task.py:244} INFO - Poking for tasks ['ingest_to_bronze'] in dag air_quality_ingestion on 2026-08-08T10:05:00+00:00 ... 
[2026-08-09T02:32:18.889+0000] {external_task.py:244} INFO - Poking for tasks ['ingest_to_bronze'] in dag air_quality_ingestion on 2026-08-08T10:05:00+00:00 ... 
[2026-08-09T02:32:48.903+0000] {external_task.py:244} INFO - Poking for tasks ['ingest_to_bronze'] in dag air_quality_ingestion on 2026-08-08T10:05:00+00:00 ... 
[2026-08-09T02:33:18.924+0000] {external_task.py:244} INFO - Poking for tasks ['ingest_to_bronze'] in dag air_quality_ingestion on 2026-08-08T10:05:00+00:00 ... 
[2026-08-09T02:33:48.940+0000] {external_task.py:244} INFO - Poking for tasks ['ingest_to_bronze'] in dag air_quality_ingestion on 2026-08-08T10:05:00+00:00 ... 
[2026-08-09T02:33:48.950+0000] {taskinstance.py:2698} ERROR - Task failed with exception
Traceback (most recent call last):
  File "/home/airflow/.local/lib/python3.11/site-packages/airflow/models/taskinstance.py", line 433, in _execute_task
    result = execute_callable(context=context, **execute_callable_kwargs)
             ^^^^^^^^^^^^^^^^^^^^^^^^^^^^^^^^^^^^^^^^^^^^^^^^^^^^^^^^^^^^
  File "/home/airflow/.local/lib/python3.11/site-packages/airflow/sensors/external_task.py", line 334, in execute
    super().execute(context)
  File "/home/airflow/.local/lib/python3.11/site-packages/airflow/sensors/base.py", line 282, in execute
    raise AirflowSensorTimeout(message)
airflow.exceptions.AirflowSensorTimeout: Sensor has timed out; run duration of 301.3076801059942 seconds exceeds the specified timeout of 300.0.
[2026-08-09T02:33:48.967+0000] {taskinstance.py:1138} INFO - Immediate failure requested. Marking task as FAILED. dag_id=air_quality_pipeline, task_id=wait_for_ingestion, execution_date=20260808T100500, start_date=20260808T114731, end_date=20260809T023348
[2026-08-09T02:33:49.014+0000] {standard_task_runner.py:107} ERROR - Failed to execute job 151 for task wait_for_ingestion (Sensor has timed out; run duration of 301.3076801059942 seconds exceeds the specified timeout of 300.0.; 19655)
[2026-08-09T02:33:49.032+0000] {local_task_job_runner.py:234} INFO - Task exited with return code 1
[2026-08-09T02:33:49.062+0000] {taskinstance.py:3280} INFO - 0 downstream tasks scheduled from follow-on schedule check
