[2026-09-02T03:00:00.820+0000] {taskinstance.py:1956} INFO - Dependencies all met for dep_context=non-requeueable deps ti=<TaskInstance: air_quality_ingestion.ingest_to_bronze scheduled__2026-09-02T02:00:00+00:00 [queued]>
[2026-09-02T03:00:00.826+0000] {taskinstance.py:1956} INFO - Dependencies all met for dep_context=requeueable deps ti=<TaskInstance: air_quality_ingestion.ingest_to_bronze scheduled__2026-09-02T02:00:00+00:00 [queued]>
[2026-09-02T03:00:00.827+0000] {taskinstance.py:2170} INFO - Starting attempt 1 of 4
[2026-09-02T03:00:00.839+0000] {taskinstance.py:2191} INFO - Executing <Task(PythonOperator): ingest_to_bronze> on 2026-09-02 02:00:00+00:00
[2026-09-02T03:00:00.843+0000] {standard_task_runner.py:60} INFO - Started process 37713 to run task
[2026-09-02T03:00:00.845+0000] {standard_task_runner.py:87} INFO - Running: ['***', 'tasks', 'run', 'air_quality_ingestion', 'ingest_to_bronze', 'scheduled__2026-09-02T02:00:00+00:00', '--job-id', '541', '--raw', '--subdir', 'DAGS_FOLDER/ingestion_dag.py', '--cfg-path', '/tmp/tmp2q8rg_bi']
[2026-09-02T03:00:00.849+0000] {standard_task_runner.py:88} INFO - Job 541: Subtask ingest_to_bronze
[2026-09-02T03:00:00.923+0000] {task_command.py:423} INFO - Running <TaskInstance: air_quality_ingestion.ingest_to_bronze scheduled__2026-09-02T02:00:00+00:00 [running]> on host 6a0525c4c718
[2026-09-02T03:00:00.995+0000] {taskinstance.py:2480} INFO - Exporting env vars: AIRFLOW_CTX_DAG_OWNER='***' AIRFLOW_CTX_DAG_ID='air_quality_ingestion' AIRFLOW_CTX_TASK_ID='ingest_to_bronze' AIRFLOW_CTX_EXECUTION_DATE='2026-09-02T02:00:00+00:00' AIRFLOW_CTX_TRY_NUMBER='1' AIRFLOW_CTX_DAG_RUN_ID='scheduled__2026-09-02T02:00:00+00:00'
[2026-09-02T03:00:01.068+0000] {logging_mixin.py:188} INFO - Created bucket: bronze-air-quality
[2026-09-02T03:00:01.074+0000] {logging_mixin.py:188} INFO - Created bucket: silver-air-quality
[2026-09-02T03:00:01.079+0000] {logging_mixin.py:188} INFO - Created bucket: gold-air-quality
[2026-09-02T03:00:02.132+0000] {logging_mixin.py:188} INFO - ✓ new york: AQI=51
[2026-09-02T03:00:02.857+0000] {logging_mixin.py:188} INFO - ✓ london: AQI=20
[2026-09-02T03:00:03.634+0000] {logging_mixin.py:188} INFO - ✓ beijing: AQI=42
[2026-09-02T03:00:04.404+0000] {logging_mixin.py:188} INFO - ✓ delhi: AQI=68
[2026-09-02T03:00:05.257+0000] {logging_mixin.py:188} INFO - ✓ sydney: AQI=48
[2026-09-02T03:00:05.265+0000] {logging_mixin.py:188} INFO - Saved → s3://bronze-air-quality/year=2026/month=09/day=02/city=new_york/030001.json
[2026-09-02T03:00:05.273+0000] {logging_mixin.py:188} INFO - Saved → s3://bronze-air-quality/year=2026/month=09/day=02/city=london/030001.json
[2026-09-02T03:00:05.279+0000] {logging_mixin.py:188} INFO - Saved → s3://bronze-air-quality/year=2026/month=09/day=02/city=beijing/030001.json
[2026-09-02T03:00:05.286+0000] {logging_mixin.py:188} INFO - Saved → s3://bronze-air-quality/year=2026/month=09/day=02/city=delhi/030001.json
[2026-09-02T03:00:05.292+0000] {logging_mixin.py:188} INFO - Saved → s3://bronze-air-quality/year=2026/month=09/day=02/city=sydney/030001.json
[2026-09-02T03:00:05.293+0000] {logging_mixin.py:188} INFO - 
Total records ingested: 5
[2026-09-02T03:00:05.293+0000] {python.py:201} INFO - Done. Returned value was: None
[2026-09-02T03:00:05.302+0000] {taskinstance.py:1138} INFO - Marking task as SUCCESS. dag_id=air_quality_ingestion, task_id=ingest_to_bronze, execution_date=20260902T020000, start_date=20260902T030000, end_date=20260902T030005
[2026-09-02T03:00:05.329+0000] {local_task_job_runner.py:234} INFO - Task exited with return code 0
[2026-09-02T03:00:05.341+0000] {taskinstance.py:3280} INFO - 0 downstream tasks scheduled from follow-on schedule check
