[2026-09-03T20:05:01.478+0000] {taskinstance.py:1956} INFO - Dependencies all met for dep_context=non-requeueable deps ti=<TaskInstance: air_quality_pipeline.wait_for_ingestion scheduled__2026-09-03T19:05:00+00:00 [queued]>
[2026-09-03T20:05:01.486+0000] {taskinstance.py:1956} INFO - Dependencies all met for dep_context=requeueable deps ti=<TaskInstance: air_quality_pipeline.wait_for_ingestion scheduled__2026-09-03T19:05:00+00:00 [queued]>
[2026-09-03T20:05:01.487+0000] {taskinstance.py:2170} INFO - Starting attempt 1 of 3
[2026-09-03T20:05:01.504+0000] {taskinstance.py:2191} INFO - Executing <Task(ExternalTaskSensor): wait_for_ingestion> on 2026-09-03 19:05:00+00:00
[2026-09-03T20:05:01.517+0000] {standard_task_runner.py:87} INFO - Running: ['***', 'tasks', 'run', 'air_quality_pipeline', 'wait_for_ingestion', 'scheduled__2026-09-03T19:05:00+00:00', '--job-id', '588', '--raw', '--subdir', 'DAGS_FOLDER/spark_pipeline_dag.py', '--cfg-path', '/tmp/tmpytetc_ji']
[2026-09-03T20:05:01.513+0000] {standard_task_runner.py:60} INFO - Started process 49975 to run task
[2026-09-03T20:05:01.521+0000] {standard_task_runner.py:88} INFO - Job 588: Subtask wait_for_ingestion
[2026-09-03T20:05:01.611+0000] {task_command.py:423} INFO - Running <TaskInstance: air_quality_pipeline.wait_for_ingestion scheduled__2026-09-03T19:05:00+00:00 [running]> on host 6a0525c4c718
[2026-09-03T20:05:01.682+0000] {taskinstance.py:2480} INFO - Exporting env vars: AIRFLOW_CTX_DAG_OWNER='***' AIRFLOW_CTX_DAG_ID='air_quality_pipeline' AIRFLOW_CTX_TASK_ID='wait_for_ingestion' AIRFLOW_CTX_EXECUTION_DATE='2026-09-03T19:05:00+00:00' AIRFLOW_CTX_TRY_NUMBER='1' AIRFLOW_CTX_DAG_RUN_ID='scheduled__2026-09-03T19:05:00+00:00'
[2026-09-03T20:05:01.683+0000] {external_task.py:244} INFO - Poking for tasks ['ingest_to_bronze'] in dag air_quality_ingestion on 2026-09-03T19:05:00+00:00 ... 
[2026-09-03T20:05:31.684+0000] {external_task.py:244} INFO - Poking for tasks ['ingest_to_bronze'] in dag air_quality_ingestion on 2026-09-03T19:05:00+00:00 ... 
[2026-09-03T20:06:01.697+0000] {external_task.py:244} INFO - Poking for tasks ['ingest_to_bronze'] in dag air_quality_ingestion on 2026-09-03T19:05:00+00:00 ... 
[2026-09-03T20:06:31.705+0000] {external_task.py:244} INFO - Poking for tasks ['ingest_to_bronze'] in dag air_quality_ingestion on 2026-09-03T19:05:00+00:00 ... 
[2026-09-03T20:07:01.724+0000] {external_task.py:244} INFO - Poking for tasks ['ingest_to_bronze'] in dag air_quality_ingestion on 2026-09-03T19:05:00+00:00 ... 
[2026-09-03T20:07:31.734+0000] {external_task.py:244} INFO - Poking for tasks ['ingest_to_bronze'] in dag air_quality_ingestion on 2026-09-03T19:05:00+00:00 ... 
[2026-09-03T20:08:01.745+0000] {external_task.py:244} INFO - Poking for tasks ['ingest_to_bronze'] in dag air_quality_ingestion on 2026-09-03T19:05:00+00:00 ... 
[2026-09-03T20:08:31.760+0000] {external_task.py:244} INFO - Poking for tasks ['ingest_to_bronze'] in dag air_quality_ingestion on 2026-09-03T19:05:00+00:00 ... 
[2026-09-03T20:09:01.775+0000] {external_task.py:244} INFO - Poking for tasks ['ingest_to_bronze'] in dag air_quality_ingestion on 2026-09-03T19:05:00+00:00 ... 
[2026-09-03T20:09:31.782+0000] {external_task.py:244} INFO - Poking for tasks ['ingest_to_bronze'] in dag air_quality_ingestion on 2026-09-03T19:05:00+00:00 ... 
[2026-09-03T20:10:01.793+0000] {external_task.py:244} INFO - Poking for tasks ['ingest_to_bronze'] in dag air_quality_ingestion on 2026-09-03T19:05:00+00:00 ... 
[2026-09-03T20:10:01.806+0000] {taskinstance.py:2698} ERROR - Task failed with exception
Traceback (most recent call last):
  File "/home/airflow/.local/lib/python3.11/site-packages/airflow/models/taskinstance.py", line 433, in _execute_task
    result = execute_callable(context=context, **execute_callable_kwargs)
             ^^^^^^^^^^^^^^^^^^^^^^^^^^^^^^^^^^^^^^^^^^^^^^^^^^^^^^^^^^^^
  File "/home/airflow/.local/lib/python3.11/site-packages/airflow/sensors/external_task.py", line 334, in execute
    super().execute(context)
  File "/home/airflow/.local/lib/python3.11/site-packages/airflow/sensors/base.py", line 282, in execute
    raise AirflowSensorTimeout(message)
airflow.exceptions.AirflowSensorTimeout: Sensor has timed out; run duration of 300.1635363100213 seconds exceeds the specified timeout of 300.0.
[2026-09-03T20:10:01.816+0000] {taskinstance.py:1138} INFO - Immediate failure requested. Marking task as FAILED. dag_id=air_quality_pipeline, task_id=wait_for_ingestion, execution_date=20260903T190500, start_date=20260903T200501, end_date=20260903T201001
[2026-09-03T20:10:01.854+0000] {standard_task_runner.py:107} ERROR - Failed to execute job 588 for task wait_for_ingestion (Sensor has timed out; run duration of 300.1635363100213 seconds exceeds the specified timeout of 300.0.; 49975)
[2026-09-03T20:10:01.899+0000] {local_task_job_runner.py:234} INFO - Task exited with return code 1
[2026-09-03T20:10:01.925+0000] {taskinstance.py:3280} INFO - 0 downstream tasks scheduled from follow-on schedule check
