[2026-08-09T02:34:20.390+0000] {taskinstance.py:1956} INFO - Dependencies all met for dep_context=non-requeueable deps ti=<TaskInstance: air_quality_pipeline.wait_for_ingestion scheduled__2026-08-08T08:05:00+00:00 [queued]>
[2026-08-09T02:34:20.413+0000] {taskinstance.py:1956} INFO - Dependencies all met for dep_context=requeueable deps ti=<TaskInstance: air_quality_pipeline.wait_for_ingestion scheduled__2026-08-08T08:05:00+00:00 [queued]>
[2026-08-09T02:34:20.414+0000] {taskinstance.py:2170} INFO - Starting attempt 2 of 3
[2026-08-09T02:34:20.444+0000] {taskinstance.py:2191} INFO - Executing <Task(ExternalTaskSensor): wait_for_ingestion> on 2026-08-08 08:05:00+00:00
[2026-08-09T02:34:20.453+0000] {standard_task_runner.py:60} INFO - Started process 19797 to run task
[2026-08-09T02:34:20.462+0000] {standard_task_runner.py:87} INFO - Running: ['***', 'tasks', 'run', 'air_quality_pipeline', 'wait_for_ingestion', 'scheduled__2026-08-08T08:05:00+00:00', '--job-id', '159', '--raw', '--subdir', 'DAGS_FOLDER/spark_pipeline_dag.py', '--cfg-path', '/tmp/tmp_rfxtgc_']
[2026-08-09T02:34:20.468+0000] {standard_task_runner.py:88} INFO - Job 159: Subtask wait_for_ingestion
[2026-08-09T02:34:20.576+0000] {task_command.py:423} INFO - Running <TaskInstance: air_quality_pipeline.wait_for_ingestion scheduled__2026-08-08T08:05:00+00:00 [running]> on host 6a0525c4c718
[2026-08-09T02:34:20.679+0000] {taskinstance.py:2480} INFO - Exporting env vars: AIRFLOW_CTX_DAG_OWNER='***' AIRFLOW_CTX_DAG_ID='air_quality_pipeline' AIRFLOW_CTX_TASK_ID='wait_for_ingestion' AIRFLOW_CTX_EXECUTION_DATE='2026-08-08T08:05:00+00:00' AIRFLOW_CTX_TRY_NUMBER='2' AIRFLOW_CTX_DAG_RUN_ID='scheduled__2026-08-08T08:05:00+00:00'
[2026-08-09T02:34:20.680+0000] {external_task.py:244} INFO - Poking for tasks ['ingest_to_bronze'] in dag air_quality_ingestion on 2026-08-08T08:05:00+00:00 ... 
[2026-08-09T02:34:50.692+0000] {external_task.py:244} INFO - Poking for tasks ['ingest_to_bronze'] in dag air_quality_ingestion on 2026-08-08T08:05:00+00:00 ... 
[2026-08-09T02:35:20.718+0000] {external_task.py:244} INFO - Poking for tasks ['ingest_to_bronze'] in dag air_quality_ingestion on 2026-08-08T08:05:00+00:00 ... 
[2026-08-09T02:35:50.731+0000] {external_task.py:244} INFO - Poking for tasks ['ingest_to_bronze'] in dag air_quality_ingestion on 2026-08-08T08:05:00+00:00 ... 
[2026-08-09T02:36:20.746+0000] {external_task.py:244} INFO - Poking for tasks ['ingest_to_bronze'] in dag air_quality_ingestion on 2026-08-08T08:05:00+00:00 ... 
[2026-08-09T02:36:50.757+0000] {external_task.py:244} INFO - Poking for tasks ['ingest_to_bronze'] in dag air_quality_ingestion on 2026-08-08T08:05:00+00:00 ... 
[2026-08-09T02:37:20.769+0000] {external_task.py:244} INFO - Poking for tasks ['ingest_to_bronze'] in dag air_quality_ingestion on 2026-08-08T08:05:00+00:00 ... 
[2026-08-09T02:37:50.783+0000] {external_task.py:244} INFO - Poking for tasks ['ingest_to_bronze'] in dag air_quality_ingestion on 2026-08-08T08:05:00+00:00 ... 
[2026-08-09T02:38:20.797+0000] {external_task.py:244} INFO - Poking for tasks ['ingest_to_bronze'] in dag air_quality_ingestion on 2026-08-08T08:05:00+00:00 ... 
[2026-08-09T02:38:50.810+0000] {external_task.py:244} INFO - Poking for tasks ['ingest_to_bronze'] in dag air_quality_ingestion on 2026-08-08T08:05:00+00:00 ... 
[2026-08-09T02:39:20.830+0000] {external_task.py:244} INFO - Poking for tasks ['ingest_to_bronze'] in dag air_quality_ingestion on 2026-08-08T08:05:00+00:00 ... 
[2026-08-09T02:39:20.846+0000] {taskinstance.py:2698} ERROR - Task failed with exception
Traceback (most recent call last):
  File "/home/airflow/.local/lib/python3.11/site-packages/airflow/models/taskinstance.py", line 433, in _execute_task
    result = execute_callable(context=context, **execute_callable_kwargs)
             ^^^^^^^^^^^^^^^^^^^^^^^^^^^^^^^^^^^^^^^^^^^^^^^^^^^^^^^^^^^^
  File "/home/airflow/.local/lib/python3.11/site-packages/airflow/sensors/external_task.py", line 334, in execute
    super().execute(context)
  File "/home/airflow/.local/lib/python3.11/site-packages/airflow/sensors/base.py", line 282, in execute
    raise AirflowSensorTimeout(message)
airflow.exceptions.AirflowSensorTimeout: Sensor has timed out; run duration of 300.18373286997667 seconds exceeds the specified timeout of 300.0.
[2026-08-09T02:39:20.860+0000] {taskinstance.py:1138} INFO - Immediate failure requested. Marking task as FAILED. dag_id=air_quality_pipeline, task_id=wait_for_ingestion, execution_date=20260808T080500, start_date=20260809T023420, end_date=20260809T023920
[2026-08-09T02:39:20.878+0000] {standard_task_runner.py:107} ERROR - Failed to execute job 159 for task wait_for_ingestion (Sensor has timed out; run duration of 300.18373286997667 seconds exceeds the specified timeout of 300.0.; 19797)
[2026-08-09T02:39:20.909+0000] {local_task_job_runner.py:234} INFO - Task exited with return code 1
[2026-08-09T02:39:20.955+0000] {taskinstance.py:3280} INFO - 0 downstream tasks scheduled from follow-on schedule check
