[2026-09-04T01:00:01.685+0000] {taskinstance.py:1956} INFO - Dependencies all met for dep_context=non-requeueable deps ti=<TaskInstance: air_quality_ingestion.ingest_to_bronze scheduled__2026-09-04T00:00:00+00:00 [queued]>
[2026-09-04T01:00:01.692+0000] {taskinstance.py:1956} INFO - Dependencies all met for dep_context=requeueable deps ti=<TaskInstance: air_quality_ingestion.ingest_to_bronze scheduled__2026-09-04T00:00:00+00:00 [queued]>
[2026-09-04T01:00:01.693+0000] {taskinstance.py:2170} INFO - Starting attempt 1 of 4
[2026-09-04T01:00:01.718+0000] {taskinstance.py:2191} INFO - Executing <Task(PythonOperator): ingest_to_bronze> on 2026-09-04 00:00:00+00:00
[2026-09-04T01:00:01.723+0000] {standard_task_runner.py:60} INFO - Started process 53793 to run task
[2026-09-04T01:00:01.727+0000] {standard_task_runner.py:87} INFO - Running: ['***', 'tasks', 'run', 'air_quality_ingestion', 'ingest_to_bronze', 'scheduled__2026-09-04T00:00:00+00:00', '--job-id', '597', '--raw', '--subdir', 'DAGS_FOLDER/ingestion_dag.py', '--cfg-path', '/tmp/tmp8fml5h1t']
[2026-09-04T01:00:01.730+0000] {standard_task_runner.py:88} INFO - Job 597: Subtask ingest_to_bronze
[2026-09-04T01:00:01.798+0000] {task_command.py:423} INFO - Running <TaskInstance: air_quality_ingestion.ingest_to_bronze scheduled__2026-09-04T00:00:00+00:00 [running]> on host 6a0525c4c718
[2026-09-04T01:00:01.886+0000] {taskinstance.py:2480} INFO - Exporting env vars: AIRFLOW_CTX_DAG_OWNER='***' AIRFLOW_CTX_DAG_ID='air_quality_ingestion' AIRFLOW_CTX_TASK_ID='ingest_to_bronze' AIRFLOW_CTX_EXECUTION_DATE='2026-09-04T00:00:00+00:00' AIRFLOW_CTX_TRY_NUMBER='1' AIRFLOW_CTX_DAG_RUN_ID='scheduled__2026-09-04T00:00:00+00:00'
[2026-09-04T01:00:01.979+0000] {logging_mixin.py:188} INFO - Created bucket: bronze-air-quality
[2026-09-04T01:00:01.986+0000] {logging_mixin.py:188} INFO - Created bucket: silver-air-quality
[2026-09-04T01:00:01.992+0000] {logging_mixin.py:188} INFO - Created bucket: gold-air-quality
[2026-09-04T01:00:02.826+0000] {logging_mixin.py:188} INFO - ✓ new york: AQI=26
[2026-09-04T01:00:03.652+0000] {logging_mixin.py:188} INFO - ✓ london: AQI=25
[2026-09-04T01:00:04.373+0000] {logging_mixin.py:188} INFO - ✓ beijing: AQI=50
[2026-09-04T01:00:05.298+0000] {logging_mixin.py:188} INFO - ✓ delhi: AQI=23
[2026-09-04T01:00:06.063+0000] {logging_mixin.py:188} INFO - ✓ sydney: AQI=48
[2026-09-04T01:00:06.088+0000] {logging_mixin.py:188} INFO - Saved → s3://bronze-air-quality/year=2026/month=09/day=04/city=new_york/010002.json
[2026-09-04T01:00:06.118+0000] {logging_mixin.py:188} INFO - Saved → s3://bronze-air-quality/year=2026/month=09/day=04/city=london/010002.json
[2026-09-04T01:00:06.128+0000] {logging_mixin.py:188} INFO - Saved → s3://bronze-air-quality/year=2026/month=09/day=04/city=beijing/010002.json
[2026-09-04T01:00:06.136+0000] {logging_mixin.py:188} INFO - Saved → s3://bronze-air-quality/year=2026/month=09/day=04/city=delhi/010002.json
[2026-09-04T01:00:06.145+0000] {logging_mixin.py:188} INFO - Saved → s3://bronze-air-quality/year=2026/month=09/day=04/city=sydney/010002.json
[2026-09-04T01:00:06.146+0000] {logging_mixin.py:188} INFO - 
Total records ingested: 5
[2026-09-04T01:00:06.146+0000] {python.py:201} INFO - Done. Returned value was: None
[2026-09-04T01:00:06.157+0000] {taskinstance.py:1138} INFO - Marking task as SUCCESS. dag_id=air_quality_ingestion, task_id=ingest_to_bronze, execution_date=20260904T000000, start_date=20260904T010001, end_date=20260904T010006
[2026-09-04T01:00:06.177+0000] {local_task_job_runner.py:234} INFO - Task exited with return code 0
[2026-09-04T01:00:06.193+0000] {taskinstance.py:3280} INFO - 0 downstream tasks scheduled from follow-on schedule check
