[2026-09-04T15:05:01.209+0000] {taskinstance.py:1956} INFO - Dependencies all met for dep_context=non-requeueable deps ti=<TaskInstance: air_quality_pipeline.wait_for_ingestion scheduled__2026-09-04T14:05:00+00:00 [queued]>
[2026-09-04T15:05:01.217+0000] {taskinstance.py:1956} INFO - Dependencies all met for dep_context=requeueable deps ti=<TaskInstance: air_quality_pipeline.wait_for_ingestion scheduled__2026-09-04T14:05:00+00:00 [queued]>
[2026-09-04T15:05:01.218+0000] {taskinstance.py:2170} INFO - Starting attempt 1 of 3
[2026-09-04T15:05:01.232+0000] {taskinstance.py:2191} INFO - Executing <Task(ExternalTaskSensor): wait_for_ingestion> on 2026-09-04 14:05:00+00:00
[2026-09-04T15:05:01.236+0000] {standard_task_runner.py:60} INFO - Started process 56441 to run task
[2026-09-04T15:05:01.240+0000] {standard_task_runner.py:87} INFO - Running: ['***', 'tasks', 'run', 'air_quality_pipeline', 'wait_for_ingestion', 'scheduled__2026-09-04T14:05:00+00:00', '--job-id', '609', '--raw', '--subdir', 'DAGS_FOLDER/spark_pipeline_dag.py', '--cfg-path', '/tmp/tmp6vbz34zy']
[2026-09-04T15:05:01.243+0000] {standard_task_runner.py:88} INFO - Job 609: Subtask wait_for_ingestion
[2026-09-04T15:05:01.335+0000] {task_command.py:423} INFO - Running <TaskInstance: air_quality_pipeline.wait_for_ingestion scheduled__2026-09-04T14:05:00+00:00 [running]> on host 6a0525c4c718
[2026-09-04T15:05:01.409+0000] {taskinstance.py:2480} INFO - Exporting env vars: AIRFLOW_CTX_DAG_OWNER='***' AIRFLOW_CTX_DAG_ID='air_quality_pipeline' AIRFLOW_CTX_TASK_ID='wait_for_ingestion' AIRFLOW_CTX_EXECUTION_DATE='2026-09-04T14:05:00+00:00' AIRFLOW_CTX_TRY_NUMBER='1' AIRFLOW_CTX_DAG_RUN_ID='scheduled__2026-09-04T14:05:00+00:00'
[2026-09-04T15:05:01.411+0000] {external_task.py:244} INFO - Poking for tasks ['ingest_to_bronze'] in dag air_quality_ingestion on 2026-09-04T14:05:00+00:00 ... 
[2026-09-04T15:05:31.422+0000] {external_task.py:244} INFO - Poking for tasks ['ingest_to_bronze'] in dag air_quality_ingestion on 2026-09-04T14:05:00+00:00 ... 
[2026-09-04T15:06:01.433+0000] {external_task.py:244} INFO - Poking for tasks ['ingest_to_bronze'] in dag air_quality_ingestion on 2026-09-04T14:05:00+00:00 ... 
[2026-09-04T15:06:31.447+0000] {external_task.py:244} INFO - Poking for tasks ['ingest_to_bronze'] in dag air_quality_ingestion on 2026-09-04T14:05:00+00:00 ... 
[2026-09-04T15:07:01.458+0000] {external_task.py:244} INFO - Poking for tasks ['ingest_to_bronze'] in dag air_quality_ingestion on 2026-09-04T14:05:00+00:00 ... 
[2026-09-04T15:07:31.468+0000] {external_task.py:244} INFO - Poking for tasks ['ingest_to_bronze'] in dag air_quality_ingestion on 2026-09-04T14:05:00+00:00 ... 
[2026-09-04T15:08:01.479+0000] {external_task.py:244} INFO - Poking for tasks ['ingest_to_bronze'] in dag air_quality_ingestion on 2026-09-04T14:05:00+00:00 ... 
[2026-09-04T15:08:31.495+0000] {external_task.py:244} INFO - Poking for tasks ['ingest_to_bronze'] in dag air_quality_ingestion on 2026-09-04T14:05:00+00:00 ... 
[2026-09-04T15:09:01.509+0000] {external_task.py:244} INFO - Poking for tasks ['ingest_to_bronze'] in dag air_quality_ingestion on 2026-09-04T14:05:00+00:00 ... 
[2026-09-04T15:09:31.516+0000] {external_task.py:244} INFO - Poking for tasks ['ingest_to_bronze'] in dag air_quality_ingestion on 2026-09-04T14:05:00+00:00 ... 
[2026-09-04T15:10:01.526+0000] {external_task.py:244} INFO - Poking for tasks ['ingest_to_bronze'] in dag air_quality_ingestion on 2026-09-04T14:05:00+00:00 ... 
[2026-09-04T15:10:01.544+0000] {taskinstance.py:2698} ERROR - Task failed with exception
Traceback (most recent call last):
  File "/home/airflow/.local/lib/python3.11/site-packages/airflow/models/taskinstance.py", line 433, in _execute_task
    result = execute_callable(context=context, **execute_callable_kwargs)
             ^^^^^^^^^^^^^^^^^^^^^^^^^^^^^^^^^^^^^^^^^^^^^^^^^^^^^^^^^^^^
  File "/home/airflow/.local/lib/python3.11/site-packages/airflow/sensors/external_task.py", line 334, in execute
    super().execute(context)
  File "/home/airflow/.local/lib/python3.11/site-packages/airflow/sensors/base.py", line 282, in execute
    raise AirflowSensorTimeout(message)
airflow.exceptions.AirflowSensorTimeout: Sensor has timed out; run duration of 300.15227928501554 seconds exceeds the specified timeout of 300.0.
[2026-09-04T15:10:01.555+0000] {taskinstance.py:1138} INFO - Immediate failure requested. Marking task as FAILED. dag_id=air_quality_pipeline, task_id=wait_for_ingestion, execution_date=20260904T140500, start_date=20260904T150501, end_date=20260904T151001
[2026-09-04T15:10:01.572+0000] {standard_task_runner.py:107} ERROR - Failed to execute job 609 for task wait_for_ingestion (Sensor has timed out; run duration of 300.15227928501554 seconds exceeds the specified timeout of 300.0.; 56441)
[2026-09-04T15:10:01.617+0000] {local_task_job_runner.py:234} INFO - Task exited with return code 1
[2026-09-04T15:10:01.649+0000] {taskinstance.py:3280} INFO - 0 downstream tasks scheduled from follow-on schedule check
