[2026-08-13T04:08:06.937+0000] {taskinstance.py:1956} INFO - Dependencies all met for dep_context=non-requeueable deps ti=<TaskInstance: air_quality_pipeline.wait_for_ingestion scheduled__2026-08-13T00:05:00+00:00 [queued]>
[2026-08-13T04:08:06.996+0000] {taskinstance.py:1956} INFO - Dependencies all met for dep_context=requeueable deps ti=<TaskInstance: air_quality_pipeline.wait_for_ingestion scheduled__2026-08-13T00:05:00+00:00 [queued]>
[2026-08-13T04:08:07.017+0000] {taskinstance.py:2170} INFO - Starting attempt 1 of 3
[2026-08-13T04:08:07.400+0000] {taskinstance.py:2191} INFO - Executing <Task(ExternalTaskSensor): wait_for_ingestion> on 2026-08-13 00:05:00+00:00
[2026-08-13T04:08:07.585+0000] {standard_task_runner.py:60} INFO - Started process 43635 to run task
[2026-08-13T04:08:07.668+0000] {standard_task_runner.py:87} INFO - Running: ['***', 'tasks', 'run', 'air_quality_pipeline', 'wait_for_ingestion', 'scheduled__2026-08-13T00:05:00+00:00', '--job-id', '269', '--raw', '--subdir', 'DAGS_FOLDER/spark_pipeline_dag.py', '--cfg-path', '/tmp/tmphe0u86v_']
[2026-08-13T04:08:07.849+0000] {standard_task_runner.py:88} INFO - Job 269: Subtask wait_for_ingestion
[2026-08-13T04:08:09.065+0000] {task_command.py:423} INFO - Running <TaskInstance: air_quality_pipeline.wait_for_ingestion scheduled__2026-08-13T00:05:00+00:00 [running]> on host 6a0525c4c718
[2026-08-13T04:08:10.519+0000] {taskinstance.py:2480} INFO - Exporting env vars: AIRFLOW_CTX_DAG_OWNER='***' AIRFLOW_CTX_DAG_ID='air_quality_pipeline' AIRFLOW_CTX_TASK_ID='wait_for_ingestion' AIRFLOW_CTX_EXECUTION_DATE='2026-08-13T00:05:00+00:00' AIRFLOW_CTX_TRY_NUMBER='1' AIRFLOW_CTX_DAG_RUN_ID='scheduled__2026-08-13T00:05:00+00:00'
[2026-08-13T04:08:10.546+0000] {external_task.py:244} INFO - Poking for tasks ['ingest_to_bronze'] in dag air_quality_ingestion on 2026-08-13T00:05:00+00:00 ... 
[2026-08-13T04:08:40.620+0000] {external_task.py:244} INFO - Poking for tasks ['ingest_to_bronze'] in dag air_quality_ingestion on 2026-08-13T00:05:00+00:00 ... 
[2026-08-13T04:09:10.658+0000] {external_task.py:244} INFO - Poking for tasks ['ingest_to_bronze'] in dag air_quality_ingestion on 2026-08-13T00:05:00+00:00 ... 
[2026-08-13T04:09:40.684+0000] {external_task.py:244} INFO - Poking for tasks ['ingest_to_bronze'] in dag air_quality_ingestion on 2026-08-13T00:05:00+00:00 ... 
[2026-08-13T04:10:10.700+0000] {external_task.py:244} INFO - Poking for tasks ['ingest_to_bronze'] in dag air_quality_ingestion on 2026-08-13T00:05:00+00:00 ... 
[2026-08-13T04:10:40.703+0000] {external_task.py:244} INFO - Poking for tasks ['ingest_to_bronze'] in dag air_quality_ingestion on 2026-08-13T00:05:00+00:00 ... 
[2026-08-13T04:11:10.711+0000] {external_task.py:244} INFO - Poking for tasks ['ingest_to_bronze'] in dag air_quality_ingestion on 2026-08-13T00:05:00+00:00 ... 
[2026-08-13T04:11:40.723+0000] {external_task.py:244} INFO - Poking for tasks ['ingest_to_bronze'] in dag air_quality_ingestion on 2026-08-13T00:05:00+00:00 ... 
[2026-08-13T04:12:10.735+0000] {external_task.py:244} INFO - Poking for tasks ['ingest_to_bronze'] in dag air_quality_ingestion on 2026-08-13T00:05:00+00:00 ... 
[2026-08-13T04:12:40.743+0000] {external_task.py:244} INFO - Poking for tasks ['ingest_to_bronze'] in dag air_quality_ingestion on 2026-08-13T00:05:00+00:00 ... 
[2026-08-13T04:13:10.752+0000] {external_task.py:244} INFO - Poking for tasks ['ingest_to_bronze'] in dag air_quality_ingestion on 2026-08-13T00:05:00+00:00 ... 
[2026-08-13T04:13:10.762+0000] {taskinstance.py:2698} ERROR - Task failed with exception
Traceback (most recent call last):
  File "/home/airflow/.local/lib/python3.11/site-packages/airflow/models/taskinstance.py", line 433, in _execute_task
    result = execute_callable(context=context, **execute_callable_kwargs)
             ^^^^^^^^^^^^^^^^^^^^^^^^^^^^^^^^^^^^^^^^^^^^^^^^^^^^^^^^^^^^
  File "/home/airflow/.local/lib/python3.11/site-packages/airflow/sensors/external_task.py", line 334, in execute
    super().execute(context)
  File "/home/airflow/.local/lib/python3.11/site-packages/airflow/sensors/base.py", line 282, in execute
    raise AirflowSensorTimeout(message)
airflow.exceptions.AirflowSensorTimeout: Sensor has timed out; run duration of 300.24524088800536 seconds exceeds the specified timeout of 300.0.
[2026-08-13T04:13:10.780+0000] {taskinstance.py:1138} INFO - Immediate failure requested. Marking task as FAILED. dag_id=air_quality_pipeline, task_id=wait_for_ingestion, execution_date=20260813T000500, start_date=20260813T040806, end_date=20260813T041310
[2026-08-13T04:13:10.818+0000] {standard_task_runner.py:107} ERROR - Failed to execute job 269 for task wait_for_ingestion (Sensor has timed out; run duration of 300.24524088800536 seconds exceeds the specified timeout of 300.0.; 43635)
[2026-08-13T04:13:10.844+0000] {local_task_job_runner.py:234} INFO - Task exited with return code 1
[2026-08-13T04:13:10.883+0000] {taskinstance.py:3280} INFO - 0 downstream tasks scheduled from follow-on schedule check
