[2026-08-13T18:14:23.437+0000] {taskinstance.py:1956} INFO - Dependencies all met for dep_context=non-requeueable deps ti=<TaskInstance: air_quality_ingestion.ingest_to_bronze scheduled__2026-08-13T17:00:00+00:00 [queued]>
[2026-08-13T18:14:23.457+0000] {taskinstance.py:1956} INFO - Dependencies all met for dep_context=requeueable deps ti=<TaskInstance: air_quality_ingestion.ingest_to_bronze scheduled__2026-08-13T17:00:00+00:00 [queued]>
[2026-08-13T18:14:23.461+0000] {taskinstance.py:2170} INFO - Starting attempt 1 of 4
[2026-08-13T18:14:23.488+0000] {taskinstance.py:2191} INFO - Executing <Task(PythonOperator): ingest_to_bronze> on 2026-08-13 17:00:00+00:00
[2026-08-13T18:14:23.503+0000] {standard_task_runner.py:60} INFO - Started process 46186 to run task
[2026-08-13T18:14:23.507+0000] {standard_task_runner.py:87} INFO - Running: ['***', 'tasks', 'run', 'air_quality_ingestion', 'ingest_to_bronze', 'scheduled__2026-08-13T17:00:00+00:00', '--job-id', '282', '--raw', '--subdir', 'DAGS_FOLDER/ingestion_dag.py', '--cfg-path', '/tmp/tmpb8i3liv0']
[2026-08-13T18:14:23.511+0000] {standard_task_runner.py:88} INFO - Job 282: Subtask ingest_to_bronze
[2026-08-13T18:14:23.601+0000] {task_command.py:423} INFO - Running <TaskInstance: air_quality_ingestion.ingest_to_bronze scheduled__2026-08-13T17:00:00+00:00 [running]> on host 6a0525c4c718
[2026-08-13T18:14:23.727+0000] {taskinstance.py:2480} INFO - Exporting env vars: AIRFLOW_CTX_DAG_OWNER='***' AIRFLOW_CTX_DAG_ID='air_quality_ingestion' AIRFLOW_CTX_TASK_ID='ingest_to_bronze' AIRFLOW_CTX_EXECUTION_DATE='2026-08-13T17:00:00+00:00' AIRFLOW_CTX_TRY_NUMBER='1' AIRFLOW_CTX_DAG_RUN_ID='scheduled__2026-08-13T17:00:00+00:00'
[2026-08-13T18:14:24.360+0000] {logging_mixin.py:188} INFO - Created bucket: bronze-air-quality
[2026-08-13T18:14:24.383+0000] {logging_mixin.py:188} INFO - Created bucket: silver-air-quality
[2026-08-13T18:14:24.396+0000] {logging_mixin.py:188} INFO - Created bucket: gold-air-quality
[2026-08-13T18:14:25.307+0000] {logging_mixin.py:188} INFO - ✓ new york: AQI=59
[2026-08-13T18:14:26.085+0000] {logging_mixin.py:188} INFO - ✓ london: AQI=57
[2026-08-13T18:14:26.877+0000] {logging_mixin.py:188} INFO - ✓ beijing: AQI=38
[2026-08-13T18:14:27.637+0000] {logging_mixin.py:188} INFO - ✓ delhi: AQI=107
[2026-08-13T18:14:28.413+0000] {logging_mixin.py:188} INFO - ✓ sydney: AQI=15
[2026-08-13T18:14:28.453+0000] {logging_mixin.py:188} INFO - Saved → s3://bronze-air-quality/year=2026/month=08/day=13/city=new_york/181424.json
[2026-08-13T18:14:28.464+0000] {logging_mixin.py:188} INFO - Saved → s3://bronze-air-quality/year=2026/month=08/day=13/city=london/181424.json
[2026-08-13T18:14:28.474+0000] {logging_mixin.py:188} INFO - Saved → s3://bronze-air-quality/year=2026/month=08/day=13/city=beijing/181424.json
[2026-08-13T18:14:28.482+0000] {logging_mixin.py:188} INFO - Saved → s3://bronze-air-quality/year=2026/month=08/day=13/city=delhi/181424.json
[2026-08-13T18:14:28.492+0000] {logging_mixin.py:188} INFO - Saved → s3://bronze-air-quality/year=2026/month=08/day=13/city=sydney/181424.json
[2026-08-13T18:14:28.493+0000] {logging_mixin.py:188} INFO - 
Total records ingested: 5
[2026-08-13T18:14:28.494+0000] {python.py:201} INFO - Done. Returned value was: None
[2026-08-13T18:14:28.504+0000] {taskinstance.py:1138} INFO - Marking task as SUCCESS. dag_id=air_quality_ingestion, task_id=ingest_to_bronze, execution_date=20260813T170000, start_date=20260813T181423, end_date=20260813T181428
[2026-08-13T18:14:28.543+0000] {local_task_job_runner.py:234} INFO - Task exited with return code 0
[2026-08-13T18:14:28.560+0000] {taskinstance.py:3280} INFO - 0 downstream tasks scheduled from follow-on schedule check
