[2026-09-01T18:48:18.746+0000] {taskinstance.py:1956} INFO - Dependencies all met for dep_context=non-requeueable deps ti=<TaskInstance: air_quality_ingestion.ingest_to_bronze scheduled__2026-09-01T17:00:00+00:00 [queued]>
[2026-09-01T18:48:18.783+0000] {taskinstance.py:1956} INFO - Dependencies all met for dep_context=requeueable deps ti=<TaskInstance: air_quality_ingestion.ingest_to_bronze scheduled__2026-09-01T17:00:00+00:00 [queued]>
[2026-09-01T18:48:18.788+0000] {taskinstance.py:2170} INFO - Starting attempt 1 of 4
[2026-09-01T18:48:18.849+0000] {taskinstance.py:2191} INFO - Executing <Task(PythonOperator): ingest_to_bronze> on 2026-09-01 17:00:00+00:00
[2026-09-01T18:48:18.861+0000] {standard_task_runner.py:60} INFO - Started process 34418 to run task
[2026-09-01T18:48:18.886+0000] {standard_task_runner.py:87} INFO - Running: ['***', 'tasks', 'run', 'air_quality_ingestion', 'ingest_to_bronze', 'scheduled__2026-09-01T17:00:00+00:00', '--job-id', '525', '--raw', '--subdir', 'DAGS_FOLDER/ingestion_dag.py', '--cfg-path', '/tmp/tmpwm44mqky']
[2026-09-01T18:48:18.904+0000] {standard_task_runner.py:88} INFO - Job 525: Subtask ingest_to_bronze
[2026-09-01T18:48:19.119+0000] {task_command.py:423} INFO - Running <TaskInstance: air_quality_ingestion.ingest_to_bronze scheduled__2026-09-01T17:00:00+00:00 [running]> on host 6a0525c4c718
[2026-09-01T18:48:19.466+0000] {taskinstance.py:2480} INFO - Exporting env vars: AIRFLOW_CTX_DAG_OWNER='***' AIRFLOW_CTX_DAG_ID='air_quality_ingestion' AIRFLOW_CTX_TASK_ID='ingest_to_bronze' AIRFLOW_CTX_EXECUTION_DATE='2026-09-01T17:00:00+00:00' AIRFLOW_CTX_TRY_NUMBER='1' AIRFLOW_CTX_DAG_RUN_ID='scheduled__2026-09-01T17:00:00+00:00'
[2026-09-01T18:48:19.839+0000] {logging_mixin.py:188} INFO - Created bucket: bronze-air-quality
[2026-09-01T18:48:19.854+0000] {logging_mixin.py:188} INFO - Created bucket: silver-air-quality
[2026-09-01T18:48:19.870+0000] {logging_mixin.py:188} INFO - Created bucket: gold-air-quality
[2026-09-01T18:48:19.981+0000] {logging_mixin.py:188} INFO - ✗ new york: HTTPSConnectionPool(host='api.waqi.info', port=443): Max retries exceeded with url: /feed/new%20york/?token=2cc5f2fc84f739a6377a29001c83fd1911c54797 (Caused by NewConnectionError('<urllib3.connection.HTTPSConnection object at 0x70c3bd32bbd0>: Failed to establish a new connection: [Errno 111] Connection refused'))
[2026-09-01T18:48:20.003+0000] {logging_mixin.py:188} INFO - ✗ london: HTTPSConnectionPool(host='api.waqi.info', port=443): Max retries exceeded with url: /feed/london/?token=2cc5f2fc84f739a6377a29001c83fd1911c54797 (Caused by NewConnectionError('<urllib3.connection.HTTPSConnection object at 0x70c3bd332090>: Failed to establish a new connection: [Errno 111] Connection refused'))
[2026-09-01T18:48:20.022+0000] {logging_mixin.py:188} INFO - ✗ beijing: HTTPSConnectionPool(host='api.waqi.info', port=443): Max retries exceeded with url: /feed/beijing/?token=2cc5f2fc84f739a6377a29001c83fd1911c54797 (Caused by NewConnectionError('<urllib3.connection.HTTPSConnection object at 0x70c3bd338510>: Failed to establish a new connection: [Errno 111] Connection refused'))
[2026-09-01T18:48:20.037+0000] {logging_mixin.py:188} INFO - ✗ delhi: HTTPSConnectionPool(host='api.waqi.info', port=443): Max retries exceeded with url: /feed/delhi/?token=2cc5f2fc84f739a6377a29001c83fd1911c54797 (Caused by NewConnectionError('<urllib3.connection.HTTPSConnection object at 0x70c3bddd0c10>: Failed to establish a new connection: [Errno 111] Connection refused'))
[2026-09-01T18:48:20.054+0000] {logging_mixin.py:188} INFO - ✗ sydney: HTTPSConnectionPool(host='api.waqi.info', port=443): Max retries exceeded with url: /feed/sydney/?token=2cc5f2fc84f739a6377a29001c83fd1911c54797 (Caused by NewConnectionError('<urllib3.connection.HTTPSConnection object at 0x70c3bd339650>: Failed to establish a new connection: [Errno 111] Connection refused'))
[2026-09-01T18:48:20.055+0000] {logging_mixin.py:188} INFO - 
Total records ingested: 0
[2026-09-01T18:48:20.056+0000] {python.py:201} INFO - Done. Returned value was: None
[2026-09-01T18:48:20.081+0000] {taskinstance.py:1138} INFO - Marking task as SUCCESS. dag_id=air_quality_ingestion, task_id=ingest_to_bronze, execution_date=20260901T170000, start_date=20260901T184818, end_date=20260901T184820
[2026-09-01T18:48:20.151+0000] {local_task_job_runner.py:234} INFO - Task exited with return code 0
[2026-09-01T18:48:20.195+0000] {taskinstance.py:3280} INFO - 0 downstream tasks scheduled from follow-on schedule check
