[2026-08-17T02:22:38.497+0000] {taskinstance.py:1956} INFO - Dependencies all met for dep_context=non-requeueable deps ti=<TaskInstance: air_quality_ingestion.ingest_to_bronze scheduled__2026-08-17T01:00:00+00:00 [queued]>
[2026-08-17T02:22:38.541+0000] {taskinstance.py:1956} INFO - Dependencies all met for dep_context=requeueable deps ti=<TaskInstance: air_quality_ingestion.ingest_to_bronze scheduled__2026-08-17T01:00:00+00:00 [queued]>
[2026-08-17T02:22:38.545+0000] {taskinstance.py:2170} INFO - Starting attempt 1 of 4
[2026-08-17T02:22:38.624+0000] {taskinstance.py:2191} INFO - Executing <Task(PythonOperator): ingest_to_bronze> on 2026-08-17 01:00:00+00:00
[2026-08-17T02:22:38.707+0000] {standard_task_runner.py:60} INFO - Started process 58983 to run task
[2026-08-17T02:22:38.722+0000] {standard_task_runner.py:87} INFO - Running: ['***', 'tasks', 'run', 'air_quality_ingestion', 'ingest_to_bronze', 'scheduled__2026-08-17T01:00:00+00:00', '--job-id', '350', '--raw', '--subdir', 'DAGS_FOLDER/ingestion_dag.py', '--cfg-path', '/tmp/tmp99ol2isy']
[2026-08-17T02:22:38.743+0000] {standard_task_runner.py:88} INFO - Job 350: Subtask ingest_to_bronze
[2026-08-17T02:22:39.084+0000] {task_command.py:423} INFO - Running <TaskInstance: air_quality_ingestion.ingest_to_bronze scheduled__2026-08-17T01:00:00+00:00 [running]> on host 6a0525c4c718
[2026-08-17T02:22:39.481+0000] {taskinstance.py:2480} INFO - Exporting env vars: AIRFLOW_CTX_DAG_OWNER='***' AIRFLOW_CTX_DAG_ID='air_quality_ingestion' AIRFLOW_CTX_TASK_ID='ingest_to_bronze' AIRFLOW_CTX_EXECUTION_DATE='2026-08-17T01:00:00+00:00' AIRFLOW_CTX_TRY_NUMBER='1' AIRFLOW_CTX_DAG_RUN_ID='scheduled__2026-08-17T01:00:00+00:00'
[2026-08-17T02:22:40.142+0000] {logging_mixin.py:188} INFO - Created bucket: bronze-air-quality
[2026-08-17T02:22:40.165+0000] {logging_mixin.py:188} INFO - Created bucket: silver-air-quality
[2026-08-17T02:22:40.190+0000] {logging_mixin.py:188} INFO - Created bucket: gold-air-quality
[2026-08-17T02:22:41.674+0000] {logging_mixin.py:188} INFO - ✓ new york: AQI=29
[2026-08-17T02:22:42.933+0000] {logging_mixin.py:188} INFO - ✓ london: AQI=50
[2026-08-17T02:22:44.398+0000] {logging_mixin.py:188} INFO - ✓ beijing: AQI=25
[2026-08-17T02:22:45.492+0000] {logging_mixin.py:188} INFO - ✓ delhi: AQI=57
[2026-08-17T02:22:46.492+0000] {logging_mixin.py:188} INFO - ✓ sydney: AQI=19
[2026-08-17T02:22:46.537+0000] {logging_mixin.py:188} INFO - Saved → s3://bronze-air-quality/year=2026/month=08/day=17/city=new_york/022240.json
[2026-08-17T02:22:46.591+0000] {logging_mixin.py:188} INFO - Saved → s3://bronze-air-quality/year=2026/month=08/day=17/city=london/022240.json
[2026-08-17T02:22:46.619+0000] {logging_mixin.py:188} INFO - Saved → s3://bronze-air-quality/year=2026/month=08/day=17/city=beijing/022240.json
[2026-08-17T02:22:46.640+0000] {logging_mixin.py:188} INFO - Saved → s3://bronze-air-quality/year=2026/month=08/day=17/city=delhi/022240.json
[2026-08-17T02:22:46.665+0000] {logging_mixin.py:188} INFO - Saved → s3://bronze-air-quality/year=2026/month=08/day=17/city=sydney/022240.json
[2026-08-17T02:22:46.670+0000] {logging_mixin.py:188} INFO - 
Total records ingested: 5
[2026-08-17T02:22:46.672+0000] {python.py:201} INFO - Done. Returned value was: None
[2026-08-17T02:22:46.707+0000] {taskinstance.py:1138} INFO - Marking task as SUCCESS. dag_id=air_quality_ingestion, task_id=ingest_to_bronze, execution_date=20260817T010000, start_date=20260817T022238, end_date=20260817T022246
[2026-08-17T02:22:46.793+0000] {local_task_job_runner.py:234} INFO - Task exited with return code 0
[2026-08-17T02:22:46.898+0000] {taskinstance.py:3280} INFO - 0 downstream tasks scheduled from follow-on schedule check
