[2026-09-09T04:00:01.396+0000] {taskinstance.py:1956} INFO - Dependencies all met for dep_context=non-requeueable deps ti=<TaskInstance: air_quality_ingestion.ingest_to_bronze scheduled__2026-09-09T03:00:00+00:00 [queued]>
[2026-09-09T04:00:01.403+0000] {taskinstance.py:1956} INFO - Dependencies all met for dep_context=requeueable deps ti=<TaskInstance: air_quality_ingestion.ingest_to_bronze scheduled__2026-09-09T03:00:00+00:00 [queued]>
[2026-09-09T04:00:01.403+0000] {taskinstance.py:2170} INFO - Starting attempt 1 of 4
[2026-09-09T04:00:01.418+0000] {taskinstance.py:2191} INFO - Executing <Task(PythonOperator): ingest_to_bronze> on 2026-09-09 03:00:00+00:00
[2026-09-09T04:00:01.425+0000] {standard_task_runner.py:60} INFO - Started process 3151 to run task
[2026-09-09T04:00:01.429+0000] {standard_task_runner.py:87} INFO - Running: ['***', 'tasks', 'run', 'air_quality_ingestion', 'ingest_to_bronze', 'scheduled__2026-09-09T03:00:00+00:00', '--job-id', '735', '--raw', '--subdir', 'DAGS_FOLDER/ingestion_dag.py', '--cfg-path', '/tmp/tmpc_1sst89']
[2026-09-09T04:00:01.431+0000] {standard_task_runner.py:88} INFO - Job 735: Subtask ingest_to_bronze
[2026-09-09T04:00:01.488+0000] {task_command.py:423} INFO - Running <TaskInstance: air_quality_ingestion.ingest_to_bronze scheduled__2026-09-09T03:00:00+00:00 [running]> on host 6a0525c4c718
[2026-09-09T04:00:01.557+0000] {taskinstance.py:2480} INFO - Exporting env vars: AIRFLOW_CTX_DAG_OWNER='***' AIRFLOW_CTX_DAG_ID='air_quality_ingestion' AIRFLOW_CTX_TASK_ID='ingest_to_bronze' AIRFLOW_CTX_EXECUTION_DATE='2026-09-09T03:00:00+00:00' AIRFLOW_CTX_TRY_NUMBER='1' AIRFLOW_CTX_DAG_RUN_ID='scheduled__2026-09-09T03:00:00+00:00'
[2026-09-09T04:00:01.642+0000] {logging_mixin.py:188} INFO - Created bucket: bronze-air-quality
[2026-09-09T04:00:01.647+0000] {logging_mixin.py:188} INFO - Created bucket: silver-air-quality
[2026-09-09T04:00:01.652+0000] {logging_mixin.py:188} INFO - Created bucket: gold-air-quality
[2026-09-09T04:00:02.472+0000] {logging_mixin.py:188} INFO - ✓ new york: AQI=35
[2026-09-09T04:00:03.225+0000] {logging_mixin.py:188} INFO - ✓ london: AQI=30
[2026-09-09T04:00:04.065+0000] {logging_mixin.py:188} INFO - ✓ beijing: AQI=24
[2026-09-09T04:00:04.931+0000] {logging_mixin.py:188} INFO - ✓ delhi: AQI=70
[2026-09-09T04:00:05.821+0000] {logging_mixin.py:188} INFO - ✓ sydney: AQI=18
[2026-09-09T04:00:05.833+0000] {logging_mixin.py:188} INFO - Saved → s3://bronze-air-quality/year=2026/month=09/day=09/city=new_york/040001.json
[2026-09-09T04:00:05.842+0000] {logging_mixin.py:188} INFO - Saved → s3://bronze-air-quality/year=2026/month=09/day=09/city=london/040001.json
[2026-09-09T04:00:05.872+0000] {logging_mixin.py:188} INFO - Saved → s3://bronze-air-quality/year=2026/month=09/day=09/city=beijing/040001.json
[2026-09-09T04:00:05.881+0000] {logging_mixin.py:188} INFO - Saved → s3://bronze-air-quality/year=2026/month=09/day=09/city=delhi/040001.json
[2026-09-09T04:00:05.889+0000] {logging_mixin.py:188} INFO - Saved → s3://bronze-air-quality/year=2026/month=09/day=09/city=sydney/040001.json
[2026-09-09T04:00:05.889+0000] {logging_mixin.py:188} INFO - 
Total records ingested: 5
[2026-09-09T04:00:05.890+0000] {python.py:201} INFO - Done. Returned value was: None
[2026-09-09T04:00:05.899+0000] {taskinstance.py:1138} INFO - Marking task as SUCCESS. dag_id=air_quality_ingestion, task_id=ingest_to_bronze, execution_date=20260909T030000, start_date=20260909T040001, end_date=20260909T040005
[2026-09-09T04:00:05.946+0000] {local_task_job_runner.py:234} INFO - Task exited with return code 0
[2026-09-09T04:00:05.958+0000] {taskinstance.py:3280} INFO - 0 downstream tasks scheduled from follow-on schedule check
