[2026-08-07T00:00:01.210+0000] {taskinstance.py:1956} INFO - Dependencies all met for dep_context=non-requeueable deps ti=<TaskInstance: air_quality_ingestion.ingest_to_bronze scheduled__2026-08-06T23:00:00+00:00 [queued]>
[2026-08-07T00:00:01.222+0000] {taskinstance.py:1956} INFO - Dependencies all met for dep_context=requeueable deps ti=<TaskInstance: air_quality_ingestion.ingest_to_bronze scheduled__2026-08-06T23:00:00+00:00 [queued]>
[2026-08-07T00:00:01.222+0000] {taskinstance.py:2170} INFO - Starting attempt 1 of 4
[2026-08-07T00:00:01.243+0000] {taskinstance.py:2191} INFO - Executing <Task(PythonOperator): ingest_to_bronze> on 2026-08-06 23:00:00+00:00
[2026-08-07T00:00:01.251+0000] {standard_task_runner.py:60} INFO - Started process 5970 to run task
[2026-08-07T00:00:01.256+0000] {standard_task_runner.py:87} INFO - Running: ['***', 'tasks', 'run', 'air_quality_ingestion', 'ingest_to_bronze', 'scheduled__2026-08-06T23:00:00+00:00', '--job-id', '97', '--raw', '--subdir', 'DAGS_FOLDER/ingestion_dag.py', '--cfg-path', '/tmp/tmposgdlnkm']
[2026-08-07T00:00:01.261+0000] {standard_task_runner.py:88} INFO - Job 97: Subtask ingest_to_bronze
[2026-08-07T00:00:01.350+0000] {task_command.py:423} INFO - Running <TaskInstance: air_quality_ingestion.ingest_to_bronze scheduled__2026-08-06T23:00:00+00:00 [running]> on host 6a0525c4c718
[2026-08-07T00:00:01.461+0000] {taskinstance.py:2480} INFO - Exporting env vars: AIRFLOW_CTX_DAG_OWNER='***' AIRFLOW_CTX_DAG_ID='air_quality_ingestion' AIRFLOW_CTX_TASK_ID='ingest_to_bronze' AIRFLOW_CTX_EXECUTION_DATE='2026-08-06T23:00:00+00:00' AIRFLOW_CTX_TRY_NUMBER='1' AIRFLOW_CTX_DAG_RUN_ID='scheduled__2026-08-06T23:00:00+00:00'
[2026-08-07T00:00:01.628+0000] {logging_mixin.py:188} INFO - Created bucket: bronze-air-quality
[2026-08-07T00:00:01.635+0000] {logging_mixin.py:188} INFO - Created bucket: silver-air-quality
[2026-08-07T00:00:01.640+0000] {logging_mixin.py:188} INFO - Created bucket: gold-air-quality
[2026-08-07T00:00:02.527+0000] {logging_mixin.py:188} INFO - ✓ new york: AQI=49
[2026-08-07T00:00:03.623+0000] {logging_mixin.py:188} INFO - ✓ london: AQI=34
[2026-08-07T00:00:04.567+0000] {logging_mixin.py:188} INFO - ✓ beijing: AQI=63
[2026-08-07T00:00:05.316+0000] {logging_mixin.py:188} INFO - ✓ delhi: AQI=99
[2026-08-07T00:00:06.101+0000] {logging_mixin.py:188} INFO - ✓ sydney: AQI=51
[2026-08-07T00:00:06.127+0000] {logging_mixin.py:188} INFO - Saved → s3://bronze-air-quality/year=2026/month=08/day=07/city=new_york/000001.json
[2026-08-07T00:00:06.139+0000] {logging_mixin.py:188} INFO - Saved → s3://bronze-air-quality/year=2026/month=08/day=07/city=london/000001.json
[2026-08-07T00:00:06.152+0000] {logging_mixin.py:188} INFO - Saved → s3://bronze-air-quality/year=2026/month=08/day=07/city=beijing/000001.json
[2026-08-07T00:00:06.164+0000] {logging_mixin.py:188} INFO - Saved → s3://bronze-air-quality/year=2026/month=08/day=07/city=delhi/000001.json
[2026-08-07T00:00:06.175+0000] {logging_mixin.py:188} INFO - Saved → s3://bronze-air-quality/year=2026/month=08/day=07/city=sydney/000001.json
[2026-08-07T00:00:06.176+0000] {logging_mixin.py:188} INFO - 
Total records ingested: 5
[2026-08-07T00:00:06.176+0000] {python.py:201} INFO - Done. Returned value was: None
[2026-08-07T00:00:06.192+0000] {taskinstance.py:1138} INFO - Marking task as SUCCESS. dag_id=air_quality_ingestion, task_id=ingest_to_bronze, execution_date=20260806T230000, start_date=20260807T000001, end_date=20260807T000006
[2026-08-07T00:00:06.239+0000] {local_task_job_runner.py:234} INFO - Task exited with return code 0
[2026-08-07T00:00:06.255+0000] {taskinstance.py:3280} INFO - 0 downstream tasks scheduled from follow-on schedule check
