[2026-08-27T20:05:00.795+0000] {taskinstance.py:1956} INFO - Dependencies all met for dep_context=non-requeueable deps ti=<TaskInstance: air_quality_pipeline.wait_for_ingestion scheduled__2026-08-27T19:05:00+00:00 [queued]>
[2026-08-27T20:05:00.800+0000] {taskinstance.py:1956} INFO - Dependencies all met for dep_context=requeueable deps ti=<TaskInstance: air_quality_pipeline.wait_for_ingestion scheduled__2026-08-27T19:05:00+00:00 [queued]>
[2026-08-27T20:05:00.800+0000] {taskinstance.py:2170} INFO - Starting attempt 1 of 3
[2026-08-27T20:05:00.812+0000] {taskinstance.py:2191} INFO - Executing <Task(ExternalTaskSensor): wait_for_ingestion> on 2026-08-27 19:05:00+00:00
[2026-08-27T20:05:00.822+0000] {standard_task_runner.py:60} INFO - Started process 9179 to run task
[2026-08-27T20:05:00.826+0000] {standard_task_runner.py:87} INFO - Running: ['***', 'tasks', 'run', 'air_quality_pipeline', 'wait_for_ingestion', 'scheduled__2026-08-27T19:05:00+00:00', '--job-id', '408', '--raw', '--subdir', 'DAGS_FOLDER/spark_pipeline_dag.py', '--cfg-path', '/tmp/tmpk_p7sfvn']
[2026-08-27T20:05:00.830+0000] {standard_task_runner.py:88} INFO - Job 408: Subtask wait_for_ingestion
[2026-08-27T20:05:00.903+0000] {task_command.py:423} INFO - Running <TaskInstance: air_quality_pipeline.wait_for_ingestion scheduled__2026-08-27T19:05:00+00:00 [running]> on host 6a0525c4c718
[2026-08-27T20:05:00.972+0000] {taskinstance.py:2480} INFO - Exporting env vars: AIRFLOW_CTX_DAG_OWNER='***' AIRFLOW_CTX_DAG_ID='air_quality_pipeline' AIRFLOW_CTX_TASK_ID='wait_for_ingestion' AIRFLOW_CTX_EXECUTION_DATE='2026-08-27T19:05:00+00:00' AIRFLOW_CTX_TRY_NUMBER='1' AIRFLOW_CTX_DAG_RUN_ID='scheduled__2026-08-27T19:05:00+00:00'
[2026-08-27T20:05:00.974+0000] {external_task.py:244} INFO - Poking for tasks ['ingest_to_bronze'] in dag air_quality_ingestion on 2026-08-27T19:05:00+00:00 ... 
[2026-08-27T20:06:36.147+0000] {external_task.py:244} INFO - Poking for tasks ['ingest_to_bronze'] in dag air_quality_ingestion on 2026-08-27T19:05:00+00:00 ... 
[2026-08-27T20:40:11.170+0000] {external_task.py:244} INFO - Poking for tasks ['ingest_to_bronze'] in dag air_quality_ingestion on 2026-08-27T19:05:00+00:00 ... 
[2026-08-27T20:40:41.182+0000] {external_task.py:244} INFO - Poking for tasks ['ingest_to_bronze'] in dag air_quality_ingestion on 2026-08-27T19:05:00+00:00 ... 
[2026-08-27T20:41:11.188+0000] {external_task.py:244} INFO - Poking for tasks ['ingest_to_bronze'] in dag air_quality_ingestion on 2026-08-27T19:05:00+00:00 ... 
[2026-08-27T20:41:41.198+0000] {external_task.py:244} INFO - Poking for tasks ['ingest_to_bronze'] in dag air_quality_ingestion on 2026-08-27T19:05:00+00:00 ... 
[2026-08-27T20:42:11.205+0000] {external_task.py:244} INFO - Poking for tasks ['ingest_to_bronze'] in dag air_quality_ingestion on 2026-08-27T19:05:00+00:00 ... 
[2026-08-27T20:42:41.223+0000] {external_task.py:244} INFO - Poking for tasks ['ingest_to_bronze'] in dag air_quality_ingestion on 2026-08-27T19:05:00+00:00 ... 
[2026-08-27T20:43:11.236+0000] {external_task.py:244} INFO - Poking for tasks ['ingest_to_bronze'] in dag air_quality_ingestion on 2026-08-27T19:05:00+00:00 ... 
[2026-08-27T20:43:41.244+0000] {external_task.py:244} INFO - Poking for tasks ['ingest_to_bronze'] in dag air_quality_ingestion on 2026-08-27T19:05:00+00:00 ... 
[2026-08-27T20:44:11.251+0000] {external_task.py:244} INFO - Poking for tasks ['ingest_to_bronze'] in dag air_quality_ingestion on 2026-08-27T19:05:00+00:00 ... 
[2026-08-27T20:44:11.268+0000] {taskinstance.py:2698} ERROR - Task failed with exception
Traceback (most recent call last):
  File "/home/airflow/.local/lib/python3.11/site-packages/airflow/models/taskinstance.py", line 433, in _execute_task
    result = execute_callable(context=context, **execute_callable_kwargs)
             ^^^^^^^^^^^^^^^^^^^^^^^^^^^^^^^^^^^^^^^^^^^^^^^^^^^^^^^^^^^^
  File "/home/airflow/.local/lib/python3.11/site-packages/airflow/sensors/external_task.py", line 334, in execute
    super().execute(context)
  File "/home/airflow/.local/lib/python3.11/site-packages/airflow/sensors/base.py", line 282, in execute
    raise AirflowSensorTimeout(message)
airflow.exceptions.AirflowSensorTimeout: Sensor has timed out; run duration of 300.15531690898933 seconds exceeds the specified timeout of 300.0.
[2026-08-27T20:44:11.287+0000] {taskinstance.py:1138} INFO - Immediate failure requested. Marking task as FAILED. dag_id=air_quality_pipeline, task_id=wait_for_ingestion, execution_date=20260827T190500, start_date=20260827T200500, end_date=20260827T204411
[2026-08-27T20:44:11.317+0000] {standard_task_runner.py:107} ERROR - Failed to execute job 408 for task wait_for_ingestion (Sensor has timed out; run duration of 300.15531690898933 seconds exceeds the specified timeout of 300.0.; 9179)
[2026-08-27T20:44:11.364+0000] {local_task_job_runner.py:234} INFO - Task exited with return code 1
[2026-08-27T20:44:11.469+0000] {taskinstance.py:3280} INFO - 0 downstream tasks scheduled from follow-on schedule check
