[2026-08-26T21:00:01.808+0000] {taskinstance.py:1956} INFO - Dependencies all met for dep_context=non-requeueable deps ti=<TaskInstance: air_quality_ingestion.ingest_to_bronze scheduled__2026-08-26T20:00:00+00:00 [queued]>
[2026-08-26T21:00:01.816+0000] {taskinstance.py:1956} INFO - Dependencies all met for dep_context=requeueable deps ti=<TaskInstance: air_quality_ingestion.ingest_to_bronze scheduled__2026-08-26T20:00:00+00:00 [queued]>
[2026-08-26T21:00:01.817+0000] {taskinstance.py:2170} INFO - Starting attempt 1 of 4
[2026-08-26T21:00:01.829+0000] {taskinstance.py:2191} INFO - Executing <Task(PythonOperator): ingest_to_bronze> on 2026-08-26 20:00:00+00:00
[2026-08-26T21:00:01.834+0000] {standard_task_runner.py:60} INFO - Started process 2416 to run task
[2026-08-26T21:00:01.836+0000] {standard_task_runner.py:87} INFO - Running: ['***', 'tasks', 'run', 'air_quality_ingestion', 'ingest_to_bronze', 'scheduled__2026-08-26T20:00:00+00:00', '--job-id', '377', '--raw', '--subdir', 'DAGS_FOLDER/ingestion_dag.py', '--cfg-path', '/tmp/tmpmkud35fh']
[2026-08-26T21:00:01.839+0000] {standard_task_runner.py:88} INFO - Job 377: Subtask ingest_to_bronze
[2026-08-26T21:00:01.918+0000] {task_command.py:423} INFO - Running <TaskInstance: air_quality_ingestion.ingest_to_bronze scheduled__2026-08-26T20:00:00+00:00 [running]> on host 6a0525c4c718
[2026-08-26T21:00:01.992+0000] {taskinstance.py:2480} INFO - Exporting env vars: AIRFLOW_CTX_DAG_OWNER='***' AIRFLOW_CTX_DAG_ID='air_quality_ingestion' AIRFLOW_CTX_TASK_ID='ingest_to_bronze' AIRFLOW_CTX_EXECUTION_DATE='2026-08-26T20:00:00+00:00' AIRFLOW_CTX_TRY_NUMBER='1' AIRFLOW_CTX_DAG_RUN_ID='scheduled__2026-08-26T20:00:00+00:00'
[2026-08-26T21:00:02.213+0000] {logging_mixin.py:188} INFO - Created bucket: bronze-air-quality
[2026-08-26T21:00:02.221+0000] {logging_mixin.py:188} INFO - Created bucket: silver-air-quality
[2026-08-26T21:00:02.234+0000] {logging_mixin.py:188} INFO - Created bucket: gold-air-quality
[2026-08-26T21:00:03.085+0000] {logging_mixin.py:188} INFO - ✓ new york: AQI=28
[2026-08-26T21:00:03.808+0000] {logging_mixin.py:188} INFO - ✓ london: AQI=59
[2026-08-26T21:00:04.521+0000] {logging_mixin.py:188} INFO - ✓ beijing: AQI=82
[2026-08-26T21:00:05.236+0000] {logging_mixin.py:188} INFO - ✓ delhi: AQI=109
[2026-08-26T21:00:05.957+0000] {logging_mixin.py:188} INFO - ✓ sydney: AQI=18
[2026-08-26T21:00:05.999+0000] {logging_mixin.py:188} INFO - Saved → s3://bronze-air-quality/year=2026/month=08/day=26/city=new_york/210002.json
[2026-08-26T21:00:06.007+0000] {logging_mixin.py:188} INFO - Saved → s3://bronze-air-quality/year=2026/month=08/day=26/city=london/210002.json
[2026-08-26T21:00:06.015+0000] {logging_mixin.py:188} INFO - Saved → s3://bronze-air-quality/year=2026/month=08/day=26/city=beijing/210002.json
[2026-08-26T21:00:06.023+0000] {logging_mixin.py:188} INFO - Saved → s3://bronze-air-quality/year=2026/month=08/day=26/city=delhi/210002.json
[2026-08-26T21:00:06.032+0000] {logging_mixin.py:188} INFO - Saved → s3://bronze-air-quality/year=2026/month=08/day=26/city=sydney/210002.json
[2026-08-26T21:00:06.032+0000] {logging_mixin.py:188} INFO - 
Total records ingested: 5
[2026-08-26T21:00:06.033+0000] {python.py:201} INFO - Done. Returned value was: None
[2026-08-26T21:00:06.043+0000] {taskinstance.py:1138} INFO - Marking task as SUCCESS. dag_id=air_quality_ingestion, task_id=ingest_to_bronze, execution_date=20260826T200000, start_date=20260826T210001, end_date=20260826T210006
[2026-08-26T21:00:06.077+0000] {local_task_job_runner.py:234} INFO - Task exited with return code 0
[2026-08-26T21:00:06.090+0000] {taskinstance.py:3280} INFO - 0 downstream tasks scheduled from follow-on schedule check
