[2026-08-15T15:08:46.981+0000] {taskinstance.py:1956} INFO - Dependencies all met for dep_context=non-requeueable deps ti=<TaskInstance: air_quality_pipeline.wait_for_ingestion scheduled__2026-08-15T14:05:00+00:00 [queued]>
[2026-08-15T15:08:47.314+0000] {taskinstance.py:1956} INFO - Dependencies all met for dep_context=requeueable deps ti=<TaskInstance: air_quality_pipeline.wait_for_ingestion scheduled__2026-08-15T14:05:00+00:00 [queued]>
[2026-08-15T15:08:47.319+0000] {taskinstance.py:2170} INFO - Starting attempt 1 of 3
[2026-08-15T15:08:47.368+0000] {taskinstance.py:2191} INFO - Executing <Task(ExternalTaskSensor): wait_for_ingestion> on 2026-08-15 14:05:00+00:00
[2026-08-15T15:08:47.413+0000] {standard_task_runner.py:60} INFO - Started process 58962 to run task
[2026-08-15T15:08:47.432+0000] {standard_task_runner.py:87} INFO - Running: ['***', 'tasks', 'run', 'air_quality_pipeline', 'wait_for_ingestion', 'scheduled__2026-08-15T14:05:00+00:00', '--job-id', '344', '--raw', '--subdir', 'DAGS_FOLDER/spark_pipeline_dag.py', '--cfg-path', '/tmp/tmpexh3thqy']
[2026-08-15T15:08:47.444+0000] {standard_task_runner.py:88} INFO - Job 344: Subtask wait_for_ingestion
[2026-08-15T15:08:47.780+0000] {task_command.py:423} INFO - Running <TaskInstance: air_quality_pipeline.wait_for_ingestion scheduled__2026-08-15T14:05:00+00:00 [running]> on host 6a0525c4c718
[2026-08-15T15:08:48.203+0000] {taskinstance.py:2480} INFO - Exporting env vars: AIRFLOW_CTX_DAG_OWNER='***' AIRFLOW_CTX_DAG_ID='air_quality_pipeline' AIRFLOW_CTX_TASK_ID='wait_for_ingestion' AIRFLOW_CTX_EXECUTION_DATE='2026-08-15T14:05:00+00:00' AIRFLOW_CTX_TRY_NUMBER='1' AIRFLOW_CTX_DAG_RUN_ID='scheduled__2026-08-15T14:05:00+00:00'
[2026-08-15T15:08:48.205+0000] {external_task.py:244} INFO - Poking for tasks ['ingest_to_bronze'] in dag air_quality_ingestion on 2026-08-15T14:05:00+00:00 ... 
[2026-08-17T02:22:36.688+0000] {external_task.py:244} INFO - Poking for tasks ['ingest_to_bronze'] in dag air_quality_ingestion on 2026-08-15T14:05:00+00:00 ... 
[2026-08-17T02:23:06.716+0000] {external_task.py:244} INFO - Poking for tasks ['ingest_to_bronze'] in dag air_quality_ingestion on 2026-08-15T14:05:00+00:00 ... 
[2026-08-17T02:23:36.735+0000] {external_task.py:244} INFO - Poking for tasks ['ingest_to_bronze'] in dag air_quality_ingestion on 2026-08-15T14:05:00+00:00 ... 
[2026-08-17T02:24:06.761+0000] {external_task.py:244} INFO - Poking for tasks ['ingest_to_bronze'] in dag air_quality_ingestion on 2026-08-15T14:05:00+00:00 ... 
[2026-08-17T02:24:36.783+0000] {external_task.py:244} INFO - Poking for tasks ['ingest_to_bronze'] in dag air_quality_ingestion on 2026-08-15T14:05:00+00:00 ... 
[2026-08-17T02:25:06.808+0000] {external_task.py:244} INFO - Poking for tasks ['ingest_to_bronze'] in dag air_quality_ingestion on 2026-08-15T14:05:00+00:00 ... 
[2026-08-17T02:25:36.831+0000] {external_task.py:244} INFO - Poking for tasks ['ingest_to_bronze'] in dag air_quality_ingestion on 2026-08-15T14:05:00+00:00 ... 
[2026-08-17T02:26:06.868+0000] {external_task.py:244} INFO - Poking for tasks ['ingest_to_bronze'] in dag air_quality_ingestion on 2026-08-15T14:05:00+00:00 ... 
[2026-08-17T02:26:36.881+0000] {external_task.py:244} INFO - Poking for tasks ['ingest_to_bronze'] in dag air_quality_ingestion on 2026-08-15T14:05:00+00:00 ... 
[2026-08-17T02:27:06.897+0000] {external_task.py:244} INFO - Poking for tasks ['ingest_to_bronze'] in dag air_quality_ingestion on 2026-08-15T14:05:00+00:00 ... 
[2026-08-17T02:27:06.920+0000] {taskinstance.py:2698} ERROR - Task failed with exception
Traceback (most recent call last):
  File "/home/airflow/.local/lib/python3.11/site-packages/airflow/models/taskinstance.py", line 433, in _execute_task
    result = execute_callable(context=context, **execute_callable_kwargs)
             ^^^^^^^^^^^^^^^^^^^^^^^^^^^^^^^^^^^^^^^^^^^^^^^^^^^^^^^^^^^^
  File "/home/airflow/.local/lib/python3.11/site-packages/airflow/sensors/external_task.py", line 334, in execute
    super().execute(context)
  File "/home/airflow/.local/lib/python3.11/site-packages/airflow/sensors/base.py", line 282, in execute
    raise AirflowSensorTimeout(message)
airflow.exceptions.AirflowSensorTimeout: Sensor has timed out; run duration of 300.303648532019 seconds exceeds the specified timeout of 300.0.
[2026-08-17T02:27:06.957+0000] {taskinstance.py:1138} INFO - Immediate failure requested. Marking task as FAILED. dag_id=air_quality_pipeline, task_id=wait_for_ingestion, execution_date=20260815T140500, start_date=20260815T150846, end_date=20260817T022706
[2026-08-17T02:27:07.030+0000] {standard_task_runner.py:107} ERROR - Failed to execute job 344 for task wait_for_ingestion (Sensor has timed out; run duration of 300.303648532019 seconds exceeds the specified timeout of 300.0.; 58962)
[2026-08-17T02:27:07.116+0000] {local_task_job_runner.py:234} INFO - Task exited with return code 1
[2026-08-17T02:27:07.232+0000] {taskinstance.py:3280} INFO - 0 downstream tasks scheduled from follow-on schedule check
