[2026-09-09T12:52:53.121+0000] {taskinstance.py:1956} INFO - Dependencies all met for dep_context=non-requeueable deps ti=<TaskInstance: air_quality_ingestion.ingest_to_bronze scheduled__2026-09-09T04:00:00+00:00 [queued]>
[2026-09-09T12:52:53.156+0000] {taskinstance.py:1956} INFO - Dependencies all met for dep_context=requeueable deps ti=<TaskInstance: air_quality_ingestion.ingest_to_bronze scheduled__2026-09-09T04:00:00+00:00 [queued]>
[2026-09-09T12:52:53.164+0000] {taskinstance.py:2170} INFO - Starting attempt 1 of 4
[2026-09-09T12:52:53.239+0000] {taskinstance.py:2191} INFO - Executing <Task(PythonOperator): ingest_to_bronze> on 2026-09-09 04:00:00+00:00
[2026-09-09T12:52:53.297+0000] {standard_task_runner.py:60} INFO - Started process 3260 to run task
[2026-09-09T12:52:53.314+0000] {standard_task_runner.py:87} INFO - Running: ['***', 'tasks', 'run', 'air_quality_ingestion', 'ingest_to_bronze', 'scheduled__2026-09-09T04:00:00+00:00', '--job-id', '738', '--raw', '--subdir', 'DAGS_FOLDER/ingestion_dag.py', '--cfg-path', '/tmp/tmph46g_18c']
[2026-09-09T12:52:53.359+0000] {standard_task_runner.py:88} INFO - Job 738: Subtask ingest_to_bronze
[2026-09-09T12:52:54.964+0000] {task_command.py:423} INFO - Running <TaskInstance: air_quality_ingestion.ingest_to_bronze scheduled__2026-09-09T04:00:00+00:00 [running]> on host 6a0525c4c718
[2026-09-09T12:52:56.509+0000] {taskinstance.py:2480} INFO - Exporting env vars: AIRFLOW_CTX_DAG_OWNER='***' AIRFLOW_CTX_DAG_ID='air_quality_ingestion' AIRFLOW_CTX_TASK_ID='ingest_to_bronze' AIRFLOW_CTX_EXECUTION_DATE='2026-09-09T04:00:00+00:00' AIRFLOW_CTX_TRY_NUMBER='1' AIRFLOW_CTX_DAG_RUN_ID='scheduled__2026-09-09T04:00:00+00:00'
[2026-09-09T12:52:57.576+0000] {logging_mixin.py:188} INFO - Created bucket: bronze-air-quality
[2026-09-09T12:52:57.642+0000] {logging_mixin.py:188} INFO - Created bucket: silver-air-quality
[2026-09-09T12:52:57.672+0000] {logging_mixin.py:188} INFO - Created bucket: gold-air-quality
[2026-09-09T12:52:59.110+0000] {logging_mixin.py:188} INFO - ✓ new york: AQI=54
[2026-09-09T12:53:00.144+0000] {logging_mixin.py:188} INFO - ✓ london: AQI=17
[2026-09-09T12:53:01.131+0000] {logging_mixin.py:188} INFO - ✓ beijing: AQI=35
[2026-09-09T12:53:02.054+0000] {logging_mixin.py:188} INFO - ✓ delhi: AQI=76
[2026-09-09T12:53:02.975+0000] {logging_mixin.py:188} INFO - ✓ sydney: AQI=24
[2026-09-09T12:53:03.067+0000] {logging_mixin.py:188} INFO - Saved → s3://bronze-air-quality/year=2026/month=09/day=09/city=new_york/125257.json
[2026-09-09T12:53:03.102+0000] {logging_mixin.py:188} INFO - Saved → s3://bronze-air-quality/year=2026/month=09/day=09/city=london/125257.json
[2026-09-09T12:53:03.122+0000] {logging_mixin.py:188} INFO - Saved → s3://bronze-air-quality/year=2026/month=09/day=09/city=beijing/125257.json
[2026-09-09T12:53:03.141+0000] {logging_mixin.py:188} INFO - Saved → s3://bronze-air-quality/year=2026/month=09/day=09/city=delhi/125257.json
[2026-09-09T12:53:03.163+0000] {logging_mixin.py:188} INFO - Saved → s3://bronze-air-quality/year=2026/month=09/day=09/city=sydney/125257.json
[2026-09-09T12:53:03.165+0000] {logging_mixin.py:188} INFO - 
Total records ingested: 5
[2026-09-09T12:53:03.171+0000] {python.py:201} INFO - Done. Returned value was: None
[2026-09-09T12:53:03.230+0000] {taskinstance.py:1138} INFO - Marking task as SUCCESS. dag_id=air_quality_ingestion, task_id=ingest_to_bronze, execution_date=20260909T040000, start_date=20260909T125253, end_date=20260909T125303
[2026-09-09T12:53:03.331+0000] {local_task_job_runner.py:234} INFO - Task exited with return code 0
[2026-09-09T12:53:03.404+0000] {taskinstance.py:3280} INFO - 0 downstream tasks scheduled from follow-on schedule check
