[2026-09-01T17:00:01.260+0000] {taskinstance.py:1956} INFO - Dependencies all met for dep_context=non-requeueable deps ti=<TaskInstance: air_quality_ingestion.ingest_to_bronze scheduled__2026-09-01T16:00:00+00:00 [queued]>
[2026-09-01T17:00:01.267+0000] {taskinstance.py:1956} INFO - Dependencies all met for dep_context=requeueable deps ti=<TaskInstance: air_quality_ingestion.ingest_to_bronze scheduled__2026-09-01T16:00:00+00:00 [queued]>
[2026-09-01T17:00:01.268+0000] {taskinstance.py:2170} INFO - Starting attempt 1 of 4
[2026-09-01T17:00:01.280+0000] {taskinstance.py:2191} INFO - Executing <Task(PythonOperator): ingest_to_bronze> on 2026-09-01 16:00:00+00:00
[2026-09-01T17:00:01.285+0000] {standard_task_runner.py:60} INFO - Started process 34213 to run task
[2026-09-01T17:00:01.289+0000] {standard_task_runner.py:87} INFO - Running: ['***', 'tasks', 'run', 'air_quality_ingestion', 'ingest_to_bronze', 'scheduled__2026-09-01T16:00:00+00:00', '--job-id', '522', '--raw', '--subdir', 'DAGS_FOLDER/ingestion_dag.py', '--cfg-path', '/tmp/tmp6z7i8xyx']
[2026-09-01T17:00:01.292+0000] {standard_task_runner.py:88} INFO - Job 522: Subtask ingest_to_bronze
[2026-09-01T17:00:01.367+0000] {task_command.py:423} INFO - Running <TaskInstance: air_quality_ingestion.ingest_to_bronze scheduled__2026-09-01T16:00:00+00:00 [running]> on host 6a0525c4c718
[2026-09-01T17:00:01.441+0000] {taskinstance.py:2480} INFO - Exporting env vars: AIRFLOW_CTX_DAG_OWNER='***' AIRFLOW_CTX_DAG_ID='air_quality_ingestion' AIRFLOW_CTX_TASK_ID='ingest_to_bronze' AIRFLOW_CTX_EXECUTION_DATE='2026-09-01T16:00:00+00:00' AIRFLOW_CTX_TRY_NUMBER='1' AIRFLOW_CTX_DAG_RUN_ID='scheduled__2026-09-01T16:00:00+00:00'
[2026-09-01T17:00:01.521+0000] {logging_mixin.py:188} INFO - Created bucket: bronze-air-quality
[2026-09-01T17:00:01.527+0000] {logging_mixin.py:188} INFO - Created bucket: silver-air-quality
[2026-09-01T17:00:01.532+0000] {logging_mixin.py:188} INFO - Created bucket: gold-air-quality
[2026-09-01T17:00:02.614+0000] {logging_mixin.py:188} INFO - ✓ new york: AQI=66
[2026-09-01T17:00:03.374+0000] {logging_mixin.py:188} INFO - ✓ london: AQI=50
[2026-09-01T17:00:04.817+0000] {logging_mixin.py:188} INFO - ✓ beijing: AQI=65
[2026-09-01T17:00:05.596+0000] {logging_mixin.py:188} INFO - ✓ delhi: AQI=35
[2026-09-01T17:00:06.374+0000] {logging_mixin.py:188} INFO - ✓ sydney: AQI=48
[2026-09-01T17:00:06.405+0000] {logging_mixin.py:188} INFO - Saved → s3://bronze-air-quality/year=2026/month=09/day=01/city=new_york/170001.json
[2026-09-01T17:00:06.412+0000] {logging_mixin.py:188} INFO - Saved → s3://bronze-air-quality/year=2026/month=09/day=01/city=london/170001.json
[2026-09-01T17:00:06.418+0000] {logging_mixin.py:188} INFO - Saved → s3://bronze-air-quality/year=2026/month=09/day=01/city=beijing/170001.json
[2026-09-01T17:00:06.425+0000] {logging_mixin.py:188} INFO - Saved → s3://bronze-air-quality/year=2026/month=09/day=01/city=delhi/170001.json
[2026-09-01T17:00:06.431+0000] {logging_mixin.py:188} INFO - Saved → s3://bronze-air-quality/year=2026/month=09/day=01/city=sydney/170001.json
[2026-09-01T17:00:06.432+0000] {logging_mixin.py:188} INFO - 
Total records ingested: 5
[2026-09-01T17:00:06.432+0000] {python.py:201} INFO - Done. Returned value was: None
[2026-09-01T17:00:06.441+0000] {taskinstance.py:1138} INFO - Marking task as SUCCESS. dag_id=air_quality_ingestion, task_id=ingest_to_bronze, execution_date=20260901T160000, start_date=20260901T170001, end_date=20260901T170006
[2026-09-01T17:00:06.487+0000] {local_task_job_runner.py:234} INFO - Task exited with return code 0
[2026-09-01T17:00:06.501+0000] {taskinstance.py:3280} INFO - 0 downstream tasks scheduled from follow-on schedule check
