[2026-08-11T16:00:01.659+0000] {taskinstance.py:1956} INFO - Dependencies all met for dep_context=non-requeueable deps ti=<TaskInstance: air_quality_ingestion.ingest_to_bronze scheduled__2026-08-11T15:00:00+00:00 [queued]>
[2026-08-11T16:00:01.667+0000] {taskinstance.py:1956} INFO - Dependencies all met for dep_context=requeueable deps ti=<TaskInstance: air_quality_ingestion.ingest_to_bronze scheduled__2026-08-11T15:00:00+00:00 [queued]>
[2026-08-11T16:00:01.668+0000] {taskinstance.py:2170} INFO - Starting attempt 1 of 4
[2026-08-11T16:00:01.684+0000] {taskinstance.py:2191} INFO - Executing <Task(PythonOperator): ingest_to_bronze> on 2026-08-11 15:00:00+00:00
[2026-08-11T16:00:01.689+0000] {standard_task_runner.py:60} INFO - Started process 29364 to run task
[2026-08-11T16:00:01.693+0000] {standard_task_runner.py:87} INFO - Running: ['***', 'tasks', 'run', 'air_quality_ingestion', 'ingest_to_bronze', 'scheduled__2026-08-11T15:00:00+00:00', '--job-id', '216', '--raw', '--subdir', 'DAGS_FOLDER/ingestion_dag.py', '--cfg-path', '/tmp/tmpomdz9826']
[2026-08-11T16:00:01.696+0000] {standard_task_runner.py:88} INFO - Job 216: Subtask ingest_to_bronze
[2026-08-11T16:00:01.769+0000] {task_command.py:423} INFO - Running <TaskInstance: air_quality_ingestion.ingest_to_bronze scheduled__2026-08-11T15:00:00+00:00 [running]> on host 6a0525c4c718
[2026-08-11T16:00:01.856+0000] {taskinstance.py:2480} INFO - Exporting env vars: AIRFLOW_CTX_DAG_OWNER='***' AIRFLOW_CTX_DAG_ID='air_quality_ingestion' AIRFLOW_CTX_TASK_ID='ingest_to_bronze' AIRFLOW_CTX_EXECUTION_DATE='2026-08-11T15:00:00+00:00' AIRFLOW_CTX_TRY_NUMBER='1' AIRFLOW_CTX_DAG_RUN_ID='scheduled__2026-08-11T15:00:00+00:00'
[2026-08-11T16:00:02.030+0000] {logging_mixin.py:188} INFO - Created bucket: bronze-air-quality
[2026-08-11T16:00:02.037+0000] {logging_mixin.py:188} INFO - Created bucket: silver-air-quality
[2026-08-11T16:00:02.044+0000] {logging_mixin.py:188} INFO - Created bucket: gold-air-quality
[2026-08-11T16:00:03.037+0000] {logging_mixin.py:188} INFO - ✓ new york: AQI=52
[2026-08-11T16:00:04.317+0000] {logging_mixin.py:188} INFO - ✓ london: AQI=32
[2026-08-11T16:00:05.792+0000] {logging_mixin.py:188} INFO - ✓ beijing: AQI=30
[2026-08-11T16:00:06.674+0000] {logging_mixin.py:188} INFO - ✓ delhi: AQI=65
[2026-08-11T16:00:07.524+0000] {logging_mixin.py:188} INFO - ✓ sydney: AQI=6
[2026-08-11T16:00:07.549+0000] {logging_mixin.py:188} INFO - Saved → s3://bronze-air-quality/year=2026/month=08/day=11/city=new_york/160002.json
[2026-08-11T16:00:07.558+0000] {logging_mixin.py:188} INFO - Saved → s3://bronze-air-quality/year=2026/month=08/day=11/city=london/160002.json
[2026-08-11T16:00:07.566+0000] {logging_mixin.py:188} INFO - Saved → s3://bronze-air-quality/year=2026/month=08/day=11/city=beijing/160002.json
[2026-08-11T16:00:07.575+0000] {logging_mixin.py:188} INFO - Saved → s3://bronze-air-quality/year=2026/month=08/day=11/city=delhi/160002.json
[2026-08-11T16:00:07.582+0000] {logging_mixin.py:188} INFO - Saved → s3://bronze-air-quality/year=2026/month=08/day=11/city=sydney/160002.json
[2026-08-11T16:00:07.583+0000] {logging_mixin.py:188} INFO - 
Total records ingested: 5
[2026-08-11T16:00:07.584+0000] {python.py:201} INFO - Done. Returned value was: None
[2026-08-11T16:00:07.593+0000] {taskinstance.py:1138} INFO - Marking task as SUCCESS. dag_id=air_quality_ingestion, task_id=ingest_to_bronze, execution_date=20260811T150000, start_date=20260811T160001, end_date=20260811T160007
[2026-08-11T16:00:07.646+0000] {local_task_job_runner.py:234} INFO - Task exited with return code 0
[2026-08-11T16:00:07.661+0000] {taskinstance.py:3280} INFO - 0 downstream tasks scheduled from follow-on schedule check
