[2026-08-12T00:07:10.526+0000] {taskinstance.py:1956} INFO - Dependencies all met for dep_context=non-requeueable deps ti=<TaskInstance: air_quality_pipeline.wait_for_ingestion scheduled__2026-08-11T23:05:00+00:00 [queued]>
[2026-08-12T00:07:10.545+0000] {taskinstance.py:1956} INFO - Dependencies all met for dep_context=requeueable deps ti=<TaskInstance: air_quality_pipeline.wait_for_ingestion scheduled__2026-08-11T23:05:00+00:00 [queued]>
[2026-08-12T00:07:10.555+0000] {taskinstance.py:2170} INFO - Starting attempt 1 of 3
[2026-08-12T00:07:10.583+0000] {taskinstance.py:2191} INFO - Executing <Task(ExternalTaskSensor): wait_for_ingestion> on 2026-08-11 23:05:00+00:00
[2026-08-12T00:07:10.593+0000] {standard_task_runner.py:60} INFO - Started process 35182 to run task
[2026-08-12T00:07:10.597+0000] {standard_task_runner.py:87} INFO - Running: ['***', 'tasks', 'run', 'air_quality_pipeline', 'wait_for_ingestion', 'scheduled__2026-08-11T23:05:00+00:00', '--job-id', '232', '--raw', '--subdir', 'DAGS_FOLDER/spark_pipeline_dag.py', '--cfg-path', '/tmp/tmpj02aexu8']
[2026-08-12T00:07:10.600+0000] {standard_task_runner.py:88} INFO - Job 232: Subtask wait_for_ingestion
[2026-08-12T00:07:10.730+0000] {task_command.py:423} INFO - Running <TaskInstance: air_quality_pipeline.wait_for_ingestion scheduled__2026-08-11T23:05:00+00:00 [running]> on host 6a0525c4c718
[2026-08-12T00:07:10.893+0000] {taskinstance.py:2480} INFO - Exporting env vars: AIRFLOW_CTX_DAG_OWNER='***' AIRFLOW_CTX_DAG_ID='air_quality_pipeline' AIRFLOW_CTX_TASK_ID='wait_for_ingestion' AIRFLOW_CTX_EXECUTION_DATE='2026-08-11T23:05:00+00:00' AIRFLOW_CTX_TRY_NUMBER='1' AIRFLOW_CTX_DAG_RUN_ID='scheduled__2026-08-11T23:05:00+00:00'
[2026-08-12T00:07:10.896+0000] {external_task.py:244} INFO - Poking for tasks ['ingest_to_bronze'] in dag air_quality_ingestion on 2026-08-11T23:05:00+00:00 ... 
[2026-08-12T00:07:40.914+0000] {external_task.py:244} INFO - Poking for tasks ['ingest_to_bronze'] in dag air_quality_ingestion on 2026-08-11T23:05:00+00:00 ... 
[2026-08-12T00:08:10.924+0000] {external_task.py:244} INFO - Poking for tasks ['ingest_to_bronze'] in dag air_quality_ingestion on 2026-08-11T23:05:00+00:00 ... 
[2026-08-12T00:08:40.934+0000] {external_task.py:244} INFO - Poking for tasks ['ingest_to_bronze'] in dag air_quality_ingestion on 2026-08-11T23:05:00+00:00 ... 
[2026-08-12T00:09:10.942+0000] {external_task.py:244} INFO - Poking for tasks ['ingest_to_bronze'] in dag air_quality_ingestion on 2026-08-11T23:05:00+00:00 ... 
[2026-08-12T00:09:40.951+0000] {external_task.py:244} INFO - Poking for tasks ['ingest_to_bronze'] in dag air_quality_ingestion on 2026-08-11T23:05:00+00:00 ... 
[2026-08-12T00:10:10.966+0000] {external_task.py:244} INFO - Poking for tasks ['ingest_to_bronze'] in dag air_quality_ingestion on 2026-08-11T23:05:00+00:00 ... 
[2026-08-12T00:10:40.974+0000] {external_task.py:244} INFO - Poking for tasks ['ingest_to_bronze'] in dag air_quality_ingestion on 2026-08-11T23:05:00+00:00 ... 
[2026-08-12T00:11:10.987+0000] {external_task.py:244} INFO - Poking for tasks ['ingest_to_bronze'] in dag air_quality_ingestion on 2026-08-11T23:05:00+00:00 ... 
[2026-08-12T00:11:40.995+0000] {external_task.py:244} INFO - Poking for tasks ['ingest_to_bronze'] in dag air_quality_ingestion on 2026-08-11T23:05:00+00:00 ... 
[2026-08-12T00:12:11.009+0000] {external_task.py:244} INFO - Poking for tasks ['ingest_to_bronze'] in dag air_quality_ingestion on 2026-08-11T23:05:00+00:00 ... 
[2026-08-12T00:12:11.017+0000] {taskinstance.py:2698} ERROR - Task failed with exception
Traceback (most recent call last):
  File "/home/airflow/.local/lib/python3.11/site-packages/airflow/models/taskinstance.py", line 433, in _execute_task
    result = execute_callable(context=context, **execute_callable_kwargs)
             ^^^^^^^^^^^^^^^^^^^^^^^^^^^^^^^^^^^^^^^^^^^^^^^^^^^^^^^^^^^^
  File "/home/airflow/.local/lib/python3.11/site-packages/airflow/sensors/external_task.py", line 334, in execute
    super().execute(context)
  File "/home/airflow/.local/lib/python3.11/site-packages/airflow/sensors/base.py", line 282, in execute
    raise AirflowSensorTimeout(message)
airflow.exceptions.AirflowSensorTimeout: Sensor has timed out; run duration of 300.1395831659902 seconds exceeds the specified timeout of 300.0.
[2026-08-12T00:12:11.026+0000] {taskinstance.py:1138} INFO - Immediate failure requested. Marking task as FAILED. dag_id=air_quality_pipeline, task_id=wait_for_ingestion, execution_date=20260811T230500, start_date=20260812T000710, end_date=20260812T001211
[2026-08-12T00:12:11.039+0000] {standard_task_runner.py:107} ERROR - Failed to execute job 232 for task wait_for_ingestion (Sensor has timed out; run duration of 300.1395831659902 seconds exceeds the specified timeout of 300.0.; 35182)
[2026-08-12T00:12:11.066+0000] {local_task_job_runner.py:234} INFO - Task exited with return code 1
[2026-08-12T00:12:11.086+0000] {taskinstance.py:3280} INFO - 0 downstream tasks scheduled from follow-on schedule check
