[2026-08-09T02:29:15.117+0000] {taskinstance.py:1956} INFO - Dependencies all met for dep_context=non-requeueable deps ti=<TaskInstance: air_quality_pipeline.wait_for_ingestion scheduled__2026-08-09T01:05:00+00:00 [queued]>
[2026-08-09T02:29:15.170+0000] {taskinstance.py:1956} INFO - Dependencies all met for dep_context=requeueable deps ti=<TaskInstance: air_quality_pipeline.wait_for_ingestion scheduled__2026-08-09T01:05:00+00:00 [queued]>
[2026-08-09T02:29:15.181+0000] {taskinstance.py:2170} INFO - Starting attempt 1 of 3
[2026-08-09T02:29:15.284+0000] {taskinstance.py:2191} INFO - Executing <Task(ExternalTaskSensor): wait_for_ingestion> on 2026-08-09 01:05:00+00:00
[2026-08-09T02:29:15.295+0000] {standard_task_runner.py:60} INFO - Started process 19694 to run task
[2026-08-09T02:29:15.301+0000] {standard_task_runner.py:87} INFO - Running: ['***', 'tasks', 'run', 'air_quality_pipeline', 'wait_for_ingestion', 'scheduled__2026-08-09T01:05:00+00:00', '--job-id', '157', '--raw', '--subdir', 'DAGS_FOLDER/spark_pipeline_dag.py', '--cfg-path', '/tmp/tmp_axiuueo']
[2026-08-09T02:29:15.322+0000] {standard_task_runner.py:88} INFO - Job 157: Subtask wait_for_ingestion
[2026-08-09T02:29:15.619+0000] {task_command.py:423} INFO - Running <TaskInstance: air_quality_pipeline.wait_for_ingestion scheduled__2026-08-09T01:05:00+00:00 [running]> on host 6a0525c4c718
[2026-08-09T02:29:16.095+0000] {taskinstance.py:2480} INFO - Exporting env vars: AIRFLOW_CTX_DAG_OWNER='***' AIRFLOW_CTX_DAG_ID='air_quality_pipeline' AIRFLOW_CTX_TASK_ID='wait_for_ingestion' AIRFLOW_CTX_EXECUTION_DATE='2026-08-09T01:05:00+00:00' AIRFLOW_CTX_TRY_NUMBER='1' AIRFLOW_CTX_DAG_RUN_ID='scheduled__2026-08-09T01:05:00+00:00'
[2026-08-09T02:29:16.115+0000] {external_task.py:244} INFO - Poking for tasks ['ingest_to_bronze'] in dag air_quality_ingestion on 2026-08-09T01:05:00+00:00 ... 
[2026-08-09T02:29:46.407+0000] {external_task.py:244} INFO - Poking for tasks ['ingest_to_bronze'] in dag air_quality_ingestion on 2026-08-09T01:05:00+00:00 ... 
[2026-08-09T02:30:16.434+0000] {external_task.py:244} INFO - Poking for tasks ['ingest_to_bronze'] in dag air_quality_ingestion on 2026-08-09T01:05:00+00:00 ... 
[2026-08-09T02:30:46.444+0000] {external_task.py:244} INFO - Poking for tasks ['ingest_to_bronze'] in dag air_quality_ingestion on 2026-08-09T01:05:00+00:00 ... 
[2026-08-09T02:31:16.462+0000] {external_task.py:244} INFO - Poking for tasks ['ingest_to_bronze'] in dag air_quality_ingestion on 2026-08-09T01:05:00+00:00 ... 
[2026-08-09T02:31:46.476+0000] {external_task.py:244} INFO - Poking for tasks ['ingest_to_bronze'] in dag air_quality_ingestion on 2026-08-09T01:05:00+00:00 ... 
[2026-08-09T02:32:16.486+0000] {external_task.py:244} INFO - Poking for tasks ['ingest_to_bronze'] in dag air_quality_ingestion on 2026-08-09T01:05:00+00:00 ... 
[2026-08-09T02:32:46.498+0000] {external_task.py:244} INFO - Poking for tasks ['ingest_to_bronze'] in dag air_quality_ingestion on 2026-08-09T01:05:00+00:00 ... 
[2026-08-09T02:33:16.516+0000] {external_task.py:244} INFO - Poking for tasks ['ingest_to_bronze'] in dag air_quality_ingestion on 2026-08-09T01:05:00+00:00 ... 
[2026-08-09T02:33:46.529+0000] {external_task.py:244} INFO - Poking for tasks ['ingest_to_bronze'] in dag air_quality_ingestion on 2026-08-09T01:05:00+00:00 ... 
[2026-08-09T02:34:16.541+0000] {external_task.py:244} INFO - Poking for tasks ['ingest_to_bronze'] in dag air_quality_ingestion on 2026-08-09T01:05:00+00:00 ... 
[2026-08-09T02:34:16.557+0000] {taskinstance.py:2698} ERROR - Task failed with exception
Traceback (most recent call last):
  File "/home/airflow/.local/lib/python3.11/site-packages/airflow/models/taskinstance.py", line 433, in _execute_task
    result = execute_callable(context=context, **execute_callable_kwargs)
             ^^^^^^^^^^^^^^^^^^^^^^^^^^^^^^^^^^^^^^^^^^^^^^^^^^^^^^^^^^^^
  File "/home/airflow/.local/lib/python3.11/site-packages/airflow/sensors/external_task.py", line 334, in execute
    super().execute(context)
  File "/home/airflow/.local/lib/python3.11/site-packages/airflow/sensors/base.py", line 282, in execute
    raise AirflowSensorTimeout(message)
airflow.exceptions.AirflowSensorTimeout: Sensor has timed out; run duration of 300.3717973729945 seconds exceeds the specified timeout of 300.0.
[2026-08-09T02:34:16.574+0000] {taskinstance.py:1138} INFO - Immediate failure requested. Marking task as FAILED. dag_id=air_quality_pipeline, task_id=wait_for_ingestion, execution_date=20260809T010500, start_date=20260809T022915, end_date=20260809T023416
[2026-08-09T02:34:16.598+0000] {standard_task_runner.py:107} ERROR - Failed to execute job 157 for task wait_for_ingestion (Sensor has timed out; run duration of 300.3717973729945 seconds exceeds the specified timeout of 300.0.; 19694)
[2026-08-09T02:34:16.614+0000] {local_task_job_runner.py:234} INFO - Task exited with return code 1
[2026-08-09T02:34:16.652+0000] {taskinstance.py:3280} INFO - 0 downstream tasks scheduled from follow-on schedule check
