[2026-09-06T14:00:01.172+0000] {taskinstance.py:1956} INFO - Dependencies all met for dep_context=non-requeueable deps ti=<TaskInstance: air_quality_ingestion.ingest_to_bronze scheduled__2026-09-06T13:00:00+00:00 [queued]>
[2026-09-06T14:00:01.178+0000] {taskinstance.py:1956} INFO - Dependencies all met for dep_context=requeueable deps ti=<TaskInstance: air_quality_ingestion.ingest_to_bronze scheduled__2026-09-06T13:00:00+00:00 [queued]>
[2026-09-06T14:00:01.178+0000] {taskinstance.py:2170} INFO - Starting attempt 1 of 4
[2026-09-06T14:00:01.187+0000] {taskinstance.py:2191} INFO - Executing <Task(PythonOperator): ingest_to_bronze> on 2026-09-06 13:00:00+00:00
[2026-09-06T14:00:01.191+0000] {standard_task_runner.py:60} INFO - Started process 76467 to run task
[2026-09-06T14:00:01.194+0000] {standard_task_runner.py:87} INFO - Running: ['***', 'tasks', 'run', 'air_quality_ingestion', 'ingest_to_bronze', 'scheduled__2026-09-06T13:00:00+00:00', '--job-id', '659', '--raw', '--subdir', 'DAGS_FOLDER/ingestion_dag.py', '--cfg-path', '/tmp/tmpm_zxekti']
[2026-09-06T14:00:01.196+0000] {standard_task_runner.py:88} INFO - Job 659: Subtask ingest_to_bronze
[2026-09-06T14:00:01.252+0000] {task_command.py:423} INFO - Running <TaskInstance: air_quality_ingestion.ingest_to_bronze scheduled__2026-09-06T13:00:00+00:00 [running]> on host 6a0525c4c718
[2026-09-06T14:00:01.315+0000] {taskinstance.py:2480} INFO - Exporting env vars: AIRFLOW_CTX_DAG_OWNER='***' AIRFLOW_CTX_DAG_ID='air_quality_ingestion' AIRFLOW_CTX_TASK_ID='ingest_to_bronze' AIRFLOW_CTX_EXECUTION_DATE='2026-09-06T13:00:00+00:00' AIRFLOW_CTX_TRY_NUMBER='1' AIRFLOW_CTX_DAG_RUN_ID='scheduled__2026-09-06T13:00:00+00:00'
[2026-09-06T14:00:01.380+0000] {logging_mixin.py:188} INFO - Created bucket: bronze-air-quality
[2026-09-06T14:00:01.385+0000] {logging_mixin.py:188} INFO - Created bucket: silver-air-quality
[2026-09-06T14:00:01.389+0000] {logging_mixin.py:188} INFO - Created bucket: gold-air-quality
[2026-09-06T14:00:02.189+0000] {logging_mixin.py:188} INFO - ✓ new york: AQI=15
[2026-09-06T14:00:02.985+0000] {logging_mixin.py:188} INFO - ✓ london: AQI=46
[2026-09-06T14:00:03.770+0000] {logging_mixin.py:188} INFO - ✓ beijing: AQI=97
[2026-09-06T14:00:04.546+0000] {logging_mixin.py:188} INFO - ✓ delhi: AQI=13
[2026-09-06T14:00:05.274+0000] {logging_mixin.py:188} INFO - ✓ sydney: AQI=21
[2026-09-06T14:00:05.285+0000] {logging_mixin.py:188} INFO - Saved → s3://bronze-air-quality/year=2026/month=09/day=06/city=new_york/140001.json
[2026-09-06T14:00:05.290+0000] {logging_mixin.py:188} INFO - Saved → s3://bronze-air-quality/year=2026/month=09/day=06/city=london/140001.json
[2026-09-06T14:00:05.296+0000] {logging_mixin.py:188} INFO - Saved → s3://bronze-air-quality/year=2026/month=09/day=06/city=beijing/140001.json
[2026-09-06T14:00:05.301+0000] {logging_mixin.py:188} INFO - Saved → s3://bronze-air-quality/year=2026/month=09/day=06/city=delhi/140001.json
[2026-09-06T14:00:05.307+0000] {logging_mixin.py:188} INFO - Saved → s3://bronze-air-quality/year=2026/month=09/day=06/city=sydney/140001.json
[2026-09-06T14:00:05.307+0000] {logging_mixin.py:188} INFO - 
Total records ingested: 5
[2026-09-06T14:00:05.308+0000] {python.py:201} INFO - Done. Returned value was: None
[2026-09-06T14:00:05.316+0000] {taskinstance.py:1138} INFO - Marking task as SUCCESS. dag_id=air_quality_ingestion, task_id=ingest_to_bronze, execution_date=20260906T130000, start_date=20260906T140001, end_date=20260906T140005
[2026-09-06T14:00:05.362+0000] {local_task_job_runner.py:234} INFO - Task exited with return code 0
[2026-09-06T14:00:05.383+0000] {taskinstance.py:3280} INFO - 0 downstream tasks scheduled from follow-on schedule check
