[2026-08-14T16:30:36.902+0000] {taskinstance.py:1956} INFO - Dependencies all met for dep_context=non-requeueable deps ti=<TaskInstance: air_quality_ingestion.ingest_to_bronze scheduled__2026-08-14T15:00:00+00:00 [queued]>
[2026-08-14T16:30:36.929+0000] {taskinstance.py:1956} INFO - Dependencies all met for dep_context=requeueable deps ti=<TaskInstance: air_quality_ingestion.ingest_to_bronze scheduled__2026-08-14T15:00:00+00:00 [queued]>
[2026-08-14T16:30:36.961+0000] {taskinstance.py:2170} INFO - Starting attempt 1 of 4
[2026-08-14T16:30:37.025+0000] {taskinstance.py:2191} INFO - Executing <Task(PythonOperator): ingest_to_bronze> on 2026-08-14 15:00:00+00:00
[2026-08-14T16:30:37.052+0000] {standard_task_runner.py:60} INFO - Started process 51307 to run task
[2026-08-14T16:30:37.061+0000] {standard_task_runner.py:87} INFO - Running: ['***', 'tasks', 'run', 'air_quality_ingestion', 'ingest_to_bronze', 'scheduled__2026-08-14T15:00:00+00:00', '--job-id', '312', '--raw', '--subdir', 'DAGS_FOLDER/ingestion_dag.py', '--cfg-path', '/tmp/tmp7f_cuegi']
[2026-08-14T16:30:37.094+0000] {standard_task_runner.py:88} INFO - Job 312: Subtask ingest_to_bronze
[2026-08-14T16:30:37.736+0000] {task_command.py:423} INFO - Running <TaskInstance: air_quality_ingestion.ingest_to_bronze scheduled__2026-08-14T15:00:00+00:00 [running]> on host 6a0525c4c718
[2026-08-14T16:30:37.996+0000] {taskinstance.py:2480} INFO - Exporting env vars: AIRFLOW_CTX_DAG_OWNER='***' AIRFLOW_CTX_DAG_ID='air_quality_ingestion' AIRFLOW_CTX_TASK_ID='ingest_to_bronze' AIRFLOW_CTX_EXECUTION_DATE='2026-08-14T15:00:00+00:00' AIRFLOW_CTX_TRY_NUMBER='1' AIRFLOW_CTX_DAG_RUN_ID='scheduled__2026-08-14T15:00:00+00:00'
[2026-08-14T16:30:38.236+0000] {logging_mixin.py:188} INFO - Created bucket: bronze-air-quality
[2026-08-14T16:30:38.261+0000] {logging_mixin.py:188} INFO - Created bucket: silver-air-quality
[2026-08-14T16:30:38.308+0000] {logging_mixin.py:188} INFO - Created bucket: gold-air-quality
[2026-08-14T16:30:39.562+0000] {logging_mixin.py:188} INFO - ✓ new york: AQI=44
[2026-08-14T16:30:40.875+0000] {logging_mixin.py:188} INFO - ✓ london: AQI=53
[2026-08-14T16:30:42.079+0000] {logging_mixin.py:188} INFO - ✓ beijing: AQI=61
[2026-08-14T16:30:43.272+0000] {logging_mixin.py:188} INFO - ✓ delhi: AQI=61
[2026-08-14T16:30:44.506+0000] {logging_mixin.py:188} INFO - ✓ sydney: AQI=61
[2026-08-14T16:30:44.528+0000] {logging_mixin.py:188} INFO - Saved → s3://bronze-air-quality/year=2026/month=08/day=14/city=new_york/163038.json
[2026-08-14T16:30:44.546+0000] {logging_mixin.py:188} INFO - Saved → s3://bronze-air-quality/year=2026/month=08/day=14/city=london/163038.json
[2026-08-14T16:30:44.564+0000] {logging_mixin.py:188} INFO - Saved → s3://bronze-air-quality/year=2026/month=08/day=14/city=beijing/163038.json
[2026-08-14T16:30:44.584+0000] {logging_mixin.py:188} INFO - Saved → s3://bronze-air-quality/year=2026/month=08/day=14/city=delhi/163038.json
[2026-08-14T16:30:44.602+0000] {logging_mixin.py:188} INFO - Saved → s3://bronze-air-quality/year=2026/month=08/day=14/city=sydney/163038.json
[2026-08-14T16:30:44.607+0000] {logging_mixin.py:188} INFO - 
Total records ingested: 5
[2026-08-14T16:30:44.611+0000] {python.py:201} INFO - Done. Returned value was: None
[2026-08-14T16:30:44.630+0000] {taskinstance.py:1138} INFO - Marking task as SUCCESS. dag_id=air_quality_ingestion, task_id=ingest_to_bronze, execution_date=20260814T150000, start_date=20260814T163036, end_date=20260814T163044
[2026-08-14T16:30:44.750+0000] {local_task_job_runner.py:234} INFO - Task exited with return code 0
[2026-08-14T16:30:44.787+0000] {taskinstance.py:3280} INFO - 0 downstream tasks scheduled from follow-on schedule check
