[2026-09-07T17:48:20.450+0000] {taskinstance.py:1956} INFO - Dependencies all met for dep_context=non-requeueable deps ti=<TaskInstance: air_quality_ingestion.ingest_to_bronze scheduled__2026-09-07T16:00:00+00:00 [queued]>
[2026-09-07T17:48:20.496+0000] {taskinstance.py:1956} INFO - Dependencies all met for dep_context=requeueable deps ti=<TaskInstance: air_quality_ingestion.ingest_to_bronze scheduled__2026-09-07T16:00:00+00:00 [queued]>
[2026-09-07T17:48:20.509+0000] {taskinstance.py:2170} INFO - Starting attempt 1 of 4
[2026-09-07T17:48:20.657+0000] {taskinstance.py:2191} INFO - Executing <Task(PythonOperator): ingest_to_bronze> on 2026-09-07 16:00:00+00:00
[2026-09-07T17:48:20.755+0000] {standard_task_runner.py:60} INFO - Started process 94470 to run task
[2026-09-07T17:48:20.830+0000] {standard_task_runner.py:87} INFO - Running: ['***', 'tasks', 'run', 'air_quality_ingestion', 'ingest_to_bronze', 'scheduled__2026-09-07T16:00:00+00:00', '--job-id', '703', '--raw', '--subdir', 'DAGS_FOLDER/ingestion_dag.py', '--cfg-path', '/tmp/tmp45eusld6']
[2026-09-07T17:48:20.883+0000] {standard_task_runner.py:88} INFO - Job 703: Subtask ingest_to_bronze
[2026-09-07T17:48:21.209+0000] {task_command.py:423} INFO - Running <TaskInstance: air_quality_ingestion.ingest_to_bronze scheduled__2026-09-07T16:00:00+00:00 [running]> on host 6a0525c4c718
[2026-09-07T17:48:21.576+0000] {taskinstance.py:2480} INFO - Exporting env vars: AIRFLOW_CTX_DAG_OWNER='***' AIRFLOW_CTX_DAG_ID='air_quality_ingestion' AIRFLOW_CTX_TASK_ID='ingest_to_bronze' AIRFLOW_CTX_EXECUTION_DATE='2026-09-07T16:00:00+00:00' AIRFLOW_CTX_TRY_NUMBER='1' AIRFLOW_CTX_DAG_RUN_ID='scheduled__2026-09-07T16:00:00+00:00'
[2026-09-07T17:48:22.203+0000] {logging_mixin.py:188} INFO - Created bucket: bronze-air-quality
[2026-09-07T17:48:22.243+0000] {logging_mixin.py:188} INFO - Created bucket: silver-air-quality
[2026-09-07T17:48:22.274+0000] {logging_mixin.py:188} INFO - Created bucket: gold-air-quality
[2026-09-07T17:48:23.779+0000] {logging_mixin.py:188} INFO - ✓ new york: AQI=23
[2026-09-07T17:48:25.348+0000] {logging_mixin.py:188} INFO - ✓ london: AQI=42
[2026-09-07T17:48:26.585+0000] {logging_mixin.py:188} INFO - ✓ beijing: AQI=19
[2026-09-07T17:48:27.607+0000] {logging_mixin.py:188} INFO - ✓ delhi: AQI=137
[2026-09-07T17:48:28.760+0000] {logging_mixin.py:188} INFO - ✓ sydney: AQI=23
[2026-09-07T17:48:28.806+0000] {logging_mixin.py:188} INFO - Saved → s3://bronze-air-quality/year=2026/month=09/day=07/city=new_york/174822.json
[2026-09-07T17:48:28.828+0000] {logging_mixin.py:188} INFO - Saved → s3://bronze-air-quality/year=2026/month=09/day=07/city=london/174822.json
[2026-09-07T17:48:28.851+0000] {logging_mixin.py:188} INFO - Saved → s3://bronze-air-quality/year=2026/month=09/day=07/city=beijing/174822.json
[2026-09-07T17:48:28.875+0000] {logging_mixin.py:188} INFO - Saved → s3://bronze-air-quality/year=2026/month=09/day=07/city=delhi/174822.json
[2026-09-07T17:48:28.895+0000] {logging_mixin.py:188} INFO - Saved → s3://bronze-air-quality/year=2026/month=09/day=07/city=sydney/174822.json
[2026-09-07T17:48:28.908+0000] {logging_mixin.py:188} INFO - 
Total records ingested: 5
[2026-09-07T17:48:28.917+0000] {python.py:201} INFO - Done. Returned value was: None
[2026-09-07T17:48:28.972+0000] {taskinstance.py:1138} INFO - Marking task as SUCCESS. dag_id=air_quality_ingestion, task_id=ingest_to_bronze, execution_date=20260907T160000, start_date=20260907T174820, end_date=20260907T174828
[2026-09-07T17:48:29.064+0000] {local_task_job_runner.py:234} INFO - Task exited with return code 0
[2026-09-07T17:48:29.116+0000] {taskinstance.py:3280} INFO - 0 downstream tasks scheduled from follow-on schedule check
