[2026-09-08T15:14:47.540+0000] {taskinstance.py:1956} INFO - Dependencies all met for dep_context=non-requeueable deps ti=<TaskInstance: air_quality_ingestion.ingest_to_bronze scheduled__2026-09-08T06:00:00+00:00 [queued]>
[2026-09-08T15:14:47.644+0000] {taskinstance.py:1956} INFO - Dependencies all met for dep_context=requeueable deps ti=<TaskInstance: air_quality_ingestion.ingest_to_bronze scheduled__2026-09-08T06:00:00+00:00 [queued]>
[2026-09-08T15:14:47.667+0000] {taskinstance.py:2170} INFO - Starting attempt 1 of 4
[2026-09-08T15:14:47.703+0000] {taskinstance.py:2191} INFO - Executing <Task(PythonOperator): ingest_to_bronze> on 2026-09-08 06:00:00+00:00
[2026-09-08T15:14:47.725+0000] {standard_task_runner.py:60} INFO - Started process 97200 to run task
[2026-09-08T15:14:47.736+0000] {standard_task_runner.py:87} INFO - Running: ['***', 'tasks', 'run', 'air_quality_ingestion', 'ingest_to_bronze', 'scheduled__2026-09-08T06:00:00+00:00', '--job-id', '717', '--raw', '--subdir', 'DAGS_FOLDER/ingestion_dag.py', '--cfg-path', '/tmp/tmpow7yx66b']
[2026-09-08T15:14:47.751+0000] {standard_task_runner.py:88} INFO - Job 717: Subtask ingest_to_bronze
[2026-09-08T15:14:48.102+0000] {task_command.py:423} INFO - Running <TaskInstance: air_quality_ingestion.ingest_to_bronze scheduled__2026-09-08T06:00:00+00:00 [running]> on host 6a0525c4c718
[2026-09-08T15:14:48.332+0000] {taskinstance.py:2480} INFO - Exporting env vars: AIRFLOW_CTX_DAG_OWNER='***' AIRFLOW_CTX_DAG_ID='air_quality_ingestion' AIRFLOW_CTX_TASK_ID='ingest_to_bronze' AIRFLOW_CTX_EXECUTION_DATE='2026-09-08T06:00:00+00:00' AIRFLOW_CTX_TRY_NUMBER='1' AIRFLOW_CTX_DAG_RUN_ID='scheduled__2026-09-08T06:00:00+00:00'
[2026-09-08T15:14:48.621+0000] {logging_mixin.py:188} INFO - Created bucket: bronze-air-quality
[2026-09-08T15:14:48.646+0000] {logging_mixin.py:188} INFO - Created bucket: silver-air-quality
[2026-09-08T15:14:48.670+0000] {logging_mixin.py:188} INFO - Created bucket: gold-air-quality
[2026-09-08T15:14:48.727+0000] {logging_mixin.py:188} INFO - ✗ new york: HTTPSConnectionPool(host='api.waqi.info', port=443): Max retries exceeded with url: /feed/new%20york/?token=2cc5f2fc84f739a6377a29001c83fd1911c54797 (Caused by NewConnectionError('<urllib3.connection.HTTPSConnection object at 0x70c3bd32d350>: Failed to establish a new connection: [Errno 111] Connection refused'))
[2026-09-08T15:14:48.773+0000] {logging_mixin.py:188} INFO - ✗ london: HTTPSConnectionPool(host='api.waqi.info', port=443): Max retries exceeded with url: /feed/london/?token=2cc5f2fc84f739a6377a29001c83fd1911c54797 (Caused by NewConnectionError('<urllib3.connection.HTTPSConnection object at 0x70c3bd32f150>: Failed to establish a new connection: [Errno 111] Connection refused'))
[2026-09-08T15:14:48.861+0000] {logging_mixin.py:188} INFO - ✗ beijing: HTTPSConnectionPool(host='api.waqi.info', port=443): Max retries exceeded with url: /feed/beijing/?token=2cc5f2fc84f739a6377a29001c83fd1911c54797 (Caused by NewConnectionError('<urllib3.connection.HTTPSConnection object at 0x70c3bd339790>: Failed to establish a new connection: [Errno 111] Connection refused'))
[2026-09-08T15:14:48.982+0000] {logging_mixin.py:188} INFO - ✗ delhi: HTTPSConnectionPool(host='api.waqi.info', port=443): Max retries exceeded with url: /feed/delhi/?token=2cc5f2fc84f739a6377a29001c83fd1911c54797 (Caused by NewConnectionError('<urllib3.connection.HTTPSConnection object at 0x70c3bd32c3d0>: Failed to establish a new connection: [Errno 111] Connection refused'))
[2026-09-08T15:14:49.048+0000] {logging_mixin.py:188} INFO - ✗ sydney: HTTPSConnectionPool(host='api.waqi.info', port=443): Max retries exceeded with url: /feed/sydney/?token=2cc5f2fc84f739a6377a29001c83fd1911c54797 (Caused by NewConnectionError('<urllib3.connection.HTTPSConnection object at 0x70c3bd33a790>: Failed to establish a new connection: [Errno 111] Connection refused'))
[2026-09-08T15:14:49.057+0000] {logging_mixin.py:188} INFO - 
Total records ingested: 0
[2026-09-08T15:14:49.062+0000] {python.py:201} INFO - Done. Returned value was: None
[2026-09-08T15:14:49.089+0000] {taskinstance.py:1138} INFO - Marking task as SUCCESS. dag_id=air_quality_ingestion, task_id=ingest_to_bronze, execution_date=20260908T060000, start_date=20260908T151447, end_date=20260908T151449
[2026-09-08T15:14:49.158+0000] {local_task_job_runner.py:234} INFO - Task exited with return code 0
[2026-09-08T15:14:49.200+0000] {taskinstance.py:3280} INFO - 0 downstream tasks scheduled from follow-on schedule check
