[2026-09-07T15:00:01.035+0000] {taskinstance.py:1956} INFO - Dependencies all met for dep_context=non-requeueable deps ti=<TaskInstance: air_quality_ingestion.ingest_to_bronze scheduled__2026-09-07T14:00:00+00:00 [queued]>
[2026-09-07T15:00:01.042+0000] {taskinstance.py:1956} INFO - Dependencies all met for dep_context=requeueable deps ti=<TaskInstance: air_quality_ingestion.ingest_to_bronze scheduled__2026-09-07T14:00:00+00:00 [queued]>
[2026-09-07T15:00:01.043+0000] {taskinstance.py:2170} INFO - Starting attempt 1 of 4
[2026-09-07T15:00:01.054+0000] {taskinstance.py:2191} INFO - Executing <Task(PythonOperator): ingest_to_bronze> on 2026-09-07 14:00:00+00:00
[2026-09-07T15:00:01.060+0000] {standard_task_runner.py:60} INFO - Started process 93016 to run task
[2026-09-07T15:00:01.062+0000] {standard_task_runner.py:87} INFO - Running: ['***', 'tasks', 'run', 'air_quality_ingestion', 'ingest_to_bronze', 'scheduled__2026-09-07T14:00:00+00:00', '--job-id', '698', '--raw', '--subdir', 'DAGS_FOLDER/ingestion_dag.py', '--cfg-path', '/tmp/tmpf6dyr2ln']
[2026-09-07T15:00:01.065+0000] {standard_task_runner.py:88} INFO - Job 698: Subtask ingest_to_bronze
[2026-09-07T15:00:01.134+0000] {task_command.py:423} INFO - Running <TaskInstance: air_quality_ingestion.ingest_to_bronze scheduled__2026-09-07T14:00:00+00:00 [running]> on host 6a0525c4c718
[2026-09-07T15:00:01.214+0000] {taskinstance.py:2480} INFO - Exporting env vars: AIRFLOW_CTX_DAG_OWNER='***' AIRFLOW_CTX_DAG_ID='air_quality_ingestion' AIRFLOW_CTX_TASK_ID='ingest_to_bronze' AIRFLOW_CTX_EXECUTION_DATE='2026-09-07T14:00:00+00:00' AIRFLOW_CTX_TRY_NUMBER='1' AIRFLOW_CTX_DAG_RUN_ID='scheduled__2026-09-07T14:00:00+00:00'
[2026-09-07T15:00:01.296+0000] {logging_mixin.py:188} INFO - Created bucket: bronze-air-quality
[2026-09-07T15:00:01.302+0000] {logging_mixin.py:188} INFO - Created bucket: silver-air-quality
[2026-09-07T15:00:01.308+0000] {logging_mixin.py:188} INFO - Created bucket: gold-air-quality
[2026-09-07T15:00:02.131+0000] {logging_mixin.py:188} INFO - ✓ new york: AQI=26
[2026-09-07T15:00:02.850+0000] {logging_mixin.py:188} INFO - ✓ london: AQI=42
[2026-09-07T15:00:03.708+0000] {logging_mixin.py:188} INFO - ✓ beijing: AQI=25
[2026-09-07T15:00:04.490+0000] {logging_mixin.py:188} INFO - ✓ delhi: AQI=75
[2026-09-07T15:00:05.200+0000] {logging_mixin.py:188} INFO - ✓ sydney: AQI=16
[2026-09-07T15:00:05.261+0000] {logging_mixin.py:188} INFO - Saved → s3://bronze-air-quality/year=2026/month=09/day=07/city=new_york/150001.json
[2026-09-07T15:00:05.270+0000] {logging_mixin.py:188} INFO - Saved → s3://bronze-air-quality/year=2026/month=09/day=07/city=london/150001.json
[2026-09-07T15:00:05.278+0000] {logging_mixin.py:188} INFO - Saved → s3://bronze-air-quality/year=2026/month=09/day=07/city=beijing/150001.json
[2026-09-07T15:00:05.284+0000] {logging_mixin.py:188} INFO - Saved → s3://bronze-air-quality/year=2026/month=09/day=07/city=delhi/150001.json
[2026-09-07T15:00:05.291+0000] {logging_mixin.py:188} INFO - Saved → s3://bronze-air-quality/year=2026/month=09/day=07/city=sydney/150001.json
[2026-09-07T15:00:05.292+0000] {logging_mixin.py:188} INFO - 
Total records ingested: 5
[2026-09-07T15:00:05.293+0000] {python.py:201} INFO - Done. Returned value was: None
[2026-09-07T15:00:05.301+0000] {taskinstance.py:1138} INFO - Marking task as SUCCESS. dag_id=air_quality_ingestion, task_id=ingest_to_bronze, execution_date=20260907T140000, start_date=20260907T150001, end_date=20260907T150005
[2026-09-07T15:00:05.343+0000] {local_task_job_runner.py:234} INFO - Task exited with return code 0
[2026-09-07T15:00:05.357+0000] {taskinstance.py:3280} INFO - 0 downstream tasks scheduled from follow-on schedule check
