[2026-08-30T21:05:01.073+0000] {taskinstance.py:1956} INFO - Dependencies all met for dep_context=non-requeueable deps ti=<TaskInstance: air_quality_pipeline.wait_for_ingestion scheduled__2026-08-30T20:05:00+00:00 [queued]>
[2026-08-30T21:05:01.080+0000] {taskinstance.py:1956} INFO - Dependencies all met for dep_context=requeueable deps ti=<TaskInstance: air_quality_pipeline.wait_for_ingestion scheduled__2026-08-30T20:05:00+00:00 [queued]>
[2026-08-30T21:05:01.081+0000] {taskinstance.py:2170} INFO - Starting attempt 1 of 3
[2026-08-30T21:05:01.097+0000] {taskinstance.py:2191} INFO - Executing <Task(ExternalTaskSensor): wait_for_ingestion> on 2026-08-30 20:05:00+00:00
[2026-08-30T21:05:01.103+0000] {standard_task_runner.py:60} INFO - Started process 18574 to run task
[2026-08-30T21:05:01.107+0000] {standard_task_runner.py:87} INFO - Running: ['***', 'tasks', 'run', 'air_quality_pipeline', 'wait_for_ingestion', 'scheduled__2026-08-30T20:05:00+00:00', '--job-id', '470', '--raw', '--subdir', 'DAGS_FOLDER/spark_pipeline_dag.py', '--cfg-path', '/tmp/tmpdhpx1laq']
[2026-08-30T21:05:01.110+0000] {standard_task_runner.py:88} INFO - Job 470: Subtask wait_for_ingestion
[2026-08-30T21:05:01.207+0000] {task_command.py:423} INFO - Running <TaskInstance: air_quality_pipeline.wait_for_ingestion scheduled__2026-08-30T20:05:00+00:00 [running]> on host 6a0525c4c718
[2026-08-30T21:05:01.286+0000] {taskinstance.py:2480} INFO - Exporting env vars: AIRFLOW_CTX_DAG_OWNER='***' AIRFLOW_CTX_DAG_ID='air_quality_pipeline' AIRFLOW_CTX_TASK_ID='wait_for_ingestion' AIRFLOW_CTX_EXECUTION_DATE='2026-08-30T20:05:00+00:00' AIRFLOW_CTX_TRY_NUMBER='1' AIRFLOW_CTX_DAG_RUN_ID='scheduled__2026-08-30T20:05:00+00:00'
[2026-08-30T21:05:01.288+0000] {external_task.py:244} INFO - Poking for tasks ['ingest_to_bronze'] in dag air_quality_ingestion on 2026-08-30T20:05:00+00:00 ... 
[2026-08-30T21:05:31.296+0000] {external_task.py:244} INFO - Poking for tasks ['ingest_to_bronze'] in dag air_quality_ingestion on 2026-08-30T20:05:00+00:00 ... 
[2026-08-30T21:06:01.302+0000] {external_task.py:244} INFO - Poking for tasks ['ingest_to_bronze'] in dag air_quality_ingestion on 2026-08-30T20:05:00+00:00 ... 
[2026-08-30T21:06:31.322+0000] {external_task.py:244} INFO - Poking for tasks ['ingest_to_bronze'] in dag air_quality_ingestion on 2026-08-30T20:05:00+00:00 ... 
[2026-08-30T21:07:01.330+0000] {external_task.py:244} INFO - Poking for tasks ['ingest_to_bronze'] in dag air_quality_ingestion on 2026-08-30T20:05:00+00:00 ... 
[2026-08-30T21:07:31.340+0000] {external_task.py:244} INFO - Poking for tasks ['ingest_to_bronze'] in dag air_quality_ingestion on 2026-08-30T20:05:00+00:00 ... 
[2026-08-30T21:08:01.351+0000] {external_task.py:244} INFO - Poking for tasks ['ingest_to_bronze'] in dag air_quality_ingestion on 2026-08-30T20:05:00+00:00 ... 
[2026-08-30T21:08:31.357+0000] {external_task.py:244} INFO - Poking for tasks ['ingest_to_bronze'] in dag air_quality_ingestion on 2026-08-30T20:05:00+00:00 ... 
[2026-08-30T21:09:01.364+0000] {external_task.py:244} INFO - Poking for tasks ['ingest_to_bronze'] in dag air_quality_ingestion on 2026-08-30T20:05:00+00:00 ... 
[2026-08-30T21:09:31.372+0000] {external_task.py:244} INFO - Poking for tasks ['ingest_to_bronze'] in dag air_quality_ingestion on 2026-08-30T20:05:00+00:00 ... 
[2026-08-30T21:10:01.384+0000] {external_task.py:244} INFO - Poking for tasks ['ingest_to_bronze'] in dag air_quality_ingestion on 2026-08-30T20:05:00+00:00 ... 
[2026-08-30T21:10:01.394+0000] {taskinstance.py:2698} ERROR - Task failed with exception
Traceback (most recent call last):
  File "/home/airflow/.local/lib/python3.11/site-packages/airflow/models/taskinstance.py", line 433, in _execute_task
    result = execute_callable(context=context, **execute_callable_kwargs)
             ^^^^^^^^^^^^^^^^^^^^^^^^^^^^^^^^^^^^^^^^^^^^^^^^^^^^^^^^^^^^
  File "/home/airflow/.local/lib/python3.11/site-packages/airflow/sensors/external_task.py", line 334, in execute
    super().execute(context)
  File "/home/airflow/.local/lib/python3.11/site-packages/airflow/sensors/base.py", line 282, in execute
    raise AirflowSensorTimeout(message)
airflow.exceptions.AirflowSensorTimeout: Sensor has timed out; run duration of 300.1321873420093 seconds exceeds the specified timeout of 300.0.
[2026-08-30T21:10:01.406+0000] {taskinstance.py:1138} INFO - Immediate failure requested. Marking task as FAILED. dag_id=air_quality_pipeline, task_id=wait_for_ingestion, execution_date=20260830T200500, start_date=20260830T210501, end_date=20260830T211001
[2026-08-30T21:10:01.424+0000] {standard_task_runner.py:107} ERROR - Failed to execute job 470 for task wait_for_ingestion (Sensor has timed out; run duration of 300.1321873420093 seconds exceeds the specified timeout of 300.0.; 18574)
[2026-08-30T21:10:01.453+0000] {local_task_job_runner.py:234} INFO - Task exited with return code 1
[2026-08-30T21:10:01.478+0000] {taskinstance.py:3280} INFO - 0 downstream tasks scheduled from follow-on schedule check
