[2026-09-04T21:46:25.647+0000] {taskinstance.py:1956} INFO - Dependencies all met for dep_context=non-requeueable deps ti=<TaskInstance: air_quality_pipeline.wait_for_ingestion scheduled__2026-09-04T18:05:00+00:00 [queued]>
[2026-09-04T21:46:25.663+0000] {taskinstance.py:1956} INFO - Dependencies all met for dep_context=requeueable deps ti=<TaskInstance: air_quality_pipeline.wait_for_ingestion scheduled__2026-09-04T18:05:00+00:00 [queued]>
[2026-09-04T21:46:25.672+0000] {taskinstance.py:2170} INFO - Starting attempt 1 of 3
[2026-09-04T21:46:25.704+0000] {taskinstance.py:2191} INFO - Executing <Task(ExternalTaskSensor): wait_for_ingestion> on 2026-09-04 18:05:00+00:00
[2026-09-04T21:46:25.724+0000] {standard_task_runner.py:60} INFO - Started process 61021 to run task
[2026-09-04T21:46:25.728+0000] {standard_task_runner.py:87} INFO - Running: ['***', 'tasks', 'run', 'air_quality_pipeline', 'wait_for_ingestion', 'scheduled__2026-09-04T18:05:00+00:00', '--job-id', '617', '--raw', '--subdir', 'DAGS_FOLDER/spark_pipeline_dag.py', '--cfg-path', '/tmp/tmpr0341jcv']
[2026-09-04T21:46:25.744+0000] {standard_task_runner.py:88} INFO - Job 617: Subtask wait_for_ingestion
[2026-09-04T21:46:25.887+0000] {task_command.py:423} INFO - Running <TaskInstance: air_quality_pipeline.wait_for_ingestion scheduled__2026-09-04T18:05:00+00:00 [running]> on host 6a0525c4c718
[2026-09-04T21:46:26.021+0000] {taskinstance.py:2480} INFO - Exporting env vars: AIRFLOW_CTX_DAG_OWNER='***' AIRFLOW_CTX_DAG_ID='air_quality_pipeline' AIRFLOW_CTX_TASK_ID='wait_for_ingestion' AIRFLOW_CTX_EXECUTION_DATE='2026-09-04T18:05:00+00:00' AIRFLOW_CTX_TRY_NUMBER='1' AIRFLOW_CTX_DAG_RUN_ID='scheduled__2026-09-04T18:05:00+00:00'
[2026-09-04T21:46:26.025+0000] {external_task.py:244} INFO - Poking for tasks ['ingest_to_bronze'] in dag air_quality_ingestion on 2026-09-04T18:05:00+00:00 ... 
[2026-09-04T21:46:56.040+0000] {external_task.py:244} INFO - Poking for tasks ['ingest_to_bronze'] in dag air_quality_ingestion on 2026-09-04T18:05:00+00:00 ... 
[2026-09-04T21:47:26.050+0000] {external_task.py:244} INFO - Poking for tasks ['ingest_to_bronze'] in dag air_quality_ingestion on 2026-09-04T18:05:00+00:00 ... 
[2026-09-04T21:47:56.061+0000] {external_task.py:244} INFO - Poking for tasks ['ingest_to_bronze'] in dag air_quality_ingestion on 2026-09-04T18:05:00+00:00 ... 
[2026-09-04T21:48:26.072+0000] {external_task.py:244} INFO - Poking for tasks ['ingest_to_bronze'] in dag air_quality_ingestion on 2026-09-04T18:05:00+00:00 ... 
[2026-09-04T21:48:56.081+0000] {external_task.py:244} INFO - Poking for tasks ['ingest_to_bronze'] in dag air_quality_ingestion on 2026-09-04T18:05:00+00:00 ... 
[2026-09-04T21:49:26.087+0000] {external_task.py:244} INFO - Poking for tasks ['ingest_to_bronze'] in dag air_quality_ingestion on 2026-09-04T18:05:00+00:00 ... 
[2026-09-04T21:49:56.096+0000] {external_task.py:244} INFO - Poking for tasks ['ingest_to_bronze'] in dag air_quality_ingestion on 2026-09-04T18:05:00+00:00 ... 
[2026-09-04T21:50:26.107+0000] {external_task.py:244} INFO - Poking for tasks ['ingest_to_bronze'] in dag air_quality_ingestion on 2026-09-04T18:05:00+00:00 ... 
[2026-09-04T21:50:56.118+0000] {external_task.py:244} INFO - Poking for tasks ['ingest_to_bronze'] in dag air_quality_ingestion on 2026-09-04T18:05:00+00:00 ... 
[2026-09-04T21:51:26.127+0000] {external_task.py:244} INFO - Poking for tasks ['ingest_to_bronze'] in dag air_quality_ingestion on 2026-09-04T18:05:00+00:00 ... 
[2026-09-04T21:51:26.136+0000] {taskinstance.py:2698} ERROR - Task failed with exception
Traceback (most recent call last):
  File "/home/airflow/.local/lib/python3.11/site-packages/airflow/models/taskinstance.py", line 433, in _execute_task
    result = execute_callable(context=context, **execute_callable_kwargs)
             ^^^^^^^^^^^^^^^^^^^^^^^^^^^^^^^^^^^^^^^^^^^^^^^^^^^^^^^^^^^^
  File "/home/airflow/.local/lib/python3.11/site-packages/airflow/sensors/external_task.py", line 334, in execute
    super().execute(context)
  File "/home/airflow/.local/lib/python3.11/site-packages/airflow/sensors/base.py", line 282, in execute
    raise AirflowSensorTimeout(message)
airflow.exceptions.AirflowSensorTimeout: Sensor has timed out; run duration of 300.1289143890026 seconds exceeds the specified timeout of 300.0.
[2026-09-04T21:51:26.146+0000] {taskinstance.py:1138} INFO - Immediate failure requested. Marking task as FAILED. dag_id=air_quality_pipeline, task_id=wait_for_ingestion, execution_date=20260904T180500, start_date=20260904T214625, end_date=20260904T215126
[2026-09-04T21:51:26.162+0000] {standard_task_runner.py:107} ERROR - Failed to execute job 617 for task wait_for_ingestion (Sensor has timed out; run duration of 300.1289143890026 seconds exceeds the specified timeout of 300.0.; 61021)
[2026-09-04T21:51:26.183+0000] {local_task_job_runner.py:234} INFO - Task exited with return code 1
[2026-09-04T21:51:26.207+0000] {taskinstance.py:3280} INFO - 0 downstream tasks scheduled from follow-on schedule check
