[2026-08-31T18:00:00.885+0000] {taskinstance.py:1956} INFO - Dependencies all met for dep_context=non-requeueable deps ti=<TaskInstance: air_quality_ingestion.ingest_to_bronze scheduled__2026-08-31T17:00:00+00:00 [queued]>
[2026-08-31T18:00:00.890+0000] {taskinstance.py:1956} INFO - Dependencies all met for dep_context=requeueable deps ti=<TaskInstance: air_quality_ingestion.ingest_to_bronze scheduled__2026-08-31T17:00:00+00:00 [queued]>
[2026-08-31T18:00:00.891+0000] {taskinstance.py:2170} INFO - Starting attempt 1 of 4
[2026-08-31T18:00:00.901+0000] {taskinstance.py:2191} INFO - Executing <Task(PythonOperator): ingest_to_bronze> on 2026-08-31 17:00:00+00:00
[2026-08-31T18:00:00.905+0000] {standard_task_runner.py:60} INFO - Started process 29187 to run task
[2026-08-31T18:00:00.908+0000] {standard_task_runner.py:87} INFO - Running: ['***', 'tasks', 'run', 'air_quality_ingestion', 'ingest_to_bronze', 'scheduled__2026-08-31T17:00:00+00:00', '--job-id', '496', '--raw', '--subdir', 'DAGS_FOLDER/ingestion_dag.py', '--cfg-path', '/tmp/tmpeaq50z1a']
[2026-08-31T18:00:00.910+0000] {standard_task_runner.py:88} INFO - Job 496: Subtask ingest_to_bronze
[2026-08-31T18:00:00.970+0000] {task_command.py:423} INFO - Running <TaskInstance: air_quality_ingestion.ingest_to_bronze scheduled__2026-08-31T17:00:00+00:00 [running]> on host 6a0525c4c718
[2026-08-31T18:00:01.034+0000] {taskinstance.py:2480} INFO - Exporting env vars: AIRFLOW_CTX_DAG_OWNER='***' AIRFLOW_CTX_DAG_ID='air_quality_ingestion' AIRFLOW_CTX_TASK_ID='ingest_to_bronze' AIRFLOW_CTX_EXECUTION_DATE='2026-08-31T17:00:00+00:00' AIRFLOW_CTX_TRY_NUMBER='1' AIRFLOW_CTX_DAG_RUN_ID='scheduled__2026-08-31T17:00:00+00:00'
[2026-08-31T18:00:01.113+0000] {logging_mixin.py:188} INFO - Created bucket: bronze-air-quality
[2026-08-31T18:00:01.118+0000] {logging_mixin.py:188} INFO - Created bucket: silver-air-quality
[2026-08-31T18:00:01.122+0000] {logging_mixin.py:188} INFO - Created bucket: gold-air-quality
[2026-08-31T18:00:01.911+0000] {logging_mixin.py:188} INFO - ✓ new york: AQI=27
[2026-08-31T18:00:02.817+0000] {logging_mixin.py:188} INFO - ✓ london: AQI=34
[2026-08-31T18:00:03.619+0000] {logging_mixin.py:188} INFO - ✓ beijing: AQI=53
[2026-08-31T18:00:04.373+0000] {logging_mixin.py:188} INFO - ✓ delhi: AQI=68
[2026-08-31T18:00:05.134+0000] {logging_mixin.py:188} INFO - ✓ sydney: AQI=32
[2026-08-31T18:00:05.151+0000] {logging_mixin.py:188} INFO - Saved → s3://bronze-air-quality/year=2026/month=08/day=31/city=new_york/180001.json
[2026-08-31T18:00:05.158+0000] {logging_mixin.py:188} INFO - Saved → s3://bronze-air-quality/year=2026/month=08/day=31/city=london/180001.json
[2026-08-31T18:00:05.163+0000] {logging_mixin.py:188} INFO - Saved → s3://bronze-air-quality/year=2026/month=08/day=31/city=beijing/180001.json
[2026-08-31T18:00:05.168+0000] {logging_mixin.py:188} INFO - Saved → s3://bronze-air-quality/year=2026/month=08/day=31/city=delhi/180001.json
[2026-08-31T18:00:05.174+0000] {logging_mixin.py:188} INFO - Saved → s3://bronze-air-quality/year=2026/month=08/day=31/city=sydney/180001.json
[2026-08-31T18:00:05.174+0000] {logging_mixin.py:188} INFO - 
Total records ingested: 5
[2026-08-31T18:00:05.175+0000] {python.py:201} INFO - Done. Returned value was: None
[2026-08-31T18:00:05.183+0000] {taskinstance.py:1138} INFO - Marking task as SUCCESS. dag_id=air_quality_ingestion, task_id=ingest_to_bronze, execution_date=20260831T170000, start_date=20260831T180000, end_date=20260831T180005
[2026-08-31T18:00:05.199+0000] {local_task_job_runner.py:234} INFO - Task exited with return code 0
[2026-08-31T18:00:05.211+0000] {taskinstance.py:3280} INFO - 0 downstream tasks scheduled from follow-on schedule check
