[2026-08-29T05:05:37.547+0000] {processor.py:161} INFO - Started process (PID=13613) to work on /opt/airflow/dags/spark_pipeline_dag.py
[2026-08-29T05:05:37.551+0000] {processor.py:830} INFO - Processing file /opt/airflow/dags/spark_pipeline_dag.py for tasks to queue
[2026-08-29T05:05:37.561+0000] {logging_mixin.py:188} INFO - [2026-08-29T05:05:37.560+0000] {dagbag.py:538} INFO - Filling up the DagBag from /opt/airflow/dags/spark_pipeline_dag.py
[2026-08-29T05:05:38.396+0000] {processor.py:840} INFO - DAG(s) 'air_quality_pipeline' retrieved from /opt/airflow/dags/spark_pipeline_dag.py
[2026-08-29T05:05:38.959+0000] {logging_mixin.py:188} INFO - [2026-08-29T05:05:38.958+0000] {dag.py:3036} INFO - Sync 1 DAGs
[2026-08-29T05:05:39.889+0000] {logging_mixin.py:188} INFO - [2026-08-29T05:05:39.888+0000] {dag.py:3823} INFO - Setting next_dagrun for air_quality_pipeline to 2026-08-29 05:05:00+00:00, run_after=2026-08-29 06:05:00+00:00
[2026-08-29T05:05:40.183+0000] {processor.py:183} INFO - Processing /opt/airflow/dags/spark_pipeline_dag.py took 2.644 seconds
[2026-08-29T05:06:10.984+0000] {processor.py:161} INFO - Started process (PID=13629) to work on /opt/airflow/dags/spark_pipeline_dag.py
[2026-08-29T05:06:11.030+0000] {processor.py:830} INFO - Processing file /opt/airflow/dags/spark_pipeline_dag.py for tasks to queue
[2026-08-29T05:06:11.062+0000] {logging_mixin.py:188} INFO - [2026-08-29T05:06:11.061+0000] {dagbag.py:538} INFO - Filling up the DagBag from /opt/airflow/dags/spark_pipeline_dag.py
[2026-08-29T05:06:11.573+0000] {processor.py:840} INFO - DAG(s) 'air_quality_pipeline' retrieved from /opt/airflow/dags/spark_pipeline_dag.py
[2026-08-29T05:06:11.733+0000] {logging_mixin.py:188} INFO - [2026-08-29T05:06:11.732+0000] {dag.py:3036} INFO - Sync 1 DAGs
[2026-08-29T05:06:12.016+0000] {logging_mixin.py:188} INFO - [2026-08-29T05:06:12.016+0000] {dag.py:3823} INFO - Setting next_dagrun for air_quality_pipeline to 2026-08-29 05:05:00+00:00, run_after=2026-08-29 06:05:00+00:00
[2026-08-29T05:06:12.125+0000] {processor.py:183} INFO - Processing /opt/airflow/dags/spark_pipeline_dag.py took 1.148 seconds
[2026-08-29T05:06:42.308+0000] {processor.py:161} INFO - Started process (PID=13639) to work on /opt/airflow/dags/spark_pipeline_dag.py
[2026-08-29T05:06:42.313+0000] {processor.py:830} INFO - Processing file /opt/airflow/dags/spark_pipeline_dag.py for tasks to queue
[2026-08-29T05:06:42.316+0000] {logging_mixin.py:188} INFO - [2026-08-29T05:06:42.315+0000] {dagbag.py:538} INFO - Filling up the DagBag from /opt/airflow/dags/spark_pipeline_dag.py
[2026-08-29T05:06:42.348+0000] {processor.py:840} INFO - DAG(s) 'air_quality_pipeline' retrieved from /opt/airflow/dags/spark_pipeline_dag.py
[2026-08-29T05:06:42.379+0000] {logging_mixin.py:188} INFO - [2026-08-29T05:06:42.379+0000] {dag.py:3036} INFO - Sync 1 DAGs
[2026-08-29T05:06:42.410+0000] {logging_mixin.py:188} INFO - [2026-08-29T05:06:42.410+0000] {dag.py:3823} INFO - Setting next_dagrun for air_quality_pipeline to 2026-08-29 05:05:00+00:00, run_after=2026-08-29 06:05:00+00:00
[2026-08-29T05:06:42.435+0000] {processor.py:183} INFO - Processing /opt/airflow/dags/spark_pipeline_dag.py took 0.134 seconds
[2026-08-29T05:07:12.723+0000] {processor.py:161} INFO - Started process (PID=13649) to work on /opt/airflow/dags/spark_pipeline_dag.py
[2026-08-29T05:07:12.725+0000] {processor.py:830} INFO - Processing file /opt/airflow/dags/spark_pipeline_dag.py for tasks to queue
[2026-08-29T05:07:12.727+0000] {logging_mixin.py:188} INFO - [2026-08-29T05:07:12.727+0000] {dagbag.py:538} INFO - Filling up the DagBag from /opt/airflow/dags/spark_pipeline_dag.py
[2026-08-29T05:07:12.780+0000] {processor.py:840} INFO - DAG(s) 'air_quality_pipeline' retrieved from /opt/airflow/dags/spark_pipeline_dag.py
[2026-08-29T05:07:12.826+0000] {logging_mixin.py:188} INFO - [2026-08-29T05:07:12.826+0000] {dag.py:3036} INFO - Sync 1 DAGs
[2026-08-29T05:07:12.868+0000] {logging_mixin.py:188} INFO - [2026-08-29T05:07:12.868+0000] {dag.py:3823} INFO - Setting next_dagrun for air_quality_pipeline to 2026-08-29 05:05:00+00:00, run_after=2026-08-29 06:05:00+00:00
[2026-08-29T05:07:12.905+0000] {processor.py:183} INFO - Processing /opt/airflow/dags/spark_pipeline_dag.py took 0.186 seconds
[2026-08-29T05:07:43.108+0000] {processor.py:161} INFO - Started process (PID=13659) to work on /opt/airflow/dags/spark_pipeline_dag.py
[2026-08-29T05:07:43.110+0000] {processor.py:830} INFO - Processing file /opt/airflow/dags/spark_pipeline_dag.py for tasks to queue
[2026-08-29T05:07:43.112+0000] {logging_mixin.py:188} INFO - [2026-08-29T05:07:43.112+0000] {dagbag.py:538} INFO - Filling up the DagBag from /opt/airflow/dags/spark_pipeline_dag.py
[2026-08-29T05:07:43.148+0000] {processor.py:840} INFO - DAG(s) 'air_quality_pipeline' retrieved from /opt/airflow/dags/spark_pipeline_dag.py
[2026-08-29T05:07:43.185+0000] {logging_mixin.py:188} INFO - [2026-08-29T05:07:43.185+0000] {dag.py:3036} INFO - Sync 1 DAGs
[2026-08-29T05:07:43.229+0000] {logging_mixin.py:188} INFO - [2026-08-29T05:07:43.228+0000] {dag.py:3823} INFO - Setting next_dagrun for air_quality_pipeline to 2026-08-29 05:05:00+00:00, run_after=2026-08-29 06:05:00+00:00
[2026-08-29T05:07:43.254+0000] {processor.py:183} INFO - Processing /opt/airflow/dags/spark_pipeline_dag.py took 0.155 seconds
[2026-08-29T05:15:24.961+0000] {processor.py:161} INFO - Started process (PID=13671) to work on /opt/airflow/dags/spark_pipeline_dag.py
[2026-08-29T05:15:24.978+0000] {processor.py:830} INFO - Processing file /opt/airflow/dags/spark_pipeline_dag.py for tasks to queue
[2026-08-29T05:15:25.006+0000] {logging_mixin.py:188} INFO - [2026-08-29T05:15:25.004+0000] {dagbag.py:538} INFO - Filling up the DagBag from /opt/airflow/dags/spark_pipeline_dag.py
[2026-08-29T05:15:25.325+0000] {processor.py:840} INFO - DAG(s) 'air_quality_pipeline' retrieved from /opt/airflow/dags/spark_pipeline_dag.py
[2026-08-29T05:15:25.535+0000] {logging_mixin.py:188} INFO - [2026-08-29T05:15:25.535+0000] {dag.py:3036} INFO - Sync 1 DAGs
[2026-08-29T05:15:25.731+0000] {logging_mixin.py:188} INFO - [2026-08-29T05:15:25.731+0000] {dag.py:3823} INFO - Setting next_dagrun for air_quality_pipeline to 2026-08-29 05:05:00+00:00, run_after=2026-08-29 06:05:00+00:00
[2026-08-29T05:15:25.853+0000] {processor.py:183} INFO - Processing /opt/airflow/dags/spark_pipeline_dag.py took 0.990 seconds
[2026-08-29T05:16:50.603+0000] {processor.py:161} INFO - Started process (PID=13683) to work on /opt/airflow/dags/spark_pipeline_dag.py
[2026-08-29T05:16:50.606+0000] {processor.py:830} INFO - Processing file /opt/airflow/dags/spark_pipeline_dag.py for tasks to queue
[2026-08-29T05:16:50.609+0000] {logging_mixin.py:188} INFO - [2026-08-29T05:16:50.608+0000] {dagbag.py:538} INFO - Filling up the DagBag from /opt/airflow/dags/spark_pipeline_dag.py
[2026-08-29T05:16:50.693+0000] {processor.py:840} INFO - DAG(s) 'air_quality_pipeline' retrieved from /opt/airflow/dags/spark_pipeline_dag.py
[2026-08-29T05:16:50.756+0000] {logging_mixin.py:188} INFO - [2026-08-29T05:16:50.755+0000] {dag.py:3036} INFO - Sync 1 DAGs
[2026-08-29T05:16:50.849+0000] {logging_mixin.py:188} INFO - [2026-08-29T05:16:50.848+0000] {dag.py:3823} INFO - Setting next_dagrun for air_quality_pipeline to 2026-08-29 05:05:00+00:00, run_after=2026-08-29 06:05:00+00:00
[2026-08-29T05:16:50.920+0000] {processor.py:183} INFO - Processing /opt/airflow/dags/spark_pipeline_dag.py took 0.324 seconds
[2026-08-29T05:17:21.173+0000] {processor.py:161} INFO - Started process (PID=13688) to work on /opt/airflow/dags/spark_pipeline_dag.py
[2026-08-29T05:17:21.177+0000] {processor.py:830} INFO - Processing file /opt/airflow/dags/spark_pipeline_dag.py for tasks to queue
[2026-08-29T05:17:21.181+0000] {logging_mixin.py:188} INFO - [2026-08-29T05:17:21.180+0000] {dagbag.py:538} INFO - Filling up the DagBag from /opt/airflow/dags/spark_pipeline_dag.py
[2026-08-29T05:17:21.243+0000] {processor.py:840} INFO - DAG(s) 'air_quality_pipeline' retrieved from /opt/airflow/dags/spark_pipeline_dag.py
[2026-08-29T05:17:21.291+0000] {logging_mixin.py:188} INFO - [2026-08-29T05:17:21.291+0000] {dag.py:3036} INFO - Sync 1 DAGs
[2026-08-29T05:17:21.341+0000] {logging_mixin.py:188} INFO - [2026-08-29T05:17:21.340+0000] {dag.py:3823} INFO - Setting next_dagrun for air_quality_pipeline to 2026-08-29 05:05:00+00:00, run_after=2026-08-29 06:05:00+00:00
[2026-08-29T05:17:21.383+0000] {processor.py:183} INFO - Processing /opt/airflow/dags/spark_pipeline_dag.py took 0.216 seconds
[2026-08-29T05:17:51.747+0000] {processor.py:161} INFO - Started process (PID=13698) to work on /opt/airflow/dags/spark_pipeline_dag.py
[2026-08-29T05:17:51.749+0000] {processor.py:830} INFO - Processing file /opt/airflow/dags/spark_pipeline_dag.py for tasks to queue
[2026-08-29T05:17:51.750+0000] {logging_mixin.py:188} INFO - [2026-08-29T05:17:51.750+0000] {dagbag.py:538} INFO - Filling up the DagBag from /opt/airflow/dags/spark_pipeline_dag.py
[2026-08-29T05:17:51.798+0000] {processor.py:840} INFO - DAG(s) 'air_quality_pipeline' retrieved from /opt/airflow/dags/spark_pipeline_dag.py
[2026-08-29T05:17:51.837+0000] {logging_mixin.py:188} INFO - [2026-08-29T05:17:51.836+0000] {dag.py:3036} INFO - Sync 1 DAGs
[2026-08-29T05:17:51.872+0000] {logging_mixin.py:188} INFO - [2026-08-29T05:17:51.872+0000] {dag.py:3823} INFO - Setting next_dagrun for air_quality_pipeline to 2026-08-29 05:05:00+00:00, run_after=2026-08-29 06:05:00+00:00
[2026-08-29T05:17:51.909+0000] {processor.py:183} INFO - Processing /opt/airflow/dags/spark_pipeline_dag.py took 0.165 seconds
[2026-08-29T05:18:22.198+0000] {processor.py:161} INFO - Started process (PID=13708) to work on /opt/airflow/dags/spark_pipeline_dag.py
[2026-08-29T05:18:22.199+0000] {processor.py:830} INFO - Processing file /opt/airflow/dags/spark_pipeline_dag.py for tasks to queue
[2026-08-29T05:18:22.201+0000] {logging_mixin.py:188} INFO - [2026-08-29T05:18:22.200+0000] {dagbag.py:538} INFO - Filling up the DagBag from /opt/airflow/dags/spark_pipeline_dag.py
[2026-08-29T05:18:22.225+0000] {processor.py:840} INFO - DAG(s) 'air_quality_pipeline' retrieved from /opt/airflow/dags/spark_pipeline_dag.py
[2026-08-29T05:18:22.251+0000] {logging_mixin.py:188} INFO - [2026-08-29T05:18:22.251+0000] {dag.py:3036} INFO - Sync 1 DAGs
[2026-08-29T05:18:22.276+0000] {logging_mixin.py:188} INFO - [2026-08-29T05:18:22.276+0000] {dag.py:3823} INFO - Setting next_dagrun for air_quality_pipeline to 2026-08-29 05:05:00+00:00, run_after=2026-08-29 06:05:00+00:00
[2026-08-29T05:18:22.299+0000] {processor.py:183} INFO - Processing /opt/airflow/dags/spark_pipeline_dag.py took 0.104 seconds
[2026-08-29T05:18:52.594+0000] {processor.py:161} INFO - Started process (PID=13718) to work on /opt/airflow/dags/spark_pipeline_dag.py
[2026-08-29T05:18:52.596+0000] {processor.py:830} INFO - Processing file /opt/airflow/dags/spark_pipeline_dag.py for tasks to queue
[2026-08-29T05:18:52.598+0000] {logging_mixin.py:188} INFO - [2026-08-29T05:18:52.597+0000] {dagbag.py:538} INFO - Filling up the DagBag from /opt/airflow/dags/spark_pipeline_dag.py
[2026-08-29T05:18:52.624+0000] {processor.py:840} INFO - DAG(s) 'air_quality_pipeline' retrieved from /opt/airflow/dags/spark_pipeline_dag.py
[2026-08-29T05:18:52.648+0000] {logging_mixin.py:188} INFO - [2026-08-29T05:18:52.648+0000] {dag.py:3036} INFO - Sync 1 DAGs
[2026-08-29T05:18:52.674+0000] {logging_mixin.py:188} INFO - [2026-08-29T05:18:52.673+0000] {dag.py:3823} INFO - Setting next_dagrun for air_quality_pipeline to 2026-08-29 05:05:00+00:00, run_after=2026-08-29 06:05:00+00:00
[2026-08-29T05:18:52.697+0000] {processor.py:183} INFO - Processing /opt/airflow/dags/spark_pipeline_dag.py took 0.108 seconds
[2026-08-29T05:19:23.032+0000] {processor.py:161} INFO - Started process (PID=13728) to work on /opt/airflow/dags/spark_pipeline_dag.py
[2026-08-29T05:19:23.035+0000] {processor.py:830} INFO - Processing file /opt/airflow/dags/spark_pipeline_dag.py for tasks to queue
[2026-08-29T05:19:23.037+0000] {logging_mixin.py:188} INFO - [2026-08-29T05:19:23.037+0000] {dagbag.py:538} INFO - Filling up the DagBag from /opt/airflow/dags/spark_pipeline_dag.py
[2026-08-29T05:19:23.070+0000] {processor.py:840} INFO - DAG(s) 'air_quality_pipeline' retrieved from /opt/airflow/dags/spark_pipeline_dag.py
[2026-08-29T05:19:23.117+0000] {logging_mixin.py:188} INFO - [2026-08-29T05:19:23.117+0000] {dag.py:3036} INFO - Sync 1 DAGs
[2026-08-29T05:19:23.141+0000] {logging_mixin.py:188} INFO - [2026-08-29T05:19:23.141+0000] {dag.py:3823} INFO - Setting next_dagrun for air_quality_pipeline to 2026-08-29 05:05:00+00:00, run_after=2026-08-29 06:05:00+00:00
[2026-08-29T05:19:23.166+0000] {processor.py:183} INFO - Processing /opt/airflow/dags/spark_pipeline_dag.py took 0.149 seconds
[2026-08-29T05:19:53.553+0000] {processor.py:161} INFO - Started process (PID=13738) to work on /opt/airflow/dags/spark_pipeline_dag.py
[2026-08-29T05:19:53.554+0000] {processor.py:830} INFO - Processing file /opt/airflow/dags/spark_pipeline_dag.py for tasks to queue
[2026-08-29T05:19:53.555+0000] {logging_mixin.py:188} INFO - [2026-08-29T05:19:53.555+0000] {dagbag.py:538} INFO - Filling up the DagBag from /opt/airflow/dags/spark_pipeline_dag.py
[2026-08-29T05:19:53.579+0000] {processor.py:840} INFO - DAG(s) 'air_quality_pipeline' retrieved from /opt/airflow/dags/spark_pipeline_dag.py
[2026-08-29T05:19:53.598+0000] {logging_mixin.py:188} INFO - [2026-08-29T05:19:53.598+0000] {dag.py:3036} INFO - Sync 1 DAGs
[2026-08-29T05:19:53.620+0000] {logging_mixin.py:188} INFO - [2026-08-29T05:19:53.620+0000] {dag.py:3823} INFO - Setting next_dagrun for air_quality_pipeline to 2026-08-29 05:05:00+00:00, run_after=2026-08-29 06:05:00+00:00
[2026-08-29T05:19:53.642+0000] {processor.py:183} INFO - Processing /opt/airflow/dags/spark_pipeline_dag.py took 0.092 seconds
[2026-08-29T05:20:24.009+0000] {processor.py:161} INFO - Started process (PID=13748) to work on /opt/airflow/dags/spark_pipeline_dag.py
[2026-08-29T05:20:24.010+0000] {processor.py:830} INFO - Processing file /opt/airflow/dags/spark_pipeline_dag.py for tasks to queue
[2026-08-29T05:20:24.011+0000] {logging_mixin.py:188} INFO - [2026-08-29T05:20:24.011+0000] {dagbag.py:538} INFO - Filling up the DagBag from /opt/airflow/dags/spark_pipeline_dag.py
[2026-08-29T05:20:24.033+0000] {processor.py:840} INFO - DAG(s) 'air_quality_pipeline' retrieved from /opt/airflow/dags/spark_pipeline_dag.py
[2026-08-29T05:20:24.052+0000] {logging_mixin.py:188} INFO - [2026-08-29T05:20:24.052+0000] {dag.py:3036} INFO - Sync 1 DAGs
[2026-08-29T05:20:24.074+0000] {logging_mixin.py:188} INFO - [2026-08-29T05:20:24.074+0000] {dag.py:3823} INFO - Setting next_dagrun for air_quality_pipeline to 2026-08-29 05:05:00+00:00, run_after=2026-08-29 06:05:00+00:00
[2026-08-29T05:20:24.095+0000] {processor.py:183} INFO - Processing /opt/airflow/dags/spark_pipeline_dag.py took 0.088 seconds
[2026-08-29T05:34:22.667+0000] {processor.py:161} INFO - Started process (PID=13760) to work on /opt/airflow/dags/spark_pipeline_dag.py
[2026-08-29T05:34:22.669+0000] {processor.py:830} INFO - Processing file /opt/airflow/dags/spark_pipeline_dag.py for tasks to queue
[2026-08-29T05:34:22.672+0000] {logging_mixin.py:188} INFO - [2026-08-29T05:34:22.671+0000] {dagbag.py:538} INFO - Filling up the DagBag from /opt/airflow/dags/spark_pipeline_dag.py
[2026-08-29T05:34:22.722+0000] {processor.py:840} INFO - DAG(s) 'air_quality_pipeline' retrieved from /opt/airflow/dags/spark_pipeline_dag.py
[2026-08-29T05:34:22.801+0000] {logging_mixin.py:188} INFO - [2026-08-29T05:34:22.801+0000] {dag.py:3036} INFO - Sync 1 DAGs
[2026-08-29T05:34:22.878+0000] {logging_mixin.py:188} INFO - [2026-08-29T05:34:22.877+0000] {dag.py:3823} INFO - Setting next_dagrun for air_quality_pipeline to 2026-08-29 05:05:00+00:00, run_after=2026-08-29 06:05:00+00:00
[2026-08-29T05:34:23.113+0000] {processor.py:183} INFO - Processing /opt/airflow/dags/spark_pipeline_dag.py took 0.451 seconds
[2026-08-29T07:41:48.334+0000] {processor.py:161} INFO - Started process (PID=13770) to work on /opt/airflow/dags/spark_pipeline_dag.py
[2026-08-29T07:41:48.338+0000] {processor.py:830} INFO - Processing file /opt/airflow/dags/spark_pipeline_dag.py for tasks to queue
[2026-08-29T07:41:48.345+0000] {logging_mixin.py:188} INFO - [2026-08-29T07:41:48.345+0000] {dagbag.py:538} INFO - Filling up the DagBag from /opt/airflow/dags/spark_pipeline_dag.py
[2026-08-29T07:41:48.485+0000] {processor.py:840} INFO - DAG(s) 'air_quality_pipeline' retrieved from /opt/airflow/dags/spark_pipeline_dag.py
[2026-08-29T07:41:48.527+0000] {logging_mixin.py:188} INFO - [2026-08-29T07:41:48.527+0000] {dag.py:3036} INFO - Sync 1 DAGs
[2026-08-29T07:41:48.573+0000] {logging_mixin.py:188} INFO - [2026-08-29T07:41:48.572+0000] {dag.py:3823} INFO - Setting next_dagrun for air_quality_pipeline to 2026-08-29 07:05:00+00:00, run_after=2026-08-29 08:05:00+00:00
[2026-08-29T07:41:48.642+0000] {processor.py:183} INFO - Processing /opt/airflow/dags/spark_pipeline_dag.py took 0.314 seconds
