[2026-08-27T19:06:27.634+0000] {taskinstance.py:1956} INFO - Dependencies all met for dep_context=non-requeueable deps ti=<TaskInstance: air_quality_ingestion.ingest_to_bronze scheduled__2026-08-27T18:00:00+00:00 [queued]>
[2026-08-27T19:06:27.647+0000] {taskinstance.py:1956} INFO - Dependencies all met for dep_context=requeueable deps ti=<TaskInstance: air_quality_ingestion.ingest_to_bronze scheduled__2026-08-27T18:00:00+00:00 [queued]>
[2026-08-27T19:06:27.648+0000] {taskinstance.py:2170} INFO - Starting attempt 1 of 4
[2026-08-27T19:06:27.667+0000] {taskinstance.py:2191} INFO - Executing <Task(PythonOperator): ingest_to_bronze> on 2026-08-27 18:00:00+00:00
[2026-08-27T19:06:27.688+0000] {standard_task_runner.py:60} INFO - Started process 8513 to run task
[2026-08-27T19:06:27.693+0000] {standard_task_runner.py:87} INFO - Running: ['***', 'tasks', 'run', 'air_quality_ingestion', 'ingest_to_bronze', 'scheduled__2026-08-27T18:00:00+00:00', '--job-id', '406', '--raw', '--subdir', 'DAGS_FOLDER/ingestion_dag.py', '--cfg-path', '/tmp/tmpyorvfrol']
[2026-08-27T19:06:27.696+0000] {standard_task_runner.py:88} INFO - Job 406: Subtask ingest_to_bronze
[2026-08-27T19:06:27.783+0000] {task_command.py:423} INFO - Running <TaskInstance: air_quality_ingestion.ingest_to_bronze scheduled__2026-08-27T18:00:00+00:00 [running]> on host 6a0525c4c718
[2026-08-27T19:06:27.897+0000] {taskinstance.py:2480} INFO - Exporting env vars: AIRFLOW_CTX_DAG_OWNER='***' AIRFLOW_CTX_DAG_ID='air_quality_ingestion' AIRFLOW_CTX_TASK_ID='ingest_to_bronze' AIRFLOW_CTX_EXECUTION_DATE='2026-08-27T18:00:00+00:00' AIRFLOW_CTX_TRY_NUMBER='1' AIRFLOW_CTX_DAG_RUN_ID='scheduled__2026-08-27T18:00:00+00:00'
[2026-08-27T19:06:28.278+0000] {logging_mixin.py:188} INFO - Created bucket: bronze-air-quality
[2026-08-27T19:06:28.295+0000] {logging_mixin.py:188} INFO - Created bucket: silver-air-quality
[2026-08-27T19:06:28.309+0000] {logging_mixin.py:188} INFO - Created bucket: gold-air-quality
[2026-08-27T19:06:29.372+0000] {logging_mixin.py:188} INFO - ✓ new york: AQI=28
[2026-08-27T19:06:30.189+0000] {logging_mixin.py:188} INFO - ✓ london: AQI=61
[2026-08-27T19:06:31.001+0000] {logging_mixin.py:188} INFO - ✓ beijing: AQI=34
[2026-08-27T19:06:31.813+0000] {logging_mixin.py:188} INFO - ✓ delhi: AQI=119
[2026-08-27T19:06:32.644+0000] {logging_mixin.py:188} INFO - ✓ sydney: AQI=41
[2026-08-27T19:06:32.687+0000] {logging_mixin.py:188} INFO - Saved → s3://bronze-air-quality/year=2026/month=08/day=27/city=new_york/190628.json
[2026-08-27T19:06:32.696+0000] {logging_mixin.py:188} INFO - Saved → s3://bronze-air-quality/year=2026/month=08/day=27/city=london/190628.json
[2026-08-27T19:06:32.703+0000] {logging_mixin.py:188} INFO - Saved → s3://bronze-air-quality/year=2026/month=08/day=27/city=beijing/190628.json
[2026-08-27T19:06:32.711+0000] {logging_mixin.py:188} INFO - Saved → s3://bronze-air-quality/year=2026/month=08/day=27/city=delhi/190628.json
[2026-08-27T19:06:32.718+0000] {logging_mixin.py:188} INFO - Saved → s3://bronze-air-quality/year=2026/month=08/day=27/city=sydney/190628.json
[2026-08-27T19:06:32.718+0000] {logging_mixin.py:188} INFO - 
Total records ingested: 5
[2026-08-27T19:06:32.719+0000] {python.py:201} INFO - Done. Returned value was: None
[2026-08-27T19:06:32.729+0000] {taskinstance.py:1138} INFO - Marking task as SUCCESS. dag_id=air_quality_ingestion, task_id=ingest_to_bronze, execution_date=20260827T180000, start_date=20260827T190627, end_date=20260827T190632
[2026-08-27T19:06:32.754+0000] {local_task_job_runner.py:234} INFO - Task exited with return code 0
[2026-08-27T19:06:32.768+0000] {taskinstance.py:3280} INFO - 0 downstream tasks scheduled from follow-on schedule check
