[2026-08-31T20:00:00.766+0000] {taskinstance.py:1956} INFO - Dependencies all met for dep_context=non-requeueable deps ti=<TaskInstance: air_quality_ingestion.ingest_to_bronze scheduled__2026-08-31T19:00:00+00:00 [queued]>
[2026-08-31T20:00:00.774+0000] {taskinstance.py:1956} INFO - Dependencies all met for dep_context=requeueable deps ti=<TaskInstance: air_quality_ingestion.ingest_to_bronze scheduled__2026-08-31T19:00:00+00:00 [queued]>
[2026-08-31T20:00:00.775+0000] {taskinstance.py:2170} INFO - Starting attempt 1 of 4
[2026-08-31T20:00:00.786+0000] {taskinstance.py:2191} INFO - Executing <Task(PythonOperator): ingest_to_bronze> on 2026-08-31 19:00:00+00:00
[2026-08-31T20:00:00.790+0000] {standard_task_runner.py:60} INFO - Started process 31237 to run task
[2026-08-31T20:00:00.793+0000] {standard_task_runner.py:87} INFO - Running: ['***', 'tasks', 'run', 'air_quality_ingestion', 'ingest_to_bronze', 'scheduled__2026-08-31T19:00:00+00:00', '--job-id', '500', '--raw', '--subdir', 'DAGS_FOLDER/ingestion_dag.py', '--cfg-path', '/tmp/tmpckpgst60']
[2026-08-31T20:00:00.796+0000] {standard_task_runner.py:88} INFO - Job 500: Subtask ingest_to_bronze
[2026-08-31T20:00:00.862+0000] {task_command.py:423} INFO - Running <TaskInstance: air_quality_ingestion.ingest_to_bronze scheduled__2026-08-31T19:00:00+00:00 [running]> on host 6a0525c4c718
[2026-08-31T20:00:00.933+0000] {taskinstance.py:2480} INFO - Exporting env vars: AIRFLOW_CTX_DAG_OWNER='***' AIRFLOW_CTX_DAG_ID='air_quality_ingestion' AIRFLOW_CTX_TASK_ID='ingest_to_bronze' AIRFLOW_CTX_EXECUTION_DATE='2026-08-31T19:00:00+00:00' AIRFLOW_CTX_TRY_NUMBER='1' AIRFLOW_CTX_DAG_RUN_ID='scheduled__2026-08-31T19:00:00+00:00'
[2026-08-31T20:00:01.043+0000] {logging_mixin.py:188} INFO - Created bucket: bronze-air-quality
[2026-08-31T20:00:01.050+0000] {logging_mixin.py:188} INFO - Created bucket: silver-air-quality
[2026-08-31T20:00:01.055+0000] {logging_mixin.py:188} INFO - Created bucket: gold-air-quality
[2026-08-31T20:00:02.175+0000] {logging_mixin.py:188} INFO - ✓ new york: AQI=39
[2026-08-31T20:00:03.340+0000] {logging_mixin.py:188} INFO - ✓ london: AQI=30
[2026-08-31T20:00:04.455+0000] {logging_mixin.py:188} INFO - ✓ beijing: AQI=38
[2026-08-31T20:00:05.542+0000] {logging_mixin.py:188} INFO - ✓ delhi: AQI=87
[2026-08-31T20:00:06.681+0000] {logging_mixin.py:188} INFO - ✓ sydney: AQI=31
[2026-08-31T20:00:06.704+0000] {logging_mixin.py:188} INFO - Saved → s3://bronze-air-quality/year=2026/month=08/day=31/city=new_york/200001.json
[2026-08-31T20:00:06.713+0000] {logging_mixin.py:188} INFO - Saved → s3://bronze-air-quality/year=2026/month=08/day=31/city=london/200001.json
[2026-08-31T20:00:06.721+0000] {logging_mixin.py:188} INFO - Saved → s3://bronze-air-quality/year=2026/month=08/day=31/city=beijing/200001.json
[2026-08-31T20:00:06.729+0000] {logging_mixin.py:188} INFO - Saved → s3://bronze-air-quality/year=2026/month=08/day=31/city=delhi/200001.json
[2026-08-31T20:00:06.736+0000] {logging_mixin.py:188} INFO - Saved → s3://bronze-air-quality/year=2026/month=08/day=31/city=sydney/200001.json
[2026-08-31T20:00:06.737+0000] {logging_mixin.py:188} INFO - 
Total records ingested: 5
[2026-08-31T20:00:06.738+0000] {python.py:201} INFO - Done. Returned value was: None
[2026-08-31T20:00:06.750+0000] {taskinstance.py:1138} INFO - Marking task as SUCCESS. dag_id=air_quality_ingestion, task_id=ingest_to_bronze, execution_date=20260831T190000, start_date=20260831T200000, end_date=20260831T200006
[2026-08-31T20:00:06.807+0000] {local_task_job_runner.py:234} INFO - Task exited with return code 0
[2026-08-31T20:00:06.822+0000] {taskinstance.py:3280} INFO - 0 downstream tasks scheduled from follow-on schedule check
