[2026-09-06T08:00:00.798+0000] {taskinstance.py:1956} INFO - Dependencies all met for dep_context=non-requeueable deps ti=<TaskInstance: air_quality_ingestion.ingest_to_bronze scheduled__2026-09-06T07:00:00+00:00 [queued]>
[2026-09-06T08:00:00.804+0000] {taskinstance.py:1956} INFO - Dependencies all met for dep_context=requeueable deps ti=<TaskInstance: air_quality_ingestion.ingest_to_bronze scheduled__2026-09-06T07:00:00+00:00 [queued]>
[2026-09-06T08:00:00.805+0000] {taskinstance.py:2170} INFO - Starting attempt 1 of 4
[2026-09-06T08:00:00.815+0000] {taskinstance.py:2191} INFO - Executing <Task(PythonOperator): ingest_to_bronze> on 2026-09-06 07:00:00+00:00
[2026-09-06T08:00:00.819+0000] {standard_task_runner.py:60} INFO - Started process 69373 to run task
[2026-09-06T08:00:00.822+0000] {standard_task_runner.py:87} INFO - Running: ['***', 'tasks', 'run', 'air_quality_ingestion', 'ingest_to_bronze', 'scheduled__2026-09-06T07:00:00+00:00', '--job-id', '647', '--raw', '--subdir', 'DAGS_FOLDER/ingestion_dag.py', '--cfg-path', '/tmp/tmph1llfrob']
[2026-09-06T08:00:00.824+0000] {standard_task_runner.py:88} INFO - Job 647: Subtask ingest_to_bronze
[2026-09-06T08:00:00.882+0000] {task_command.py:423} INFO - Running <TaskInstance: air_quality_ingestion.ingest_to_bronze scheduled__2026-09-06T07:00:00+00:00 [running]> on host 6a0525c4c718
[2026-09-06T08:00:00.948+0000] {taskinstance.py:2480} INFO - Exporting env vars: AIRFLOW_CTX_DAG_OWNER='***' AIRFLOW_CTX_DAG_ID='air_quality_ingestion' AIRFLOW_CTX_TASK_ID='ingest_to_bronze' AIRFLOW_CTX_EXECUTION_DATE='2026-09-06T07:00:00+00:00' AIRFLOW_CTX_TRY_NUMBER='1' AIRFLOW_CTX_DAG_RUN_ID='scheduled__2026-09-06T07:00:00+00:00'
[2026-09-06T08:00:01.025+0000] {logging_mixin.py:188} INFO - Created bucket: bronze-air-quality
[2026-09-06T08:00:01.031+0000] {logging_mixin.py:188} INFO - Created bucket: silver-air-quality
[2026-09-06T08:00:01.037+0000] {logging_mixin.py:188} INFO - Created bucket: gold-air-quality
[2026-09-06T08:00:01.853+0000] {logging_mixin.py:188} INFO - ✓ new york: AQI=23
[2026-09-06T08:00:02.622+0000] {logging_mixin.py:188} INFO - ✓ london: AQI=30
[2026-09-06T08:00:03.346+0000] {logging_mixin.py:188} INFO - ✓ beijing: AQI=94
[2026-09-06T08:00:04.077+0000] {logging_mixin.py:188} INFO - ✓ delhi: AQI=2
[2026-09-06T08:00:04.891+0000] {logging_mixin.py:188} INFO - ✓ sydney: AQI=24
[2026-09-06T08:00:04.902+0000] {logging_mixin.py:188} INFO - Saved → s3://bronze-air-quality/year=2026/month=09/day=06/city=new_york/080001.json
[2026-09-06T08:00:04.908+0000] {logging_mixin.py:188} INFO - Saved → s3://bronze-air-quality/year=2026/month=09/day=06/city=london/080001.json
[2026-09-06T08:00:04.914+0000] {logging_mixin.py:188} INFO - Saved → s3://bronze-air-quality/year=2026/month=09/day=06/city=beijing/080001.json
[2026-09-06T08:00:04.919+0000] {logging_mixin.py:188} INFO - Saved → s3://bronze-air-quality/year=2026/month=09/day=06/city=delhi/080001.json
[2026-09-06T08:00:04.925+0000] {logging_mixin.py:188} INFO - Saved → s3://bronze-air-quality/year=2026/month=09/day=06/city=sydney/080001.json
[2026-09-06T08:00:04.926+0000] {logging_mixin.py:188} INFO - 
Total records ingested: 5
[2026-09-06T08:00:04.926+0000] {python.py:201} INFO - Done. Returned value was: None
[2026-09-06T08:00:04.934+0000] {taskinstance.py:1138} INFO - Marking task as SUCCESS. dag_id=air_quality_ingestion, task_id=ingest_to_bronze, execution_date=20260906T070000, start_date=20260906T080000, end_date=20260906T080004
[2026-09-06T08:00:04.949+0000] {local_task_job_runner.py:234} INFO - Task exited with return code 0
[2026-09-06T08:00:04.961+0000] {taskinstance.py:3280} INFO - 0 downstream tasks scheduled from follow-on schedule check
