[2026-08-15T06:00:01.611+0000] {taskinstance.py:1956} INFO - Dependencies all met for dep_context=non-requeueable deps ti=<TaskInstance: air_quality_ingestion.ingest_to_bronze scheduled__2026-08-15T05:00:00+00:00 [queued]>
[2026-08-15T06:00:01.618+0000] {taskinstance.py:1956} INFO - Dependencies all met for dep_context=requeueable deps ti=<TaskInstance: air_quality_ingestion.ingest_to_bronze scheduled__2026-08-15T05:00:00+00:00 [queued]>
[2026-08-15T06:00:01.619+0000] {taskinstance.py:2170} INFO - Starting attempt 1 of 4
[2026-08-15T06:00:01.633+0000] {taskinstance.py:2191} INFO - Executing <Task(PythonOperator): ingest_to_bronze> on 2026-08-15 05:00:00+00:00
[2026-08-15T06:00:01.637+0000] {standard_task_runner.py:60} INFO - Started process 58652 to run task
[2026-08-15T06:00:01.640+0000] {standard_task_runner.py:87} INFO - Running: ['***', 'tasks', 'run', 'air_quality_ingestion', 'ingest_to_bronze', 'scheduled__2026-08-15T05:00:00+00:00', '--job-id', '341', '--raw', '--subdir', 'DAGS_FOLDER/ingestion_dag.py', '--cfg-path', '/tmp/tmpu2lzdf29']
[2026-08-15T06:00:01.643+0000] {standard_task_runner.py:88} INFO - Job 341: Subtask ingest_to_bronze
[2026-08-15T06:00:01.713+0000] {task_command.py:423} INFO - Running <TaskInstance: air_quality_ingestion.ingest_to_bronze scheduled__2026-08-15T05:00:00+00:00 [running]> on host 6a0525c4c718
[2026-08-15T06:00:01.793+0000] {taskinstance.py:2480} INFO - Exporting env vars: AIRFLOW_CTX_DAG_OWNER='***' AIRFLOW_CTX_DAG_ID='air_quality_ingestion' AIRFLOW_CTX_TASK_ID='ingest_to_bronze' AIRFLOW_CTX_EXECUTION_DATE='2026-08-15T05:00:00+00:00' AIRFLOW_CTX_TRY_NUMBER='1' AIRFLOW_CTX_DAG_RUN_ID='scheduled__2026-08-15T05:00:00+00:00'
[2026-08-15T06:00:01.895+0000] {logging_mixin.py:188} INFO - Created bucket: bronze-air-quality
[2026-08-15T06:00:01.904+0000] {logging_mixin.py:188} INFO - Created bucket: silver-air-quality
[2026-08-15T06:00:01.914+0000] {logging_mixin.py:188} INFO - Created bucket: gold-air-quality
[2026-08-15T06:00:02.946+0000] {logging_mixin.py:188} INFO - ✓ new york: AQI=47
[2026-08-15T06:00:03.700+0000] {logging_mixin.py:188} INFO - ✓ london: AQI=46
[2026-08-15T06:00:04.469+0000] {logging_mixin.py:188} INFO - ✓ beijing: AQI=55
[2026-08-15T06:00:05.209+0000] {logging_mixin.py:188} INFO - ✓ delhi: AQI=93
[2026-08-15T06:00:05.954+0000] {logging_mixin.py:188} INFO - ✓ sydney: AQI=33
[2026-08-15T06:00:05.968+0000] {logging_mixin.py:188} INFO - Saved → s3://bronze-air-quality/year=2026/month=08/day=15/city=new_york/060001.json
[2026-08-15T06:00:05.979+0000] {logging_mixin.py:188} INFO - Saved → s3://bronze-air-quality/year=2026/month=08/day=15/city=london/060001.json
[2026-08-15T06:00:05.988+0000] {logging_mixin.py:188} INFO - Saved → s3://bronze-air-quality/year=2026/month=08/day=15/city=beijing/060001.json
[2026-08-15T06:00:05.997+0000] {logging_mixin.py:188} INFO - Saved → s3://bronze-air-quality/year=2026/month=08/day=15/city=delhi/060001.json
[2026-08-15T06:00:06.004+0000] {logging_mixin.py:188} INFO - Saved → s3://bronze-air-quality/year=2026/month=08/day=15/city=sydney/060001.json
[2026-08-15T06:00:06.005+0000] {logging_mixin.py:188} INFO - 
Total records ingested: 5
[2026-08-15T06:00:06.006+0000] {python.py:201} INFO - Done. Returned value was: None
[2026-08-15T06:00:06.016+0000] {taskinstance.py:1138} INFO - Marking task as SUCCESS. dag_id=air_quality_ingestion, task_id=ingest_to_bronze, execution_date=20260815T050000, start_date=20260815T060001, end_date=20260815T060006
[2026-08-15T06:00:06.045+0000] {local_task_job_runner.py:234} INFO - Task exited with return code 0
[2026-08-15T06:00:06.062+0000] {taskinstance.py:3280} INFO - 0 downstream tasks scheduled from follow-on schedule check
