[2026-08-08T03:00:01.223+0000] {taskinstance.py:1956} INFO - Dependencies all met for dep_context=non-requeueable deps ti=<TaskInstance: air_quality_ingestion.ingest_to_bronze scheduled__2026-08-08T02:00:00+00:00 [queued]>
[2026-08-08T03:00:01.234+0000] {taskinstance.py:1956} INFO - Dependencies all met for dep_context=requeueable deps ti=<TaskInstance: air_quality_ingestion.ingest_to_bronze scheduled__2026-08-08T02:00:00+00:00 [queued]>
[2026-08-08T03:00:01.234+0000] {taskinstance.py:2170} INFO - Starting attempt 1 of 4
[2026-08-08T03:00:01.249+0000] {taskinstance.py:2191} INFO - Executing <Task(PythonOperator): ingest_to_bronze> on 2026-08-08 02:00:00+00:00
[2026-08-08T03:00:01.254+0000] {standard_task_runner.py:60} INFO - Started process 19548 to run task
[2026-08-08T03:00:01.258+0000] {standard_task_runner.py:87} INFO - Running: ['***', 'tasks', 'run', 'air_quality_ingestion', 'ingest_to_bronze', 'scheduled__2026-08-08T02:00:00+00:00', '--job-id', '140', '--raw', '--subdir', 'DAGS_FOLDER/ingestion_dag.py', '--cfg-path', '/tmp/tmpyxe8tdj1']
[2026-08-08T03:00:01.260+0000] {standard_task_runner.py:88} INFO - Job 140: Subtask ingest_to_bronze
[2026-08-08T03:00:01.337+0000] {task_command.py:423} INFO - Running <TaskInstance: air_quality_ingestion.ingest_to_bronze scheduled__2026-08-08T02:00:00+00:00 [running]> on host 6a0525c4c718
[2026-08-08T03:00:01.413+0000] {taskinstance.py:2480} INFO - Exporting env vars: AIRFLOW_CTX_DAG_OWNER='***' AIRFLOW_CTX_DAG_ID='air_quality_ingestion' AIRFLOW_CTX_TASK_ID='ingest_to_bronze' AIRFLOW_CTX_EXECUTION_DATE='2026-08-08T02:00:00+00:00' AIRFLOW_CTX_TRY_NUMBER='1' AIRFLOW_CTX_DAG_RUN_ID='scheduled__2026-08-08T02:00:00+00:00'
[2026-08-08T03:00:01.513+0000] {logging_mixin.py:188} INFO - Created bucket: bronze-air-quality
[2026-08-08T03:00:01.518+0000] {logging_mixin.py:188} INFO - Created bucket: silver-air-quality
[2026-08-08T03:00:01.524+0000] {logging_mixin.py:188} INFO - Created bucket: gold-air-quality
[2026-08-08T03:00:02.325+0000] {logging_mixin.py:188} INFO - ✓ new york: AQI=19
[2026-08-08T03:00:03.057+0000] {logging_mixin.py:188} INFO - ✓ london: AQI=34
[2026-08-08T03:00:03.842+0000] {logging_mixin.py:188} INFO - ✓ beijing: AQI=57
[2026-08-08T03:00:04.630+0000] {logging_mixin.py:188} INFO - ✓ delhi: AQI=65
[2026-08-08T03:00:05.348+0000] {logging_mixin.py:188} INFO - ✓ sydney: AQI=34
[2026-08-08T03:00:05.363+0000] {logging_mixin.py:188} INFO - Saved → s3://bronze-air-quality/year=2026/month=08/day=08/city=new_york/030001.json
[2026-08-08T03:00:05.370+0000] {logging_mixin.py:188} INFO - Saved → s3://bronze-air-quality/year=2026/month=08/day=08/city=london/030001.json
[2026-08-08T03:00:05.376+0000] {logging_mixin.py:188} INFO - Saved → s3://bronze-air-quality/year=2026/month=08/day=08/city=beijing/030001.json
[2026-08-08T03:00:05.383+0000] {logging_mixin.py:188} INFO - Saved → s3://bronze-air-quality/year=2026/month=08/day=08/city=delhi/030001.json
[2026-08-08T03:00:05.390+0000] {logging_mixin.py:188} INFO - Saved → s3://bronze-air-quality/year=2026/month=08/day=08/city=sydney/030001.json
[2026-08-08T03:00:05.391+0000] {logging_mixin.py:188} INFO - 
Total records ingested: 5
[2026-08-08T03:00:05.392+0000] {python.py:201} INFO - Done. Returned value was: None
[2026-08-08T03:00:05.400+0000] {taskinstance.py:1138} INFO - Marking task as SUCCESS. dag_id=air_quality_ingestion, task_id=ingest_to_bronze, execution_date=20260808T020000, start_date=20260808T030001, end_date=20260808T030005
[2026-08-08T03:00:05.454+0000] {local_task_job_runner.py:234} INFO - Task exited with return code 0
[2026-08-08T03:00:05.471+0000] {taskinstance.py:3280} INFO - 0 downstream tasks scheduled from follow-on schedule check
