[2026-09-06T10:00:00.484+0000] {taskinstance.py:1956} INFO - Dependencies all met for dep_context=non-requeueable deps ti=<TaskInstance: air_quality_ingestion.ingest_to_bronze scheduled__2026-09-06T09:00:00+00:00 [queued]>
[2026-09-06T10:00:00.489+0000] {taskinstance.py:1956} INFO - Dependencies all met for dep_context=requeueable deps ti=<TaskInstance: air_quality_ingestion.ingest_to_bronze scheduled__2026-09-06T09:00:00+00:00 [queued]>
[2026-09-06T10:00:00.490+0000] {taskinstance.py:2170} INFO - Starting attempt 1 of 4
[2026-09-06T10:00:00.499+0000] {taskinstance.py:2191} INFO - Executing <Task(PythonOperator): ingest_to_bronze> on 2026-09-06 09:00:00+00:00
[2026-09-06T10:00:00.502+0000] {standard_task_runner.py:60} INFO - Started process 71731 to run task
[2026-09-06T10:00:00.505+0000] {standard_task_runner.py:87} INFO - Running: ['***', 'tasks', 'run', 'air_quality_ingestion', 'ingest_to_bronze', 'scheduled__2026-09-06T09:00:00+00:00', '--job-id', '651', '--raw', '--subdir', 'DAGS_FOLDER/ingestion_dag.py', '--cfg-path', '/tmp/tmpehc9m_du']
[2026-09-06T10:00:00.507+0000] {standard_task_runner.py:88} INFO - Job 651: Subtask ingest_to_bronze
[2026-09-06T10:00:00.577+0000] {task_command.py:423} INFO - Running <TaskInstance: air_quality_ingestion.ingest_to_bronze scheduled__2026-09-06T09:00:00+00:00 [running]> on host 6a0525c4c718
[2026-09-06T10:00:00.666+0000] {taskinstance.py:2480} INFO - Exporting env vars: AIRFLOW_CTX_DAG_OWNER='***' AIRFLOW_CTX_DAG_ID='air_quality_ingestion' AIRFLOW_CTX_TASK_ID='ingest_to_bronze' AIRFLOW_CTX_EXECUTION_DATE='2026-09-06T09:00:00+00:00' AIRFLOW_CTX_TRY_NUMBER='1' AIRFLOW_CTX_DAG_RUN_ID='scheduled__2026-09-06T09:00:00+00:00'
[2026-09-06T10:00:00.733+0000] {logging_mixin.py:188} INFO - Created bucket: bronze-air-quality
[2026-09-06T10:00:00.738+0000] {logging_mixin.py:188} INFO - Created bucket: silver-air-quality
[2026-09-06T10:00:00.743+0000] {logging_mixin.py:188} INFO - Created bucket: gold-air-quality
[2026-09-06T10:00:01.477+0000] {logging_mixin.py:188} INFO - ✓ new york: AQI=27
[2026-09-06T10:00:02.195+0000] {logging_mixin.py:188} INFO - ✓ london: AQI=42
[2026-09-06T10:00:02.943+0000] {logging_mixin.py:188} INFO - ✓ beijing: AQI=89
[2026-09-06T10:00:03.728+0000] {logging_mixin.py:188} INFO - ✓ delhi: AQI=2
[2026-09-06T10:00:04.430+0000] {logging_mixin.py:188} INFO - ✓ sydney: AQI=22
[2026-09-06T10:00:04.439+0000] {logging_mixin.py:188} INFO - Saved → s3://bronze-air-quality/year=2026/month=09/day=06/city=new_york/100000.json
[2026-09-06T10:00:04.446+0000] {logging_mixin.py:188} INFO - Saved → s3://bronze-air-quality/year=2026/month=09/day=06/city=london/100000.json
[2026-09-06T10:00:04.452+0000] {logging_mixin.py:188} INFO - Saved → s3://bronze-air-quality/year=2026/month=09/day=06/city=beijing/100000.json
[2026-09-06T10:00:04.458+0000] {logging_mixin.py:188} INFO - Saved → s3://bronze-air-quality/year=2026/month=09/day=06/city=delhi/100000.json
[2026-09-06T10:00:04.465+0000] {logging_mixin.py:188} INFO - Saved → s3://bronze-air-quality/year=2026/month=09/day=06/city=sydney/100000.json
[2026-09-06T10:00:04.465+0000] {logging_mixin.py:188} INFO - 
Total records ingested: 5
[2026-09-06T10:00:04.466+0000] {python.py:201} INFO - Done. Returned value was: None
[2026-09-06T10:00:04.474+0000] {taskinstance.py:1138} INFO - Marking task as SUCCESS. dag_id=air_quality_ingestion, task_id=ingest_to_bronze, execution_date=20260906T090000, start_date=20260906T100000, end_date=20260906T100004
[2026-09-06T10:00:04.514+0000] {local_task_job_runner.py:234} INFO - Task exited with return code 0
[2026-09-06T10:00:04.548+0000] {taskinstance.py:3280} INFO - 0 downstream tasks scheduled from follow-on schedule check
