[2026-08-07T04:05:01.103+0000] {taskinstance.py:1956} INFO - Dependencies all met for dep_context=non-requeueable deps ti=<TaskInstance: air_quality_pipeline.wait_for_ingestion scheduled__2026-08-07T03:05:00+00:00 [queued]>
[2026-08-07T04:05:01.131+0000] {taskinstance.py:1956} INFO - Dependencies all met for dep_context=requeueable deps ti=<TaskInstance: air_quality_pipeline.wait_for_ingestion scheduled__2026-08-07T03:05:00+00:00 [queued]>
[2026-08-07T04:05:01.132+0000] {taskinstance.py:2170} INFO - Starting attempt 1 of 3
[2026-08-07T04:05:01.175+0000] {taskinstance.py:2191} INFO - Executing <Task(ExternalTaskSensor): wait_for_ingestion> on 2026-08-07 03:05:00+00:00
[2026-08-07T04:05:01.200+0000] {standard_task_runner.py:60} INFO - Started process 8728 to run task
[2026-08-07T04:05:01.215+0000] {standard_task_runner.py:87} INFO - Running: ['***', 'tasks', 'run', 'air_quality_pipeline', 'wait_for_ingestion', 'scheduled__2026-08-07T03:05:00+00:00', '--job-id', '106', '--raw', '--subdir', 'DAGS_FOLDER/spark_pipeline_dag.py', '--cfg-path', '/tmp/tmp5dio5duc']
[2026-08-07T04:05:01.278+0000] {standard_task_runner.py:88} INFO - Job 106: Subtask wait_for_ingestion
[2026-08-07T04:05:01.671+0000] {task_command.py:423} INFO - Running <TaskInstance: air_quality_pipeline.wait_for_ingestion scheduled__2026-08-07T03:05:00+00:00 [running]> on host 6a0525c4c718
[2026-08-07T04:05:02.142+0000] {taskinstance.py:2480} INFO - Exporting env vars: AIRFLOW_CTX_DAG_OWNER='***' AIRFLOW_CTX_DAG_ID='air_quality_pipeline' AIRFLOW_CTX_TASK_ID='wait_for_ingestion' AIRFLOW_CTX_EXECUTION_DATE='2026-08-07T03:05:00+00:00' AIRFLOW_CTX_TRY_NUMBER='1' AIRFLOW_CTX_DAG_RUN_ID='scheduled__2026-08-07T03:05:00+00:00'
[2026-08-07T04:05:02.146+0000] {external_task.py:244} INFO - Poking for tasks ['ingest_to_bronze'] in dag air_quality_ingestion on 2026-08-07T03:05:00+00:00 ... 
[2026-08-07T04:05:32.189+0000] {external_task.py:244} INFO - Poking for tasks ['ingest_to_bronze'] in dag air_quality_ingestion on 2026-08-07T03:05:00+00:00 ... 
[2026-08-07T04:06:02.203+0000] {external_task.py:244} INFO - Poking for tasks ['ingest_to_bronze'] in dag air_quality_ingestion on 2026-08-07T03:05:00+00:00 ... 
[2026-08-07T04:06:32.220+0000] {external_task.py:244} INFO - Poking for tasks ['ingest_to_bronze'] in dag air_quality_ingestion on 2026-08-07T03:05:00+00:00 ... 
[2026-08-07T04:07:02.254+0000] {external_task.py:244} INFO - Poking for tasks ['ingest_to_bronze'] in dag air_quality_ingestion on 2026-08-07T03:05:00+00:00 ... 
[2026-08-07T04:07:32.265+0000] {external_task.py:244} INFO - Poking for tasks ['ingest_to_bronze'] in dag air_quality_ingestion on 2026-08-07T03:05:00+00:00 ... 
[2026-08-07T04:08:02.278+0000] {external_task.py:244} INFO - Poking for tasks ['ingest_to_bronze'] in dag air_quality_ingestion on 2026-08-07T03:05:00+00:00 ... 
[2026-08-07T04:08:32.289+0000] {external_task.py:244} INFO - Poking for tasks ['ingest_to_bronze'] in dag air_quality_ingestion on 2026-08-07T03:05:00+00:00 ... 
[2026-08-07T04:09:02.306+0000] {external_task.py:244} INFO - Poking for tasks ['ingest_to_bronze'] in dag air_quality_ingestion on 2026-08-07T03:05:00+00:00 ... 
[2026-08-07T04:09:32.327+0000] {external_task.py:244} INFO - Poking for tasks ['ingest_to_bronze'] in dag air_quality_ingestion on 2026-08-07T03:05:00+00:00 ... 
[2026-08-07T04:10:02.339+0000] {external_task.py:244} INFO - Poking for tasks ['ingest_to_bronze'] in dag air_quality_ingestion on 2026-08-07T03:05:00+00:00 ... 
[2026-08-07T04:10:02.353+0000] {taskinstance.py:2698} ERROR - Task failed with exception
Traceback (most recent call last):
  File "/home/airflow/.local/lib/python3.11/site-packages/airflow/models/taskinstance.py", line 433, in _execute_task
    result = execute_callable(context=context, **execute_callable_kwargs)
             ^^^^^^^^^^^^^^^^^^^^^^^^^^^^^^^^^^^^^^^^^^^^^^^^^^^^^^^^^^^^
  File "/home/airflow/.local/lib/python3.11/site-packages/airflow/sensors/external_task.py", line 334, in execute
    super().execute(context)
  File "/home/airflow/.local/lib/python3.11/site-packages/airflow/sensors/base.py", line 282, in execute
    raise AirflowSensorTimeout(message)
airflow.exceptions.AirflowSensorTimeout: Sensor has timed out; run duration of 300.2288399579993 seconds exceeds the specified timeout of 300.0.
[2026-08-07T04:10:02.368+0000] {taskinstance.py:1138} INFO - Immediate failure requested. Marking task as FAILED. dag_id=air_quality_pipeline, task_id=wait_for_ingestion, execution_date=20260807T030500, start_date=20260807T040501, end_date=20260807T041002
[2026-08-07T04:10:02.396+0000] {standard_task_runner.py:107} ERROR - Failed to execute job 106 for task wait_for_ingestion (Sensor has timed out; run duration of 300.2288399579993 seconds exceeds the specified timeout of 300.0.; 8728)
[2026-08-07T04:10:02.417+0000] {local_task_job_runner.py:234} INFO - Task exited with return code 1
[2026-08-07T04:10:02.447+0000] {taskinstance.py:3280} INFO - 0 downstream tasks scheduled from follow-on schedule check
