[2026-09-04T13:08:18.270+0000] {taskinstance.py:1956} INFO - Dependencies all met for dep_context=non-requeueable deps ti=<TaskInstance: air_quality_pipeline.wait_for_ingestion scheduled__2026-09-04T09:05:00+00:00 [queued]>
[2026-09-04T13:08:18.296+0000] {taskinstance.py:1956} INFO - Dependencies all met for dep_context=requeueable deps ti=<TaskInstance: air_quality_pipeline.wait_for_ingestion scheduled__2026-09-04T09:05:00+00:00 [queued]>
[2026-09-04T13:08:18.307+0000] {taskinstance.py:2170} INFO - Starting attempt 1 of 3
[2026-09-04T13:08:18.355+0000] {taskinstance.py:2191} INFO - Executing <Task(ExternalTaskSensor): wait_for_ingestion> on 2026-09-04 09:05:00+00:00
[2026-09-04T13:08:18.379+0000] {standard_task_runner.py:60} INFO - Started process 54138 to run task
[2026-09-04T13:08:18.387+0000] {standard_task_runner.py:87} INFO - Running: ['***', 'tasks', 'run', 'air_quality_pipeline', 'wait_for_ingestion', 'scheduled__2026-09-04T09:05:00+00:00', '--job-id', '604', '--raw', '--subdir', 'DAGS_FOLDER/spark_pipeline_dag.py', '--cfg-path', '/tmp/tmpnsvy6_wm']
[2026-09-04T13:08:18.429+0000] {standard_task_runner.py:88} INFO - Job 604: Subtask wait_for_ingestion
[2026-09-04T13:08:18.730+0000] {task_command.py:423} INFO - Running <TaskInstance: air_quality_pipeline.wait_for_ingestion scheduled__2026-09-04T09:05:00+00:00 [running]> on host 6a0525c4c718
[2026-09-04T13:08:18.954+0000] {taskinstance.py:2480} INFO - Exporting env vars: AIRFLOW_CTX_DAG_OWNER='***' AIRFLOW_CTX_DAG_ID='air_quality_pipeline' AIRFLOW_CTX_TASK_ID='wait_for_ingestion' AIRFLOW_CTX_EXECUTION_DATE='2026-09-04T09:05:00+00:00' AIRFLOW_CTX_TRY_NUMBER='1' AIRFLOW_CTX_DAG_RUN_ID='scheduled__2026-09-04T09:05:00+00:00'
[2026-09-04T13:08:18.960+0000] {external_task.py:244} INFO - Poking for tasks ['ingest_to_bronze'] in dag air_quality_ingestion on 2026-09-04T09:05:00+00:00 ... 
[2026-09-04T13:08:48.986+0000] {external_task.py:244} INFO - Poking for tasks ['ingest_to_bronze'] in dag air_quality_ingestion on 2026-09-04T09:05:00+00:00 ... 
[2026-09-04T13:09:18.996+0000] {external_task.py:244} INFO - Poking for tasks ['ingest_to_bronze'] in dag air_quality_ingestion on 2026-09-04T09:05:00+00:00 ... 
[2026-09-04T13:09:49.020+0000] {external_task.py:244} INFO - Poking for tasks ['ingest_to_bronze'] in dag air_quality_ingestion on 2026-09-04T09:05:00+00:00 ... 
[2026-09-04T13:10:19.028+0000] {external_task.py:244} INFO - Poking for tasks ['ingest_to_bronze'] in dag air_quality_ingestion on 2026-09-04T09:05:00+00:00 ... 
[2026-09-04T13:10:49.024+0000] {external_task.py:244} INFO - Poking for tasks ['ingest_to_bronze'] in dag air_quality_ingestion on 2026-09-04T09:05:00+00:00 ... 
[2026-09-04T13:11:19.037+0000] {external_task.py:244} INFO - Poking for tasks ['ingest_to_bronze'] in dag air_quality_ingestion on 2026-09-04T09:05:00+00:00 ... 
[2026-09-04T13:11:49.053+0000] {external_task.py:244} INFO - Poking for tasks ['ingest_to_bronze'] in dag air_quality_ingestion on 2026-09-04T09:05:00+00:00 ... 
[2026-09-04T13:12:19.061+0000] {external_task.py:244} INFO - Poking for tasks ['ingest_to_bronze'] in dag air_quality_ingestion on 2026-09-04T09:05:00+00:00 ... 
[2026-09-04T13:12:49.067+0000] {external_task.py:244} INFO - Poking for tasks ['ingest_to_bronze'] in dag air_quality_ingestion on 2026-09-04T09:05:00+00:00 ... 
[2026-09-04T13:13:19.076+0000] {external_task.py:244} INFO - Poking for tasks ['ingest_to_bronze'] in dag air_quality_ingestion on 2026-09-04T09:05:00+00:00 ... 
[2026-09-04T13:13:19.088+0000] {taskinstance.py:2698} ERROR - Task failed with exception
Traceback (most recent call last):
  File "/home/airflow/.local/lib/python3.11/site-packages/airflow/models/taskinstance.py", line 433, in _execute_task
    result = execute_callable(context=context, **execute_callable_kwargs)
             ^^^^^^^^^^^^^^^^^^^^^^^^^^^^^^^^^^^^^^^^^^^^^^^^^^^^^^^^^^^^
  File "/home/airflow/.local/lib/python3.11/site-packages/airflow/sensors/external_task.py", line 334, in execute
    super().execute(context)
  File "/home/airflow/.local/lib/python3.11/site-packages/airflow/sensors/base.py", line 282, in execute
    raise AirflowSensorTimeout(message)
airflow.exceptions.AirflowSensorTimeout: Sensor has timed out; run duration of 300.16117891296744 seconds exceeds the specified timeout of 300.0.
[2026-09-04T13:13:19.098+0000] {taskinstance.py:1138} INFO - Immediate failure requested. Marking task as FAILED. dag_id=air_quality_pipeline, task_id=wait_for_ingestion, execution_date=20260904T090500, start_date=20260904T130818, end_date=20260904T131319
[2026-09-04T13:13:19.116+0000] {standard_task_runner.py:107} ERROR - Failed to execute job 604 for task wait_for_ingestion (Sensor has timed out; run duration of 300.16117891296744 seconds exceeds the specified timeout of 300.0.; 54138)
[2026-09-04T13:13:19.146+0000] {local_task_job_runner.py:234} INFO - Task exited with return code 1
[2026-09-04T13:13:19.169+0000] {taskinstance.py:3280} INFO - 0 downstream tasks scheduled from follow-on schedule check
