[2026-08-06T21:00:00.873+0000] {taskinstance.py:1956} INFO - Dependencies all met for dep_context=non-requeueable deps ti=<TaskInstance: air_quality_ingestion.ingest_to_bronze scheduled__2026-08-06T20:00:00+00:00 [queued]>
[2026-08-06T21:00:00.880+0000] {taskinstance.py:1956} INFO - Dependencies all met for dep_context=requeueable deps ti=<TaskInstance: air_quality_ingestion.ingest_to_bronze scheduled__2026-08-06T20:00:00+00:00 [queued]>
[2026-08-06T21:00:00.881+0000] {taskinstance.py:2170} INFO - Starting attempt 1 of 4
[2026-08-06T21:00:00.893+0000] {taskinstance.py:2191} INFO - Executing <Task(PythonOperator): ingest_to_bronze> on 2026-08-06 20:00:00+00:00
[2026-08-06T21:00:00.897+0000] {standard_task_runner.py:60} INFO - Started process 3460 to run task
[2026-08-06T21:00:00.900+0000] {standard_task_runner.py:87} INFO - Running: ['***', 'tasks', 'run', 'air_quality_ingestion', 'ingest_to_bronze', 'scheduled__2026-08-06T20:00:00+00:00', '--job-id', '91', '--raw', '--subdir', 'DAGS_FOLDER/ingestion_dag.py', '--cfg-path', '/tmp/tmp00slskd8']
[2026-08-06T21:00:00.903+0000] {standard_task_runner.py:88} INFO - Job 91: Subtask ingest_to_bronze
[2026-08-06T21:00:00.969+0000] {task_command.py:423} INFO - Running <TaskInstance: air_quality_ingestion.ingest_to_bronze scheduled__2026-08-06T20:00:00+00:00 [running]> on host 6a0525c4c718
[2026-08-06T21:00:01.035+0000] {taskinstance.py:2480} INFO - Exporting env vars: AIRFLOW_CTX_DAG_OWNER='***' AIRFLOW_CTX_DAG_ID='air_quality_ingestion' AIRFLOW_CTX_TASK_ID='ingest_to_bronze' AIRFLOW_CTX_EXECUTION_DATE='2026-08-06T20:00:00+00:00' AIRFLOW_CTX_TRY_NUMBER='1' AIRFLOW_CTX_DAG_RUN_ID='scheduled__2026-08-06T20:00:00+00:00'
[2026-08-06T21:00:01.205+0000] {logging_mixin.py:188} INFO - Created bucket: bronze-air-quality
[2026-08-06T21:00:01.210+0000] {logging_mixin.py:188} INFO - Created bucket: silver-air-quality
[2026-08-06T21:00:01.215+0000] {logging_mixin.py:188} INFO - Created bucket: gold-air-quality
[2026-08-06T21:00:02.065+0000] {logging_mixin.py:188} INFO - ✓ new york: AQI=52
[2026-08-06T21:00:02.800+0000] {logging_mixin.py:188} INFO - ✓ london: AQI=38
[2026-08-06T21:00:03.577+0000] {logging_mixin.py:188} INFO - ✓ beijing: AQI=65
[2026-08-06T21:00:04.403+0000] {logging_mixin.py:188} INFO - ✓ delhi: AQI=149
[2026-08-06T21:00:05.172+0000] {logging_mixin.py:188} INFO - ✓ sydney: AQI=26
[2026-08-06T21:00:05.191+0000] {logging_mixin.py:188} INFO - Saved → s3://bronze-air-quality/year=2026/month=08/day=06/city=new_york/210001.json
[2026-08-06T21:00:05.201+0000] {logging_mixin.py:188} INFO - Saved → s3://bronze-air-quality/year=2026/month=08/day=06/city=london/210001.json
[2026-08-06T21:00:05.210+0000] {logging_mixin.py:188} INFO - Saved → s3://bronze-air-quality/year=2026/month=08/day=06/city=beijing/210001.json
[2026-08-06T21:00:05.217+0000] {logging_mixin.py:188} INFO - Saved → s3://bronze-air-quality/year=2026/month=08/day=06/city=delhi/210001.json
[2026-08-06T21:00:05.223+0000] {logging_mixin.py:188} INFO - Saved → s3://bronze-air-quality/year=2026/month=08/day=06/city=sydney/210001.json
[2026-08-06T21:00:05.223+0000] {logging_mixin.py:188} INFO - 
Total records ingested: 5
[2026-08-06T21:00:05.224+0000] {python.py:201} INFO - Done. Returned value was: None
[2026-08-06T21:00:05.231+0000] {taskinstance.py:1138} INFO - Marking task as SUCCESS. dag_id=air_quality_ingestion, task_id=ingest_to_bronze, execution_date=20260806T200000, start_date=20260806T210000, end_date=20260806T210005
[2026-08-06T21:00:05.268+0000] {local_task_job_runner.py:234} INFO - Task exited with return code 0
[2026-08-06T21:00:05.281+0000] {taskinstance.py:3280} INFO - 0 downstream tasks scheduled from follow-on schedule check
