[2026-08-17T15:00:46.924+0000] {taskinstance.py:1956} INFO - Dependencies all met for dep_context=non-requeueable deps ti=<TaskInstance: air_quality_pipeline.wait_for_ingestion scheduled__2026-08-17T04:05:00+00:00 [queued]>
[2026-08-17T15:00:46.989+0000] {taskinstance.py:1956} INFO - Dependencies all met for dep_context=requeueable deps ti=<TaskInstance: air_quality_pipeline.wait_for_ingestion scheduled__2026-08-17T04:05:00+00:00 [queued]>
[2026-08-17T15:00:47.031+0000] {taskinstance.py:2170} INFO - Starting attempt 1 of 3
[2026-08-17T15:00:47.282+0000] {taskinstance.py:2191} INFO - Executing <Task(ExternalTaskSensor): wait_for_ingestion> on 2026-08-17 04:05:00+00:00
[2026-08-17T15:00:47.354+0000] {standard_task_runner.py:60} INFO - Started process 60362 to run task
[2026-08-17T15:00:47.369+0000] {standard_task_runner.py:87} INFO - Running: ['***', 'tasks', 'run', 'air_quality_pipeline', 'wait_for_ingestion', 'scheduled__2026-08-17T04:05:00+00:00', '--job-id', '355', '--raw', '--subdir', 'DAGS_FOLDER/spark_pipeline_dag.py', '--cfg-path', '/tmp/tmpsj11kzm6']
[2026-08-17T15:00:47.394+0000] {standard_task_runner.py:88} INFO - Job 355: Subtask wait_for_ingestion
[2026-08-17T15:00:47.876+0000] {task_command.py:423} INFO - Running <TaskInstance: air_quality_pipeline.wait_for_ingestion scheduled__2026-08-17T04:05:00+00:00 [running]> on host 6a0525c4c718
[2026-08-17T15:00:48.879+0000] {taskinstance.py:2480} INFO - Exporting env vars: AIRFLOW_CTX_DAG_OWNER='***' AIRFLOW_CTX_DAG_ID='air_quality_pipeline' AIRFLOW_CTX_TASK_ID='wait_for_ingestion' AIRFLOW_CTX_EXECUTION_DATE='2026-08-17T04:05:00+00:00' AIRFLOW_CTX_TRY_NUMBER='1' AIRFLOW_CTX_DAG_RUN_ID='scheduled__2026-08-17T04:05:00+00:00'
[2026-08-17T15:00:48.922+0000] {external_task.py:244} INFO - Poking for tasks ['ingest_to_bronze'] in dag air_quality_ingestion on 2026-08-17T04:05:00+00:00 ... 
[2026-08-17T15:01:19.007+0000] {external_task.py:244} INFO - Poking for tasks ['ingest_to_bronze'] in dag air_quality_ingestion on 2026-08-17T04:05:00+00:00 ... 
[2026-08-17T15:01:49.045+0000] {external_task.py:244} INFO - Poking for tasks ['ingest_to_bronze'] in dag air_quality_ingestion on 2026-08-17T04:05:00+00:00 ... 
[2026-08-17T15:02:19.068+0000] {external_task.py:244} INFO - Poking for tasks ['ingest_to_bronze'] in dag air_quality_ingestion on 2026-08-17T04:05:00+00:00 ... 
[2026-08-17T15:02:49.096+0000] {external_task.py:244} INFO - Poking for tasks ['ingest_to_bronze'] in dag air_quality_ingestion on 2026-08-17T04:05:00+00:00 ... 
[2026-08-17T15:03:19.106+0000] {external_task.py:244} INFO - Poking for tasks ['ingest_to_bronze'] in dag air_quality_ingestion on 2026-08-17T04:05:00+00:00 ... 
[2026-08-17T15:03:49.117+0000] {external_task.py:244} INFO - Poking for tasks ['ingest_to_bronze'] in dag air_quality_ingestion on 2026-08-17T04:05:00+00:00 ... 
[2026-08-17T15:04:19.131+0000] {external_task.py:244} INFO - Poking for tasks ['ingest_to_bronze'] in dag air_quality_ingestion on 2026-08-17T04:05:00+00:00 ... 
[2026-08-17T15:04:49.158+0000] {external_task.py:244} INFO - Poking for tasks ['ingest_to_bronze'] in dag air_quality_ingestion on 2026-08-17T04:05:00+00:00 ... 
[2026-08-17T15:05:19.169+0000] {external_task.py:244} INFO - Poking for tasks ['ingest_to_bronze'] in dag air_quality_ingestion on 2026-08-17T04:05:00+00:00 ... 
[2026-08-17T15:05:49.189+0000] {external_task.py:244} INFO - Poking for tasks ['ingest_to_bronze'] in dag air_quality_ingestion on 2026-08-17T04:05:00+00:00 ... 
[2026-08-17T15:05:49.204+0000] {taskinstance.py:2698} ERROR - Task failed with exception
Traceback (most recent call last):
  File "/home/airflow/.local/lib/python3.11/site-packages/airflow/models/taskinstance.py", line 433, in _execute_task
    result = execute_callable(context=context, **execute_callable_kwargs)
             ^^^^^^^^^^^^^^^^^^^^^^^^^^^^^^^^^^^^^^^^^^^^^^^^^^^^^^^^^^^^
  File "/home/airflow/.local/lib/python3.11/site-packages/airflow/sensors/external_task.py", line 334, in execute
    super().execute(context)
  File "/home/airflow/.local/lib/python3.11/site-packages/airflow/sensors/base.py", line 282, in execute
    raise AirflowSensorTimeout(message)
airflow.exceptions.AirflowSensorTimeout: Sensor has timed out; run duration of 300.3111146080191 seconds exceeds the specified timeout of 300.0.
[2026-08-17T15:05:49.220+0000] {taskinstance.py:1138} INFO - Immediate failure requested. Marking task as FAILED. dag_id=air_quality_pipeline, task_id=wait_for_ingestion, execution_date=20260817T040500, start_date=20260817T150046, end_date=20260817T150549
[2026-08-17T15:05:49.255+0000] {standard_task_runner.py:107} ERROR - Failed to execute job 355 for task wait_for_ingestion (Sensor has timed out; run duration of 300.3111146080191 seconds exceeds the specified timeout of 300.0.; 60362)
[2026-08-17T15:05:49.299+0000] {local_task_job_runner.py:234} INFO - Task exited with return code 1
[2026-08-17T15:05:49.339+0000] {taskinstance.py:3280} INFO - 0 downstream tasks scheduled from follow-on schedule check
