[2026-09-04T17:00:01.713+0000] {taskinstance.py:1956} INFO - Dependencies all met for dep_context=non-requeueable deps ti=<TaskInstance: air_quality_ingestion.ingest_to_bronze scheduled__2026-09-04T16:00:00+00:00 [queued]>
[2026-09-04T17:00:01.720+0000] {taskinstance.py:1956} INFO - Dependencies all met for dep_context=requeueable deps ti=<TaskInstance: air_quality_ingestion.ingest_to_bronze scheduled__2026-09-04T16:00:00+00:00 [queued]>
[2026-09-04T17:00:01.721+0000] {taskinstance.py:2170} INFO - Starting attempt 1 of 4
[2026-09-04T17:00:01.734+0000] {taskinstance.py:2191} INFO - Executing <Task(PythonOperator): ingest_to_bronze> on 2026-09-04 16:00:00+00:00
[2026-09-04T17:00:01.738+0000] {standard_task_runner.py:60} INFO - Started process 58707 to run task
[2026-09-04T17:00:01.742+0000] {standard_task_runner.py:87} INFO - Running: ['***', 'tasks', 'run', 'air_quality_ingestion', 'ingest_to_bronze', 'scheduled__2026-09-04T16:00:00+00:00', '--job-id', '612', '--raw', '--subdir', 'DAGS_FOLDER/ingestion_dag.py', '--cfg-path', '/tmp/tmpw40fzh8o']
[2026-09-04T17:00:01.745+0000] {standard_task_runner.py:88} INFO - Job 612: Subtask ingest_to_bronze
[2026-09-04T17:00:01.807+0000] {task_command.py:423} INFO - Running <TaskInstance: air_quality_ingestion.ingest_to_bronze scheduled__2026-09-04T16:00:00+00:00 [running]> on host 6a0525c4c718
[2026-09-04T17:00:01.881+0000] {taskinstance.py:2480} INFO - Exporting env vars: AIRFLOW_CTX_DAG_OWNER='***' AIRFLOW_CTX_DAG_ID='air_quality_ingestion' AIRFLOW_CTX_TASK_ID='ingest_to_bronze' AIRFLOW_CTX_EXECUTION_DATE='2026-09-04T16:00:00+00:00' AIRFLOW_CTX_TRY_NUMBER='1' AIRFLOW_CTX_DAG_RUN_ID='scheduled__2026-09-04T16:00:00+00:00'
[2026-09-04T17:00:02.003+0000] {logging_mixin.py:188} INFO - Created bucket: bronze-air-quality
[2026-09-04T17:00:02.009+0000] {logging_mixin.py:188} INFO - Created bucket: silver-air-quality
[2026-09-04T17:00:02.016+0000] {logging_mixin.py:188} INFO - Created bucket: gold-air-quality
[2026-09-04T17:00:03.155+0000] {logging_mixin.py:188} INFO - ✓ new york: AQI=33
[2026-09-04T17:00:03.976+0000] {logging_mixin.py:188} INFO - ✓ london: AQI=21
[2026-09-04T17:00:04.727+0000] {logging_mixin.py:188} INFO - ✓ beijing: AQI=70
[2026-09-04T17:00:05.464+0000] {logging_mixin.py:188} INFO - ✓ delhi: AQI=22
[2026-09-04T17:00:06.220+0000] {logging_mixin.py:188} INFO - ✓ sydney: AQI=23
[2026-09-04T17:00:06.239+0000] {logging_mixin.py:188} INFO - Saved → s3://bronze-air-quality/year=2026/month=09/day=04/city=new_york/170002.json
[2026-09-04T17:00:06.246+0000] {logging_mixin.py:188} INFO - Saved → s3://bronze-air-quality/year=2026/month=09/day=04/city=london/170002.json
[2026-09-04T17:00:06.252+0000] {logging_mixin.py:188} INFO - Saved → s3://bronze-air-quality/year=2026/month=09/day=04/city=beijing/170002.json
[2026-09-04T17:00:06.260+0000] {logging_mixin.py:188} INFO - Saved → s3://bronze-air-quality/year=2026/month=09/day=04/city=delhi/170002.json
[2026-09-04T17:00:06.267+0000] {logging_mixin.py:188} INFO - Saved → s3://bronze-air-quality/year=2026/month=09/day=04/city=sydney/170002.json
[2026-09-04T17:00:06.267+0000] {logging_mixin.py:188} INFO - 
Total records ingested: 5
[2026-09-04T17:00:06.268+0000] {python.py:201} INFO - Done. Returned value was: None
[2026-09-04T17:00:06.277+0000] {taskinstance.py:1138} INFO - Marking task as SUCCESS. dag_id=air_quality_ingestion, task_id=ingest_to_bronze, execution_date=20260904T160000, start_date=20260904T170001, end_date=20260904T170006
[2026-09-04T17:00:06.307+0000] {local_task_job_runner.py:234} INFO - Task exited with return code 0
[2026-09-04T17:00:06.322+0000] {taskinstance.py:3280} INFO - 0 downstream tasks scheduled from follow-on schedule check
