[2026-08-12T03:50:28.717+0000] {taskinstance.py:1956} INFO - Dependencies all met for dep_context=non-requeueable deps ti=<TaskInstance: air_quality_ingestion.ingest_to_bronze scheduled__2026-08-12T02:00:00+00:00 [queued]>
[2026-08-12T03:50:28.762+0000] {taskinstance.py:1956} INFO - Dependencies all met for dep_context=requeueable deps ti=<TaskInstance: air_quality_ingestion.ingest_to_bronze scheduled__2026-08-12T02:00:00+00:00 [queued]>
[2026-08-12T03:50:28.764+0000] {taskinstance.py:2170} INFO - Starting attempt 1 of 4
[2026-08-12T03:50:28.851+0000] {taskinstance.py:2191} INFO - Executing <Task(PythonOperator): ingest_to_bronze> on 2026-08-12 02:00:00+00:00
[2026-08-12T03:50:28.917+0000] {standard_task_runner.py:60} INFO - Started process 35989 to run task
[2026-08-12T03:50:28.922+0000] {standard_task_runner.py:87} INFO - Running: ['***', 'tasks', 'run', 'air_quality_ingestion', 'ingest_to_bronze', 'scheduled__2026-08-12T02:00:00+00:00', '--job-id', '239', '--raw', '--subdir', 'DAGS_FOLDER/ingestion_dag.py', '--cfg-path', '/tmp/tmpsmsg7yz2']
[2026-08-12T03:50:28.936+0000] {standard_task_runner.py:88} INFO - Job 239: Subtask ingest_to_bronze
[2026-08-12T03:50:29.183+0000] {task_command.py:423} INFO - Running <TaskInstance: air_quality_ingestion.ingest_to_bronze scheduled__2026-08-12T02:00:00+00:00 [running]> on host 6a0525c4c718
[2026-08-12T03:50:29.505+0000] {taskinstance.py:2480} INFO - Exporting env vars: AIRFLOW_CTX_DAG_OWNER='***' AIRFLOW_CTX_DAG_ID='air_quality_ingestion' AIRFLOW_CTX_TASK_ID='ingest_to_bronze' AIRFLOW_CTX_EXECUTION_DATE='2026-08-12T02:00:00+00:00' AIRFLOW_CTX_TRY_NUMBER='1' AIRFLOW_CTX_DAG_RUN_ID='scheduled__2026-08-12T02:00:00+00:00'
[2026-08-12T03:50:30.047+0000] {logging_mixin.py:188} INFO - Created bucket: bronze-air-quality
[2026-08-12T03:50:30.079+0000] {logging_mixin.py:188} INFO - Created bucket: silver-air-quality
[2026-08-12T03:50:30.094+0000] {logging_mixin.py:188} INFO - Created bucket: gold-air-quality
[2026-08-12T03:50:31.471+0000] {logging_mixin.py:188} INFO - ✓ new york: AQI=67
[2026-08-12T03:50:32.552+0000] {logging_mixin.py:188} INFO - ✓ london: AQI=38
[2026-08-12T03:50:33.521+0000] {logging_mixin.py:188} INFO - ✓ beijing: AQI=34
[2026-08-12T03:50:34.542+0000] {logging_mixin.py:188} INFO - ✓ delhi: AQI=89
[2026-08-12T03:50:35.425+0000] {logging_mixin.py:188} INFO - ✓ sydney: AQI=13
[2026-08-12T03:50:35.453+0000] {logging_mixin.py:188} INFO - Saved → s3://bronze-air-quality/year=2026/month=08/day=12/city=new_york/035030.json
[2026-08-12T03:50:35.479+0000] {logging_mixin.py:188} INFO - Saved → s3://bronze-air-quality/year=2026/month=08/day=12/city=london/035030.json
[2026-08-12T03:50:35.500+0000] {logging_mixin.py:188} INFO - Saved → s3://bronze-air-quality/year=2026/month=08/day=12/city=beijing/035030.json
[2026-08-12T03:50:35.521+0000] {logging_mixin.py:188} INFO - Saved → s3://bronze-air-quality/year=2026/month=08/day=12/city=delhi/035030.json
[2026-08-12T03:50:35.543+0000] {logging_mixin.py:188} INFO - Saved → s3://bronze-air-quality/year=2026/month=08/day=12/city=sydney/035030.json
[2026-08-12T03:50:35.544+0000] {logging_mixin.py:188} INFO - 
Total records ingested: 5
[2026-08-12T03:50:35.546+0000] {python.py:201} INFO - Done. Returned value was: None
[2026-08-12T03:50:35.584+0000] {taskinstance.py:1138} INFO - Marking task as SUCCESS. dag_id=air_quality_ingestion, task_id=ingest_to_bronze, execution_date=20260812T020000, start_date=20260812T035028, end_date=20260812T035035
[2026-08-12T03:50:35.688+0000] {local_task_job_runner.py:234} INFO - Task exited with return code 0
[2026-08-12T03:50:35.739+0000] {taskinstance.py:3280} INFO - 0 downstream tasks scheduled from follow-on schedule check
