[2026-08-13T04:08:07.147+0000] {taskinstance.py:1956} INFO - Dependencies all met for dep_context=non-requeueable deps ti=<TaskInstance: air_quality_ingestion.ingest_to_bronze scheduled__2026-08-13T03:00:00+00:00 [queued]>
[2026-08-13T04:08:07.251+0000] {taskinstance.py:1956} INFO - Dependencies all met for dep_context=requeueable deps ti=<TaskInstance: air_quality_ingestion.ingest_to_bronze scheduled__2026-08-13T03:00:00+00:00 [queued]>
[2026-08-13T04:08:07.258+0000] {taskinstance.py:2170} INFO - Starting attempt 1 of 4
[2026-08-13T04:08:07.837+0000] {taskinstance.py:2191} INFO - Executing <Task(PythonOperator): ingest_to_bronze> on 2026-08-13 03:00:00+00:00
[2026-08-13T04:08:08.453+0000] {standard_task_runner.py:87} INFO - Running: ['***', 'tasks', 'run', 'air_quality_ingestion', 'ingest_to_bronze', 'scheduled__2026-08-13T03:00:00+00:00', '--job-id', '271', '--raw', '--subdir', 'DAGS_FOLDER/ingestion_dag.py', '--cfg-path', '/tmp/tmpsctr4o66']
[2026-08-13T04:08:08.490+0000] {standard_task_runner.py:60} INFO - Started process 43636 to run task
[2026-08-13T04:08:08.501+0000] {standard_task_runner.py:88} INFO - Job 271: Subtask ingest_to_bronze
[2026-08-13T04:08:09.207+0000] {task_command.py:423} INFO - Running <TaskInstance: air_quality_ingestion.ingest_to_bronze scheduled__2026-08-13T03:00:00+00:00 [running]> on host 6a0525c4c718
[2026-08-13T04:08:10.762+0000] {taskinstance.py:2480} INFO - Exporting env vars: AIRFLOW_CTX_DAG_OWNER='***' AIRFLOW_CTX_DAG_ID='air_quality_ingestion' AIRFLOW_CTX_TASK_ID='ingest_to_bronze' AIRFLOW_CTX_EXECUTION_DATE='2026-08-13T03:00:00+00:00' AIRFLOW_CTX_TRY_NUMBER='1' AIRFLOW_CTX_DAG_RUN_ID='scheduled__2026-08-13T03:00:00+00:00'
[2026-08-13T04:08:16.726+0000] {logging_mixin.py:188} INFO - Created bucket: bronze-air-quality
[2026-08-13T04:08:16.758+0000] {logging_mixin.py:188} INFO - Created bucket: silver-air-quality
[2026-08-13T04:08:16.794+0000] {logging_mixin.py:188} INFO - Created bucket: gold-air-quality
[2026-08-13T04:08:18.653+0000] {logging_mixin.py:188} INFO - ✓ new york: AQI=38
[2026-08-13T04:08:19.991+0000] {logging_mixin.py:188} INFO - ✓ london: AQI=53
[2026-08-13T04:08:21.156+0000] {logging_mixin.py:188} INFO - ✓ beijing: AQI=26
[2026-08-13T04:08:22.167+0000] {logging_mixin.py:188} INFO - ✓ delhi: AQI=95
[2026-08-13T04:08:23.245+0000] {logging_mixin.py:188} INFO - ✓ sydney: AQI=19
[2026-08-13T04:08:23.631+0000] {logging_mixin.py:188} INFO - Saved → s3://bronze-air-quality/year=2026/month=08/day=13/city=new_york/040816.json
[2026-08-13T04:08:23.670+0000] {logging_mixin.py:188} INFO - Saved → s3://bronze-air-quality/year=2026/month=08/day=13/city=london/040816.json
[2026-08-13T04:08:23.709+0000] {logging_mixin.py:188} INFO - Saved → s3://bronze-air-quality/year=2026/month=08/day=13/city=beijing/040816.json
[2026-08-13T04:08:23.781+0000] {logging_mixin.py:188} INFO - Saved → s3://bronze-air-quality/year=2026/month=08/day=13/city=delhi/040816.json
[2026-08-13T04:08:23.868+0000] {logging_mixin.py:188} INFO - Saved → s3://bronze-air-quality/year=2026/month=08/day=13/city=sydney/040816.json
[2026-08-13T04:08:23.872+0000] {logging_mixin.py:188} INFO - 
Total records ingested: 5
[2026-08-13T04:08:23.875+0000] {python.py:201} INFO - Done. Returned value was: None
[2026-08-13T04:08:23.914+0000] {taskinstance.py:1138} INFO - Marking task as SUCCESS. dag_id=air_quality_ingestion, task_id=ingest_to_bronze, execution_date=20260813T030000, start_date=20260813T040807, end_date=20260813T040823
[2026-08-13T04:08:24.134+0000] {local_task_job_runner.py:234} INFO - Task exited with return code 0
[2026-08-13T04:08:24.205+0000] {taskinstance.py:3280} INFO - 0 downstream tasks scheduled from follow-on schedule check
