[2026-08-14T00:00:01.108+0000] {taskinstance.py:1956} INFO - Dependencies all met for dep_context=non-requeueable deps ti=<TaskInstance: air_quality_ingestion.ingest_to_bronze scheduled__2026-08-13T23:00:00+00:00 [queued]>
[2026-08-14T00:00:01.114+0000] {taskinstance.py:1956} INFO - Dependencies all met for dep_context=requeueable deps ti=<TaskInstance: air_quality_ingestion.ingest_to_bronze scheduled__2026-08-13T23:00:00+00:00 [queued]>
[2026-08-14T00:00:01.115+0000] {taskinstance.py:2170} INFO - Starting attempt 1 of 4
[2026-08-14T00:00:01.128+0000] {taskinstance.py:2191} INFO - Executing <Task(PythonOperator): ingest_to_bronze> on 2026-08-13 23:00:00+00:00
[2026-08-14T00:00:01.132+0000] {standard_task_runner.py:60} INFO - Started process 48132 to run task
[2026-08-14T00:00:01.135+0000] {standard_task_runner.py:87} INFO - Running: ['***', 'tasks', 'run', 'air_quality_ingestion', 'ingest_to_bronze', 'scheduled__2026-08-13T23:00:00+00:00', '--job-id', '291', '--raw', '--subdir', 'DAGS_FOLDER/ingestion_dag.py', '--cfg-path', '/tmp/tmpfm6f_3mu']
[2026-08-14T00:00:01.138+0000] {standard_task_runner.py:88} INFO - Job 291: Subtask ingest_to_bronze
[2026-08-14T00:00:01.289+0000] {task_command.py:423} INFO - Running <TaskInstance: air_quality_ingestion.ingest_to_bronze scheduled__2026-08-13T23:00:00+00:00 [running]> on host 6a0525c4c718
[2026-08-14T00:00:01.403+0000] {taskinstance.py:2480} INFO - Exporting env vars: AIRFLOW_CTX_DAG_OWNER='***' AIRFLOW_CTX_DAG_ID='air_quality_ingestion' AIRFLOW_CTX_TASK_ID='ingest_to_bronze' AIRFLOW_CTX_EXECUTION_DATE='2026-08-13T23:00:00+00:00' AIRFLOW_CTX_TRY_NUMBER='1' AIRFLOW_CTX_DAG_RUN_ID='scheduled__2026-08-13T23:00:00+00:00'
[2026-08-14T00:00:01.537+0000] {logging_mixin.py:188} INFO - Created bucket: bronze-air-quality
[2026-08-14T00:00:01.547+0000] {logging_mixin.py:188} INFO - Created bucket: silver-air-quality
[2026-08-14T00:00:01.554+0000] {logging_mixin.py:188} INFO - Created bucket: gold-air-quality
[2026-08-14T00:00:02.366+0000] {logging_mixin.py:188} INFO - ✓ new york: AQI=59
[2026-08-14T00:00:03.198+0000] {logging_mixin.py:188} INFO - ✓ london: AQI=50
[2026-08-14T00:00:04.057+0000] {logging_mixin.py:188} INFO - ✓ beijing: AQI=25
[2026-08-14T00:00:04.796+0000] {logging_mixin.py:188} INFO - ✓ delhi: AQI=102
[2026-08-14T00:00:05.537+0000] {logging_mixin.py:188} INFO - ✓ sydney: AQI=29
[2026-08-14T00:00:05.551+0000] {logging_mixin.py:188} INFO - Saved → s3://bronze-air-quality/year=2026/month=08/day=14/city=new_york/000001.json
[2026-08-14T00:00:05.560+0000] {logging_mixin.py:188} INFO - Saved → s3://bronze-air-quality/year=2026/month=08/day=14/city=london/000001.json
[2026-08-14T00:00:05.572+0000] {logging_mixin.py:188} INFO - Saved → s3://bronze-air-quality/year=2026/month=08/day=14/city=beijing/000001.json
[2026-08-14T00:00:05.582+0000] {logging_mixin.py:188} INFO - Saved → s3://bronze-air-quality/year=2026/month=08/day=14/city=delhi/000001.json
[2026-08-14T00:00:05.596+0000] {logging_mixin.py:188} INFO - Saved → s3://bronze-air-quality/year=2026/month=08/day=14/city=sydney/000001.json
[2026-08-14T00:00:05.597+0000] {logging_mixin.py:188} INFO - 
Total records ingested: 5
[2026-08-14T00:00:05.598+0000] {python.py:201} INFO - Done. Returned value was: None
[2026-08-14T00:00:05.612+0000] {taskinstance.py:1138} INFO - Marking task as SUCCESS. dag_id=air_quality_ingestion, task_id=ingest_to_bronze, execution_date=20260813T230000, start_date=20260814T000001, end_date=20260814T000005
[2026-08-14T00:00:05.656+0000] {local_task_job_runner.py:234} INFO - Task exited with return code 0
[2026-08-14T00:00:05.683+0000] {taskinstance.py:3280} INFO - 0 downstream tasks scheduled from follow-on schedule check
