[2026-08-14T04:00:01.780+0000] {taskinstance.py:1956} INFO - Dependencies all met for dep_context=non-requeueable deps ti=<TaskInstance: air_quality_ingestion.ingest_to_bronze scheduled__2026-08-14T03:00:00+00:00 [queued]>
[2026-08-14T04:00:01.794+0000] {taskinstance.py:1956} INFO - Dependencies all met for dep_context=requeueable deps ti=<TaskInstance: air_quality_ingestion.ingest_to_bronze scheduled__2026-08-14T03:00:00+00:00 [queued]>
[2026-08-14T04:00:01.795+0000] {taskinstance.py:2170} INFO - Starting attempt 1 of 4
[2026-08-14T04:00:01.815+0000] {taskinstance.py:2191} INFO - Executing <Task(PythonOperator): ingest_to_bronze> on 2026-08-14 03:00:00+00:00
[2026-08-14T04:00:01.826+0000] {standard_task_runner.py:60} INFO - Started process 50490 to run task
[2026-08-14T04:00:01.831+0000] {standard_task_runner.py:87} INFO - Running: ['***', 'tasks', 'run', 'air_quality_ingestion', 'ingest_to_bronze', 'scheduled__2026-08-14T03:00:00+00:00', '--job-id', '299', '--raw', '--subdir', 'DAGS_FOLDER/ingestion_dag.py', '--cfg-path', '/tmp/tmp2h6fiqym']
[2026-08-14T04:00:01.835+0000] {standard_task_runner.py:88} INFO - Job 299: Subtask ingest_to_bronze
[2026-08-14T04:00:01.942+0000] {task_command.py:423} INFO - Running <TaskInstance: air_quality_ingestion.ingest_to_bronze scheduled__2026-08-14T03:00:00+00:00 [running]> on host 6a0525c4c718
[2026-08-14T04:00:02.041+0000] {taskinstance.py:2480} INFO - Exporting env vars: AIRFLOW_CTX_DAG_OWNER='***' AIRFLOW_CTX_DAG_ID='air_quality_ingestion' AIRFLOW_CTX_TASK_ID='ingest_to_bronze' AIRFLOW_CTX_EXECUTION_DATE='2026-08-14T03:00:00+00:00' AIRFLOW_CTX_TRY_NUMBER='1' AIRFLOW_CTX_DAG_RUN_ID='scheduled__2026-08-14T03:00:00+00:00'
[2026-08-14T04:00:02.302+0000] {logging_mixin.py:188} INFO - Created bucket: bronze-air-quality
[2026-08-14T04:00:02.315+0000] {logging_mixin.py:188} INFO - Created bucket: silver-air-quality
[2026-08-14T04:00:02.325+0000] {logging_mixin.py:188} INFO - Created bucket: gold-air-quality
[2026-08-14T04:00:03.163+0000] {logging_mixin.py:188} INFO - ✓ new york: AQI=60
[2026-08-14T04:00:03.889+0000] {logging_mixin.py:188} INFO - ✓ london: AQI=57
[2026-08-14T04:00:04.633+0000] {logging_mixin.py:188} INFO - ✓ beijing: AQI=46
[2026-08-14T04:00:05.361+0000] {logging_mixin.py:188} INFO - ✓ delhi: AQI=124
[2026-08-14T04:00:06.091+0000] {logging_mixin.py:188} INFO - ✓ sydney: AQI=20
[2026-08-14T04:00:06.108+0000] {logging_mixin.py:188} INFO - Saved → s3://bronze-air-quality/year=2026/month=08/day=14/city=new_york/040002.json
[2026-08-14T04:00:06.115+0000] {logging_mixin.py:188} INFO - Saved → s3://bronze-air-quality/year=2026/month=08/day=14/city=london/040002.json
[2026-08-14T04:00:06.123+0000] {logging_mixin.py:188} INFO - Saved → s3://bronze-air-quality/year=2026/month=08/day=14/city=beijing/040002.json
[2026-08-14T04:00:06.130+0000] {logging_mixin.py:188} INFO - Saved → s3://bronze-air-quality/year=2026/month=08/day=14/city=delhi/040002.json
[2026-08-14T04:00:06.137+0000] {logging_mixin.py:188} INFO - Saved → s3://bronze-air-quality/year=2026/month=08/day=14/city=sydney/040002.json
[2026-08-14T04:00:06.138+0000] {logging_mixin.py:188} INFO - 
Total records ingested: 5
[2026-08-14T04:00:06.138+0000] {python.py:201} INFO - Done. Returned value was: None
[2026-08-14T04:00:06.147+0000] {taskinstance.py:1138} INFO - Marking task as SUCCESS. dag_id=air_quality_ingestion, task_id=ingest_to_bronze, execution_date=20260814T030000, start_date=20260814T040001, end_date=20260814T040006
[2026-08-14T04:00:06.192+0000] {local_task_job_runner.py:234} INFO - Task exited with return code 0
[2026-08-14T04:00:06.210+0000] {taskinstance.py:3280} INFO - 0 downstream tasks scheduled from follow-on schedule check
