[2026-08-08T01:00:01.379+0000] {taskinstance.py:1956} INFO - Dependencies all met for dep_context=non-requeueable deps ti=<TaskInstance: air_quality_ingestion.ingest_to_bronze scheduled__2026-08-08T00:00:00+00:00 [queued]>
[2026-08-08T01:00:01.393+0000] {taskinstance.py:1956} INFO - Dependencies all met for dep_context=requeueable deps ti=<TaskInstance: air_quality_ingestion.ingest_to_bronze scheduled__2026-08-08T00:00:00+00:00 [queued]>
[2026-08-08T01:00:01.393+0000] {taskinstance.py:2170} INFO - Starting attempt 1 of 4
[2026-08-08T01:00:01.411+0000] {taskinstance.py:2191} INFO - Executing <Task(PythonOperator): ingest_to_bronze> on 2026-08-08 00:00:00+00:00
[2026-08-08T01:00:01.419+0000] {standard_task_runner.py:60} INFO - Started process 18636 to run task
[2026-08-08T01:00:01.432+0000] {standard_task_runner.py:87} INFO - Running: ['***', 'tasks', 'run', 'air_quality_ingestion', 'ingest_to_bronze', 'scheduled__2026-08-08T00:00:00+00:00', '--job-id', '136', '--raw', '--subdir', 'DAGS_FOLDER/ingestion_dag.py', '--cfg-path', '/tmp/tmpych3uu15']
[2026-08-08T01:00:01.437+0000] {standard_task_runner.py:88} INFO - Job 136: Subtask ingest_to_bronze
[2026-08-08T01:00:01.531+0000] {task_command.py:423} INFO - Running <TaskInstance: air_quality_ingestion.ingest_to_bronze scheduled__2026-08-08T00:00:00+00:00 [running]> on host 6a0525c4c718
[2026-08-08T01:00:01.626+0000] {taskinstance.py:2480} INFO - Exporting env vars: AIRFLOW_CTX_DAG_OWNER='***' AIRFLOW_CTX_DAG_ID='air_quality_ingestion' AIRFLOW_CTX_TASK_ID='ingest_to_bronze' AIRFLOW_CTX_EXECUTION_DATE='2026-08-08T00:00:00+00:00' AIRFLOW_CTX_TRY_NUMBER='1' AIRFLOW_CTX_DAG_RUN_ID='scheduled__2026-08-08T00:00:00+00:00'
[2026-08-08T01:00:01.829+0000] {logging_mixin.py:188} INFO - Created bucket: bronze-air-quality
[2026-08-08T01:00:01.836+0000] {logging_mixin.py:188} INFO - Created bucket: silver-air-quality
[2026-08-08T01:00:01.844+0000] {logging_mixin.py:188} INFO - Created bucket: gold-air-quality
[2026-08-08T01:00:02.704+0000] {logging_mixin.py:188} INFO - ✓ new york: AQI=30
[2026-08-08T01:00:03.475+0000] {logging_mixin.py:188} INFO - ✓ london: AQI=42
[2026-08-08T01:00:04.246+0000] {logging_mixin.py:188} INFO - ✓ beijing: AQI=50
[2026-08-08T01:00:04.986+0000] {logging_mixin.py:188} INFO - ✓ delhi: AQI=74
[2026-08-08T01:00:05.742+0000] {logging_mixin.py:188} INFO - ✓ sydney: AQI=26
[2026-08-08T01:00:05.791+0000] {logging_mixin.py:188} INFO - Saved → s3://bronze-air-quality/year=2026/month=08/day=08/city=new_york/010001.json
[2026-08-08T01:00:05.799+0000] {logging_mixin.py:188} INFO - Saved → s3://bronze-air-quality/year=2026/month=08/day=08/city=london/010001.json
[2026-08-08T01:00:05.808+0000] {logging_mixin.py:188} INFO - Saved → s3://bronze-air-quality/year=2026/month=08/day=08/city=beijing/010001.json
[2026-08-08T01:00:05.816+0000] {logging_mixin.py:188} INFO - Saved → s3://bronze-air-quality/year=2026/month=08/day=08/city=delhi/010001.json
[2026-08-08T01:00:05.827+0000] {logging_mixin.py:188} INFO - Saved → s3://bronze-air-quality/year=2026/month=08/day=08/city=sydney/010001.json
[2026-08-08T01:00:05.828+0000] {logging_mixin.py:188} INFO - 
Total records ingested: 5
[2026-08-08T01:00:05.828+0000] {python.py:201} INFO - Done. Returned value was: None
[2026-08-08T01:00:05.839+0000] {taskinstance.py:1138} INFO - Marking task as SUCCESS. dag_id=air_quality_ingestion, task_id=ingest_to_bronze, execution_date=20260808T000000, start_date=20260808T010001, end_date=20260808T010005
[2026-08-08T01:00:05.882+0000] {local_task_job_runner.py:234} INFO - Task exited with return code 0
[2026-08-08T01:00:05.899+0000] {taskinstance.py:3280} INFO - 0 downstream tasks scheduled from follow-on schedule check
