[2026-08-13T20:00:00.989+0000] {taskinstance.py:1956} INFO - Dependencies all met for dep_context=non-requeueable deps ti=<TaskInstance: air_quality_ingestion.ingest_to_bronze scheduled__2026-08-13T19:00:00+00:00 [queued]>
[2026-08-13T20:00:00.995+0000] {taskinstance.py:1956} INFO - Dependencies all met for dep_context=requeueable deps ti=<TaskInstance: air_quality_ingestion.ingest_to_bronze scheduled__2026-08-13T19:00:00+00:00 [queued]>
[2026-08-13T20:00:00.996+0000] {taskinstance.py:2170} INFO - Starting attempt 1 of 4
[2026-08-13T20:00:01.007+0000] {taskinstance.py:2191} INFO - Executing <Task(PythonOperator): ingest_to_bronze> on 2026-08-13 19:00:00+00:00
[2026-08-13T20:00:01.011+0000] {standard_task_runner.py:60} INFO - Started process 47018 to run task
[2026-08-13T20:00:01.014+0000] {standard_task_runner.py:87} INFO - Running: ['***', 'tasks', 'run', 'air_quality_ingestion', 'ingest_to_bronze', 'scheduled__2026-08-13T19:00:00+00:00', '--job-id', '285', '--raw', '--subdir', 'DAGS_FOLDER/ingestion_dag.py', '--cfg-path', '/tmp/tmpc90n18jb']
[2026-08-13T20:00:01.016+0000] {standard_task_runner.py:88} INFO - Job 285: Subtask ingest_to_bronze
[2026-08-13T20:00:01.084+0000] {task_command.py:423} INFO - Running <TaskInstance: air_quality_ingestion.ingest_to_bronze scheduled__2026-08-13T19:00:00+00:00 [running]> on host 6a0525c4c718
[2026-08-13T20:00:01.161+0000] {taskinstance.py:2480} INFO - Exporting env vars: AIRFLOW_CTX_DAG_OWNER='***' AIRFLOW_CTX_DAG_ID='air_quality_ingestion' AIRFLOW_CTX_TASK_ID='ingest_to_bronze' AIRFLOW_CTX_EXECUTION_DATE='2026-08-13T19:00:00+00:00' AIRFLOW_CTX_TRY_NUMBER='1' AIRFLOW_CTX_DAG_RUN_ID='scheduled__2026-08-13T19:00:00+00:00'
[2026-08-13T20:00:01.251+0000] {logging_mixin.py:188} INFO - Created bucket: bronze-air-quality
[2026-08-13T20:00:01.256+0000] {logging_mixin.py:188} INFO - Created bucket: silver-air-quality
[2026-08-13T20:00:01.260+0000] {logging_mixin.py:188} INFO - Created bucket: gold-air-quality
[2026-08-13T20:00:02.199+0000] {logging_mixin.py:188} INFO - ✓ new york: AQI=61
[2026-08-13T20:00:02.970+0000] {logging_mixin.py:188} INFO - ✓ london: AQI=55
[2026-08-13T20:00:03.724+0000] {logging_mixin.py:188} INFO - ✓ beijing: AQI=42
[2026-08-13T20:00:04.487+0000] {logging_mixin.py:188} INFO - ✓ delhi: AQI=109
[2026-08-13T20:00:05.208+0000] {logging_mixin.py:188} INFO - ✓ sydney: AQI=18
[2026-08-13T20:00:05.224+0000] {logging_mixin.py:188} INFO - Saved → s3://bronze-air-quality/year=2026/month=08/day=13/city=new_york/200001.json
[2026-08-13T20:00:05.231+0000] {logging_mixin.py:188} INFO - Saved → s3://bronze-air-quality/year=2026/month=08/day=13/city=london/200001.json
[2026-08-13T20:00:05.239+0000] {logging_mixin.py:188} INFO - Saved → s3://bronze-air-quality/year=2026/month=08/day=13/city=beijing/200001.json
[2026-08-13T20:00:05.248+0000] {logging_mixin.py:188} INFO - Saved → s3://bronze-air-quality/year=2026/month=08/day=13/city=delhi/200001.json
[2026-08-13T20:00:05.254+0000] {logging_mixin.py:188} INFO - Saved → s3://bronze-air-quality/year=2026/month=08/day=13/city=sydney/200001.json
[2026-08-13T20:00:05.255+0000] {logging_mixin.py:188} INFO - 
Total records ingested: 5
[2026-08-13T20:00:05.255+0000] {python.py:201} INFO - Done. Returned value was: None
[2026-08-13T20:00:05.264+0000] {taskinstance.py:1138} INFO - Marking task as SUCCESS. dag_id=air_quality_ingestion, task_id=ingest_to_bronze, execution_date=20260813T190000, start_date=20260813T200000, end_date=20260813T200005
[2026-08-13T20:00:05.303+0000] {local_task_job_runner.py:234} INFO - Task exited with return code 0
[2026-08-13T20:00:05.317+0000] {taskinstance.py:3280} INFO - 0 downstream tasks scheduled from follow-on schedule check
