[2026-09-09T01:36:49.518+0000] {taskinstance.py:1956} INFO - Dependencies all met for dep_context=non-requeueable deps ti=<TaskInstance: air_quality_ingestion.ingest_to_bronze scheduled__2026-09-09T00:00:00+00:00 [queued]>
[2026-09-09T01:36:49.532+0000] {taskinstance.py:1956} INFO - Dependencies all met for dep_context=requeueable deps ti=<TaskInstance: air_quality_ingestion.ingest_to_bronze scheduled__2026-09-09T00:00:00+00:00 [queued]>
[2026-09-09T01:36:49.533+0000] {taskinstance.py:2170} INFO - Starting attempt 1 of 4
[2026-09-09T01:36:49.554+0000] {taskinstance.py:2191} INFO - Executing <Task(PythonOperator): ingest_to_bronze> on 2026-09-09 00:00:00+00:00
[2026-09-09T01:36:49.565+0000] {standard_task_runner.py:60} INFO - Started process 319 to run task
[2026-09-09T01:36:49.569+0000] {standard_task_runner.py:87} INFO - Running: ['***', 'tasks', 'run', 'air_quality_ingestion', 'ingest_to_bronze', 'scheduled__2026-09-09T00:00:00+00:00', '--job-id', '729', '--raw', '--subdir', 'DAGS_FOLDER/ingestion_dag.py', '--cfg-path', '/tmp/tmpnnffup20']
[2026-09-09T01:36:49.577+0000] {standard_task_runner.py:88} INFO - Job 729: Subtask ingest_to_bronze
[2026-09-09T01:36:49.756+0000] {task_command.py:423} INFO - Running <TaskInstance: air_quality_ingestion.ingest_to_bronze scheduled__2026-09-09T00:00:00+00:00 [running]> on host 6a0525c4c718
[2026-09-09T01:36:49.857+0000] {taskinstance.py:2480} INFO - Exporting env vars: AIRFLOW_CTX_DAG_OWNER='***' AIRFLOW_CTX_DAG_ID='air_quality_ingestion' AIRFLOW_CTX_TASK_ID='ingest_to_bronze' AIRFLOW_CTX_EXECUTION_DATE='2026-09-09T00:00:00+00:00' AIRFLOW_CTX_TRY_NUMBER='1' AIRFLOW_CTX_DAG_RUN_ID='scheduled__2026-09-09T00:00:00+00:00'
[2026-09-09T01:36:49.965+0000] {logging_mixin.py:188} INFO - Created bucket: bronze-air-quality
[2026-09-09T01:36:49.975+0000] {logging_mixin.py:188} INFO - Created bucket: silver-air-quality
[2026-09-09T01:36:49.984+0000] {logging_mixin.py:188} INFO - Created bucket: gold-air-quality
[2026-09-09T01:36:51.018+0000] {logging_mixin.py:188} INFO - ✓ new york: AQI=32
[2026-09-09T01:36:51.819+0000] {logging_mixin.py:188} INFO - ✓ london: AQI=46
[2026-09-09T01:36:52.664+0000] {logging_mixin.py:188} INFO - ✓ beijing: AQI=21
[2026-09-09T01:36:53.408+0000] {logging_mixin.py:188} INFO - ✓ delhi: AQI=55
[2026-09-09T01:36:54.230+0000] {logging_mixin.py:188} INFO - ✓ sydney: AQI=26
[2026-09-09T01:36:54.243+0000] {logging_mixin.py:188} INFO - Saved → s3://bronze-air-quality/year=2026/month=09/day=09/city=new_york/013649.json
[2026-09-09T01:36:54.254+0000] {logging_mixin.py:188} INFO - Saved → s3://bronze-air-quality/year=2026/month=09/day=09/city=london/013649.json
[2026-09-09T01:36:54.262+0000] {logging_mixin.py:188} INFO - Saved → s3://bronze-air-quality/year=2026/month=09/day=09/city=beijing/013649.json
[2026-09-09T01:36:54.274+0000] {logging_mixin.py:188} INFO - Saved → s3://bronze-air-quality/year=2026/month=09/day=09/city=delhi/013649.json
[2026-09-09T01:36:54.288+0000] {logging_mixin.py:188} INFO - Saved → s3://bronze-air-quality/year=2026/month=09/day=09/city=sydney/013649.json
[2026-09-09T01:36:54.288+0000] {logging_mixin.py:188} INFO - 
Total records ingested: 5
[2026-09-09T01:36:54.289+0000] {python.py:201} INFO - Done. Returned value was: None
[2026-09-09T01:36:54.302+0000] {taskinstance.py:1138} INFO - Marking task as SUCCESS. dag_id=air_quality_ingestion, task_id=ingest_to_bronze, execution_date=20260909T000000, start_date=20260909T013649, end_date=20260909T013654
[2026-09-09T01:36:54.324+0000] {local_task_job_runner.py:234} INFO - Task exited with return code 0
[2026-09-09T01:36:54.341+0000] {taskinstance.py:3280} INFO - 0 downstream tasks scheduled from follow-on schedule check
