[2026-08-09T03:55:22.165+0000] {taskinstance.py:1956} INFO - Dependencies all met for dep_context=non-requeueable deps ti=<TaskInstance: air_quality_ingestion.ingest_to_bronze scheduled__2026-08-09T02:00:00+00:00 [queued]>
[2026-08-09T03:55:22.214+0000] {taskinstance.py:1956} INFO - Dependencies all met for dep_context=requeueable deps ti=<TaskInstance: air_quality_ingestion.ingest_to_bronze scheduled__2026-08-09T02:00:00+00:00 [queued]>
[2026-08-09T03:55:22.219+0000] {taskinstance.py:2170} INFO - Starting attempt 1 of 4
[2026-08-09T03:55:22.310+0000] {taskinstance.py:2191} INFO - Executing <Task(PythonOperator): ingest_to_bronze> on 2026-08-09 02:00:00+00:00
[2026-08-09T03:55:22.346+0000] {standard_task_runner.py:60} INFO - Started process 20140 to run task
[2026-08-09T03:55:22.356+0000] {standard_task_runner.py:87} INFO - Running: ['***', 'tasks', 'run', 'air_quality_ingestion', 'ingest_to_bronze', 'scheduled__2026-08-09T02:00:00+00:00', '--job-id', '161', '--raw', '--subdir', 'DAGS_FOLDER/ingestion_dag.py', '--cfg-path', '/tmp/tmpuesk8fik']
[2026-08-09T03:55:22.373+0000] {standard_task_runner.py:88} INFO - Job 161: Subtask ingest_to_bronze
[2026-08-09T03:55:22.638+0000] {task_command.py:423} INFO - Running <TaskInstance: air_quality_ingestion.ingest_to_bronze scheduled__2026-08-09T02:00:00+00:00 [running]> on host 6a0525c4c718
[2026-08-09T11:06:28.362+0000] {taskinstance.py:2480} INFO - Exporting env vars: AIRFLOW_CTX_DAG_OWNER='***' AIRFLOW_CTX_DAG_ID='air_quality_ingestion' AIRFLOW_CTX_TASK_ID='ingest_to_bronze' AIRFLOW_CTX_EXECUTION_DATE='2026-08-09T02:00:00+00:00' AIRFLOW_CTX_TRY_NUMBER='1' AIRFLOW_CTX_DAG_RUN_ID='scheduled__2026-08-09T02:00:00+00:00'
[2026-08-09T11:06:29.904+0000] {logging_mixin.py:188} INFO - Created bucket: bronze-air-quality
[2026-08-09T11:06:29.927+0000] {logging_mixin.py:188} INFO - Created bucket: silver-air-quality
[2026-08-09T11:06:29.957+0000] {logging_mixin.py:188} INFO - Created bucket: gold-air-quality
[2026-08-09T11:06:30.571+0000] {logging_mixin.py:188} INFO - ✗ new york: HTTPSConnectionPool(host='api.waqi.info', port=443): Max retries exceeded with url: /feed/new%20york/?token=2cc5f2fc84f739a6377a29001c83fd1911c54797 (Caused by NewConnectionError('<urllib3.connection.HTTPSConnection object at 0x7d6db6f87450>: Failed to establish a new connection: [Errno 111] Connection refused'))
[2026-08-09T11:06:30.675+0000] {logging_mixin.py:188} INFO - ✗ london: HTTPSConnectionPool(host='api.waqi.info', port=443): Max retries exceeded with url: /feed/london/?token=2cc5f2fc84f739a6377a29001c83fd1911c54797 (Caused by NewConnectionError('<urllib3.connection.HTTPSConnection object at 0x7d6db68d1290>: Failed to establish a new connection: [Errno 111] Connection refused'))
[2026-08-09T11:06:30.768+0000] {logging_mixin.py:188} INFO - ✗ beijing: HTTPSConnectionPool(host='api.waqi.info', port=443): Max retries exceeded with url: /feed/beijing/?token=2cc5f2fc84f739a6377a29001c83fd1911c54797 (Caused by NewConnectionError('<urllib3.connection.HTTPSConnection object at 0x7d6db68d3790>: Failed to establish a new connection: [Errno 111] Connection refused'))
[2026-08-09T11:06:30.864+0000] {logging_mixin.py:188} INFO - ✗ delhi: HTTPSConnectionPool(host='api.waqi.info', port=443): Max retries exceeded with url: /feed/delhi/?token=2cc5f2fc84f739a6377a29001c83fd1911c54797 (Caused by NewConnectionError('<urllib3.connection.HTTPSConnection object at 0x7d6db68bfdd0>: Failed to establish a new connection: [Errno 111] Connection refused'))
[2026-08-09T11:06:30.988+0000] {logging_mixin.py:188} INFO - ✗ sydney: HTTPSConnectionPool(host='api.waqi.info', port=443): Max retries exceeded with url: /feed/sydney/?token=2cc5f2fc84f739a6377a29001c83fd1911c54797 (Caused by NewConnectionError('<urllib3.connection.HTTPSConnection object at 0x7d6db68d85d0>: Failed to establish a new connection: [Errno 111] Connection refused'))
[2026-08-09T11:06:30.994+0000] {logging_mixin.py:188} INFO - 
Total records ingested: 0
[2026-08-09T11:06:31.002+0000] {python.py:201} INFO - Done. Returned value was: None
[2026-08-09T11:06:31.048+0000] {taskinstance.py:1138} INFO - Marking task as SUCCESS. dag_id=air_quality_ingestion, task_id=ingest_to_bronze, execution_date=20260809T020000, start_date=20260809T035522, end_date=20260809T110631
[2026-08-09T11:06:31.181+0000] {local_task_job_runner.py:234} INFO - Task exited with return code 0
[2026-08-09T11:06:31.275+0000] {taskinstance.py:3280} INFO - 0 downstream tasks scheduled from follow-on schedule check
