[2026-08-13T16:13:32.562+0000] {taskinstance.py:1956} INFO - Dependencies all met for dep_context=non-requeueable deps ti=<TaskInstance: air_quality_pipeline.wait_for_ingestion scheduled__2026-08-13T15:05:00+00:00 [queued]>
[2026-08-13T16:13:32.601+0000] {taskinstance.py:1956} INFO - Dependencies all met for dep_context=requeueable deps ti=<TaskInstance: air_quality_pipeline.wait_for_ingestion scheduled__2026-08-13T15:05:00+00:00 [queued]>
[2026-08-13T16:13:32.605+0000] {taskinstance.py:2170} INFO - Starting attempt 1 of 3
[2026-08-13T16:13:32.677+0000] {taskinstance.py:2191} INFO - Executing <Task(ExternalTaskSensor): wait_for_ingestion> on 2026-08-13 15:05:00+00:00
[2026-08-13T16:13:32.702+0000] {standard_task_runner.py:60} INFO - Started process 44543 to run task
[2026-08-13T16:13:32.710+0000] {standard_task_runner.py:87} INFO - Running: ['***', 'tasks', 'run', 'air_quality_pipeline', 'wait_for_ingestion', 'scheduled__2026-08-13T15:05:00+00:00', '--job-id', '277', '--raw', '--subdir', 'DAGS_FOLDER/spark_pipeline_dag.py', '--cfg-path', '/tmp/tmpruwszjmk']
[2026-08-13T16:13:32.716+0000] {standard_task_runner.py:88} INFO - Job 277: Subtask wait_for_ingestion
[2026-08-13T16:13:32.923+0000] {task_command.py:423} INFO - Running <TaskInstance: air_quality_pipeline.wait_for_ingestion scheduled__2026-08-13T15:05:00+00:00 [running]> on host 6a0525c4c718
[2026-08-13T16:13:33.301+0000] {taskinstance.py:2480} INFO - Exporting env vars: AIRFLOW_CTX_DAG_OWNER='***' AIRFLOW_CTX_DAG_ID='air_quality_pipeline' AIRFLOW_CTX_TASK_ID='wait_for_ingestion' AIRFLOW_CTX_EXECUTION_DATE='2026-08-13T15:05:00+00:00' AIRFLOW_CTX_TRY_NUMBER='1' AIRFLOW_CTX_DAG_RUN_ID='scheduled__2026-08-13T15:05:00+00:00'
[2026-08-13T16:13:33.306+0000] {external_task.py:244} INFO - Poking for tasks ['ingest_to_bronze'] in dag air_quality_ingestion on 2026-08-13T15:05:00+00:00 ... 
[2026-08-13T16:14:03.395+0000] {external_task.py:244} INFO - Poking for tasks ['ingest_to_bronze'] in dag air_quality_ingestion on 2026-08-13T15:05:00+00:00 ... 
[2026-08-13T16:14:33.423+0000] {external_task.py:244} INFO - Poking for tasks ['ingest_to_bronze'] in dag air_quality_ingestion on 2026-08-13T15:05:00+00:00 ... 
[2026-08-13T16:15:03.424+0000] {external_task.py:244} INFO - Poking for tasks ['ingest_to_bronze'] in dag air_quality_ingestion on 2026-08-13T15:05:00+00:00 ... 
[2026-08-13T16:15:33.429+0000] {external_task.py:244} INFO - Poking for tasks ['ingest_to_bronze'] in dag air_quality_ingestion on 2026-08-13T15:05:00+00:00 ... 
[2026-08-13T16:16:03.441+0000] {external_task.py:244} INFO - Poking for tasks ['ingest_to_bronze'] in dag air_quality_ingestion on 2026-08-13T15:05:00+00:00 ... 
[2026-08-13T16:16:33.469+0000] {external_task.py:244} INFO - Poking for tasks ['ingest_to_bronze'] in dag air_quality_ingestion on 2026-08-13T15:05:00+00:00 ... 
[2026-08-13T16:17:03.480+0000] {external_task.py:244} INFO - Poking for tasks ['ingest_to_bronze'] in dag air_quality_ingestion on 2026-08-13T15:05:00+00:00 ... 
[2026-08-13T16:17:33.473+0000] {external_task.py:244} INFO - Poking for tasks ['ingest_to_bronze'] in dag air_quality_ingestion on 2026-08-13T15:05:00+00:00 ... 
[2026-08-13T16:18:03.489+0000] {external_task.py:244} INFO - Poking for tasks ['ingest_to_bronze'] in dag air_quality_ingestion on 2026-08-13T15:05:00+00:00 ... 
[2026-08-13T16:18:33.506+0000] {external_task.py:244} INFO - Poking for tasks ['ingest_to_bronze'] in dag air_quality_ingestion on 2026-08-13T15:05:00+00:00 ... 
[2026-08-13T16:18:33.530+0000] {taskinstance.py:2698} ERROR - Task failed with exception
Traceback (most recent call last):
  File "/home/airflow/.local/lib/python3.11/site-packages/airflow/models/taskinstance.py", line 433, in _execute_task
    result = execute_callable(context=context, **execute_callable_kwargs)
             ^^^^^^^^^^^^^^^^^^^^^^^^^^^^^^^^^^^^^^^^^^^^^^^^^^^^^^^^^^^^
  File "/home/airflow/.local/lib/python3.11/site-packages/airflow/sensors/external_task.py", line 334, in execute
    super().execute(context)
  File "/home/airflow/.local/lib/python3.11/site-packages/airflow/sensors/base.py", line 282, in execute
    raise AirflowSensorTimeout(message)
airflow.exceptions.AirflowSensorTimeout: Sensor has timed out; run duration of 300.3428570640099 seconds exceeds the specified timeout of 300.0.
[2026-08-13T16:18:33.546+0000] {taskinstance.py:1138} INFO - Immediate failure requested. Marking task as FAILED. dag_id=air_quality_pipeline, task_id=wait_for_ingestion, execution_date=20260813T150500, start_date=20260813T161332, end_date=20260813T161833
[2026-08-13T16:18:33.569+0000] {standard_task_runner.py:107} ERROR - Failed to execute job 277 for task wait_for_ingestion (Sensor has timed out; run duration of 300.3428570640099 seconds exceeds the specified timeout of 300.0.; 44543)
[2026-08-13T16:18:33.592+0000] {local_task_job_runner.py:234} INFO - Task exited with return code 1
[2026-08-13T16:18:33.618+0000] {taskinstance.py:3280} INFO - 0 downstream tasks scheduled from follow-on schedule check
