[2026-09-06T04:00:00.549+0000] {taskinstance.py:1956} INFO - Dependencies all met for dep_context=non-requeueable deps ti=<TaskInstance: air_quality_ingestion.ingest_to_bronze scheduled__2026-09-06T03:00:00+00:00 [queued]>
[2026-09-06T04:00:00.554+0000] {taskinstance.py:1956} INFO - Dependencies all met for dep_context=requeueable deps ti=<TaskInstance: air_quality_ingestion.ingest_to_bronze scheduled__2026-09-06T03:00:00+00:00 [queued]>
[2026-09-06T04:00:00.555+0000] {taskinstance.py:2170} INFO - Starting attempt 1 of 4
[2026-09-06T04:00:00.564+0000] {taskinstance.py:2191} INFO - Executing <Task(PythonOperator): ingest_to_bronze> on 2026-09-06 03:00:00+00:00
[2026-09-06T04:00:00.568+0000] {standard_task_runner.py:60} INFO - Started process 64637 to run task
[2026-09-06T04:00:00.571+0000] {standard_task_runner.py:87} INFO - Running: ['***', 'tasks', 'run', 'air_quality_ingestion', 'ingest_to_bronze', 'scheduled__2026-09-06T03:00:00+00:00', '--job-id', '639', '--raw', '--subdir', 'DAGS_FOLDER/ingestion_dag.py', '--cfg-path', '/tmp/tmppph_76ck']
[2026-09-06T04:00:00.573+0000] {standard_task_runner.py:88} INFO - Job 639: Subtask ingest_to_bronze
[2026-09-06T04:00:00.632+0000] {task_command.py:423} INFO - Running <TaskInstance: air_quality_ingestion.ingest_to_bronze scheduled__2026-09-06T03:00:00+00:00 [running]> on host 6a0525c4c718
[2026-09-06T04:00:00.699+0000] {taskinstance.py:2480} INFO - Exporting env vars: AIRFLOW_CTX_DAG_OWNER='***' AIRFLOW_CTX_DAG_ID='air_quality_ingestion' AIRFLOW_CTX_TASK_ID='ingest_to_bronze' AIRFLOW_CTX_EXECUTION_DATE='2026-09-06T03:00:00+00:00' AIRFLOW_CTX_TRY_NUMBER='1' AIRFLOW_CTX_DAG_RUN_ID='scheduled__2026-09-06T03:00:00+00:00'
[2026-09-06T04:00:00.768+0000] {logging_mixin.py:188} INFO - Created bucket: bronze-air-quality
[2026-09-06T04:00:00.773+0000] {logging_mixin.py:188} INFO - Created bucket: silver-air-quality
[2026-09-06T04:00:00.777+0000] {logging_mixin.py:188} INFO - Created bucket: gold-air-quality
[2026-09-06T04:00:01.520+0000] {logging_mixin.py:188} INFO - ✓ new york: AQI=23
[2026-09-06T04:00:02.347+0000] {logging_mixin.py:188} INFO - ✓ london: AQI=42
[2026-09-06T04:00:03.072+0000] {logging_mixin.py:188} INFO - ✓ beijing: AQI=68
[2026-09-06T04:00:03.836+0000] {logging_mixin.py:188} INFO - ✓ delhi: AQI=21
[2026-09-06T04:00:04.596+0000] {logging_mixin.py:188} INFO - ✓ sydney: AQI=22
[2026-09-06T04:00:04.621+0000] {logging_mixin.py:188} INFO - Saved → s3://bronze-air-quality/year=2026/month=09/day=06/city=new_york/040000.json
[2026-09-06T04:00:04.628+0000] {logging_mixin.py:188} INFO - Saved → s3://bronze-air-quality/year=2026/month=09/day=06/city=london/040000.json
[2026-09-06T04:00:04.641+0000] {logging_mixin.py:188} INFO - Saved → s3://bronze-air-quality/year=2026/month=09/day=06/city=beijing/040000.json
[2026-09-06T04:00:04.648+0000] {logging_mixin.py:188} INFO - Saved → s3://bronze-air-quality/year=2026/month=09/day=06/city=delhi/040000.json
[2026-09-06T04:00:04.655+0000] {logging_mixin.py:188} INFO - Saved → s3://bronze-air-quality/year=2026/month=09/day=06/city=sydney/040000.json
[2026-09-06T04:00:04.656+0000] {logging_mixin.py:188} INFO - 
Total records ingested: 5
[2026-09-06T04:00:04.657+0000] {python.py:201} INFO - Done. Returned value was: None
[2026-09-06T04:00:04.667+0000] {taskinstance.py:1138} INFO - Marking task as SUCCESS. dag_id=air_quality_ingestion, task_id=ingest_to_bronze, execution_date=20260906T030000, start_date=20260906T040000, end_date=20260906T040004
[2026-09-06T04:00:04.688+0000] {local_task_job_runner.py:234} INFO - Task exited with return code 0
[2026-09-06T04:00:04.701+0000] {taskinstance.py:3280} INFO - 0 downstream tasks scheduled from follow-on schedule check
