[2026-09-07T12:10:20.548+0000] {taskinstance.py:1956} INFO - Dependencies all met for dep_context=non-requeueable deps ti=<TaskInstance: air_quality_pipeline.wait_for_ingestion scheduled__2026-09-07T03:05:00+00:00 [queued]>
[2026-09-07T12:10:20.637+0000] {taskinstance.py:1956} INFO - Dependencies all met for dep_context=requeueable deps ti=<TaskInstance: air_quality_pipeline.wait_for_ingestion scheduled__2026-09-07T03:05:00+00:00 [queued]>
[2026-09-07T12:10:20.659+0000] {taskinstance.py:2170} INFO - Starting attempt 1 of 3
[2026-09-07T12:10:20.845+0000] {taskinstance.py:2191} INFO - Executing <Task(ExternalTaskSensor): wait_for_ingestion> on 2026-09-07 03:05:00+00:00
[2026-09-07T12:10:20.959+0000] {standard_task_runner.py:60} INFO - Started process 92458 to run task
[2026-09-07T12:10:21.016+0000] {standard_task_runner.py:87} INFO - Running: ['***', 'tasks', 'run', 'air_quality_pipeline', 'wait_for_ingestion', 'scheduled__2026-09-07T03:05:00+00:00', '--job-id', '687', '--raw', '--subdir', 'DAGS_FOLDER/spark_pipeline_dag.py', '--cfg-path', '/tmp/tmpk4d1bjty']
[2026-09-07T12:10:21.063+0000] {standard_task_runner.py:88} INFO - Job 687: Subtask wait_for_ingestion
[2026-09-07T12:10:21.624+0000] {task_command.py:423} INFO - Running <TaskInstance: air_quality_pipeline.wait_for_ingestion scheduled__2026-09-07T03:05:00+00:00 [running]> on host 6a0525c4c718
[2026-09-07T12:10:22.265+0000] {taskinstance.py:2480} INFO - Exporting env vars: AIRFLOW_CTX_DAG_OWNER='***' AIRFLOW_CTX_DAG_ID='air_quality_pipeline' AIRFLOW_CTX_TASK_ID='wait_for_ingestion' AIRFLOW_CTX_EXECUTION_DATE='2026-09-07T03:05:00+00:00' AIRFLOW_CTX_TRY_NUMBER='1' AIRFLOW_CTX_DAG_RUN_ID='scheduled__2026-09-07T03:05:00+00:00'
[2026-09-07T12:10:22.348+0000] {external_task.py:244} INFO - Poking for tasks ['ingest_to_bronze'] in dag air_quality_ingestion on 2026-09-07T03:05:00+00:00 ... 
[2026-09-07T14:33:45.317+0000] {external_task.py:244} INFO - Poking for tasks ['ingest_to_bronze'] in dag air_quality_ingestion on 2026-09-07T03:05:00+00:00 ... 
[2026-09-07T14:34:15.334+0000] {external_task.py:244} INFO - Poking for tasks ['ingest_to_bronze'] in dag air_quality_ingestion on 2026-09-07T03:05:00+00:00 ... 
[2026-09-07T14:34:45.345+0000] {external_task.py:244} INFO - Poking for tasks ['ingest_to_bronze'] in dag air_quality_ingestion on 2026-09-07T03:05:00+00:00 ... 
[2026-09-07T14:35:15.355+0000] {external_task.py:244} INFO - Poking for tasks ['ingest_to_bronze'] in dag air_quality_ingestion on 2026-09-07T03:05:00+00:00 ... 
[2026-09-07T14:35:45.366+0000] {external_task.py:244} INFO - Poking for tasks ['ingest_to_bronze'] in dag air_quality_ingestion on 2026-09-07T03:05:00+00:00 ... 
[2026-09-07T14:36:15.378+0000] {external_task.py:244} INFO - Poking for tasks ['ingest_to_bronze'] in dag air_quality_ingestion on 2026-09-07T03:05:00+00:00 ... 
[2026-09-07T14:36:45.393+0000] {external_task.py:244} INFO - Poking for tasks ['ingest_to_bronze'] in dag air_quality_ingestion on 2026-09-07T03:05:00+00:00 ... 
[2026-09-07T14:37:15.409+0000] {external_task.py:244} INFO - Poking for tasks ['ingest_to_bronze'] in dag air_quality_ingestion on 2026-09-07T03:05:00+00:00 ... 
[2026-09-07T14:37:45.415+0000] {external_task.py:244} INFO - Poking for tasks ['ingest_to_bronze'] in dag air_quality_ingestion on 2026-09-07T03:05:00+00:00 ... 
[2026-09-07T14:38:15.424+0000] {external_task.py:244} INFO - Poking for tasks ['ingest_to_bronze'] in dag air_quality_ingestion on 2026-09-07T03:05:00+00:00 ... 
[2026-09-07T14:38:15.436+0000] {taskinstance.py:2698} ERROR - Task failed with exception
Traceback (most recent call last):
  File "/home/airflow/.local/lib/python3.11/site-packages/airflow/models/taskinstance.py", line 433, in _execute_task
    result = execute_callable(context=context, **execute_callable_kwargs)
             ^^^^^^^^^^^^^^^^^^^^^^^^^^^^^^^^^^^^^^^^^^^^^^^^^^^^^^^^^^^^
  File "/home/airflow/.local/lib/python3.11/site-packages/airflow/sensors/external_task.py", line 334, in execute
    super().execute(context)
  File "/home/airflow/.local/lib/python3.11/site-packages/airflow/sensors/base.py", line 282, in execute
    raise AirflowSensorTimeout(message)
airflow.exceptions.AirflowSensorTimeout: Sensor has timed out; run duration of 300.1886383459787 seconds exceeds the specified timeout of 300.0.
[2026-09-07T14:38:15.450+0000] {taskinstance.py:1138} INFO - Immediate failure requested. Marking task as FAILED. dag_id=air_quality_pipeline, task_id=wait_for_ingestion, execution_date=20260907T030500, start_date=20260907T121020, end_date=20260907T143815
[2026-09-07T14:38:15.468+0000] {standard_task_runner.py:107} ERROR - Failed to execute job 687 for task wait_for_ingestion (Sensor has timed out; run duration of 300.1886383459787 seconds exceeds the specified timeout of 300.0.; 92458)
[2026-09-07T14:38:15.482+0000] {local_task_job_runner.py:234} INFO - Task exited with return code 1
[2026-09-07T14:38:15.517+0000] {taskinstance.py:3280} INFO - 0 downstream tasks scheduled from follow-on schedule check
