[2026-08-26T20:11:03.552+0000] {taskinstance.py:1956} INFO - Dependencies all met for dep_context=non-requeueable deps ti=<TaskInstance: air_quality_pipeline.wait_for_ingestion scheduled__2026-08-26T19:05:00+00:00 [queued]>
[2026-08-26T20:11:03.563+0000] {taskinstance.py:1956} INFO - Dependencies all met for dep_context=requeueable deps ti=<TaskInstance: air_quality_pipeline.wait_for_ingestion scheduled__2026-08-26T19:05:00+00:00 [queued]>
[2026-08-26T20:11:03.570+0000] {taskinstance.py:2170} INFO - Starting attempt 1 of 3
[2026-08-26T20:11:03.587+0000] {taskinstance.py:2191} INFO - Executing <Task(ExternalTaskSensor): wait_for_ingestion> on 2026-08-26 19:05:00+00:00
[2026-08-26T20:11:03.596+0000] {standard_task_runner.py:60} INFO - Started process 1772 to run task
[2026-08-26T20:11:03.599+0000] {standard_task_runner.py:87} INFO - Running: ['***', 'tasks', 'run', 'air_quality_pipeline', 'wait_for_ingestion', 'scheduled__2026-08-26T19:05:00+00:00', '--job-id', '376', '--raw', '--subdir', 'DAGS_FOLDER/spark_pipeline_dag.py', '--cfg-path', '/tmp/tmpkqiav579']
[2026-08-26T20:11:03.603+0000] {standard_task_runner.py:88} INFO - Job 376: Subtask wait_for_ingestion
[2026-08-26T20:11:03.713+0000] {task_command.py:423} INFO - Running <TaskInstance: air_quality_pipeline.wait_for_ingestion scheduled__2026-08-26T19:05:00+00:00 [running]> on host 6a0525c4c718
[2026-08-26T20:11:03.820+0000] {taskinstance.py:2480} INFO - Exporting env vars: AIRFLOW_CTX_DAG_OWNER='***' AIRFLOW_CTX_DAG_ID='air_quality_pipeline' AIRFLOW_CTX_TASK_ID='wait_for_ingestion' AIRFLOW_CTX_EXECUTION_DATE='2026-08-26T19:05:00+00:00' AIRFLOW_CTX_TRY_NUMBER='1' AIRFLOW_CTX_DAG_RUN_ID='scheduled__2026-08-26T19:05:00+00:00'
[2026-08-26T20:11:03.834+0000] {external_task.py:244} INFO - Poking for tasks ['ingest_to_bronze'] in dag air_quality_ingestion on 2026-08-26T19:05:00+00:00 ... 
[2026-08-26T20:11:33.861+0000] {external_task.py:244} INFO - Poking for tasks ['ingest_to_bronze'] in dag air_quality_ingestion on 2026-08-26T19:05:00+00:00 ... 
[2026-08-26T20:12:03.876+0000] {external_task.py:244} INFO - Poking for tasks ['ingest_to_bronze'] in dag air_quality_ingestion on 2026-08-26T19:05:00+00:00 ... 
[2026-08-26T20:12:33.885+0000] {external_task.py:244} INFO - Poking for tasks ['ingest_to_bronze'] in dag air_quality_ingestion on 2026-08-26T19:05:00+00:00 ... 
[2026-08-26T20:13:03.899+0000] {external_task.py:244} INFO - Poking for tasks ['ingest_to_bronze'] in dag air_quality_ingestion on 2026-08-26T19:05:00+00:00 ... 
[2026-08-26T20:13:33.909+0000] {external_task.py:244} INFO - Poking for tasks ['ingest_to_bronze'] in dag air_quality_ingestion on 2026-08-26T19:05:00+00:00 ... 
[2026-08-26T20:14:03.922+0000] {external_task.py:244} INFO - Poking for tasks ['ingest_to_bronze'] in dag air_quality_ingestion on 2026-08-26T19:05:00+00:00 ... 
[2026-08-26T20:14:33.927+0000] {external_task.py:244} INFO - Poking for tasks ['ingest_to_bronze'] in dag air_quality_ingestion on 2026-08-26T19:05:00+00:00 ... 
[2026-08-26T20:15:03.935+0000] {external_task.py:244} INFO - Poking for tasks ['ingest_to_bronze'] in dag air_quality_ingestion on 2026-08-26T19:05:00+00:00 ... 
[2026-08-26T20:15:33.945+0000] {external_task.py:244} INFO - Poking for tasks ['ingest_to_bronze'] in dag air_quality_ingestion on 2026-08-26T19:05:00+00:00 ... 
[2026-08-26T20:16:03.960+0000] {external_task.py:244} INFO - Poking for tasks ['ingest_to_bronze'] in dag air_quality_ingestion on 2026-08-26T19:05:00+00:00 ... 
[2026-08-26T20:16:03.976+0000] {taskinstance.py:2698} ERROR - Task failed with exception
Traceback (most recent call last):
  File "/home/airflow/.local/lib/python3.11/site-packages/airflow/models/taskinstance.py", line 433, in _execute_task
    result = execute_callable(context=context, **execute_callable_kwargs)
             ^^^^^^^^^^^^^^^^^^^^^^^^^^^^^^^^^^^^^^^^^^^^^^^^^^^^^^^^^^^^
  File "/home/airflow/.local/lib/python3.11/site-packages/airflow/sensors/external_task.py", line 334, in execute
    super().execute(context)
  File "/home/airflow/.local/lib/python3.11/site-packages/airflow/sensors/base.py", line 282, in execute
    raise AirflowSensorTimeout(message)
airflow.exceptions.AirflowSensorTimeout: Sensor has timed out; run duration of 300.16356313601136 seconds exceeds the specified timeout of 300.0.
[2026-08-26T20:16:03.987+0000] {taskinstance.py:1138} INFO - Immediate failure requested. Marking task as FAILED. dag_id=air_quality_pipeline, task_id=wait_for_ingestion, execution_date=20260826T190500, start_date=20260826T201103, end_date=20260826T201603
[2026-08-26T20:16:04.001+0000] {standard_task_runner.py:107} ERROR - Failed to execute job 376 for task wait_for_ingestion (Sensor has timed out; run duration of 300.16356313601136 seconds exceeds the specified timeout of 300.0.; 1772)
[2026-08-26T20:16:04.030+0000] {local_task_job_runner.py:234} INFO - Task exited with return code 1
[2026-08-26T20:16:04.052+0000] {taskinstance.py:3280} INFO - 0 downstream tasks scheduled from follow-on schedule check
