[2026-09-06T18:05:01.228+0000] {taskinstance.py:1956} INFO - Dependencies all met for dep_context=non-requeueable deps ti=<TaskInstance: air_quality_pipeline.wait_for_ingestion scheduled__2026-09-06T17:05:00+00:00 [queued]>
[2026-09-06T18:05:01.234+0000] {taskinstance.py:1956} INFO - Dependencies all met for dep_context=requeueable deps ti=<TaskInstance: air_quality_pipeline.wait_for_ingestion scheduled__2026-09-06T17:05:00+00:00 [queued]>
[2026-09-06T18:05:01.234+0000] {taskinstance.py:2170} INFO - Starting attempt 1 of 3
[2026-09-06T18:05:01.243+0000] {taskinstance.py:2191} INFO - Executing <Task(ExternalTaskSensor): wait_for_ingestion> on 2026-09-06 17:05:00+00:00
[2026-09-06T18:05:01.247+0000] {standard_task_runner.py:60} INFO - Started process 81305 to run task
[2026-09-06T18:05:01.249+0000] {standard_task_runner.py:87} INFO - Running: ['***', 'tasks', 'run', 'air_quality_pipeline', 'wait_for_ingestion', 'scheduled__2026-09-06T17:05:00+00:00', '--job-id', '668', '--raw', '--subdir', 'DAGS_FOLDER/spark_pipeline_dag.py', '--cfg-path', '/tmp/tmp1gymm5dh']
[2026-09-06T18:05:01.251+0000] {standard_task_runner.py:88} INFO - Job 668: Subtask wait_for_ingestion
[2026-09-06T18:05:01.308+0000] {task_command.py:423} INFO - Running <TaskInstance: air_quality_pipeline.wait_for_ingestion scheduled__2026-09-06T17:05:00+00:00 [running]> on host 6a0525c4c718
[2026-09-06T18:05:01.369+0000] {taskinstance.py:2480} INFO - Exporting env vars: AIRFLOW_CTX_DAG_OWNER='***' AIRFLOW_CTX_DAG_ID='air_quality_pipeline' AIRFLOW_CTX_TASK_ID='wait_for_ingestion' AIRFLOW_CTX_EXECUTION_DATE='2026-09-06T17:05:00+00:00' AIRFLOW_CTX_TRY_NUMBER='1' AIRFLOW_CTX_DAG_RUN_ID='scheduled__2026-09-06T17:05:00+00:00'
[2026-09-06T18:05:01.370+0000] {external_task.py:244} INFO - Poking for tasks ['ingest_to_bronze'] in dag air_quality_ingestion on 2026-09-06T17:05:00+00:00 ... 
[2026-09-06T18:05:31.375+0000] {external_task.py:244} INFO - Poking for tasks ['ingest_to_bronze'] in dag air_quality_ingestion on 2026-09-06T17:05:00+00:00 ... 
[2026-09-06T18:06:01.391+0000] {external_task.py:244} INFO - Poking for tasks ['ingest_to_bronze'] in dag air_quality_ingestion on 2026-09-06T17:05:00+00:00 ... 
[2026-09-06T18:06:31.404+0000] {external_task.py:244} INFO - Poking for tasks ['ingest_to_bronze'] in dag air_quality_ingestion on 2026-09-06T17:05:00+00:00 ... 
[2026-09-06T18:07:01.410+0000] {external_task.py:244} INFO - Poking for tasks ['ingest_to_bronze'] in dag air_quality_ingestion on 2026-09-06T17:05:00+00:00 ... 
[2026-09-06T18:07:31.422+0000] {external_task.py:244} INFO - Poking for tasks ['ingest_to_bronze'] in dag air_quality_ingestion on 2026-09-06T17:05:00+00:00 ... 
[2026-09-06T18:08:01.492+0000] {external_task.py:244} INFO - Poking for tasks ['ingest_to_bronze'] in dag air_quality_ingestion on 2026-09-06T17:05:00+00:00 ... 
[2026-09-06T18:08:31.498+0000] {external_task.py:244} INFO - Poking for tasks ['ingest_to_bronze'] in dag air_quality_ingestion on 2026-09-06T17:05:00+00:00 ... 
[2026-09-06T18:09:01.523+0000] {external_task.py:244} INFO - Poking for tasks ['ingest_to_bronze'] in dag air_quality_ingestion on 2026-09-06T17:05:00+00:00 ... 
[2026-09-06T18:09:31.525+0000] {external_task.py:244} INFO - Poking for tasks ['ingest_to_bronze'] in dag air_quality_ingestion on 2026-09-06T17:05:00+00:00 ... 
[2026-09-06T18:10:01.536+0000] {external_task.py:244} INFO - Poking for tasks ['ingest_to_bronze'] in dag air_quality_ingestion on 2026-09-06T17:05:00+00:00 ... 
[2026-09-06T18:10:01.554+0000] {taskinstance.py:2698} ERROR - Task failed with exception
Traceback (most recent call last):
  File "/home/airflow/.local/lib/python3.11/site-packages/airflow/models/taskinstance.py", line 433, in _execute_task
    result = execute_callable(context=context, **execute_callable_kwargs)
             ^^^^^^^^^^^^^^^^^^^^^^^^^^^^^^^^^^^^^^^^^^^^^^^^^^^^^^^^^^^^
  File "/home/airflow/.local/lib/python3.11/site-packages/airflow/sensors/external_task.py", line 334, in execute
    super().execute(context)
  File "/home/airflow/.local/lib/python3.11/site-packages/airflow/sensors/base.py", line 282, in execute
    raise AirflowSensorTimeout(message)
airflow.exceptions.AirflowSensorTimeout: Sensor has timed out; run duration of 300.231088927947 seconds exceeds the specified timeout of 300.0.
[2026-09-06T18:10:01.563+0000] {taskinstance.py:1138} INFO - Immediate failure requested. Marking task as FAILED. dag_id=air_quality_pipeline, task_id=wait_for_ingestion, execution_date=20260906T170500, start_date=20260906T180501, end_date=20260906T181001
[2026-09-06T18:10:01.577+0000] {standard_task_runner.py:107} ERROR - Failed to execute job 668 for task wait_for_ingestion (Sensor has timed out; run duration of 300.231088927947 seconds exceeds the specified timeout of 300.0.; 81305)
[2026-09-06T18:10:01.606+0000] {local_task_job_runner.py:234} INFO - Task exited with return code 1
[2026-09-06T18:10:01.630+0000] {taskinstance.py:3280} INFO - 0 downstream tasks scheduled from follow-on schedule check
