[2026-09-03T10:58:31.163+0000] {taskinstance.py:1956} INFO - Dependencies all met for dep_context=non-requeueable deps ti=<TaskInstance: air_quality_ingestion.ingest_to_bronze scheduled__2026-09-03T09:00:00+00:00 [queued]>
[2026-09-03T10:58:31.200+0000] {taskinstance.py:1956} INFO - Dependencies all met for dep_context=requeueable deps ti=<TaskInstance: air_quality_ingestion.ingest_to_bronze scheduled__2026-09-03T09:00:00+00:00 [queued]>
[2026-09-03T10:58:31.219+0000] {taskinstance.py:2170} INFO - Starting attempt 1 of 4
[2026-09-03T10:58:31.295+0000] {taskinstance.py:2191} INFO - Executing <Task(PythonOperator): ingest_to_bronze> on 2026-09-03 09:00:00+00:00
[2026-09-03T10:58:31.325+0000] {standard_task_runner.py:60} INFO - Started process 46041 to run task
[2026-09-03T10:58:31.345+0000] {standard_task_runner.py:87} INFO - Running: ['***', 'tasks', 'run', 'air_quality_ingestion', 'ingest_to_bronze', 'scheduled__2026-09-03T09:00:00+00:00', '--job-id', '570', '--raw', '--subdir', 'DAGS_FOLDER/ingestion_dag.py', '--cfg-path', '/tmp/tmpohxswag1']
[2026-09-03T10:58:31.360+0000] {standard_task_runner.py:88} INFO - Job 570: Subtask ingest_to_bronze
[2026-09-03T10:58:31.662+0000] {task_command.py:423} INFO - Running <TaskInstance: air_quality_ingestion.ingest_to_bronze scheduled__2026-09-03T09:00:00+00:00 [running]> on host 6a0525c4c718
[2026-09-03T10:58:33.427+0000] {taskinstance.py:2480} INFO - Exporting env vars: AIRFLOW_CTX_DAG_OWNER='***' AIRFLOW_CTX_DAG_ID='air_quality_ingestion' AIRFLOW_CTX_TASK_ID='ingest_to_bronze' AIRFLOW_CTX_EXECUTION_DATE='2026-09-03T09:00:00+00:00' AIRFLOW_CTX_TRY_NUMBER='1' AIRFLOW_CTX_DAG_RUN_ID='scheduled__2026-09-03T09:00:00+00:00'
[2026-09-03T14:18:39.942+0000] {logging_mixin.py:188} INFO - Created bucket: bronze-air-quality
[2026-09-03T14:18:39.994+0000] {logging_mixin.py:188} INFO - Created bucket: silver-air-quality
[2026-09-03T14:18:40.019+0000] {logging_mixin.py:188} INFO - Created bucket: gold-air-quality
[2026-09-03T14:18:40.094+0000] {logging_mixin.py:188} INFO - ✗ new york: HTTPSConnectionPool(host='api.waqi.info', port=443): Max retries exceeded with url: /feed/new%20york/?token=2cc5f2fc84f739a6377a29001c83fd1911c54797 (Caused by NameResolutionError("<urllib3.connection.HTTPSConnection object at 0x70c3bd32b850>: Failed to resolve 'api.waqi.info' ([Errno -2] Name or service not known)"))
[2026-09-03T14:18:40.150+0000] {logging_mixin.py:188} INFO - ✗ london: HTTPSConnectionPool(host='api.waqi.info', port=443): Max retries exceeded with url: /feed/london/?token=2cc5f2fc84f739a6377a29001c83fd1911c54797 (Caused by NameResolutionError("<urllib3.connection.HTTPSConnection object at 0x70c3bd331810>: Failed to resolve 'api.waqi.info' ([Errno -2] Name or service not known)"))
[2026-09-03T14:18:40.335+0000] {logging_mixin.py:188} INFO - ✗ beijing: HTTPSConnectionPool(host='api.waqi.info', port=443): Max retries exceeded with url: /feed/beijing/?token=2cc5f2fc84f739a6377a29001c83fd1911c54797 (Caused by NameResolutionError("<urllib3.connection.HTTPSConnection object at 0x70c3bd333950>: Failed to resolve 'api.waqi.info' ([Errno -2] Name or service not known)"))
[2026-09-03T14:18:40.419+0000] {logging_mixin.py:188} INFO - ✗ delhi: HTTPSConnectionPool(host='api.waqi.info', port=443): Max retries exceeded with url: /feed/delhi/?token=2cc5f2fc84f739a6377a29001c83fd1911c54797 (Caused by NameResolutionError("<urllib3.connection.HTTPSConnection object at 0x70c3bd3335d0>: Failed to resolve 'api.waqi.info' ([Errno -2] Name or service not known)"))
[2026-09-03T14:18:40.497+0000] {logging_mixin.py:188} INFO - ✗ sydney: HTTPSConnectionPool(host='api.waqi.info', port=443): Max retries exceeded with url: /feed/sydney/?token=2cc5f2fc84f739a6377a29001c83fd1911c54797 (Caused by NameResolutionError("<urllib3.connection.HTTPSConnection object at 0x70c3bd43a150>: Failed to resolve 'api.waqi.info' ([Errno -2] Name or service not known)"))
[2026-09-03T14:18:40.507+0000] {logging_mixin.py:188} INFO - 
Total records ingested: 0
[2026-09-03T14:18:40.516+0000] {python.py:201} INFO - Done. Returned value was: None
[2026-09-03T14:18:40.574+0000] {taskinstance.py:1138} INFO - Marking task as SUCCESS. dag_id=air_quality_ingestion, task_id=ingest_to_bronze, execution_date=20260903T090000, start_date=20260903T105831, end_date=20260903T141840
[2026-09-03T14:18:40.688+0000] {local_task_job_runner.py:234} INFO - Task exited with return code 0
[2026-09-03T14:18:40.938+0000] {taskinstance.py:3280} INFO - 0 downstream tasks scheduled from follow-on schedule check
