[2026-09-06T19:00:00.668+0000] {taskinstance.py:1956} INFO - Dependencies all met for dep_context=non-requeueable deps ti=<TaskInstance: air_quality_ingestion.ingest_to_bronze scheduled__2026-09-06T18:00:00+00:00 [queued]>
[2026-09-06T19:00:00.673+0000] {taskinstance.py:1956} INFO - Dependencies all met for dep_context=requeueable deps ti=<TaskInstance: air_quality_ingestion.ingest_to_bronze scheduled__2026-09-06T18:00:00+00:00 [queued]>
[2026-09-06T19:00:00.674+0000] {taskinstance.py:2170} INFO - Starting attempt 1 of 4
[2026-09-06T19:00:00.684+0000] {taskinstance.py:2191} INFO - Executing <Task(PythonOperator): ingest_to_bronze> on 2026-09-06 18:00:00+00:00
[2026-09-06T19:00:00.688+0000] {standard_task_runner.py:60} INFO - Started process 82387 to run task
[2026-09-06T19:00:00.690+0000] {standard_task_runner.py:87} INFO - Running: ['***', 'tasks', 'run', 'air_quality_ingestion', 'ingest_to_bronze', 'scheduled__2026-09-06T18:00:00+00:00', '--job-id', '669', '--raw', '--subdir', 'DAGS_FOLDER/ingestion_dag.py', '--cfg-path', '/tmp/tmpjrjnf2gz']
[2026-09-06T19:00:00.693+0000] {standard_task_runner.py:88} INFO - Job 669: Subtask ingest_to_bronze
[2026-09-06T19:00:00.749+0000] {task_command.py:423} INFO - Running <TaskInstance: air_quality_ingestion.ingest_to_bronze scheduled__2026-09-06T18:00:00+00:00 [running]> on host 6a0525c4c718
[2026-09-06T19:00:00.814+0000] {taskinstance.py:2480} INFO - Exporting env vars: AIRFLOW_CTX_DAG_OWNER='***' AIRFLOW_CTX_DAG_ID='air_quality_ingestion' AIRFLOW_CTX_TASK_ID='ingest_to_bronze' AIRFLOW_CTX_EXECUTION_DATE='2026-09-06T18:00:00+00:00' AIRFLOW_CTX_TRY_NUMBER='1' AIRFLOW_CTX_DAG_RUN_ID='scheduled__2026-09-06T18:00:00+00:00'
[2026-09-06T19:00:00.878+0000] {logging_mixin.py:188} INFO - Created bucket: bronze-air-quality
[2026-09-06T19:00:00.883+0000] {logging_mixin.py:188} INFO - Created bucket: silver-air-quality
[2026-09-06T19:00:00.887+0000] {logging_mixin.py:188} INFO - Created bucket: gold-air-quality
[2026-09-06T19:00:01.676+0000] {logging_mixin.py:188} INFO - ✓ new york: AQI=18
[2026-09-06T19:00:02.481+0000] {logging_mixin.py:188} INFO - ✓ london: AQI=38
[2026-09-06T19:00:03.212+0000] {logging_mixin.py:188} INFO - ✓ beijing: AQI=72
[2026-09-06T19:00:03.939+0000] {logging_mixin.py:188} INFO - ✓ delhi: AQI=58
[2026-09-06T19:00:04.719+0000] {logging_mixin.py:188} INFO - ✓ sydney: AQI=13
[2026-09-06T19:00:04.731+0000] {logging_mixin.py:188} INFO - Saved → s3://bronze-air-quality/year=2026/month=09/day=06/city=new_york/190000.json
[2026-09-06T19:00:04.741+0000] {logging_mixin.py:188} INFO - Saved → s3://bronze-air-quality/year=2026/month=09/day=06/city=london/190000.json
[2026-09-06T19:00:04.753+0000] {logging_mixin.py:188} INFO - Saved → s3://bronze-air-quality/year=2026/month=09/day=06/city=beijing/190000.json
[2026-09-06T19:00:04.759+0000] {logging_mixin.py:188} INFO - Saved → s3://bronze-air-quality/year=2026/month=09/day=06/city=delhi/190000.json
[2026-09-06T19:00:04.766+0000] {logging_mixin.py:188} INFO - Saved → s3://bronze-air-quality/year=2026/month=09/day=06/city=sydney/190000.json
[2026-09-06T19:00:04.766+0000] {logging_mixin.py:188} INFO - 
Total records ingested: 5
[2026-09-06T19:00:04.767+0000] {python.py:201} INFO - Done. Returned value was: None
[2026-09-06T19:00:04.776+0000] {taskinstance.py:1138} INFO - Marking task as SUCCESS. dag_id=air_quality_ingestion, task_id=ingest_to_bronze, execution_date=20260906T180000, start_date=20260906T190000, end_date=20260906T190004
[2026-09-06T19:00:04.820+0000] {local_task_job_runner.py:234} INFO - Task exited with return code 0
[2026-09-06T19:00:04.835+0000] {taskinstance.py:3280} INFO - 0 downstream tasks scheduled from follow-on schedule check
