[2026-08-06T23:07:23.206+0000] {taskinstance.py:1956} INFO - Dependencies all met for dep_context=non-requeueable deps ti=<TaskInstance: air_quality_pipeline.wait_for_ingestion scheduled__2026-08-06T22:05:00+00:00 [queued]>
[2026-08-06T23:07:23.326+0000] {taskinstance.py:1956} INFO - Dependencies all met for dep_context=requeueable deps ti=<TaskInstance: air_quality_pipeline.wait_for_ingestion scheduled__2026-08-06T22:05:00+00:00 [queued]>
[2026-08-06T23:07:23.343+0000] {taskinstance.py:2170} INFO - Starting attempt 1 of 3
[2026-08-06T23:07:23.473+0000] {taskinstance.py:2191} INFO - Executing <Task(ExternalTaskSensor): wait_for_ingestion> on 2026-08-06 22:05:00+00:00
[2026-08-06T23:07:23.508+0000] {standard_task_runner.py:60} INFO - Started process 4988 to run task
[2026-08-06T23:07:23.516+0000] {standard_task_runner.py:87} INFO - Running: ['***', 'tasks', 'run', 'air_quality_pipeline', 'wait_for_ingestion', 'scheduled__2026-08-06T22:05:00+00:00', '--job-id', '95', '--raw', '--subdir', 'DAGS_FOLDER/spark_pipeline_dag.py', '--cfg-path', '/tmp/tmpzeyc9p2m']
[2026-08-06T23:07:23.569+0000] {standard_task_runner.py:88} INFO - Job 95: Subtask wait_for_ingestion
[2026-08-06T23:07:23.897+0000] {task_command.py:423} INFO - Running <TaskInstance: air_quality_pipeline.wait_for_ingestion scheduled__2026-08-06T22:05:00+00:00 [running]> on host 6a0525c4c718
[2026-08-06T23:07:24.206+0000] {taskinstance.py:2480} INFO - Exporting env vars: AIRFLOW_CTX_DAG_OWNER='***' AIRFLOW_CTX_DAG_ID='air_quality_pipeline' AIRFLOW_CTX_TASK_ID='wait_for_ingestion' AIRFLOW_CTX_EXECUTION_DATE='2026-08-06T22:05:00+00:00' AIRFLOW_CTX_TRY_NUMBER='1' AIRFLOW_CTX_DAG_RUN_ID='scheduled__2026-08-06T22:05:00+00:00'
[2026-08-06T23:07:24.211+0000] {external_task.py:244} INFO - Poking for tasks ['ingest_to_bronze'] in dag air_quality_ingestion on 2026-08-06T22:05:00+00:00 ... 
[2026-08-06T23:07:54.252+0000] {external_task.py:244} INFO - Poking for tasks ['ingest_to_bronze'] in dag air_quality_ingestion on 2026-08-06T22:05:00+00:00 ... 
[2026-08-06T23:08:24.262+0000] {external_task.py:244} INFO - Poking for tasks ['ingest_to_bronze'] in dag air_quality_ingestion on 2026-08-06T22:05:00+00:00 ... 
[2026-08-06T23:08:54.278+0000] {external_task.py:244} INFO - Poking for tasks ['ingest_to_bronze'] in dag air_quality_ingestion on 2026-08-06T22:05:00+00:00 ... 
[2026-08-06T23:09:24.287+0000] {external_task.py:244} INFO - Poking for tasks ['ingest_to_bronze'] in dag air_quality_ingestion on 2026-08-06T22:05:00+00:00 ... 
[2026-08-06T23:09:54.301+0000] {external_task.py:244} INFO - Poking for tasks ['ingest_to_bronze'] in dag air_quality_ingestion on 2026-08-06T22:05:00+00:00 ... 
[2026-08-06T23:10:24.309+0000] {external_task.py:244} INFO - Poking for tasks ['ingest_to_bronze'] in dag air_quality_ingestion on 2026-08-06T22:05:00+00:00 ... 
[2026-08-06T23:10:54.348+0000] {external_task.py:244} INFO - Poking for tasks ['ingest_to_bronze'] in dag air_quality_ingestion on 2026-08-06T22:05:00+00:00 ... 
[2026-08-06T23:11:24.376+0000] {external_task.py:244} INFO - Poking for tasks ['ingest_to_bronze'] in dag air_quality_ingestion on 2026-08-06T22:05:00+00:00 ... 
[2026-08-06T23:11:54.386+0000] {external_task.py:244} INFO - Poking for tasks ['ingest_to_bronze'] in dag air_quality_ingestion on 2026-08-06T22:05:00+00:00 ... 
[2026-08-06T23:12:24.398+0000] {external_task.py:244} INFO - Poking for tasks ['ingest_to_bronze'] in dag air_quality_ingestion on 2026-08-06T22:05:00+00:00 ... 
[2026-08-06T23:12:24.420+0000] {taskinstance.py:2698} ERROR - Task failed with exception
Traceback (most recent call last):
  File "/home/airflow/.local/lib/python3.11/site-packages/airflow/models/taskinstance.py", line 433, in _execute_task
    result = execute_callable(context=context, **execute_callable_kwargs)
             ^^^^^^^^^^^^^^^^^^^^^^^^^^^^^^^^^^^^^^^^^^^^^^^^^^^^^^^^^^^^
  File "/home/airflow/.local/lib/python3.11/site-packages/airflow/sensors/external_task.py", line 334, in execute
    super().execute(context)
  File "/home/airflow/.local/lib/python3.11/site-packages/airflow/sensors/base.py", line 282, in execute
    raise AirflowSensorTimeout(message)
airflow.exceptions.AirflowSensorTimeout: Sensor has timed out; run duration of 300.25079443800496 seconds exceeds the specified timeout of 300.0.
[2026-08-06T23:12:24.445+0000] {taskinstance.py:1138} INFO - Immediate failure requested. Marking task as FAILED. dag_id=air_quality_pipeline, task_id=wait_for_ingestion, execution_date=20260806T220500, start_date=20260806T230723, end_date=20260806T231224
[2026-08-06T23:12:24.491+0000] {standard_task_runner.py:107} ERROR - Failed to execute job 95 for task wait_for_ingestion (Sensor has timed out; run duration of 300.25079443800496 seconds exceeds the specified timeout of 300.0.; 4988)
[2026-08-06T23:12:24.510+0000] {local_task_job_runner.py:234} INFO - Task exited with return code 1
[2026-08-06T23:12:24.557+0000] {taskinstance.py:3280} INFO - 0 downstream tasks scheduled from follow-on schedule check
