[2026-08-30T16:00:01.628+0000] {taskinstance.py:1956} INFO - Dependencies all met for dep_context=non-requeueable deps ti=<TaskInstance: air_quality_ingestion.ingest_to_bronze scheduled__2026-08-30T15:00:00+00:00 [queued]>
[2026-08-30T16:00:01.635+0000] {taskinstance.py:1956} INFO - Dependencies all met for dep_context=requeueable deps ti=<TaskInstance: air_quality_ingestion.ingest_to_bronze scheduled__2026-08-30T15:00:00+00:00 [queued]>
[2026-08-30T16:00:01.636+0000] {taskinstance.py:2170} INFO - Starting attempt 1 of 4
[2026-08-30T16:00:01.649+0000] {taskinstance.py:2191} INFO - Executing <Task(PythonOperator): ingest_to_bronze> on 2026-08-30 15:00:00+00:00
[2026-08-30T16:00:01.653+0000] {standard_task_runner.py:60} INFO - Started process 14637 to run task
[2026-08-30T16:00:01.656+0000] {standard_task_runner.py:87} INFO - Running: ['***', 'tasks', 'run', 'air_quality_ingestion', 'ingest_to_bronze', 'scheduled__2026-08-30T15:00:00+00:00', '--job-id', '459', '--raw', '--subdir', 'DAGS_FOLDER/ingestion_dag.py', '--cfg-path', '/tmp/tmpl4kysgq8']
[2026-08-30T16:00:01.658+0000] {standard_task_runner.py:88} INFO - Job 459: Subtask ingest_to_bronze
[2026-08-30T16:00:01.731+0000] {task_command.py:423} INFO - Running <TaskInstance: air_quality_ingestion.ingest_to_bronze scheduled__2026-08-30T15:00:00+00:00 [running]> on host 6a0525c4c718
[2026-08-30T16:00:01.810+0000] {taskinstance.py:2480} INFO - Exporting env vars: AIRFLOW_CTX_DAG_OWNER='***' AIRFLOW_CTX_DAG_ID='air_quality_ingestion' AIRFLOW_CTX_TASK_ID='ingest_to_bronze' AIRFLOW_CTX_EXECUTION_DATE='2026-08-30T15:00:00+00:00' AIRFLOW_CTX_TRY_NUMBER='1' AIRFLOW_CTX_DAG_RUN_ID='scheduled__2026-08-30T15:00:00+00:00'
[2026-08-30T16:00:01.997+0000] {logging_mixin.py:188} INFO - Created bucket: bronze-air-quality
[2026-08-30T16:00:02.003+0000] {logging_mixin.py:188} INFO - Created bucket: silver-air-quality
[2026-08-30T16:00:02.007+0000] {logging_mixin.py:188} INFO - Created bucket: gold-air-quality
[2026-08-30T16:00:02.858+0000] {logging_mixin.py:188} INFO - ✓ new york: AQI=25
[2026-08-30T16:00:03.600+0000] {logging_mixin.py:188} INFO - ✓ london: AQI=34
[2026-08-30T16:00:04.319+0000] {logging_mixin.py:188} INFO - ✓ beijing: AQI=38
[2026-08-30T16:00:05.124+0000] {logging_mixin.py:188} INFO - ✓ delhi: AQI=98
[2026-08-30T16:00:06.066+0000] {logging_mixin.py:188} INFO - ✓ sydney: AQI=57
[2026-08-30T16:00:06.089+0000] {logging_mixin.py:188} INFO - Saved → s3://bronze-air-quality/year=2026/month=08/day=30/city=new_york/160002.json
[2026-08-30T16:00:06.098+0000] {logging_mixin.py:188} INFO - Saved → s3://bronze-air-quality/year=2026/month=08/day=30/city=london/160002.json
[2026-08-30T16:00:06.106+0000] {logging_mixin.py:188} INFO - Saved → s3://bronze-air-quality/year=2026/month=08/day=30/city=beijing/160002.json
[2026-08-30T16:00:06.113+0000] {logging_mixin.py:188} INFO - Saved → s3://bronze-air-quality/year=2026/month=08/day=30/city=delhi/160002.json
[2026-08-30T16:00:06.118+0000] {logging_mixin.py:188} INFO - Saved → s3://bronze-air-quality/year=2026/month=08/day=30/city=sydney/160002.json
[2026-08-30T16:00:06.119+0000] {logging_mixin.py:188} INFO - 
Total records ingested: 5
[2026-08-30T16:00:06.119+0000] {python.py:201} INFO - Done. Returned value was: None
[2026-08-30T16:00:06.128+0000] {taskinstance.py:1138} INFO - Marking task as SUCCESS. dag_id=air_quality_ingestion, task_id=ingest_to_bronze, execution_date=20260830T150000, start_date=20260830T160001, end_date=20260830T160006
[2026-08-30T16:00:06.145+0000] {local_task_job_runner.py:234} INFO - Task exited with return code 0
[2026-08-30T16:00:06.158+0000] {taskinstance.py:3280} INFO - 0 downstream tasks scheduled from follow-on schedule check
