[2026-08-15T03:00:00.997+0000] {taskinstance.py:1956} INFO - Dependencies all met for dep_context=non-requeueable deps ti=<TaskInstance: air_quality_ingestion.ingest_to_bronze scheduled__2026-08-15T02:00:00+00:00 [queued]>
[2026-08-15T03:00:01.008+0000] {taskinstance.py:1956} INFO - Dependencies all met for dep_context=requeueable deps ti=<TaskInstance: air_quality_ingestion.ingest_to_bronze scheduled__2026-08-15T02:00:00+00:00 [queued]>
[2026-08-15T03:00:01.009+0000] {taskinstance.py:2170} INFO - Starting attempt 1 of 4
[2026-08-15T03:00:01.026+0000] {taskinstance.py:2191} INFO - Executing <Task(PythonOperator): ingest_to_bronze> on 2026-08-15 02:00:00+00:00
[2026-08-15T03:00:01.032+0000] {standard_task_runner.py:60} INFO - Started process 57630 to run task
[2026-08-15T03:00:01.035+0000] {standard_task_runner.py:87} INFO - Running: ['***', 'tasks', 'run', 'air_quality_ingestion', 'ingest_to_bronze', 'scheduled__2026-08-15T02:00:00+00:00', '--job-id', '335', '--raw', '--subdir', 'DAGS_FOLDER/ingestion_dag.py', '--cfg-path', '/tmp/tmp0tt8x2ol']
[2026-08-15T03:00:01.038+0000] {standard_task_runner.py:88} INFO - Job 335: Subtask ingest_to_bronze
[2026-08-15T03:00:01.116+0000] {task_command.py:423} INFO - Running <TaskInstance: air_quality_ingestion.ingest_to_bronze scheduled__2026-08-15T02:00:00+00:00 [running]> on host 6a0525c4c718
[2026-08-15T03:00:01.247+0000] {taskinstance.py:2480} INFO - Exporting env vars: AIRFLOW_CTX_DAG_OWNER='***' AIRFLOW_CTX_DAG_ID='air_quality_ingestion' AIRFLOW_CTX_TASK_ID='ingest_to_bronze' AIRFLOW_CTX_EXECUTION_DATE='2026-08-15T02:00:00+00:00' AIRFLOW_CTX_TRY_NUMBER='1' AIRFLOW_CTX_DAG_RUN_ID='scheduled__2026-08-15T02:00:00+00:00'
[2026-08-15T03:00:01.501+0000] {logging_mixin.py:188} INFO - Created bucket: bronze-air-quality
[2026-08-15T03:00:01.510+0000] {logging_mixin.py:188} INFO - Created bucket: silver-air-quality
[2026-08-15T03:00:01.520+0000] {logging_mixin.py:188} INFO - Created bucket: gold-air-quality
[2026-08-15T03:00:02.437+0000] {logging_mixin.py:188} INFO - ✓ new york: AQI=51
[2026-08-15T03:00:03.172+0000] {logging_mixin.py:188} INFO - ✓ london: AQI=53
[2026-08-15T03:00:03.964+0000] {logging_mixin.py:188} INFO - ✓ beijing: AQI=53
[2026-08-15T03:00:04.712+0000] {logging_mixin.py:188} INFO - ✓ delhi: AQI=109
[2026-08-15T03:00:05.498+0000] {logging_mixin.py:188} INFO - ✓ sydney: AQI=50
[2026-08-15T03:00:05.517+0000] {logging_mixin.py:188} INFO - Saved → s3://bronze-air-quality/year=2026/month=08/day=15/city=new_york/030001.json
[2026-08-15T03:00:05.528+0000] {logging_mixin.py:188} INFO - Saved → s3://bronze-air-quality/year=2026/month=08/day=15/city=london/030001.json
[2026-08-15T03:00:05.536+0000] {logging_mixin.py:188} INFO - Saved → s3://bronze-air-quality/year=2026/month=08/day=15/city=beijing/030001.json
[2026-08-15T03:00:05.551+0000] {logging_mixin.py:188} INFO - Saved → s3://bronze-air-quality/year=2026/month=08/day=15/city=delhi/030001.json
[2026-08-15T03:00:05.561+0000] {logging_mixin.py:188} INFO - Saved → s3://bronze-air-quality/year=2026/month=08/day=15/city=sydney/030001.json
[2026-08-15T03:00:05.562+0000] {logging_mixin.py:188} INFO - 
Total records ingested: 5
[2026-08-15T03:00:05.563+0000] {python.py:201} INFO - Done. Returned value was: None
[2026-08-15T03:00:05.572+0000] {taskinstance.py:1138} INFO - Marking task as SUCCESS. dag_id=air_quality_ingestion, task_id=ingest_to_bronze, execution_date=20260815T020000, start_date=20260815T030000, end_date=20260815T030005
[2026-08-15T03:00:05.603+0000] {local_task_job_runner.py:234} INFO - Task exited with return code 0
[2026-08-15T03:00:05.618+0000] {taskinstance.py:3280} INFO - 0 downstream tasks scheduled from follow-on schedule check
