[2026-08-10T03:00:01.170+0000] {taskinstance.py:1956} INFO - Dependencies all met for dep_context=non-requeueable deps ti=<TaskInstance: air_quality_ingestion.ingest_to_bronze scheduled__2026-08-10T02:00:00+00:00 [queued]>
[2026-08-10T03:00:01.184+0000] {taskinstance.py:1956} INFO - Dependencies all met for dep_context=requeueable deps ti=<TaskInstance: air_quality_ingestion.ingest_to_bronze scheduled__2026-08-10T02:00:00+00:00 [queued]>
[2026-08-10T03:00:01.185+0000] {taskinstance.py:2170} INFO - Starting attempt 1 of 4
[2026-08-10T03:00:01.202+0000] {taskinstance.py:2191} INFO - Executing <Task(PythonOperator): ingest_to_bronze> on 2026-08-10 02:00:00+00:00
[2026-08-10T03:00:01.217+0000] {standard_task_runner.py:87} INFO - Running: ['***', 'tasks', 'run', 'air_quality_ingestion', 'ingest_to_bronze', 'scheduled__2026-08-10T02:00:00+00:00', '--job-id', '174', '--raw', '--subdir', 'DAGS_FOLDER/ingestion_dag.py', '--cfg-path', '/tmp/tmpb04et18v']
[2026-08-10T03:00:01.213+0000] {standard_task_runner.py:60} INFO - Started process 20989 to run task
[2026-08-10T03:00:01.225+0000] {standard_task_runner.py:88} INFO - Job 174: Subtask ingest_to_bronze
[2026-08-10T03:00:01.352+0000] {task_command.py:423} INFO - Running <TaskInstance: air_quality_ingestion.ingest_to_bronze scheduled__2026-08-10T02:00:00+00:00 [running]> on host 6a0525c4c718
[2026-08-10T03:00:01.492+0000] {taskinstance.py:2480} INFO - Exporting env vars: AIRFLOW_CTX_DAG_OWNER='***' AIRFLOW_CTX_DAG_ID='air_quality_ingestion' AIRFLOW_CTX_TASK_ID='ingest_to_bronze' AIRFLOW_CTX_EXECUTION_DATE='2026-08-10T02:00:00+00:00' AIRFLOW_CTX_TRY_NUMBER='1' AIRFLOW_CTX_DAG_RUN_ID='scheduled__2026-08-10T02:00:00+00:00'
[2026-08-10T03:00:01.713+0000] {logging_mixin.py:188} INFO - Created bucket: bronze-air-quality
[2026-08-10T03:00:01.721+0000] {logging_mixin.py:188} INFO - Created bucket: silver-air-quality
[2026-08-10T03:00:01.727+0000] {logging_mixin.py:188} INFO - Created bucket: gold-air-quality
[2026-08-10T03:00:02.996+0000] {logging_mixin.py:188} INFO - ✓ new york: AQI=53
[2026-08-10T03:00:03.739+0000] {logging_mixin.py:188} INFO - ✓ london: AQI=42
[2026-08-10T03:00:04.566+0000] {logging_mixin.py:188} INFO - ✓ beijing: AQI=60
[2026-08-10T03:00:05.395+0000] {logging_mixin.py:188} INFO - ✓ delhi: AQI=67
[2026-08-10T03:00:06.167+0000] {logging_mixin.py:188} INFO - ✓ sydney: AQI=18
[2026-08-10T03:00:06.226+0000] {logging_mixin.py:188} INFO - Saved → s3://bronze-air-quality/year=2026/month=08/day=10/city=new_york/030001.json
[2026-08-10T03:00:06.236+0000] {logging_mixin.py:188} INFO - Saved → s3://bronze-air-quality/year=2026/month=08/day=10/city=london/030001.json
[2026-08-10T03:00:06.256+0000] {logging_mixin.py:188} INFO - Saved → s3://bronze-air-quality/year=2026/month=08/day=10/city=beijing/030001.json
[2026-08-10T03:00:06.270+0000] {logging_mixin.py:188} INFO - Saved → s3://bronze-air-quality/year=2026/month=08/day=10/city=delhi/030001.json
[2026-08-10T03:00:06.282+0000] {logging_mixin.py:188} INFO - Saved → s3://bronze-air-quality/year=2026/month=08/day=10/city=sydney/030001.json
[2026-08-10T03:00:06.283+0000] {logging_mixin.py:188} INFO - 
Total records ingested: 5
[2026-08-10T03:00:06.283+0000] {python.py:201} INFO - Done. Returned value was: None
[2026-08-10T03:00:06.298+0000] {taskinstance.py:1138} INFO - Marking task as SUCCESS. dag_id=air_quality_ingestion, task_id=ingest_to_bronze, execution_date=20260810T020000, start_date=20260810T030001, end_date=20260810T030006
[2026-08-10T03:00:06.343+0000] {local_task_job_runner.py:234} INFO - Task exited with return code 0
[2026-08-10T03:00:06.361+0000] {taskinstance.py:3280} INFO - 0 downstream tasks scheduled from follow-on schedule check
