[2026-08-12T03:50:27.955+0000] {taskinstance.py:1956} INFO - Dependencies all met for dep_context=non-requeueable deps ti=<TaskInstance: air_quality_pipeline.wait_for_ingestion scheduled__2026-08-12T02:05:00+00:00 [queued]>
[2026-08-12T03:50:28.017+0000] {taskinstance.py:1956} INFO - Dependencies all met for dep_context=requeueable deps ti=<TaskInstance: air_quality_pipeline.wait_for_ingestion scheduled__2026-08-12T02:05:00+00:00 [queued]>
[2026-08-12T03:50:28.075+0000] {taskinstance.py:2170} INFO - Starting attempt 1 of 3
[2026-08-12T03:50:28.314+0000] {taskinstance.py:2191} INFO - Executing <Task(ExternalTaskSensor): wait_for_ingestion> on 2026-08-12 02:05:00+00:00
[2026-08-12T03:50:28.436+0000] {standard_task_runner.py:60} INFO - Started process 35987 to run task
[2026-08-12T03:50:28.464+0000] {standard_task_runner.py:87} INFO - Running: ['***', 'tasks', 'run', 'air_quality_pipeline', 'wait_for_ingestion', 'scheduled__2026-08-12T02:05:00+00:00', '--job-id', '237', '--raw', '--subdir', 'DAGS_FOLDER/spark_pipeline_dag.py', '--cfg-path', '/tmp/tmpqdi_c0rz']
[2026-08-12T03:50:28.485+0000] {standard_task_runner.py:88} INFO - Job 237: Subtask wait_for_ingestion
[2026-08-12T03:50:28.873+0000] {task_command.py:423} INFO - Running <TaskInstance: air_quality_pipeline.wait_for_ingestion scheduled__2026-08-12T02:05:00+00:00 [running]> on host 6a0525c4c718
[2026-08-12T03:50:29.275+0000] {taskinstance.py:2480} INFO - Exporting env vars: AIRFLOW_CTX_DAG_OWNER='***' AIRFLOW_CTX_DAG_ID='air_quality_pipeline' AIRFLOW_CTX_TASK_ID='wait_for_ingestion' AIRFLOW_CTX_EXECUTION_DATE='2026-08-12T02:05:00+00:00' AIRFLOW_CTX_TRY_NUMBER='1' AIRFLOW_CTX_DAG_RUN_ID='scheduled__2026-08-12T02:05:00+00:00'
[2026-08-12T03:50:29.277+0000] {external_task.py:244} INFO - Poking for tasks ['ingest_to_bronze'] in dag air_quality_ingestion on 2026-08-12T02:05:00+00:00 ... 
[2026-08-12T03:50:59.317+0000] {external_task.py:244} INFO - Poking for tasks ['ingest_to_bronze'] in dag air_quality_ingestion on 2026-08-12T02:05:00+00:00 ... 
[2026-08-12T03:51:29.338+0000] {external_task.py:244} INFO - Poking for tasks ['ingest_to_bronze'] in dag air_quality_ingestion on 2026-08-12T02:05:00+00:00 ... 
[2026-08-12T03:51:59.356+0000] {external_task.py:244} INFO - Poking for tasks ['ingest_to_bronze'] in dag air_quality_ingestion on 2026-08-12T02:05:00+00:00 ... 
[2026-08-12T03:52:29.369+0000] {external_task.py:244} INFO - Poking for tasks ['ingest_to_bronze'] in dag air_quality_ingestion on 2026-08-12T02:05:00+00:00 ... 
[2026-08-12T03:52:59.377+0000] {external_task.py:244} INFO - Poking for tasks ['ingest_to_bronze'] in dag air_quality_ingestion on 2026-08-12T02:05:00+00:00 ... 
[2026-08-12T03:53:29.391+0000] {external_task.py:244} INFO - Poking for tasks ['ingest_to_bronze'] in dag air_quality_ingestion on 2026-08-12T02:05:00+00:00 ... 
[2026-08-12T03:53:59.402+0000] {external_task.py:244} INFO - Poking for tasks ['ingest_to_bronze'] in dag air_quality_ingestion on 2026-08-12T02:05:00+00:00 ... 
[2026-08-12T03:54:29.426+0000] {external_task.py:244} INFO - Poking for tasks ['ingest_to_bronze'] in dag air_quality_ingestion on 2026-08-12T02:05:00+00:00 ... 
[2026-08-12T03:54:59.450+0000] {external_task.py:244} INFO - Poking for tasks ['ingest_to_bronze'] in dag air_quality_ingestion on 2026-08-12T02:05:00+00:00 ... 
[2026-08-12T03:55:29.458+0000] {external_task.py:244} INFO - Poking for tasks ['ingest_to_bronze'] in dag air_quality_ingestion on 2026-08-12T02:05:00+00:00 ... 
[2026-08-12T03:55:29.474+0000] {taskinstance.py:2698} ERROR - Task failed with exception
Traceback (most recent call last):
  File "/home/airflow/.local/lib/python3.11/site-packages/airflow/models/taskinstance.py", line 433, in _execute_task
    result = execute_callable(context=context, **execute_callable_kwargs)
             ^^^^^^^^^^^^^^^^^^^^^^^^^^^^^^^^^^^^^^^^^^^^^^^^^^^^^^^^^^^^
  File "/home/airflow/.local/lib/python3.11/site-packages/airflow/sensors/external_task.py", line 334, in execute
    super().execute(context)
  File "/home/airflow/.local/lib/python3.11/site-packages/airflow/sensors/base.py", line 282, in execute
    raise AirflowSensorTimeout(message)
airflow.exceptions.AirflowSensorTimeout: Sensor has timed out; run duration of 300.2200307099847 seconds exceeds the specified timeout of 300.0.
[2026-08-12T03:55:29.488+0000] {taskinstance.py:1138} INFO - Immediate failure requested. Marking task as FAILED. dag_id=air_quality_pipeline, task_id=wait_for_ingestion, execution_date=20260812T020500, start_date=20260812T035027, end_date=20260812T035529
[2026-08-12T03:55:29.511+0000] {standard_task_runner.py:107} ERROR - Failed to execute job 237 for task wait_for_ingestion (Sensor has timed out; run duration of 300.2200307099847 seconds exceeds the specified timeout of 300.0.; 35987)
[2026-08-12T03:55:29.525+0000] {local_task_job_runner.py:234} INFO - Task exited with return code 1
[2026-08-12T03:55:29.561+0000] {taskinstance.py:3280} INFO - 0 downstream tasks scheduled from follow-on schedule check
