[2026-08-06T17:00:38.796+0000] {taskinstance.py:1956} INFO - Dependencies all met for dep_context=non-requeueable deps ti=<TaskInstance: air_quality_ingestion.ingest_to_bronze scheduled__2026-08-06T14:00:00+00:00 [queued]>
[2026-08-06T17:00:38.828+0000] {taskinstance.py:1956} INFO - Dependencies all met for dep_context=requeueable deps ti=<TaskInstance: air_quality_ingestion.ingest_to_bronze scheduled__2026-08-06T14:00:00+00:00 [queued]>
[2026-08-06T17:00:38.831+0000] {taskinstance.py:2170} INFO - Starting attempt 1 of 4
[2026-08-06T17:00:38.890+0000] {taskinstance.py:2191} INFO - Executing <Task(PythonOperator): ingest_to_bronze> on 2026-08-06 14:00:00+00:00
[2026-08-06T17:00:38.913+0000] {standard_task_runner.py:60} INFO - Started process 14740 to run task
[2026-08-06T17:00:38.929+0000] {standard_task_runner.py:87} INFO - Running: ['***', 'tasks', 'run', 'air_quality_ingestion', 'ingest_to_bronze', 'scheduled__2026-08-06T14:00:00+00:00', '--job-id', '80', '--raw', '--subdir', 'DAGS_FOLDER/ingestion_dag.py', '--cfg-path', '/tmp/tmpdscrl4vc']
[2026-08-06T17:00:38.937+0000] {standard_task_runner.py:88} INFO - Job 80: Subtask ingest_to_bronze
[2026-08-06T17:00:39.256+0000] {task_command.py:423} INFO - Running <TaskInstance: air_quality_ingestion.ingest_to_bronze scheduled__2026-08-06T14:00:00+00:00 [running]> on host cd53ba4eefa8
[2026-08-06T17:00:39.759+0000] {taskinstance.py:2480} INFO - Exporting env vars: AIRFLOW_CTX_DAG_OWNER='***' AIRFLOW_CTX_DAG_ID='air_quality_ingestion' AIRFLOW_CTX_TASK_ID='ingest_to_bronze' AIRFLOW_CTX_EXECUTION_DATE='2026-08-06T14:00:00+00:00' AIRFLOW_CTX_TRY_NUMBER='1' AIRFLOW_CTX_DAG_RUN_ID='scheduled__2026-08-06T14:00:00+00:00'
[2026-08-06T17:00:40.463+0000] {logging_mixin.py:188} INFO - Created bucket: bronze-air-quality
[2026-08-06T17:00:40.537+0000] {logging_mixin.py:188} INFO - Created bucket: silver-air-quality
[2026-08-06T17:00:40.564+0000] {logging_mixin.py:188} INFO - Created bucket: gold-air-quality
[2026-08-06T17:00:40.648+0000] {logging_mixin.py:188} INFO - ✗ new york: HTTPSConnectionPool(host='api.waqi.info', port=443): Max retries exceeded with url: /feed/new%20york/?token=your_aqicn_key_here (Caused by NewConnectionError('<urllib3.connection.HTTPSConnection object at 0x7c1f2354a190>: Failed to establish a new connection: [Errno 111] Connection refused'))
[2026-08-06T17:00:40.678+0000] {logging_mixin.py:188} INFO - ✗ london: HTTPSConnectionPool(host='api.waqi.info', port=443): Max retries exceeded with url: /feed/london/?token=your_aqicn_key_here (Caused by NewConnectionError('<urllib3.connection.HTTPSConnection object at 0x7c1f20aacb10>: Failed to establish a new connection: [Errno 111] Connection refused'))
[2026-08-06T17:00:40.726+0000] {logging_mixin.py:188} INFO - ✗ beijing: HTTPSConnectionPool(host='api.waqi.info', port=443): Max retries exceeded with url: /feed/beijing/?token=your_aqicn_key_here (Caused by NewConnectionError('<urllib3.connection.HTTPSConnection object at 0x7c1f20aaf110>: Failed to establish a new connection: [Errno 111] Connection refused'))
[2026-08-06T17:00:40.759+0000] {logging_mixin.py:188} INFO - ✗ delhi: HTTPSConnectionPool(host='api.waqi.info', port=443): Max retries exceeded with url: /feed/delhi/?token=your_aqicn_key_here (Caused by NewConnectionError('<urllib3.connection.HTTPSConnection object at 0x7c1f22eedad0>: Failed to establish a new connection: [Errno 111] Connection refused'))
[2026-08-06T17:00:40.818+0000] {logging_mixin.py:188} INFO - ✗ sydney: HTTPSConnectionPool(host='api.waqi.info', port=443): Max retries exceeded with url: /feed/sydney/?token=your_aqicn_key_here (Caused by NewConnectionError('<urllib3.connection.HTTPSConnection object at 0x7c1f20ab4290>: Failed to establish a new connection: [Errno 111] Connection refused'))
[2026-08-06T17:00:40.821+0000] {logging_mixin.py:188} INFO - 
Total records ingested: 0
[2026-08-06T17:00:40.831+0000] {python.py:201} INFO - Done. Returned value was: None
[2026-08-06T17:00:40.879+0000] {taskinstance.py:1138} INFO - Marking task as SUCCESS. dag_id=air_quality_ingestion, task_id=ingest_to_bronze, execution_date=20260806T140000, start_date=20260806T170038, end_date=20260806T170040
[2026-08-06T17:00:40.949+0000] {local_task_job_runner.py:234} INFO - Task exited with return code 0
[2026-08-06T17:00:41.012+0000] {taskinstance.py:3280} INFO - 0 downstream tasks scheduled from follow-on schedule check
