[2026-08-27T02:05:38.807+0000] {taskinstance.py:1956} INFO - Dependencies all met for dep_context=non-requeueable deps ti=<TaskInstance: air_quality_pipeline.wait_for_ingestion scheduled__2026-08-26T23:05:00+00:00 [queued]>
[2026-08-27T02:05:38.842+0000] {taskinstance.py:1956} INFO - Dependencies all met for dep_context=requeueable deps ti=<TaskInstance: air_quality_pipeline.wait_for_ingestion scheduled__2026-08-26T23:05:00+00:00 [queued]>
[2026-08-27T02:05:38.844+0000] {taskinstance.py:2170} INFO - Starting attempt 1 of 3
[2026-08-27T02:05:38.955+0000] {taskinstance.py:2191} INFO - Executing <Task(ExternalTaskSensor): wait_for_ingestion> on 2026-08-26 23:05:00+00:00
[2026-08-27T02:05:38.974+0000] {standard_task_runner.py:60} INFO - Started process 5171 to run task
[2026-08-27T02:05:39.011+0000] {standard_task_runner.py:87} INFO - Running: ['***', 'tasks', 'run', 'air_quality_pipeline', 'wait_for_ingestion', 'scheduled__2026-08-26T23:05:00+00:00', '--job-id', '384', '--raw', '--subdir', 'DAGS_FOLDER/spark_pipeline_dag.py', '--cfg-path', '/tmp/tmpqxgq5k_3']
[2026-08-27T02:05:39.020+0000] {standard_task_runner.py:88} INFO - Job 384: Subtask wait_for_ingestion
[2026-08-27T02:05:39.322+0000] {task_command.py:423} INFO - Running <TaskInstance: air_quality_pipeline.wait_for_ingestion scheduled__2026-08-26T23:05:00+00:00 [running]> on host 6a0525c4c718
[2026-08-27T02:05:39.687+0000] {taskinstance.py:2480} INFO - Exporting env vars: AIRFLOW_CTX_DAG_OWNER='***' AIRFLOW_CTX_DAG_ID='air_quality_pipeline' AIRFLOW_CTX_TASK_ID='wait_for_ingestion' AIRFLOW_CTX_EXECUTION_DATE='2026-08-26T23:05:00+00:00' AIRFLOW_CTX_TRY_NUMBER='1' AIRFLOW_CTX_DAG_RUN_ID='scheduled__2026-08-26T23:05:00+00:00'
[2026-08-27T02:05:39.690+0000] {external_task.py:244} INFO - Poking for tasks ['ingest_to_bronze'] in dag air_quality_ingestion on 2026-08-26T23:05:00+00:00 ... 
[2026-08-27T02:06:09.736+0000] {external_task.py:244} INFO - Poking for tasks ['ingest_to_bronze'] in dag air_quality_ingestion on 2026-08-26T23:05:00+00:00 ... 
[2026-08-27T02:06:39.753+0000] {external_task.py:244} INFO - Poking for tasks ['ingest_to_bronze'] in dag air_quality_ingestion on 2026-08-26T23:05:00+00:00 ... 
[2026-08-27T02:07:09.791+0000] {external_task.py:244} INFO - Poking for tasks ['ingest_to_bronze'] in dag air_quality_ingestion on 2026-08-26T23:05:00+00:00 ... 
[2026-08-27T02:07:39.801+0000] {external_task.py:244} INFO - Poking for tasks ['ingest_to_bronze'] in dag air_quality_ingestion on 2026-08-26T23:05:00+00:00 ... 
[2026-08-27T02:08:09.810+0000] {external_task.py:244} INFO - Poking for tasks ['ingest_to_bronze'] in dag air_quality_ingestion on 2026-08-26T23:05:00+00:00 ... 
[2026-08-27T02:08:39.819+0000] {external_task.py:244} INFO - Poking for tasks ['ingest_to_bronze'] in dag air_quality_ingestion on 2026-08-26T23:05:00+00:00 ... 
[2026-08-27T02:09:09.838+0000] {external_task.py:244} INFO - Poking for tasks ['ingest_to_bronze'] in dag air_quality_ingestion on 2026-08-26T23:05:00+00:00 ... 
[2026-08-27T02:09:39.851+0000] {external_task.py:244} INFO - Poking for tasks ['ingest_to_bronze'] in dag air_quality_ingestion on 2026-08-26T23:05:00+00:00 ... 
[2026-08-27T02:10:09.859+0000] {external_task.py:244} INFO - Poking for tasks ['ingest_to_bronze'] in dag air_quality_ingestion on 2026-08-26T23:05:00+00:00 ... 
[2026-08-27T02:10:39.869+0000] {external_task.py:244} INFO - Poking for tasks ['ingest_to_bronze'] in dag air_quality_ingestion on 2026-08-26T23:05:00+00:00 ... 
[2026-08-27T02:10:39.890+0000] {taskinstance.py:2698} ERROR - Task failed with exception
Traceback (most recent call last):
  File "/home/airflow/.local/lib/python3.11/site-packages/airflow/models/taskinstance.py", line 433, in _execute_task
    result = execute_callable(context=context, **execute_callable_kwargs)
             ^^^^^^^^^^^^^^^^^^^^^^^^^^^^^^^^^^^^^^^^^^^^^^^^^^^^^^^^^^^^
  File "/home/airflow/.local/lib/python3.11/site-packages/airflow/sensors/external_task.py", line 334, in execute
    super().execute(context)
  File "/home/airflow/.local/lib/python3.11/site-packages/airflow/sensors/base.py", line 282, in execute
    raise AirflowSensorTimeout(message)
airflow.exceptions.AirflowSensorTimeout: Sensor has timed out; run duration of 300.2243542210199 seconds exceeds the specified timeout of 300.0.
[2026-08-27T02:10:39.906+0000] {taskinstance.py:1138} INFO - Immediate failure requested. Marking task as FAILED. dag_id=air_quality_pipeline, task_id=wait_for_ingestion, execution_date=20260826T230500, start_date=20260827T020538, end_date=20260827T021039
[2026-08-27T02:10:39.922+0000] {standard_task_runner.py:107} ERROR - Failed to execute job 384 for task wait_for_ingestion (Sensor has timed out; run duration of 300.2243542210199 seconds exceeds the specified timeout of 300.0.; 5171)
[2026-08-27T02:10:39.945+0000] {local_task_job_runner.py:234} INFO - Task exited with return code 1
[2026-08-27T02:10:39.976+0000] {taskinstance.py:3280} INFO - 0 downstream tasks scheduled from follow-on schedule check
