[2026-08-27T14:09:03.170+0000] {taskinstance.py:1956} INFO - Dependencies all met for dep_context=non-requeueable deps ti=<TaskInstance: air_quality_pipeline.wait_for_ingestion scheduled__2026-08-27T10:05:00+00:00 [queued]>
[2026-08-27T14:09:03.214+0000] {taskinstance.py:1956} INFO - Dependencies all met for dep_context=requeueable deps ti=<TaskInstance: air_quality_pipeline.wait_for_ingestion scheduled__2026-08-27T10:05:00+00:00 [queued]>
[2026-08-27T14:09:03.220+0000] {taskinstance.py:2170} INFO - Starting attempt 1 of 3
[2026-08-27T14:09:03.281+0000] {taskinstance.py:2191} INFO - Executing <Task(ExternalTaskSensor): wait_for_ingestion> on 2026-08-27 10:05:00+00:00
[2026-08-27T14:09:03.314+0000] {standard_task_runner.py:60} INFO - Started process 5602 to run task
[2026-08-27T14:09:03.320+0000] {standard_task_runner.py:87} INFO - Running: ['***', 'tasks', 'run', 'air_quality_pipeline', 'wait_for_ingestion', 'scheduled__2026-08-27T10:05:00+00:00', '--job-id', '392', '--raw', '--subdir', 'DAGS_FOLDER/spark_pipeline_dag.py', '--cfg-path', '/tmp/tmptohgzj7z']
[2026-08-27T14:09:03.363+0000] {standard_task_runner.py:88} INFO - Job 392: Subtask wait_for_ingestion
[2026-08-27T14:09:03.630+0000] {task_command.py:423} INFO - Running <TaskInstance: air_quality_pipeline.wait_for_ingestion scheduled__2026-08-27T10:05:00+00:00 [running]> on host 6a0525c4c718
[2026-08-27T14:09:04.028+0000] {taskinstance.py:2480} INFO - Exporting env vars: AIRFLOW_CTX_DAG_OWNER='***' AIRFLOW_CTX_DAG_ID='air_quality_pipeline' AIRFLOW_CTX_TASK_ID='wait_for_ingestion' AIRFLOW_CTX_EXECUTION_DATE='2026-08-27T10:05:00+00:00' AIRFLOW_CTX_TRY_NUMBER='1' AIRFLOW_CTX_DAG_RUN_ID='scheduled__2026-08-27T10:05:00+00:00'
[2026-08-27T14:09:04.054+0000] {external_task.py:244} INFO - Poking for tasks ['ingest_to_bronze'] in dag air_quality_ingestion on 2026-08-27T10:05:00+00:00 ... 
[2026-08-27T14:09:34.119+0000] {external_task.py:244} INFO - Poking for tasks ['ingest_to_bronze'] in dag air_quality_ingestion on 2026-08-27T10:05:00+00:00 ... 
[2026-08-27T14:10:04.194+0000] {external_task.py:244} INFO - Poking for tasks ['ingest_to_bronze'] in dag air_quality_ingestion on 2026-08-27T10:05:00+00:00 ... 
[2026-08-27T14:10:34.208+0000] {external_task.py:244} INFO - Poking for tasks ['ingest_to_bronze'] in dag air_quality_ingestion on 2026-08-27T10:05:00+00:00 ... 
[2026-08-27T14:11:04.216+0000] {external_task.py:244} INFO - Poking for tasks ['ingest_to_bronze'] in dag air_quality_ingestion on 2026-08-27T10:05:00+00:00 ... 
[2026-08-27T14:11:34.223+0000] {external_task.py:244} INFO - Poking for tasks ['ingest_to_bronze'] in dag air_quality_ingestion on 2026-08-27T10:05:00+00:00 ... 
[2026-08-27T14:12:04.234+0000] {external_task.py:244} INFO - Poking for tasks ['ingest_to_bronze'] in dag air_quality_ingestion on 2026-08-27T10:05:00+00:00 ... 
[2026-08-27T14:12:34.247+0000] {external_task.py:244} INFO - Poking for tasks ['ingest_to_bronze'] in dag air_quality_ingestion on 2026-08-27T10:05:00+00:00 ... 
[2026-08-27T14:13:04.267+0000] {external_task.py:244} INFO - Poking for tasks ['ingest_to_bronze'] in dag air_quality_ingestion on 2026-08-27T10:05:00+00:00 ... 
[2026-08-27T14:13:34.280+0000] {external_task.py:244} INFO - Poking for tasks ['ingest_to_bronze'] in dag air_quality_ingestion on 2026-08-27T10:05:00+00:00 ... 
[2026-08-27T14:14:04.296+0000] {external_task.py:244} INFO - Poking for tasks ['ingest_to_bronze'] in dag air_quality_ingestion on 2026-08-27T10:05:00+00:00 ... 
[2026-08-27T14:14:04.316+0000] {taskinstance.py:2698} ERROR - Task failed with exception
Traceback (most recent call last):
  File "/home/airflow/.local/lib/python3.11/site-packages/airflow/models/taskinstance.py", line 433, in _execute_task
    result = execute_callable(context=context, **execute_callable_kwargs)
             ^^^^^^^^^^^^^^^^^^^^^^^^^^^^^^^^^^^^^^^^^^^^^^^^^^^^^^^^^^^^
  File "/home/airflow/.local/lib/python3.11/site-packages/airflow/sensors/external_task.py", line 334, in execute
    super().execute(context)
  File "/home/airflow/.local/lib/python3.11/site-packages/airflow/sensors/base.py", line 282, in execute
    raise AirflowSensorTimeout(message)
airflow.exceptions.AirflowSensorTimeout: Sensor has timed out; run duration of 300.27829828101676 seconds exceeds the specified timeout of 300.0.
[2026-08-27T14:14:04.345+0000] {taskinstance.py:1138} INFO - Immediate failure requested. Marking task as FAILED. dag_id=air_quality_pipeline, task_id=wait_for_ingestion, execution_date=20260827T100500, start_date=20260827T140903, end_date=20260827T141404
[2026-08-27T14:14:04.391+0000] {standard_task_runner.py:107} ERROR - Failed to execute job 392 for task wait_for_ingestion (Sensor has timed out; run duration of 300.27829828101676 seconds exceeds the specified timeout of 300.0.; 5602)
[2026-08-27T14:14:04.414+0000] {local_task_job_runner.py:234} INFO - Task exited with return code 1
[2026-08-27T14:14:04.485+0000] {taskinstance.py:3280} INFO - 0 downstream tasks scheduled from follow-on schedule check
