[2026-08-15T05:00:22.372+0000] {taskinstance.py:1956} INFO - Dependencies all met for dep_context=non-requeueable deps ti=<TaskInstance: air_quality_ingestion.ingest_to_bronze scheduled__2026-08-15T04:00:00+00:00 [queued]>
[2026-08-15T05:00:22.402+0000] {taskinstance.py:1956} INFO - Dependencies all met for dep_context=requeueable deps ti=<TaskInstance: air_quality_ingestion.ingest_to_bronze scheduled__2026-08-15T04:00:00+00:00 [queued]>
[2026-08-15T05:00:22.405+0000] {taskinstance.py:2170} INFO - Starting attempt 1 of 4
[2026-08-15T05:00:22.456+0000] {taskinstance.py:2191} INFO - Executing <Task(PythonOperator): ingest_to_bronze> on 2026-08-15 04:00:00+00:00
[2026-08-15T05:00:22.482+0000] {standard_task_runner.py:60} INFO - Started process 58398 to run task
[2026-08-15T05:00:22.490+0000] {standard_task_runner.py:87} INFO - Running: ['***', 'tasks', 'run', 'air_quality_ingestion', 'ingest_to_bronze', 'scheduled__2026-08-15T04:00:00+00:00', '--job-id', '339', '--raw', '--subdir', 'DAGS_FOLDER/ingestion_dag.py', '--cfg-path', '/tmp/tmph2r4s2x9']
[2026-08-15T05:00:22.497+0000] {standard_task_runner.py:88} INFO - Job 339: Subtask ingest_to_bronze
[2026-08-15T05:00:22.644+0000] {task_command.py:423} INFO - Running <TaskInstance: air_quality_ingestion.ingest_to_bronze scheduled__2026-08-15T04:00:00+00:00 [running]> on host 6a0525c4c718
[2026-08-15T05:00:23.383+0000] {taskinstance.py:2480} INFO - Exporting env vars: AIRFLOW_CTX_DAG_OWNER='***' AIRFLOW_CTX_DAG_ID='air_quality_ingestion' AIRFLOW_CTX_TASK_ID='ingest_to_bronze' AIRFLOW_CTX_EXECUTION_DATE='2026-08-15T04:00:00+00:00' AIRFLOW_CTX_TRY_NUMBER='1' AIRFLOW_CTX_DAG_RUN_ID='scheduled__2026-08-15T04:00:00+00:00'
[2026-08-15T05:47:33.274+0000] {logging_mixin.py:188} INFO - Created bucket: bronze-air-quality
[2026-08-15T05:47:33.298+0000] {logging_mixin.py:188} INFO - Created bucket: silver-air-quality
[2026-08-15T05:47:33.319+0000] {logging_mixin.py:188} INFO - Created bucket: gold-air-quality
[2026-08-15T05:47:35.376+0000] {logging_mixin.py:188} INFO - ✓ new york: AQI=47
[2026-08-15T05:47:36.534+0000] {logging_mixin.py:188} INFO - ✓ london: AQI=46
[2026-08-15T05:47:38.182+0000] {logging_mixin.py:188} INFO - ✓ beijing: AQI=55
[2026-08-15T05:47:39.455+0000] {logging_mixin.py:188} INFO - ✓ delhi: AQI=93
[2026-08-15T05:47:40.810+0000] {logging_mixin.py:188} INFO - ✓ sydney: AQI=33
[2026-08-15T05:47:41.251+0000] {logging_mixin.py:188} INFO - Saved → s3://bronze-air-quality/year=2026/month=08/day=15/city=new_york/054733.json
[2026-08-15T05:47:41.350+0000] {logging_mixin.py:188} INFO - Saved → s3://bronze-air-quality/year=2026/month=08/day=15/city=london/054733.json
[2026-08-15T05:47:41.393+0000] {logging_mixin.py:188} INFO - Saved → s3://bronze-air-quality/year=2026/month=08/day=15/city=beijing/054733.json
[2026-08-15T05:47:41.455+0000] {logging_mixin.py:188} INFO - Saved → s3://bronze-air-quality/year=2026/month=08/day=15/city=delhi/054733.json
[2026-08-15T05:47:41.494+0000] {logging_mixin.py:188} INFO - Saved → s3://bronze-air-quality/year=2026/month=08/day=15/city=sydney/054733.json
[2026-08-15T05:47:41.502+0000] {logging_mixin.py:188} INFO - 
Total records ingested: 5
[2026-08-15T05:47:41.507+0000] {python.py:201} INFO - Done. Returned value was: None
[2026-08-15T05:47:41.549+0000] {taskinstance.py:1138} INFO - Marking task as SUCCESS. dag_id=air_quality_ingestion, task_id=ingest_to_bronze, execution_date=20260815T040000, start_date=20260815T050022, end_date=20260815T054741
[2026-08-15T05:47:41.648+0000] {local_task_job_runner.py:234} INFO - Task exited with return code 0
[2026-08-15T05:47:41.755+0000] {taskinstance.py:3280} INFO - 0 downstream tasks scheduled from follow-on schedule check
