[2026-09-07T19:05:01.125+0000] {taskinstance.py:1956} INFO - Dependencies all met for dep_context=non-requeueable deps ti=<TaskInstance: air_quality_pipeline.wait_for_ingestion scheduled__2026-09-07T18:05:00+00:00 [queued]>
[2026-09-07T19:05:01.130+0000] {taskinstance.py:1956} INFO - Dependencies all met for dep_context=requeueable deps ti=<TaskInstance: air_quality_pipeline.wait_for_ingestion scheduled__2026-09-07T18:05:00+00:00 [queued]>
[2026-09-07T19:05:01.131+0000] {taskinstance.py:2170} INFO - Starting attempt 1 of 3
[2026-09-07T19:05:01.140+0000] {taskinstance.py:2191} INFO - Executing <Task(ExternalTaskSensor): wait_for_ingestion> on 2026-09-07 18:05:00+00:00
[2026-09-07T19:05:01.143+0000] {standard_task_runner.py:60} INFO - Started process 95894 to run task
[2026-09-07T19:05:01.146+0000] {standard_task_runner.py:87} INFO - Running: ['***', 'tasks', 'run', 'air_quality_pipeline', 'wait_for_ingestion', 'scheduled__2026-09-07T18:05:00+00:00', '--job-id', '707', '--raw', '--subdir', 'DAGS_FOLDER/spark_pipeline_dag.py', '--cfg-path', '/tmp/tmpm0qa4zgm']
[2026-09-07T19:05:01.148+0000] {standard_task_runner.py:88} INFO - Job 707: Subtask wait_for_ingestion
[2026-09-07T19:05:01.212+0000] {task_command.py:423} INFO - Running <TaskInstance: air_quality_pipeline.wait_for_ingestion scheduled__2026-09-07T18:05:00+00:00 [running]> on host 6a0525c4c718
[2026-09-07T19:05:01.271+0000] {taskinstance.py:2480} INFO - Exporting env vars: AIRFLOW_CTX_DAG_OWNER='***' AIRFLOW_CTX_DAG_ID='air_quality_pipeline' AIRFLOW_CTX_TASK_ID='wait_for_ingestion' AIRFLOW_CTX_EXECUTION_DATE='2026-09-07T18:05:00+00:00' AIRFLOW_CTX_TRY_NUMBER='1' AIRFLOW_CTX_DAG_RUN_ID='scheduled__2026-09-07T18:05:00+00:00'
[2026-09-07T19:05:01.272+0000] {external_task.py:244} INFO - Poking for tasks ['ingest_to_bronze'] in dag air_quality_ingestion on 2026-09-07T18:05:00+00:00 ... 
[2026-09-07T19:05:31.276+0000] {external_task.py:244} INFO - Poking for tasks ['ingest_to_bronze'] in dag air_quality_ingestion on 2026-09-07T18:05:00+00:00 ... 
[2026-09-07T19:06:01.286+0000] {external_task.py:244} INFO - Poking for tasks ['ingest_to_bronze'] in dag air_quality_ingestion on 2026-09-07T18:05:00+00:00 ... 
[2026-09-07T19:06:31.295+0000] {external_task.py:244} INFO - Poking for tasks ['ingest_to_bronze'] in dag air_quality_ingestion on 2026-09-07T18:05:00+00:00 ... 
[2026-09-07T19:07:01.306+0000] {external_task.py:244} INFO - Poking for tasks ['ingest_to_bronze'] in dag air_quality_ingestion on 2026-09-07T18:05:00+00:00 ... 
[2026-09-07T19:07:31.314+0000] {external_task.py:244} INFO - Poking for tasks ['ingest_to_bronze'] in dag air_quality_ingestion on 2026-09-07T18:05:00+00:00 ... 
[2026-09-07T19:08:01.327+0000] {external_task.py:244} INFO - Poking for tasks ['ingest_to_bronze'] in dag air_quality_ingestion on 2026-09-07T18:05:00+00:00 ... 
[2026-09-07T19:08:31.335+0000] {external_task.py:244} INFO - Poking for tasks ['ingest_to_bronze'] in dag air_quality_ingestion on 2026-09-07T18:05:00+00:00 ... 
[2026-09-07T19:09:01.349+0000] {external_task.py:244} INFO - Poking for tasks ['ingest_to_bronze'] in dag air_quality_ingestion on 2026-09-07T18:05:00+00:00 ... 
[2026-09-07T19:09:31.358+0000] {external_task.py:244} INFO - Poking for tasks ['ingest_to_bronze'] in dag air_quality_ingestion on 2026-09-07T18:05:00+00:00 ... 
[2026-09-07T19:10:01.371+0000] {external_task.py:244} INFO - Poking for tasks ['ingest_to_bronze'] in dag air_quality_ingestion on 2026-09-07T18:05:00+00:00 ... 
[2026-09-07T19:10:01.382+0000] {taskinstance.py:2698} ERROR - Task failed with exception
Traceback (most recent call last):
  File "/home/airflow/.local/lib/python3.11/site-packages/airflow/models/taskinstance.py", line 433, in _execute_task
    result = execute_callable(context=context, **execute_callable_kwargs)
             ^^^^^^^^^^^^^^^^^^^^^^^^^^^^^^^^^^^^^^^^^^^^^^^^^^^^^^^^^^^^
  File "/home/airflow/.local/lib/python3.11/site-packages/airflow/sensors/external_task.py", line 334, in execute
    super().execute(context)
  File "/home/airflow/.local/lib/python3.11/site-packages/airflow/sensors/base.py", line 282, in execute
    raise AirflowSensorTimeout(message)
airflow.exceptions.AirflowSensorTimeout: Sensor has timed out; run duration of 300.13296164298663 seconds exceeds the specified timeout of 300.0.
[2026-09-07T19:10:01.390+0000] {taskinstance.py:1138} INFO - Immediate failure requested. Marking task as FAILED. dag_id=air_quality_pipeline, task_id=wait_for_ingestion, execution_date=20260907T180500, start_date=20260907T190501, end_date=20260907T191001
[2026-09-07T19:10:01.402+0000] {standard_task_runner.py:107} ERROR - Failed to execute job 707 for task wait_for_ingestion (Sensor has timed out; run duration of 300.13296164298663 seconds exceeds the specified timeout of 300.0.; 95894)
[2026-09-07T19:10:01.418+0000] {local_task_job_runner.py:234} INFO - Task exited with return code 1
[2026-09-07T19:10:01.439+0000] {taskinstance.py:3280} INFO - 0 downstream tasks scheduled from follow-on schedule check
