[2026-08-17T02:22:38.135+0000] {taskinstance.py:1956} INFO - Dependencies all met for dep_context=non-requeueable deps ti=<TaskInstance: air_quality_pipeline.wait_for_ingestion scheduled__2026-08-17T01:05:00+00:00 [queued]>
[2026-08-17T02:22:38.183+0000] {taskinstance.py:1956} INFO - Dependencies all met for dep_context=requeueable deps ti=<TaskInstance: air_quality_pipeline.wait_for_ingestion scheduled__2026-08-17T01:05:00+00:00 [queued]>
[2026-08-17T02:22:38.197+0000] {taskinstance.py:2170} INFO - Starting attempt 1 of 3
[2026-08-17T02:22:38.276+0000] {taskinstance.py:2191} INFO - Executing <Task(ExternalTaskSensor): wait_for_ingestion> on 2026-08-17 01:05:00+00:00
[2026-08-17T02:22:38.308+0000] {standard_task_runner.py:60} INFO - Started process 58982 to run task
[2026-08-17T02:22:38.316+0000] {standard_task_runner.py:87} INFO - Running: ['***', 'tasks', 'run', 'air_quality_pipeline', 'wait_for_ingestion', 'scheduled__2026-08-17T01:05:00+00:00', '--job-id', '348', '--raw', '--subdir', 'DAGS_FOLDER/spark_pipeline_dag.py', '--cfg-path', '/tmp/tmpgi5jp05p']
[2026-08-17T02:22:38.330+0000] {standard_task_runner.py:88} INFO - Job 348: Subtask wait_for_ingestion
[2026-08-17T02:22:38.603+0000] {task_command.py:423} INFO - Running <TaskInstance: air_quality_pipeline.wait_for_ingestion scheduled__2026-08-17T01:05:00+00:00 [running]> on host 6a0525c4c718
[2026-08-17T02:22:38.928+0000] {taskinstance.py:2480} INFO - Exporting env vars: AIRFLOW_CTX_DAG_OWNER='***' AIRFLOW_CTX_DAG_ID='air_quality_pipeline' AIRFLOW_CTX_TASK_ID='wait_for_ingestion' AIRFLOW_CTX_EXECUTION_DATE='2026-08-17T01:05:00+00:00' AIRFLOW_CTX_TRY_NUMBER='1' AIRFLOW_CTX_DAG_RUN_ID='scheduled__2026-08-17T01:05:00+00:00'
[2026-08-17T02:22:38.955+0000] {external_task.py:244} INFO - Poking for tasks ['ingest_to_bronze'] in dag air_quality_ingestion on 2026-08-17T01:05:00+00:00 ... 
[2026-08-17T02:23:09.012+0000] {external_task.py:244} INFO - Poking for tasks ['ingest_to_bronze'] in dag air_quality_ingestion on 2026-08-17T01:05:00+00:00 ... 
[2026-08-17T02:23:39.057+0000] {external_task.py:244} INFO - Poking for tasks ['ingest_to_bronze'] in dag air_quality_ingestion on 2026-08-17T01:05:00+00:00 ... 
[2026-08-17T02:24:09.092+0000] {external_task.py:244} INFO - Poking for tasks ['ingest_to_bronze'] in dag air_quality_ingestion on 2026-08-17T01:05:00+00:00 ... 
[2026-08-17T02:24:39.120+0000] {external_task.py:244} INFO - Poking for tasks ['ingest_to_bronze'] in dag air_quality_ingestion on 2026-08-17T01:05:00+00:00 ... 
[2026-08-17T02:25:09.140+0000] {external_task.py:244} INFO - Poking for tasks ['ingest_to_bronze'] in dag air_quality_ingestion on 2026-08-17T01:05:00+00:00 ... 
[2026-08-17T02:25:39.160+0000] {external_task.py:244} INFO - Poking for tasks ['ingest_to_bronze'] in dag air_quality_ingestion on 2026-08-17T01:05:00+00:00 ... 
[2026-08-17T02:26:09.174+0000] {external_task.py:244} INFO - Poking for tasks ['ingest_to_bronze'] in dag air_quality_ingestion on 2026-08-17T01:05:00+00:00 ... 
[2026-08-17T02:26:39.244+0000] {external_task.py:244} INFO - Poking for tasks ['ingest_to_bronze'] in dag air_quality_ingestion on 2026-08-17T01:05:00+00:00 ... 
[2026-08-17T02:27:09.270+0000] {external_task.py:244} INFO - Poking for tasks ['ingest_to_bronze'] in dag air_quality_ingestion on 2026-08-17T01:05:00+00:00 ... 
[2026-08-17T02:27:39.282+0000] {external_task.py:244} INFO - Poking for tasks ['ingest_to_bronze'] in dag air_quality_ingestion on 2026-08-17T01:05:00+00:00 ... 
[2026-08-17T02:27:39.298+0000] {taskinstance.py:2698} ERROR - Task failed with exception
Traceback (most recent call last):
  File "/home/airflow/.local/lib/python3.11/site-packages/airflow/models/taskinstance.py", line 433, in _execute_task
    result = execute_callable(context=context, **execute_callable_kwargs)
             ^^^^^^^^^^^^^^^^^^^^^^^^^^^^^^^^^^^^^^^^^^^^^^^^^^^^^^^^^^^^
  File "/home/airflow/.local/lib/python3.11/site-packages/airflow/sensors/external_task.py", line 334, in execute
    super().execute(context)
  File "/home/airflow/.local/lib/python3.11/site-packages/airflow/sensors/base.py", line 282, in execute
    raise AirflowSensorTimeout(message)
airflow.exceptions.AirflowSensorTimeout: Sensor has timed out; run duration of 300.37038682901766 seconds exceeds the specified timeout of 300.0.
[2026-08-17T02:27:39.322+0000] {taskinstance.py:1138} INFO - Immediate failure requested. Marking task as FAILED. dag_id=air_quality_pipeline, task_id=wait_for_ingestion, execution_date=20260817T010500, start_date=20260817T022238, end_date=20260817T022739
[2026-08-17T02:27:39.357+0000] {standard_task_runner.py:107} ERROR - Failed to execute job 348 for task wait_for_ingestion (Sensor has timed out; run duration of 300.37038682901766 seconds exceeds the specified timeout of 300.0.; 58982)
[2026-08-17T02:27:39.387+0000] {local_task_job_runner.py:234} INFO - Task exited with return code 1
[2026-08-17T02:27:39.470+0000] {taskinstance.py:3280} INFO - 0 downstream tasks scheduled from follow-on schedule check
