[2026-09-02T14:40:27.816+0000] {taskinstance.py:1956} INFO - Dependencies all met for dep_context=non-requeueable deps ti=<TaskInstance: air_quality_ingestion.ingest_to_bronze scheduled__2026-09-02T04:00:00+00:00 [queued]>
[2026-09-02T14:40:27.873+0000] {taskinstance.py:1956} INFO - Dependencies all met for dep_context=requeueable deps ti=<TaskInstance: air_quality_ingestion.ingest_to_bronze scheduled__2026-09-02T04:00:00+00:00 [queued]>
[2026-09-02T14:40:27.876+0000] {taskinstance.py:2170} INFO - Starting attempt 1 of 4
[2026-09-02T14:40:27.948+0000] {taskinstance.py:2191} INFO - Executing <Task(PythonOperator): ingest_to_bronze> on 2026-09-02 04:00:00+00:00
[2026-09-02T14:40:27.968+0000] {standard_task_runner.py:60} INFO - Started process 40073 to run task
[2026-09-02T14:40:28.025+0000] {standard_task_runner.py:87} INFO - Running: ['***', 'tasks', 'run', 'air_quality_ingestion', 'ingest_to_bronze', 'scheduled__2026-09-02T04:00:00+00:00', '--job-id', '547', '--raw', '--subdir', 'DAGS_FOLDER/ingestion_dag.py', '--cfg-path', '/tmp/tmp_me0t7ns']
[2026-09-02T14:40:28.046+0000] {standard_task_runner.py:88} INFO - Job 547: Subtask ingest_to_bronze
[2026-09-02T14:40:28.446+0000] {task_command.py:423} INFO - Running <TaskInstance: air_quality_ingestion.ingest_to_bronze scheduled__2026-09-02T04:00:00+00:00 [running]> on host 6a0525c4c718
[2026-09-02T14:40:28.881+0000] {taskinstance.py:2480} INFO - Exporting env vars: AIRFLOW_CTX_DAG_OWNER='***' AIRFLOW_CTX_DAG_ID='air_quality_ingestion' AIRFLOW_CTX_TASK_ID='ingest_to_bronze' AIRFLOW_CTX_EXECUTION_DATE='2026-09-02T04:00:00+00:00' AIRFLOW_CTX_TRY_NUMBER='1' AIRFLOW_CTX_DAG_RUN_ID='scheduled__2026-09-02T04:00:00+00:00'
[2026-09-02T14:40:29.514+0000] {logging_mixin.py:188} INFO - Created bucket: bronze-air-quality
[2026-09-02T14:40:29.536+0000] {logging_mixin.py:188} INFO - Created bucket: silver-air-quality
[2026-09-02T14:40:29.558+0000] {logging_mixin.py:188} INFO - Created bucket: gold-air-quality
[2026-09-02T14:40:29.649+0000] {logging_mixin.py:188} INFO - ✗ new york: HTTPSConnectionPool(host='api.waqi.info', port=443): Max retries exceeded with url: /feed/new%20york/?token=2cc5f2fc84f739a6377a29001c83fd1911c54797 (Caused by NewConnectionError('<urllib3.connection.HTTPSConnection object at 0x70c3bde93850>: Failed to establish a new connection: [Errno 111] Connection refused'))
[2026-09-02T14:40:29.674+0000] {logging_mixin.py:188} INFO - ✗ london: HTTPSConnectionPool(host='api.waqi.info', port=443): Max retries exceeded with url: /feed/london/?token=2cc5f2fc84f739a6377a29001c83fd1911c54797 (Caused by NewConnectionError('<urllib3.connection.HTTPSConnection object at 0x70c3bd32dfd0>: Failed to establish a new connection: [Errno 111] Connection refused'))
[2026-09-02T14:40:29.755+0000] {logging_mixin.py:188} INFO - ✗ beijing: HTTPSConnectionPool(host='api.waqi.info', port=443): Max retries exceeded with url: /feed/beijing/?token=2cc5f2fc84f739a6377a29001c83fd1911c54797 (Caused by NewConnectionError('<urllib3.connection.HTTPSConnection object at 0x70c3bd338650>: Failed to establish a new connection: [Errno 111] Connection refused'))
[2026-09-02T14:40:29.782+0000] {logging_mixin.py:188} INFO - ✗ delhi: HTTPSConnectionPool(host='api.waqi.info', port=443): Max retries exceeded with url: /feed/delhi/?token=2cc5f2fc84f739a6377a29001c83fd1911c54797 (Caused by NewConnectionError('<urllib3.connection.HTTPSConnection object at 0x70c3a29dd190>: Failed to establish a new connection: [Errno 111] Connection refused'))
[2026-09-02T14:40:29.813+0000] {logging_mixin.py:188} INFO - ✗ sydney: HTTPSConnectionPool(host='api.waqi.info', port=443): Max retries exceeded with url: /feed/sydney/?token=2cc5f2fc84f739a6377a29001c83fd1911c54797 (Caused by NewConnectionError('<urllib3.connection.HTTPSConnection object at 0x70c3bd339710>: Failed to establish a new connection: [Errno 111] Connection refused'))
[2026-09-02T14:40:29.819+0000] {logging_mixin.py:188} INFO - 
Total records ingested: 0
[2026-09-02T14:40:29.823+0000] {python.py:201} INFO - Done. Returned value was: None
[2026-09-02T14:40:29.890+0000] {taskinstance.py:1138} INFO - Marking task as SUCCESS. dag_id=air_quality_ingestion, task_id=ingest_to_bronze, execution_date=20260902T040000, start_date=20260902T144027, end_date=20260902T144029
[2026-09-02T14:40:29.977+0000] {local_task_job_runner.py:234} INFO - Task exited with return code 0
[2026-09-02T14:40:30.105+0000] {taskinstance.py:3280} INFO - 0 downstream tasks scheduled from follow-on schedule check
