[2026-09-04T00:29:54.338+0000] {taskinstance.py:1956} INFO - Dependencies all met for dep_context=non-requeueable deps ti=<TaskInstance: air_quality_ingestion.ingest_to_bronze scheduled__2026-09-03T23:00:00+00:00 [queued]>
[2026-09-04T00:29:54.351+0000] {taskinstance.py:1956} INFO - Dependencies all met for dep_context=requeueable deps ti=<TaskInstance: air_quality_ingestion.ingest_to_bronze scheduled__2026-09-03T23:00:00+00:00 [queued]>
[2026-09-04T00:29:54.352+0000] {taskinstance.py:2170} INFO - Starting attempt 1 of 4
[2026-09-04T00:29:54.384+0000] {taskinstance.py:2191} INFO - Executing <Task(PythonOperator): ingest_to_bronze> on 2026-09-03 23:00:00+00:00
[2026-09-04T00:29:54.406+0000] {standard_task_runner.py:60} INFO - Started process 53201 to run task
[2026-09-04T00:29:54.409+0000] {standard_task_runner.py:87} INFO - Running: ['***', 'tasks', 'run', 'air_quality_ingestion', 'ingest_to_bronze', 'scheduled__2026-09-03T23:00:00+00:00', '--job-id', '596', '--raw', '--subdir', 'DAGS_FOLDER/ingestion_dag.py', '--cfg-path', '/tmp/tmplay8amvc']
[2026-09-04T00:29:54.425+0000] {standard_task_runner.py:88} INFO - Job 596: Subtask ingest_to_bronze
[2026-09-04T00:29:54.545+0000] {task_command.py:423} INFO - Running <TaskInstance: air_quality_ingestion.ingest_to_bronze scheduled__2026-09-03T23:00:00+00:00 [running]> on host 6a0525c4c718
[2026-09-04T00:29:54.680+0000] {taskinstance.py:2480} INFO - Exporting env vars: AIRFLOW_CTX_DAG_OWNER='***' AIRFLOW_CTX_DAG_ID='air_quality_ingestion' AIRFLOW_CTX_TASK_ID='ingest_to_bronze' AIRFLOW_CTX_EXECUTION_DATE='2026-09-03T23:00:00+00:00' AIRFLOW_CTX_TRY_NUMBER='1' AIRFLOW_CTX_DAG_RUN_ID='scheduled__2026-09-03T23:00:00+00:00'
[2026-09-04T00:29:54.778+0000] {logging_mixin.py:188} INFO - Created bucket: bronze-air-quality
[2026-09-04T00:29:54.788+0000] {logging_mixin.py:188} INFO - Created bucket: silver-air-quality
[2026-09-04T00:29:54.797+0000] {logging_mixin.py:188} INFO - Created bucket: gold-air-quality
[2026-09-04T00:29:55.926+0000] {logging_mixin.py:188} INFO - ✓ new york: AQI=26
[2026-09-04T00:29:57.121+0000] {logging_mixin.py:188} INFO - ✓ london: AQI=14
[2026-09-04T00:29:57.857+0000] {logging_mixin.py:188} INFO - ✓ beijing: AQI=50
[2026-09-04T00:29:58.699+0000] {logging_mixin.py:188} INFO - ✓ delhi: AQI=20
[2026-09-04T00:29:59.631+0000] {logging_mixin.py:188} INFO - ✓ sydney: AQI=48
[2026-09-04T00:29:59.644+0000] {logging_mixin.py:188} INFO - Saved → s3://bronze-air-quality/year=2026/month=09/day=04/city=new_york/002954.json
[2026-09-04T00:29:59.652+0000] {logging_mixin.py:188} INFO - Saved → s3://bronze-air-quality/year=2026/month=09/day=04/city=london/002954.json
[2026-09-04T00:29:59.661+0000] {logging_mixin.py:188} INFO - Saved → s3://bronze-air-quality/year=2026/month=09/day=04/city=beijing/002954.json
[2026-09-04T00:29:59.670+0000] {logging_mixin.py:188} INFO - Saved → s3://bronze-air-quality/year=2026/month=09/day=04/city=delhi/002954.json
[2026-09-04T00:29:59.681+0000] {logging_mixin.py:188} INFO - Saved → s3://bronze-air-quality/year=2026/month=09/day=04/city=sydney/002954.json
[2026-09-04T00:29:59.681+0000] {logging_mixin.py:188} INFO - 
Total records ingested: 5
[2026-09-04T00:29:59.682+0000] {python.py:201} INFO - Done. Returned value was: None
[2026-09-04T00:29:59.695+0000] {taskinstance.py:1138} INFO - Marking task as SUCCESS. dag_id=air_quality_ingestion, task_id=ingest_to_bronze, execution_date=20260903T230000, start_date=20260904T002954, end_date=20260904T002959
[2026-09-04T00:29:59.739+0000] {local_task_job_runner.py:234} INFO - Task exited with return code 0
[2026-09-04T00:29:59.758+0000] {taskinstance.py:3280} INFO - 0 downstream tasks scheduled from follow-on schedule check
