[2026-08-15T02:00:01.608+0000] {taskinstance.py:1956} INFO - Dependencies all met for dep_context=non-requeueable deps ti=<TaskInstance: air_quality_ingestion.ingest_to_bronze scheduled__2026-08-15T01:00:00+00:00 [queued]>
[2026-08-15T02:00:01.619+0000] {taskinstance.py:1956} INFO - Dependencies all met for dep_context=requeueable deps ti=<TaskInstance: air_quality_ingestion.ingest_to_bronze scheduled__2026-08-15T01:00:00+00:00 [queued]>
[2026-08-15T02:00:01.620+0000] {taskinstance.py:2170} INFO - Starting attempt 1 of 4
[2026-08-15T02:00:01.640+0000] {taskinstance.py:2191} INFO - Executing <Task(PythonOperator): ingest_to_bronze> on 2026-08-15 01:00:00+00:00
[2026-08-15T02:00:01.646+0000] {standard_task_runner.py:60} INFO - Started process 56446 to run task
[2026-08-15T02:00:01.651+0000] {standard_task_runner.py:87} INFO - Running: ['***', 'tasks', 'run', 'air_quality_ingestion', 'ingest_to_bronze', 'scheduled__2026-08-15T01:00:00+00:00', '--job-id', '333', '--raw', '--subdir', 'DAGS_FOLDER/ingestion_dag.py', '--cfg-path', '/tmp/tmppw8tifxd']
[2026-08-15T02:00:01.654+0000] {standard_task_runner.py:88} INFO - Job 333: Subtask ingest_to_bronze
[2026-08-15T02:00:01.744+0000] {task_command.py:423} INFO - Running <TaskInstance: air_quality_ingestion.ingest_to_bronze scheduled__2026-08-15T01:00:00+00:00 [running]> on host 6a0525c4c718
[2026-08-15T02:00:01.862+0000] {taskinstance.py:2480} INFO - Exporting env vars: AIRFLOW_CTX_DAG_OWNER='***' AIRFLOW_CTX_DAG_ID='air_quality_ingestion' AIRFLOW_CTX_TASK_ID='ingest_to_bronze' AIRFLOW_CTX_EXECUTION_DATE='2026-08-15T01:00:00+00:00' AIRFLOW_CTX_TRY_NUMBER='1' AIRFLOW_CTX_DAG_RUN_ID='scheduled__2026-08-15T01:00:00+00:00'
[2026-08-15T02:00:02.112+0000] {logging_mixin.py:188} INFO - Created bucket: bronze-air-quality
[2026-08-15T02:00:02.121+0000] {logging_mixin.py:188} INFO - Created bucket: silver-air-quality
[2026-08-15T02:00:02.129+0000] {logging_mixin.py:188} INFO - Created bucket: gold-air-quality
[2026-08-15T02:00:03.230+0000] {logging_mixin.py:188} INFO - ✓ new york: AQI=43
[2026-08-15T02:00:04.013+0000] {logging_mixin.py:188} INFO - ✓ london: AQI=42
[2026-08-15T02:00:04.747+0000] {logging_mixin.py:188} INFO - ✓ beijing: AQI=65
[2026-08-15T02:00:05.528+0000] {logging_mixin.py:188} INFO - ✓ delhi: AQI=109
[2026-08-15T02:00:06.310+0000] {logging_mixin.py:188} INFO - ✓ sydney: AQI=54
[2026-08-15T02:00:06.330+0000] {logging_mixin.py:188} INFO - Saved → s3://bronze-air-quality/year=2026/month=08/day=15/city=new_york/020002.json
[2026-08-15T02:00:06.340+0000] {logging_mixin.py:188} INFO - Saved → s3://bronze-air-quality/year=2026/month=08/day=15/city=london/020002.json
[2026-08-15T02:00:06.348+0000] {logging_mixin.py:188} INFO - Saved → s3://bronze-air-quality/year=2026/month=08/day=15/city=beijing/020002.json
[2026-08-15T02:00:06.354+0000] {logging_mixin.py:188} INFO - Saved → s3://bronze-air-quality/year=2026/month=08/day=15/city=delhi/020002.json
[2026-08-15T02:00:06.362+0000] {logging_mixin.py:188} INFO - Saved → s3://bronze-air-quality/year=2026/month=08/day=15/city=sydney/020002.json
[2026-08-15T02:00:06.362+0000] {logging_mixin.py:188} INFO - 
Total records ingested: 5
[2026-08-15T02:00:06.363+0000] {python.py:201} INFO - Done. Returned value was: None
[2026-08-15T02:00:06.374+0000] {taskinstance.py:1138} INFO - Marking task as SUCCESS. dag_id=air_quality_ingestion, task_id=ingest_to_bronze, execution_date=20260815T010000, start_date=20260815T020001, end_date=20260815T020006
[2026-08-15T02:00:06.403+0000] {local_task_job_runner.py:234} INFO - Task exited with return code 0
[2026-08-15T02:00:06.418+0000] {taskinstance.py:3280} INFO - 0 downstream tasks scheduled from follow-on schedule check
