[2026-09-09T03:00:01.139+0000] {taskinstance.py:1956} INFO - Dependencies all met for dep_context=non-requeueable deps ti=<TaskInstance: air_quality_ingestion.ingest_to_bronze scheduled__2026-09-09T02:00:00+00:00 [queued]>
[2026-09-09T03:00:01.146+0000] {taskinstance.py:1956} INFO - Dependencies all met for dep_context=requeueable deps ti=<TaskInstance: air_quality_ingestion.ingest_to_bronze scheduled__2026-09-09T02:00:00+00:00 [queued]>
[2026-09-09T03:00:01.147+0000] {taskinstance.py:2170} INFO - Starting attempt 1 of 4
[2026-09-09T03:00:01.159+0000] {taskinstance.py:2191} INFO - Executing <Task(PythonOperator): ingest_to_bronze> on 2026-09-09 02:00:00+00:00
[2026-09-09T03:00:01.163+0000] {standard_task_runner.py:60} INFO - Started process 1962 to run task
[2026-09-09T03:00:01.166+0000] {standard_task_runner.py:87} INFO - Running: ['***', 'tasks', 'run', 'air_quality_ingestion', 'ingest_to_bronze', 'scheduled__2026-09-09T02:00:00+00:00', '--job-id', '733', '--raw', '--subdir', 'DAGS_FOLDER/ingestion_dag.py', '--cfg-path', '/tmp/tmpc8v2mesb']
[2026-09-09T03:00:01.169+0000] {standard_task_runner.py:88} INFO - Job 733: Subtask ingest_to_bronze
[2026-09-09T03:00:01.230+0000] {task_command.py:423} INFO - Running <TaskInstance: air_quality_ingestion.ingest_to_bronze scheduled__2026-09-09T02:00:00+00:00 [running]> on host 6a0525c4c718
[2026-09-09T03:00:01.298+0000] {taskinstance.py:2480} INFO - Exporting env vars: AIRFLOW_CTX_DAG_OWNER='***' AIRFLOW_CTX_DAG_ID='air_quality_ingestion' AIRFLOW_CTX_TASK_ID='ingest_to_bronze' AIRFLOW_CTX_EXECUTION_DATE='2026-09-09T02:00:00+00:00' AIRFLOW_CTX_TRY_NUMBER='1' AIRFLOW_CTX_DAG_RUN_ID='scheduled__2026-09-09T02:00:00+00:00'
[2026-09-09T03:00:01.374+0000] {logging_mixin.py:188} INFO - Created bucket: bronze-air-quality
[2026-09-09T03:00:01.380+0000] {logging_mixin.py:188} INFO - Created bucket: silver-air-quality
[2026-09-09T03:00:01.386+0000] {logging_mixin.py:188} INFO - Created bucket: gold-air-quality
[2026-09-09T03:00:02.231+0000] {logging_mixin.py:188} INFO - ✓ new york: AQI=44
[2026-09-09T03:00:02.977+0000] {logging_mixin.py:188} INFO - ✓ london: AQI=30
[2026-09-09T03:00:04.178+0000] {logging_mixin.py:188} INFO - ✓ beijing: AQI=21
[2026-09-09T03:00:05.541+0000] {logging_mixin.py:188} INFO - ✓ delhi: AQI=59
[2026-09-09T03:00:06.351+0000] {logging_mixin.py:188} INFO - ✓ sydney: AQI=33
[2026-09-09T03:00:06.363+0000] {logging_mixin.py:188} INFO - Saved → s3://bronze-air-quality/year=2026/month=09/day=09/city=new_york/030001.json
[2026-09-09T03:00:06.376+0000] {logging_mixin.py:188} INFO - Saved → s3://bronze-air-quality/year=2026/month=09/day=09/city=london/030001.json
[2026-09-09T03:00:06.386+0000] {logging_mixin.py:188} INFO - Saved → s3://bronze-air-quality/year=2026/month=09/day=09/city=beijing/030001.json
[2026-09-09T03:00:06.394+0000] {logging_mixin.py:188} INFO - Saved → s3://bronze-air-quality/year=2026/month=09/day=09/city=delhi/030001.json
[2026-09-09T03:00:06.403+0000] {logging_mixin.py:188} INFO - Saved → s3://bronze-air-quality/year=2026/month=09/day=09/city=sydney/030001.json
[2026-09-09T03:00:06.404+0000] {logging_mixin.py:188} INFO - 
Total records ingested: 5
[2026-09-09T03:00:06.405+0000] {python.py:201} INFO - Done. Returned value was: None
[2026-09-09T03:00:06.416+0000] {taskinstance.py:1138} INFO - Marking task as SUCCESS. dag_id=air_quality_ingestion, task_id=ingest_to_bronze, execution_date=20260909T020000, start_date=20260909T030001, end_date=20260909T030006
[2026-09-09T03:00:06.453+0000] {local_task_job_runner.py:234} INFO - Task exited with return code 0
[2026-09-09T03:00:06.477+0000] {taskinstance.py:3280} INFO - 0 downstream tasks scheduled from follow-on schedule check
