[2026-09-03T00:11:30.463+0000] {taskinstance.py:1956} INFO - Dependencies all met for dep_context=non-requeueable deps ti=<TaskInstance: air_quality_pipeline.wait_for_ingestion scheduled__2026-09-02T23:05:00+00:00 [queued]>
[2026-09-03T00:11:30.496+0000] {taskinstance.py:1956} INFO - Dependencies all met for dep_context=requeueable deps ti=<TaskInstance: air_quality_pipeline.wait_for_ingestion scheduled__2026-09-02T23:05:00+00:00 [queued]>
[2026-09-03T00:11:30.509+0000] {taskinstance.py:2170} INFO - Starting attempt 1 of 3
[2026-09-03T00:11:30.571+0000] {taskinstance.py:2191} INFO - Executing <Task(ExternalTaskSensor): wait_for_ingestion> on 2026-09-02 23:05:00+00:00
[2026-09-03T00:11:30.613+0000] {standard_task_runner.py:60} INFO - Started process 45310 to run task
[2026-09-03T00:11:30.649+0000] {standard_task_runner.py:87} INFO - Running: ['***', 'tasks', 'run', 'air_quality_pipeline', 'wait_for_ingestion', 'scheduled__2026-09-02T23:05:00+00:00', '--job-id', '562', '--raw', '--subdir', 'DAGS_FOLDER/spark_pipeline_dag.py', '--cfg-path', '/tmp/tmpyz_a8a7u']
[2026-09-03T00:11:30.657+0000] {standard_task_runner.py:88} INFO - Job 562: Subtask wait_for_ingestion
[2026-09-03T00:11:31.089+0000] {task_command.py:423} INFO - Running <TaskInstance: air_quality_pipeline.wait_for_ingestion scheduled__2026-09-02T23:05:00+00:00 [running]> on host 6a0525c4c718
[2026-09-03T00:11:31.417+0000] {taskinstance.py:2480} INFO - Exporting env vars: AIRFLOW_CTX_DAG_OWNER='***' AIRFLOW_CTX_DAG_ID='air_quality_pipeline' AIRFLOW_CTX_TASK_ID='wait_for_ingestion' AIRFLOW_CTX_EXECUTION_DATE='2026-09-02T23:05:00+00:00' AIRFLOW_CTX_TRY_NUMBER='1' AIRFLOW_CTX_DAG_RUN_ID='scheduled__2026-09-02T23:05:00+00:00'
[2026-09-03T00:11:31.420+0000] {external_task.py:244} INFO - Poking for tasks ['ingest_to_bronze'] in dag air_quality_ingestion on 2026-09-02T23:05:00+00:00 ... 
[2026-09-03T01:22:54.310+0000] {external_task.py:244} INFO - Poking for tasks ['ingest_to_bronze'] in dag air_quality_ingestion on 2026-09-02T23:05:00+00:00 ... 
[2026-09-03T01:23:24.329+0000] {external_task.py:244} INFO - Poking for tasks ['ingest_to_bronze'] in dag air_quality_ingestion on 2026-09-02T23:05:00+00:00 ... 
[2026-09-03T01:23:54.340+0000] {external_task.py:244} INFO - Poking for tasks ['ingest_to_bronze'] in dag air_quality_ingestion on 2026-09-02T23:05:00+00:00 ... 
[2026-09-03T01:24:24.367+0000] {external_task.py:244} INFO - Poking for tasks ['ingest_to_bronze'] in dag air_quality_ingestion on 2026-09-02T23:05:00+00:00 ... 
[2026-09-03T01:24:54.377+0000] {external_task.py:244} INFO - Poking for tasks ['ingest_to_bronze'] in dag air_quality_ingestion on 2026-09-02T23:05:00+00:00 ... 
[2026-09-03T01:25:24.385+0000] {external_task.py:244} INFO - Poking for tasks ['ingest_to_bronze'] in dag air_quality_ingestion on 2026-09-02T23:05:00+00:00 ... 
[2026-09-03T01:25:54.401+0000] {external_task.py:244} INFO - Poking for tasks ['ingest_to_bronze'] in dag air_quality_ingestion on 2026-09-02T23:05:00+00:00 ... 
[2026-09-03T01:26:24.411+0000] {external_task.py:244} INFO - Poking for tasks ['ingest_to_bronze'] in dag air_quality_ingestion on 2026-09-02T23:05:00+00:00 ... 
[2026-09-03T01:26:54.430+0000] {external_task.py:244} INFO - Poking for tasks ['ingest_to_bronze'] in dag air_quality_ingestion on 2026-09-02T23:05:00+00:00 ... 
[2026-09-03T01:27:24.441+0000] {external_task.py:244} INFO - Poking for tasks ['ingest_to_bronze'] in dag air_quality_ingestion on 2026-09-02T23:05:00+00:00 ... 
[2026-09-03T01:27:24.463+0000] {taskinstance.py:2698} ERROR - Task failed with exception
Traceback (most recent call last):
  File "/home/airflow/.local/lib/python3.11/site-packages/airflow/models/taskinstance.py", line 433, in _execute_task
    result = execute_callable(context=context, **execute_callable_kwargs)
             ^^^^^^^^^^^^^^^^^^^^^^^^^^^^^^^^^^^^^^^^^^^^^^^^^^^^^^^^^^^^
  File "/home/airflow/.local/lib/python3.11/site-packages/airflow/sensors/external_task.py", line 334, in execute
    super().execute(context)
  File "/home/airflow/.local/lib/python3.11/site-packages/airflow/sensors/base.py", line 282, in execute
    raise AirflowSensorTimeout(message)
airflow.exceptions.AirflowSensorTimeout: Sensor has timed out; run duration of 300.200642788026 seconds exceeds the specified timeout of 300.0.
[2026-09-03T01:27:24.477+0000] {taskinstance.py:1138} INFO - Immediate failure requested. Marking task as FAILED. dag_id=air_quality_pipeline, task_id=wait_for_ingestion, execution_date=20260902T230500, start_date=20260903T001130, end_date=20260903T012724
[2026-09-03T01:27:24.518+0000] {standard_task_runner.py:107} ERROR - Failed to execute job 562 for task wait_for_ingestion (Sensor has timed out; run duration of 300.200642788026 seconds exceeds the specified timeout of 300.0.; 45310)
[2026-09-03T01:27:24.568+0000] {local_task_job_runner.py:234} INFO - Task exited with return code 1
[2026-09-03T01:27:24.599+0000] {taskinstance.py:3280} INFO - 0 downstream tasks scheduled from follow-on schedule check
