[2026-08-07T01:28:38.501+0000] {taskinstance.py:1956} INFO - Dependencies all met for dep_context=non-requeueable deps ti=<TaskInstance: air_quality_ingestion.ingest_to_bronze scheduled__2026-08-07T00:00:00+00:00 [queued]>
[2026-08-07T01:28:38.549+0000] {taskinstance.py:1956} INFO - Dependencies all met for dep_context=requeueable deps ti=<TaskInstance: air_quality_ingestion.ingest_to_bronze scheduled__2026-08-07T00:00:00+00:00 [queued]>
[2026-08-07T01:28:38.556+0000] {taskinstance.py:2170} INFO - Starting attempt 1 of 4
[2026-08-07T01:28:38.627+0000] {taskinstance.py:2191} INFO - Executing <Task(PythonOperator): ingest_to_bronze> on 2026-08-07 00:00:00+00:00
[2026-08-07T01:28:38.655+0000] {standard_task_runner.py:60} INFO - Started process 6798 to run task
[2026-08-07T01:28:38.667+0000] {standard_task_runner.py:87} INFO - Running: ['***', 'tasks', 'run', 'air_quality_ingestion', 'ingest_to_bronze', 'scheduled__2026-08-07T00:00:00+00:00', '--job-id', '100', '--raw', '--subdir', 'DAGS_FOLDER/ingestion_dag.py', '--cfg-path', '/tmp/tmpzbfv51dr']
[2026-08-07T01:28:38.685+0000] {standard_task_runner.py:88} INFO - Job 100: Subtask ingest_to_bronze
[2026-08-07T01:28:38.935+0000] {task_command.py:423} INFO - Running <TaskInstance: air_quality_ingestion.ingest_to_bronze scheduled__2026-08-07T00:00:00+00:00 [running]> on host 6a0525c4c718
[2026-08-07T01:28:39.481+0000] {taskinstance.py:2480} INFO - Exporting env vars: AIRFLOW_CTX_DAG_OWNER='***' AIRFLOW_CTX_DAG_ID='air_quality_ingestion' AIRFLOW_CTX_TASK_ID='ingest_to_bronze' AIRFLOW_CTX_EXECUTION_DATE='2026-08-07T00:00:00+00:00' AIRFLOW_CTX_TRY_NUMBER='1' AIRFLOW_CTX_DAG_RUN_ID='scheduled__2026-08-07T00:00:00+00:00'
[2026-08-07T01:28:40.503+0000] {logging_mixin.py:188} INFO - Created bucket: bronze-air-quality
[2026-08-07T01:28:40.523+0000] {logging_mixin.py:188} INFO - Created bucket: silver-air-quality
[2026-08-07T01:28:40.539+0000] {logging_mixin.py:188} INFO - Created bucket: gold-air-quality
[2026-08-07T01:28:42.474+0000] {logging_mixin.py:188} INFO - ✓ new york: AQI=49
[2026-08-07T01:28:43.700+0000] {logging_mixin.py:188} INFO - ✓ london: AQI=34
[2026-08-07T01:28:44.697+0000] {logging_mixin.py:188} INFO - ✓ beijing: AQI=63
[2026-08-07T01:28:45.583+0000] {logging_mixin.py:188} INFO - ✓ delhi: AQI=99
[2026-08-07T01:28:46.640+0000] {logging_mixin.py:188} INFO - ✓ sydney: AQI=51
[2026-08-07T01:28:46.677+0000] {logging_mixin.py:188} INFO - Saved → s3://bronze-air-quality/year=2026/month=08/day=07/city=new_york/012840.json
[2026-08-07T01:28:46.694+0000] {logging_mixin.py:188} INFO - Saved → s3://bronze-air-quality/year=2026/month=08/day=07/city=london/012840.json
[2026-08-07T01:28:46.712+0000] {logging_mixin.py:188} INFO - Saved → s3://bronze-air-quality/year=2026/month=08/day=07/city=beijing/012840.json
[2026-08-07T01:28:46.728+0000] {logging_mixin.py:188} INFO - Saved → s3://bronze-air-quality/year=2026/month=08/day=07/city=delhi/012840.json
[2026-08-07T01:28:46.738+0000] {logging_mixin.py:188} INFO - Saved → s3://bronze-air-quality/year=2026/month=08/day=07/city=sydney/012840.json
[2026-08-07T01:28:46.738+0000] {logging_mixin.py:188} INFO - 
Total records ingested: 5
[2026-08-07T01:28:46.740+0000] {python.py:201} INFO - Done. Returned value was: None
[2026-08-07T01:28:46.751+0000] {taskinstance.py:1138} INFO - Marking task as SUCCESS. dag_id=air_quality_ingestion, task_id=ingest_to_bronze, execution_date=20260807T000000, start_date=20260807T012838, end_date=20260807T012846
[2026-08-07T01:28:46.792+0000] {local_task_job_runner.py:234} INFO - Task exited with return code 0
[2026-08-07T01:28:46.810+0000] {taskinstance.py:3280} INFO - 0 downstream tasks scheduled from follow-on schedule check
