[2026-09-03T14:18:43.377+0000] {taskinstance.py:1956} INFO - Dependencies all met for dep_context=non-requeueable deps ti=<TaskInstance: air_quality_ingestion.ingest_to_bronze scheduled__2026-09-03T13:00:00+00:00 [queued]>
[2026-09-03T14:18:43.407+0000] {taskinstance.py:1956} INFO - Dependencies all met for dep_context=requeueable deps ti=<TaskInstance: air_quality_ingestion.ingest_to_bronze scheduled__2026-09-03T13:00:00+00:00 [queued]>
[2026-09-03T14:18:43.412+0000] {taskinstance.py:2170} INFO - Starting attempt 1 of 4
[2026-09-03T14:18:43.469+0000] {taskinstance.py:2191} INFO - Executing <Task(PythonOperator): ingest_to_bronze> on 2026-09-03 13:00:00+00:00
[2026-09-03T14:18:43.503+0000] {standard_task_runner.py:60} INFO - Started process 46061 to run task
[2026-09-03T14:18:43.515+0000] {standard_task_runner.py:87} INFO - Running: ['***', 'tasks', 'run', 'air_quality_ingestion', 'ingest_to_bronze', 'scheduled__2026-09-03T13:00:00+00:00', '--job-id', '575', '--raw', '--subdir', 'DAGS_FOLDER/ingestion_dag.py', '--cfg-path', '/tmp/tmp8l10ic8j']
[2026-09-03T14:18:43.548+0000] {standard_task_runner.py:88} INFO - Job 575: Subtask ingest_to_bronze
[2026-09-03T14:18:43.805+0000] {task_command.py:423} INFO - Running <TaskInstance: air_quality_ingestion.ingest_to_bronze scheduled__2026-09-03T13:00:00+00:00 [running]> on host 6a0525c4c718
[2026-09-03T14:18:44.012+0000] {taskinstance.py:2480} INFO - Exporting env vars: AIRFLOW_CTX_DAG_OWNER='***' AIRFLOW_CTX_DAG_ID='air_quality_ingestion' AIRFLOW_CTX_TASK_ID='ingest_to_bronze' AIRFLOW_CTX_EXECUTION_DATE='2026-09-03T13:00:00+00:00' AIRFLOW_CTX_TRY_NUMBER='1' AIRFLOW_CTX_DAG_RUN_ID='scheduled__2026-09-03T13:00:00+00:00'
[2026-09-03T14:18:44.242+0000] {logging_mixin.py:188} INFO - Created bucket: bronze-air-quality
[2026-09-03T14:18:44.255+0000] {logging_mixin.py:188} INFO - Created bucket: silver-air-quality
[2026-09-03T14:18:44.268+0000] {logging_mixin.py:188} INFO - Created bucket: gold-air-quality
[2026-09-03T14:18:44.316+0000] {logging_mixin.py:188} INFO - ✗ new york: HTTPSConnectionPool(host='api.waqi.info', port=443): Max retries exceeded with url: /feed/new%20york/?token=2cc5f2fc84f739a6377a29001c83fd1911c54797 (Caused by NewConnectionError('<urllib3.connection.HTTPSConnection object at 0x70c3bd330410>: Failed to establish a new connection: [Errno 111] Connection refused'))
[2026-09-03T14:18:44.337+0000] {logging_mixin.py:188} INFO - ✗ london: HTTPSConnectionPool(host='api.waqi.info', port=443): Max retries exceeded with url: /feed/london/?token=2cc5f2fc84f739a6377a29001c83fd1911c54797 (Caused by NewConnectionError('<urllib3.connection.HTTPSConnection object at 0x70c3bd332310>: Failed to establish a new connection: [Errno 111] Connection refused'))
[2026-09-03T14:18:44.351+0000] {logging_mixin.py:188} INFO - ✗ beijing: HTTPSConnectionPool(host='api.waqi.info', port=443): Max retries exceeded with url: /feed/beijing/?token=2cc5f2fc84f739a6377a29001c83fd1911c54797 (Caused by NewConnectionError('<urllib3.connection.HTTPSConnection object at 0x70c3bd338610>: Failed to establish a new connection: [Errno 111] Connection refused'))
[2026-09-03T14:18:44.368+0000] {logging_mixin.py:188} INFO - ✗ delhi: HTTPSConnectionPool(host='api.waqi.info', port=443): Max retries exceeded with url: /feed/delhi/?token=2cc5f2fc84f739a6377a29001c83fd1911c54797 (Caused by NewConnectionError('<urllib3.connection.HTTPSConnection object at 0x70c3bd330350>: Failed to establish a new connection: [Errno 111] Connection refused'))
[2026-09-03T14:18:44.385+0000] {logging_mixin.py:188} INFO - ✗ sydney: HTTPSConnectionPool(host='api.waqi.info', port=443): Max retries exceeded with url: /feed/sydney/?token=2cc5f2fc84f739a6377a29001c83fd1911c54797 (Caused by NewConnectionError('<urllib3.connection.HTTPSConnection object at 0x70c3bd339410>: Failed to establish a new connection: [Errno 111] Connection refused'))
[2026-09-03T14:18:44.386+0000] {logging_mixin.py:188} INFO - 
Total records ingested: 0
[2026-09-03T14:18:44.387+0000] {python.py:201} INFO - Done. Returned value was: None
[2026-09-03T14:18:44.407+0000] {taskinstance.py:1138} INFO - Marking task as SUCCESS. dag_id=air_quality_ingestion, task_id=ingest_to_bronze, execution_date=20260903T130000, start_date=20260903T141843, end_date=20260903T141844
[2026-09-03T14:18:44.476+0000] {local_task_job_runner.py:234} INFO - Task exited with return code 0
[2026-09-03T14:18:44.508+0000] {taskinstance.py:3280} INFO - 0 downstream tasks scheduled from follow-on schedule check
