[2026-09-02T16:00:01.111+0000] {taskinstance.py:1956} INFO - Dependencies all met for dep_context=non-requeueable deps ti=<TaskInstance: air_quality_ingestion.ingest_to_bronze scheduled__2026-09-02T15:00:00+00:00 [queued]>
[2026-09-02T16:00:01.117+0000] {taskinstance.py:1956} INFO - Dependencies all met for dep_context=requeueable deps ti=<TaskInstance: air_quality_ingestion.ingest_to_bronze scheduled__2026-09-02T15:00:00+00:00 [queued]>
[2026-09-02T16:00:01.119+0000] {taskinstance.py:2170} INFO - Starting attempt 1 of 4
[2026-09-02T16:00:01.134+0000] {taskinstance.py:2191} INFO - Executing <Task(PythonOperator): ingest_to_bronze> on 2026-09-02 15:00:00+00:00
[2026-09-02T16:00:01.138+0000] {standard_task_runner.py:60} INFO - Started process 41640 to run task
[2026-09-02T16:00:01.142+0000] {standard_task_runner.py:87} INFO - Running: ['***', 'tasks', 'run', 'air_quality_ingestion', 'ingest_to_bronze', 'scheduled__2026-09-02T15:00:00+00:00', '--job-id', '551', '--raw', '--subdir', 'DAGS_FOLDER/ingestion_dag.py', '--cfg-path', '/tmp/tmpiddx5qdj']
[2026-09-02T16:00:01.145+0000] {standard_task_runner.py:88} INFO - Job 551: Subtask ingest_to_bronze
[2026-09-02T16:00:01.214+0000] {task_command.py:423} INFO - Running <TaskInstance: air_quality_ingestion.ingest_to_bronze scheduled__2026-09-02T15:00:00+00:00 [running]> on host 6a0525c4c718
[2026-09-02T16:00:01.288+0000] {taskinstance.py:2480} INFO - Exporting env vars: AIRFLOW_CTX_DAG_OWNER='***' AIRFLOW_CTX_DAG_ID='air_quality_ingestion' AIRFLOW_CTX_TASK_ID='ingest_to_bronze' AIRFLOW_CTX_EXECUTION_DATE='2026-09-02T15:00:00+00:00' AIRFLOW_CTX_TRY_NUMBER='1' AIRFLOW_CTX_DAG_RUN_ID='scheduled__2026-09-02T15:00:00+00:00'
[2026-09-02T16:00:01.366+0000] {logging_mixin.py:188} INFO - Created bucket: bronze-air-quality
[2026-09-02T16:00:01.373+0000] {logging_mixin.py:188} INFO - Created bucket: silver-air-quality
[2026-09-02T16:00:01.379+0000] {logging_mixin.py:188} INFO - Created bucket: gold-air-quality
[2026-09-02T16:00:02.196+0000] {logging_mixin.py:188} INFO - ✓ new york: AQI=23
[2026-09-02T16:00:03.082+0000] {logging_mixin.py:188} INFO - ✓ london: AQI=21
[2026-09-02T16:00:03.842+0000] {logging_mixin.py:188} INFO - ✓ beijing: AQI=74
[2026-09-02T16:00:04.629+0000] {logging_mixin.py:188} INFO - ✓ delhi: AQI=42
[2026-09-02T16:00:05.600+0000] {logging_mixin.py:188} INFO - ✓ sydney: AQI=48
[2026-09-02T16:00:05.612+0000] {logging_mixin.py:188} INFO - Saved → s3://bronze-air-quality/year=2026/month=09/day=02/city=new_york/160001.json
[2026-09-02T16:00:05.619+0000] {logging_mixin.py:188} INFO - Saved → s3://bronze-air-quality/year=2026/month=09/day=02/city=london/160001.json
[2026-09-02T16:00:05.625+0000] {logging_mixin.py:188} INFO - Saved → s3://bronze-air-quality/year=2026/month=09/day=02/city=beijing/160001.json
[2026-09-02T16:00:05.631+0000] {logging_mixin.py:188} INFO - Saved → s3://bronze-air-quality/year=2026/month=09/day=02/city=delhi/160001.json
[2026-09-02T16:00:05.637+0000] {logging_mixin.py:188} INFO - Saved → s3://bronze-air-quality/year=2026/month=09/day=02/city=sydney/160001.json
[2026-09-02T16:00:05.637+0000] {logging_mixin.py:188} INFO - 
Total records ingested: 5
[2026-09-02T16:00:05.638+0000] {python.py:201} INFO - Done. Returned value was: None
[2026-09-02T16:00:05.646+0000] {taskinstance.py:1138} INFO - Marking task as SUCCESS. dag_id=air_quality_ingestion, task_id=ingest_to_bronze, execution_date=20260902T150000, start_date=20260902T160001, end_date=20260902T160005
[2026-09-02T16:00:05.670+0000] {local_task_job_runner.py:234} INFO - Task exited with return code 0
[2026-09-02T16:00:05.694+0000] {taskinstance.py:3280} INFO - 0 downstream tasks scheduled from follow-on schedule check
