[2026-08-07T03:00:00.914+0000] {taskinstance.py:1956} INFO - Dependencies all met for dep_context=non-requeueable deps ti=<TaskInstance: air_quality_ingestion.ingest_to_bronze scheduled__2026-08-07T02:00:00+00:00 [queued]>
[2026-08-07T03:00:00.921+0000] {taskinstance.py:1956} INFO - Dependencies all met for dep_context=requeueable deps ti=<TaskInstance: air_quality_ingestion.ingest_to_bronze scheduled__2026-08-07T02:00:00+00:00 [queued]>
[2026-08-07T03:00:00.922+0000] {taskinstance.py:2170} INFO - Starting attempt 1 of 4
[2026-08-07T03:00:00.935+0000] {taskinstance.py:2191} INFO - Executing <Task(PythonOperator): ingest_to_bronze> on 2026-08-07 02:00:00+00:00
[2026-08-07T03:00:00.940+0000] {standard_task_runner.py:60} INFO - Started process 7628 to run task
[2026-08-07T03:00:00.944+0000] {standard_task_runner.py:87} INFO - Running: ['***', 'tasks', 'run', 'air_quality_ingestion', 'ingest_to_bronze', 'scheduled__2026-08-07T02:00:00+00:00', '--job-id', '103', '--raw', '--subdir', 'DAGS_FOLDER/ingestion_dag.py', '--cfg-path', '/tmp/tmp2gofmjje']
[2026-08-07T03:00:00.946+0000] {standard_task_runner.py:88} INFO - Job 103: Subtask ingest_to_bronze
[2026-08-07T03:00:01.024+0000] {task_command.py:423} INFO - Running <TaskInstance: air_quality_ingestion.ingest_to_bronze scheduled__2026-08-07T02:00:00+00:00 [running]> on host 6a0525c4c718
[2026-08-07T03:00:01.104+0000] {taskinstance.py:2480} INFO - Exporting env vars: AIRFLOW_CTX_DAG_OWNER='***' AIRFLOW_CTX_DAG_ID='air_quality_ingestion' AIRFLOW_CTX_TASK_ID='ingest_to_bronze' AIRFLOW_CTX_EXECUTION_DATE='2026-08-07T02:00:00+00:00' AIRFLOW_CTX_TRY_NUMBER='1' AIRFLOW_CTX_DAG_RUN_ID='scheduled__2026-08-07T02:00:00+00:00'
[2026-08-07T03:00:01.255+0000] {logging_mixin.py:188} INFO - Created bucket: bronze-air-quality
[2026-08-07T03:00:01.261+0000] {logging_mixin.py:188} INFO - Created bucket: silver-air-quality
[2026-08-07T03:00:01.268+0000] {logging_mixin.py:188} INFO - Created bucket: gold-air-quality
[2026-08-07T03:00:02.057+0000] {logging_mixin.py:188} INFO - ✓ new york: AQI=49
[2026-08-07T03:00:02.807+0000] {logging_mixin.py:188} INFO - ✓ london: AQI=34
[2026-08-07T03:00:03.554+0000] {logging_mixin.py:188} INFO - ✓ beijing: AQI=63
[2026-08-07T03:00:04.279+0000] {logging_mixin.py:188} INFO - ✓ delhi: AQI=99
[2026-08-07T03:00:05.001+0000] {logging_mixin.py:188} INFO - ✓ sydney: AQI=38
[2026-08-07T03:00:05.015+0000] {logging_mixin.py:188} INFO - Saved → s3://bronze-air-quality/year=2026/month=08/day=07/city=new_york/030001.json
[2026-08-07T03:00:05.023+0000] {logging_mixin.py:188} INFO - Saved → s3://bronze-air-quality/year=2026/month=08/day=07/city=london/030001.json
[2026-08-07T03:00:05.032+0000] {logging_mixin.py:188} INFO - Saved → s3://bronze-air-quality/year=2026/month=08/day=07/city=beijing/030001.json
[2026-08-07T03:00:05.038+0000] {logging_mixin.py:188} INFO - Saved → s3://bronze-air-quality/year=2026/month=08/day=07/city=delhi/030001.json
[2026-08-07T03:00:05.048+0000] {logging_mixin.py:188} INFO - Saved → s3://bronze-air-quality/year=2026/month=08/day=07/city=sydney/030001.json
[2026-08-07T03:00:05.049+0000] {logging_mixin.py:188} INFO - 
Total records ingested: 5
[2026-08-07T03:00:05.049+0000] {python.py:201} INFO - Done. Returned value was: None
[2026-08-07T03:00:05.058+0000] {taskinstance.py:1138} INFO - Marking task as SUCCESS. dag_id=air_quality_ingestion, task_id=ingest_to_bronze, execution_date=20260807T020000, start_date=20260807T030000, end_date=20260807T030005
[2026-08-07T03:00:05.105+0000] {local_task_job_runner.py:234} INFO - Task exited with return code 0
[2026-08-07T03:00:05.119+0000] {taskinstance.py:3280} INFO - 0 downstream tasks scheduled from follow-on schedule check
