[2026-08-26T17:56:16.994+0000] {taskinstance.py:1956} INFO - Dependencies all met for dep_context=non-requeueable deps ti=<TaskInstance: air_quality_ingestion.ingest_to_bronze scheduled__2026-08-26T16:00:00+00:00 [queued]>
[2026-08-26T17:56:17.005+0000] {taskinstance.py:1956} INFO - Dependencies all met for dep_context=requeueable deps ti=<TaskInstance: air_quality_ingestion.ingest_to_bronze scheduled__2026-08-26T16:00:00+00:00 [queued]>
[2026-08-26T17:56:17.006+0000] {taskinstance.py:2170} INFO - Starting attempt 1 of 4
[2026-08-26T17:56:17.026+0000] {taskinstance.py:2191} INFO - Executing <Task(PythonOperator): ingest_to_bronze> on 2026-08-26 16:00:00+00:00
[2026-08-26T17:56:17.033+0000] {standard_task_runner.py:60} INFO - Started process 181 to run task
[2026-08-26T17:56:17.038+0000] {standard_task_runner.py:87} INFO - Running: ['***', 'tasks', 'run', 'air_quality_ingestion', 'ingest_to_bronze', 'scheduled__2026-08-26T16:00:00+00:00', '--job-id', '370', '--raw', '--subdir', 'DAGS_FOLDER/ingestion_dag.py', '--cfg-path', '/tmp/tmpfk_g7i6k']
[2026-08-26T17:56:17.042+0000] {standard_task_runner.py:88} INFO - Job 370: Subtask ingest_to_bronze
[2026-08-26T17:56:17.182+0000] {task_command.py:423} INFO - Running <TaskInstance: air_quality_ingestion.ingest_to_bronze scheduled__2026-08-26T16:00:00+00:00 [running]> on host 6a0525c4c718
[2026-08-26T17:56:17.376+0000] {taskinstance.py:2480} INFO - Exporting env vars: AIRFLOW_CTX_DAG_OWNER='***' AIRFLOW_CTX_DAG_ID='air_quality_ingestion' AIRFLOW_CTX_TASK_ID='ingest_to_bronze' AIRFLOW_CTX_EXECUTION_DATE='2026-08-26T16:00:00+00:00' AIRFLOW_CTX_TRY_NUMBER='1' AIRFLOW_CTX_DAG_RUN_ID='scheduled__2026-08-26T16:00:00+00:00'
[2026-08-26T17:56:19.844+0000] {logging_mixin.py:188} INFO - Created bucket: bronze-air-quality
[2026-08-26T17:56:19.872+0000] {logging_mixin.py:188} INFO - Created bucket: silver-air-quality
[2026-08-26T17:56:19.888+0000] {logging_mixin.py:188} INFO - Created bucket: gold-air-quality
[2026-08-26T17:56:21.197+0000] {logging_mixin.py:188} INFO - ✓ new york: AQI=26
[2026-08-26T17:56:22.024+0000] {logging_mixin.py:188} INFO - ✓ london: AQI=57
[2026-08-26T17:56:22.839+0000] {logging_mixin.py:188} INFO - ✓ beijing: AQI=74
[2026-08-26T17:56:23.576+0000] {logging_mixin.py:188} INFO - ✓ delhi: AQI=157
[2026-08-26T17:56:24.338+0000] {logging_mixin.py:188} INFO - ✓ sydney: AQI=18
[2026-08-26T17:56:24.356+0000] {logging_mixin.py:188} INFO - Saved → s3://bronze-air-quality/year=2026/month=08/day=26/city=new_york/175619.json
[2026-08-26T17:56:24.364+0000] {logging_mixin.py:188} INFO - Saved → s3://bronze-air-quality/year=2026/month=08/day=26/city=london/175619.json
[2026-08-26T17:56:24.372+0000] {logging_mixin.py:188} INFO - Saved → s3://bronze-air-quality/year=2026/month=08/day=26/city=beijing/175619.json
[2026-08-26T17:56:24.381+0000] {logging_mixin.py:188} INFO - Saved → s3://bronze-air-quality/year=2026/month=08/day=26/city=delhi/175619.json
[2026-08-26T17:56:24.389+0000] {logging_mixin.py:188} INFO - Saved → s3://bronze-air-quality/year=2026/month=08/day=26/city=sydney/175619.json
[2026-08-26T17:56:24.389+0000] {logging_mixin.py:188} INFO - 
Total records ingested: 5
[2026-08-26T17:56:24.390+0000] {python.py:201} INFO - Done. Returned value was: None
[2026-08-26T17:56:24.422+0000] {taskinstance.py:1138} INFO - Marking task as SUCCESS. dag_id=air_quality_ingestion, task_id=ingest_to_bronze, execution_date=20260826T160000, start_date=20260826T175616, end_date=20260826T175624
[2026-08-26T17:56:24.497+0000] {local_task_job_runner.py:234} INFO - Task exited with return code 0
[2026-08-26T17:56:24.522+0000] {taskinstance.py:3280} INFO - 0 downstream tasks scheduled from follow-on schedule check
