[2026-09-06T12:00:01.183+0000] {taskinstance.py:1956} INFO - Dependencies all met for dep_context=non-requeueable deps ti=<TaskInstance: air_quality_ingestion.ingest_to_bronze scheduled__2026-09-06T11:00:00+00:00 [queued]>
[2026-09-06T12:00:01.205+0000] {taskinstance.py:1956} INFO - Dependencies all met for dep_context=requeueable deps ti=<TaskInstance: air_quality_ingestion.ingest_to_bronze scheduled__2026-09-06T11:00:00+00:00 [queued]>
[2026-09-06T12:00:01.276+0000] {taskinstance.py:2170} INFO - Starting attempt 1 of 4
[2026-09-06T12:00:01.294+0000] {taskinstance.py:2191} INFO - Executing <Task(PythonOperator): ingest_to_bronze> on 2026-09-06 11:00:00+00:00
[2026-09-06T12:00:01.298+0000] {standard_task_runner.py:60} INFO - Started process 74099 to run task
[2026-09-06T12:00:01.301+0000] {standard_task_runner.py:87} INFO - Running: ['***', 'tasks', 'run', 'air_quality_ingestion', 'ingest_to_bronze', 'scheduled__2026-09-06T11:00:00+00:00', '--job-id', '655', '--raw', '--subdir', 'DAGS_FOLDER/ingestion_dag.py', '--cfg-path', '/tmp/tmp2ocxhpv5']
[2026-09-06T12:00:01.304+0000] {standard_task_runner.py:88} INFO - Job 655: Subtask ingest_to_bronze
[2026-09-06T12:00:01.370+0000] {task_command.py:423} INFO - Running <TaskInstance: air_quality_ingestion.ingest_to_bronze scheduled__2026-09-06T11:00:00+00:00 [running]> on host 6a0525c4c718
[2026-09-06T12:00:01.437+0000] {taskinstance.py:2480} INFO - Exporting env vars: AIRFLOW_CTX_DAG_OWNER='***' AIRFLOW_CTX_DAG_ID='air_quality_ingestion' AIRFLOW_CTX_TASK_ID='ingest_to_bronze' AIRFLOW_CTX_EXECUTION_DATE='2026-09-06T11:00:00+00:00' AIRFLOW_CTX_TRY_NUMBER='1' AIRFLOW_CTX_DAG_RUN_ID='scheduled__2026-09-06T11:00:00+00:00'
[2026-09-06T12:00:01.504+0000] {logging_mixin.py:188} INFO - Created bucket: bronze-air-quality
[2026-09-06T12:00:01.509+0000] {logging_mixin.py:188} INFO - Created bucket: silver-air-quality
[2026-09-06T12:00:01.514+0000] {logging_mixin.py:188} INFO - Created bucket: gold-air-quality
[2026-09-06T12:00:02.287+0000] {logging_mixin.py:188} INFO - ✓ new york: AQI=16
[2026-09-06T12:00:03.040+0000] {logging_mixin.py:188} INFO - ✓ london: AQI=34
[2026-09-06T12:00:03.744+0000] {logging_mixin.py:188} INFO - ✓ beijing: AQI=85
[2026-09-06T12:00:04.473+0000] {logging_mixin.py:188} INFO - ✓ delhi: AQI=7
[2026-09-06T12:00:05.195+0000] {logging_mixin.py:188} INFO - ✓ sydney: AQI=22
[2026-09-06T12:00:05.204+0000] {logging_mixin.py:188} INFO - Saved → s3://bronze-air-quality/year=2026/month=09/day=06/city=new_york/120001.json
[2026-09-06T12:00:05.211+0000] {logging_mixin.py:188} INFO - Saved → s3://bronze-air-quality/year=2026/month=09/day=06/city=london/120001.json
[2026-09-06T12:00:05.220+0000] {logging_mixin.py:188} INFO - Saved → s3://bronze-air-quality/year=2026/month=09/day=06/city=beijing/120001.json
[2026-09-06T12:00:05.228+0000] {logging_mixin.py:188} INFO - Saved → s3://bronze-air-quality/year=2026/month=09/day=06/city=delhi/120001.json
[2026-09-06T12:00:05.236+0000] {logging_mixin.py:188} INFO - Saved → s3://bronze-air-quality/year=2026/month=09/day=06/city=sydney/120001.json
[2026-09-06T12:00:05.236+0000] {logging_mixin.py:188} INFO - 
Total records ingested: 5
[2026-09-06T12:00:05.237+0000] {python.py:201} INFO - Done. Returned value was: None
[2026-09-06T12:00:05.247+0000] {taskinstance.py:1138} INFO - Marking task as SUCCESS. dag_id=air_quality_ingestion, task_id=ingest_to_bronze, execution_date=20260906T110000, start_date=20260906T120001, end_date=20260906T120005
[2026-09-06T12:00:05.269+0000] {local_task_job_runner.py:234} INFO - Task exited with return code 0
[2026-09-06T12:00:05.281+0000] {taskinstance.py:3280} INFO - 0 downstream tasks scheduled from follow-on schedule check
