[2026-08-27T20:00:01.372+0000] {taskinstance.py:1956} INFO - Dependencies all met for dep_context=non-requeueable deps ti=<TaskInstance: air_quality_ingestion.ingest_to_bronze scheduled__2026-08-27T19:00:00+00:00 [queued]>
[2026-08-27T20:00:01.380+0000] {taskinstance.py:1956} INFO - Dependencies all met for dep_context=requeueable deps ti=<TaskInstance: air_quality_ingestion.ingest_to_bronze scheduled__2026-08-27T19:00:00+00:00 [queued]>
[2026-08-27T20:00:01.380+0000] {taskinstance.py:2170} INFO - Starting attempt 1 of 4
[2026-08-27T20:00:01.393+0000] {taskinstance.py:2191} INFO - Executing <Task(PythonOperator): ingest_to_bronze> on 2026-08-27 19:00:00+00:00
[2026-08-27T20:00:01.397+0000] {standard_task_runner.py:60} INFO - Started process 9077 to run task
[2026-08-27T20:00:01.402+0000] {standard_task_runner.py:87} INFO - Running: ['***', 'tasks', 'run', 'air_quality_ingestion', 'ingest_to_bronze', 'scheduled__2026-08-27T19:00:00+00:00', '--job-id', '407', '--raw', '--subdir', 'DAGS_FOLDER/ingestion_dag.py', '--cfg-path', '/tmp/tmp9cza6uyl']
[2026-08-27T20:00:01.405+0000] {standard_task_runner.py:88} INFO - Job 407: Subtask ingest_to_bronze
[2026-08-27T20:00:01.486+0000] {task_command.py:423} INFO - Running <TaskInstance: air_quality_ingestion.ingest_to_bronze scheduled__2026-08-27T19:00:00+00:00 [running]> on host 6a0525c4c718
[2026-08-27T20:00:01.584+0000] {taskinstance.py:2480} INFO - Exporting env vars: AIRFLOW_CTX_DAG_OWNER='***' AIRFLOW_CTX_DAG_ID='air_quality_ingestion' AIRFLOW_CTX_TASK_ID='ingest_to_bronze' AIRFLOW_CTX_EXECUTION_DATE='2026-08-27T19:00:00+00:00' AIRFLOW_CTX_TRY_NUMBER='1' AIRFLOW_CTX_DAG_RUN_ID='scheduled__2026-08-27T19:00:00+00:00'
[2026-08-27T20:00:01.718+0000] {logging_mixin.py:188} INFO - Created bucket: bronze-air-quality
[2026-08-27T20:00:01.728+0000] {logging_mixin.py:188} INFO - Created bucket: silver-air-quality
[2026-08-27T20:00:01.736+0000] {logging_mixin.py:188} INFO - Created bucket: gold-air-quality
[2026-08-27T20:00:02.612+0000] {logging_mixin.py:188} INFO - ✓ new york: AQI=32
[2026-08-27T20:00:03.797+0000] {logging_mixin.py:188} INFO - ✓ london: AQI=61
[2026-08-27T20:00:04.644+0000] {logging_mixin.py:188} INFO - ✓ beijing: AQI=34
[2026-08-27T20:00:05.510+0000] {logging_mixin.py:188} INFO - ✓ delhi: AQI=122
[2026-08-27T20:00:06.339+0000] {logging_mixin.py:188} INFO - ✓ sydney: AQI=40
[2026-08-27T20:00:06.358+0000] {logging_mixin.py:188} INFO - Saved → s3://bronze-air-quality/year=2026/month=08/day=27/city=new_york/200001.json
[2026-08-27T20:00:06.367+0000] {logging_mixin.py:188} INFO - Saved → s3://bronze-air-quality/year=2026/month=08/day=27/city=london/200001.json
[2026-08-27T20:00:06.376+0000] {logging_mixin.py:188} INFO - Saved → s3://bronze-air-quality/year=2026/month=08/day=27/city=beijing/200001.json
[2026-08-27T20:00:06.385+0000] {logging_mixin.py:188} INFO - Saved → s3://bronze-air-quality/year=2026/month=08/day=27/city=delhi/200001.json
[2026-08-27T20:00:06.395+0000] {logging_mixin.py:188} INFO - Saved → s3://bronze-air-quality/year=2026/month=08/day=27/city=sydney/200001.json
[2026-08-27T20:00:06.395+0000] {logging_mixin.py:188} INFO - 
Total records ingested: 5
[2026-08-27T20:00:06.396+0000] {python.py:201} INFO - Done. Returned value was: None
[2026-08-27T20:00:06.406+0000] {taskinstance.py:1138} INFO - Marking task as SUCCESS. dag_id=air_quality_ingestion, task_id=ingest_to_bronze, execution_date=20260827T190000, start_date=20260827T200001, end_date=20260827T200006
[2026-08-27T20:00:06.432+0000] {local_task_job_runner.py:234} INFO - Task exited with return code 0
[2026-08-27T20:00:06.445+0000] {taskinstance.py:3280} INFO - 0 downstream tasks scheduled from follow-on schedule check
