[2026-08-12T00:07:10.663+0000] {taskinstance.py:1956} INFO - Dependencies all met for dep_context=non-requeueable deps ti=<TaskInstance: air_quality_ingestion.ingest_to_bronze scheduled__2026-08-11T23:00:00+00:00 [queued]>
[2026-08-12T00:07:10.676+0000] {taskinstance.py:1956} INFO - Dependencies all met for dep_context=requeueable deps ti=<TaskInstance: air_quality_ingestion.ingest_to_bronze scheduled__2026-08-11T23:00:00+00:00 [queued]>
[2026-08-12T00:07:10.677+0000] {taskinstance.py:2170} INFO - Starting attempt 1 of 4
[2026-08-12T00:07:10.701+0000] {taskinstance.py:2191} INFO - Executing <Task(PythonOperator): ingest_to_bronze> on 2026-08-11 23:00:00+00:00
[2026-08-12T00:07:10.714+0000] {standard_task_runner.py:60} INFO - Started process 35183 to run task
[2026-08-12T00:07:10.715+0000] {standard_task_runner.py:87} INFO - Running: ['***', 'tasks', 'run', 'air_quality_ingestion', 'ingest_to_bronze', 'scheduled__2026-08-11T23:00:00+00:00', '--job-id', '233', '--raw', '--subdir', 'DAGS_FOLDER/ingestion_dag.py', '--cfg-path', '/tmp/tmp_pdueu4g']
[2026-08-12T00:07:10.719+0000] {standard_task_runner.py:88} INFO - Job 233: Subtask ingest_to_bronze
[2026-08-12T00:07:10.865+0000] {task_command.py:423} INFO - Running <TaskInstance: air_quality_ingestion.ingest_to_bronze scheduled__2026-08-11T23:00:00+00:00 [running]> on host 6a0525c4c718
[2026-08-12T00:07:11.031+0000] {taskinstance.py:2480} INFO - Exporting env vars: AIRFLOW_CTX_DAG_OWNER='***' AIRFLOW_CTX_DAG_ID='air_quality_ingestion' AIRFLOW_CTX_TASK_ID='ingest_to_bronze' AIRFLOW_CTX_EXECUTION_DATE='2026-08-11T23:00:00+00:00' AIRFLOW_CTX_TRY_NUMBER='1' AIRFLOW_CTX_DAG_RUN_ID='scheduled__2026-08-11T23:00:00+00:00'
[2026-08-12T00:07:11.215+0000] {logging_mixin.py:188} INFO - Created bucket: bronze-air-quality
[2026-08-12T00:07:11.226+0000] {logging_mixin.py:188} INFO - Created bucket: silver-air-quality
[2026-08-12T00:07:11.236+0000] {logging_mixin.py:188} INFO - Created bucket: gold-air-quality
[2026-08-12T00:07:12.017+0000] {logging_mixin.py:188} INFO - ✓ new york: AQI=60
[2026-08-12T00:07:12.759+0000] {logging_mixin.py:188} INFO - ✓ london: AQI=53
[2026-08-12T00:07:13.478+0000] {logging_mixin.py:188} INFO - ✓ beijing: AQI=30
[2026-08-12T00:07:14.207+0000] {logging_mixin.py:188} INFO - ✓ delhi: AQI=72
[2026-08-12T00:07:14.935+0000] {logging_mixin.py:188} INFO - ✓ sydney: AQI=19
[2026-08-12T00:07:14.954+0000] {logging_mixin.py:188} INFO - Saved → s3://bronze-air-quality/year=2026/month=08/day=12/city=new_york/000711.json
[2026-08-12T00:07:14.968+0000] {logging_mixin.py:188} INFO - Saved → s3://bronze-air-quality/year=2026/month=08/day=12/city=london/000711.json
[2026-08-12T00:07:14.979+0000] {logging_mixin.py:188} INFO - Saved → s3://bronze-air-quality/year=2026/month=08/day=12/city=beijing/000711.json
[2026-08-12T00:07:14.989+0000] {logging_mixin.py:188} INFO - Saved → s3://bronze-air-quality/year=2026/month=08/day=12/city=delhi/000711.json
[2026-08-12T00:07:15.001+0000] {logging_mixin.py:188} INFO - Saved → s3://bronze-air-quality/year=2026/month=08/day=12/city=sydney/000711.json
[2026-08-12T00:07:15.002+0000] {logging_mixin.py:188} INFO - 
Total records ingested: 5
[2026-08-12T00:07:15.003+0000] {python.py:201} INFO - Done. Returned value was: None
[2026-08-12T00:07:15.015+0000] {taskinstance.py:1138} INFO - Marking task as SUCCESS. dag_id=air_quality_ingestion, task_id=ingest_to_bronze, execution_date=20260811T230000, start_date=20260812T000710, end_date=20260812T000715
[2026-08-12T00:07:15.073+0000] {local_task_job_runner.py:234} INFO - Task exited with return code 0
[2026-08-12T00:07:15.102+0000] {taskinstance.py:3280} INFO - 0 downstream tasks scheduled from follow-on schedule check
