[2026-08-10T02:19:38.125+0000] {taskinstance.py:1956} INFO - Dependencies all met for dep_context=non-requeueable deps ti=<TaskInstance: air_quality_pipeline.wait_for_ingestion scheduled__2026-08-09T11:05:00+00:00 [queued]>
[2026-08-10T02:19:38.175+0000] {taskinstance.py:1956} INFO - Dependencies all met for dep_context=requeueable deps ti=<TaskInstance: air_quality_pipeline.wait_for_ingestion scheduled__2026-08-09T11:05:00+00:00 [queued]>
[2026-08-10T02:19:38.181+0000] {taskinstance.py:2170} INFO - Starting attempt 1 of 3
[2026-08-10T02:19:38.239+0000] {taskinstance.py:2191} INFO - Executing <Task(ExternalTaskSensor): wait_for_ingestion> on 2026-08-09 11:05:00+00:00
[2026-08-10T02:19:38.261+0000] {standard_task_runner.py:60} INFO - Started process 20190 to run task
[2026-08-10T02:19:38.259+0000] {standard_task_runner.py:87} INFO - Running: ['***', 'tasks', 'run', 'air_quality_pipeline', 'wait_for_ingestion', 'scheduled__2026-08-09T11:05:00+00:00', '--job-id', '169', '--raw', '--subdir', 'DAGS_FOLDER/spark_pipeline_dag.py', '--cfg-path', '/tmp/tmpxybw03n4']
[2026-08-10T02:19:38.277+0000] {standard_task_runner.py:88} INFO - Job 169: Subtask wait_for_ingestion
[2026-08-10T02:19:38.550+0000] {task_command.py:423} INFO - Running <TaskInstance: air_quality_pipeline.wait_for_ingestion scheduled__2026-08-09T11:05:00+00:00 [running]> on host 6a0525c4c718
[2026-08-10T02:19:38.985+0000] {taskinstance.py:2480} INFO - Exporting env vars: AIRFLOW_CTX_DAG_OWNER='***' AIRFLOW_CTX_DAG_ID='air_quality_pipeline' AIRFLOW_CTX_TASK_ID='wait_for_ingestion' AIRFLOW_CTX_EXECUTION_DATE='2026-08-09T11:05:00+00:00' AIRFLOW_CTX_TRY_NUMBER='1' AIRFLOW_CTX_DAG_RUN_ID='scheduled__2026-08-09T11:05:00+00:00'
[2026-08-10T02:19:38.996+0000] {external_task.py:244} INFO - Poking for tasks ['ingest_to_bronze'] in dag air_quality_ingestion on 2026-08-09T11:05:00+00:00 ... 
[2026-08-10T02:20:09.036+0000] {external_task.py:244} INFO - Poking for tasks ['ingest_to_bronze'] in dag air_quality_ingestion on 2026-08-09T11:05:00+00:00 ... 
[2026-08-10T02:20:39.087+0000] {external_task.py:244} INFO - Poking for tasks ['ingest_to_bronze'] in dag air_quality_ingestion on 2026-08-09T11:05:00+00:00 ... 
[2026-08-10T02:21:09.146+0000] {external_task.py:244} INFO - Poking for tasks ['ingest_to_bronze'] in dag air_quality_ingestion on 2026-08-09T11:05:00+00:00 ... 
[2026-08-10T02:21:39.162+0000] {external_task.py:244} INFO - Poking for tasks ['ingest_to_bronze'] in dag air_quality_ingestion on 2026-08-09T11:05:00+00:00 ... 
[2026-08-10T02:22:09.174+0000] {external_task.py:244} INFO - Poking for tasks ['ingest_to_bronze'] in dag air_quality_ingestion on 2026-08-09T11:05:00+00:00 ... 
[2026-08-10T02:22:39.187+0000] {external_task.py:244} INFO - Poking for tasks ['ingest_to_bronze'] in dag air_quality_ingestion on 2026-08-09T11:05:00+00:00 ... 
[2026-08-10T02:23:09.197+0000] {external_task.py:244} INFO - Poking for tasks ['ingest_to_bronze'] in dag air_quality_ingestion on 2026-08-09T11:05:00+00:00 ... 
[2026-08-10T02:23:39.209+0000] {external_task.py:244} INFO - Poking for tasks ['ingest_to_bronze'] in dag air_quality_ingestion on 2026-08-09T11:05:00+00:00 ... 
[2026-08-10T02:24:09.222+0000] {external_task.py:244} INFO - Poking for tasks ['ingest_to_bronze'] in dag air_quality_ingestion on 2026-08-09T11:05:00+00:00 ... 
[2026-08-10T02:24:39.233+0000] {external_task.py:244} INFO - Poking for tasks ['ingest_to_bronze'] in dag air_quality_ingestion on 2026-08-09T11:05:00+00:00 ... 
[2026-08-10T02:24:39.254+0000] {taskinstance.py:2698} ERROR - Task failed with exception
Traceback (most recent call last):
  File "/home/airflow/.local/lib/python3.11/site-packages/airflow/models/taskinstance.py", line 433, in _execute_task
    result = execute_callable(context=context, **execute_callable_kwargs)
             ^^^^^^^^^^^^^^^^^^^^^^^^^^^^^^^^^^^^^^^^^^^^^^^^^^^^^^^^^^^^
  File "/home/airflow/.local/lib/python3.11/site-packages/airflow/sensors/external_task.py", line 334, in execute
    super().execute(context)
  File "/home/airflow/.local/lib/python3.11/site-packages/airflow/sensors/base.py", line 282, in execute
    raise AirflowSensorTimeout(message)
airflow.exceptions.AirflowSensorTimeout: Sensor has timed out; run duration of 300.2771938969963 seconds exceeds the specified timeout of 300.0.
[2026-08-10T02:24:39.269+0000] {taskinstance.py:1138} INFO - Immediate failure requested. Marking task as FAILED. dag_id=air_quality_pipeline, task_id=wait_for_ingestion, execution_date=20260809T110500, start_date=20260810T021938, end_date=20260810T022439
[2026-08-10T02:24:39.308+0000] {standard_task_runner.py:107} ERROR - Failed to execute job 169 for task wait_for_ingestion (Sensor has timed out; run duration of 300.2771938969963 seconds exceeds the specified timeout of 300.0.; 20190)
[2026-08-10T02:24:39.322+0000] {local_task_job_runner.py:234} INFO - Task exited with return code 1
[2026-08-10T02:24:39.358+0000] {taskinstance.py:3280} INFO - 0 downstream tasks scheduled from follow-on schedule check
