[2026-08-11T21:47:32.348+0000] {taskinstance.py:1956} INFO - Dependencies all met for dep_context=non-requeueable deps ti=<TaskInstance: air_quality_pipeline.wait_for_ingestion scheduled__2026-08-11T20:05:00+00:00 [queued]>
[2026-08-11T21:47:32.408+0000] {taskinstance.py:1956} INFO - Dependencies all met for dep_context=requeueable deps ti=<TaskInstance: air_quality_pipeline.wait_for_ingestion scheduled__2026-08-11T20:05:00+00:00 [queued]>
[2026-08-11T21:47:32.416+0000] {taskinstance.py:2170} INFO - Starting attempt 1 of 3
[2026-08-11T21:47:32.569+0000] {taskinstance.py:2191} INFO - Executing <Task(ExternalTaskSensor): wait_for_ingestion> on 2026-08-11 20:05:00+00:00
[2026-08-11T21:47:32.589+0000] {standard_task_runner.py:60} INFO - Started process 33434 to run task
[2026-08-11T21:47:32.596+0000] {standard_task_runner.py:87} INFO - Running: ['***', 'tasks', 'run', 'air_quality_pipeline', 'wait_for_ingestion', 'scheduled__2026-08-11T20:05:00+00:00', '--job-id', '226', '--raw', '--subdir', 'DAGS_FOLDER/spark_pipeline_dag.py', '--cfg-path', '/tmp/tmp9xg0vb6y']
[2026-08-11T21:47:32.614+0000] {standard_task_runner.py:88} INFO - Job 226: Subtask wait_for_ingestion
[2026-08-11T21:47:32.852+0000] {task_command.py:423} INFO - Running <TaskInstance: air_quality_pipeline.wait_for_ingestion scheduled__2026-08-11T20:05:00+00:00 [running]> on host 6a0525c4c718
[2026-08-11T21:47:33.172+0000] {taskinstance.py:2480} INFO - Exporting env vars: AIRFLOW_CTX_DAG_OWNER='***' AIRFLOW_CTX_DAG_ID='air_quality_pipeline' AIRFLOW_CTX_TASK_ID='wait_for_ingestion' AIRFLOW_CTX_EXECUTION_DATE='2026-08-11T20:05:00+00:00' AIRFLOW_CTX_TRY_NUMBER='1' AIRFLOW_CTX_DAG_RUN_ID='scheduled__2026-08-11T20:05:00+00:00'
[2026-08-11T21:47:33.174+0000] {external_task.py:244} INFO - Poking for tasks ['ingest_to_bronze'] in dag air_quality_ingestion on 2026-08-11T20:05:00+00:00 ... 
[2026-08-11T21:48:03.215+0000] {external_task.py:244} INFO - Poking for tasks ['ingest_to_bronze'] in dag air_quality_ingestion on 2026-08-11T20:05:00+00:00 ... 
[2026-08-11T21:48:33.255+0000] {external_task.py:244} INFO - Poking for tasks ['ingest_to_bronze'] in dag air_quality_ingestion on 2026-08-11T20:05:00+00:00 ... 
[2026-08-11T21:49:03.274+0000] {external_task.py:244} INFO - Poking for tasks ['ingest_to_bronze'] in dag air_quality_ingestion on 2026-08-11T20:05:00+00:00 ... 
[2026-08-11T21:49:33.314+0000] {external_task.py:244} INFO - Poking for tasks ['ingest_to_bronze'] in dag air_quality_ingestion on 2026-08-11T20:05:00+00:00 ... 
[2026-08-11T21:50:03.339+0000] {external_task.py:244} INFO - Poking for tasks ['ingest_to_bronze'] in dag air_quality_ingestion on 2026-08-11T20:05:00+00:00 ... 
[2026-08-11T21:50:33.363+0000] {external_task.py:244} INFO - Poking for tasks ['ingest_to_bronze'] in dag air_quality_ingestion on 2026-08-11T20:05:00+00:00 ... 
[2026-08-11T21:51:03.383+0000] {external_task.py:244} INFO - Poking for tasks ['ingest_to_bronze'] in dag air_quality_ingestion on 2026-08-11T20:05:00+00:00 ... 
[2026-08-11T21:51:33.398+0000] {external_task.py:244} INFO - Poking for tasks ['ingest_to_bronze'] in dag air_quality_ingestion on 2026-08-11T20:05:00+00:00 ... 
[2026-08-11T21:52:03.415+0000] {external_task.py:244} INFO - Poking for tasks ['ingest_to_bronze'] in dag air_quality_ingestion on 2026-08-11T20:05:00+00:00 ... 
[2026-08-11T21:52:33.431+0000] {external_task.py:244} INFO - Poking for tasks ['ingest_to_bronze'] in dag air_quality_ingestion on 2026-08-11T20:05:00+00:00 ... 
[2026-08-11T21:52:33.445+0000] {taskinstance.py:2698} ERROR - Task failed with exception
Traceback (most recent call last):
  File "/home/airflow/.local/lib/python3.11/site-packages/airflow/models/taskinstance.py", line 433, in _execute_task
    result = execute_callable(context=context, **execute_callable_kwargs)
             ^^^^^^^^^^^^^^^^^^^^^^^^^^^^^^^^^^^^^^^^^^^^^^^^^^^^^^^^^^^^
  File "/home/airflow/.local/lib/python3.11/site-packages/airflow/sensors/external_task.py", line 334, in execute
    super().execute(context)
  File "/home/airflow/.local/lib/python3.11/site-packages/airflow/sensors/base.py", line 282, in execute
    raise AirflowSensorTimeout(message)
airflow.exceptions.AirflowSensorTimeout: Sensor has timed out; run duration of 300.2949702980113 seconds exceeds the specified timeout of 300.0.
[2026-08-11T21:52:33.461+0000] {taskinstance.py:1138} INFO - Immediate failure requested. Marking task as FAILED. dag_id=air_quality_pipeline, task_id=wait_for_ingestion, execution_date=20260811T200500, start_date=20260811T214732, end_date=20260811T215233
[2026-08-11T21:52:33.485+0000] {standard_task_runner.py:107} ERROR - Failed to execute job 226 for task wait_for_ingestion (Sensor has timed out; run duration of 300.2949702980113 seconds exceeds the specified timeout of 300.0.; 33434)
[2026-08-11T21:52:33.514+0000] {local_task_job_runner.py:234} INFO - Task exited with return code 1
[2026-08-11T21:52:33.568+0000] {taskinstance.py:3280} INFO - 0 downstream tasks scheduled from follow-on schedule check
