[2026-09-04T21:46:25.647+0000] {taskinstance.py:1956} INFO - Dependencies all met for dep_context=non-requeueable deps ti=<TaskInstance: air_quality_ingestion.ingest_to_bronze scheduled__2026-09-04T20:00:00+00:00 [queued]>
[2026-09-04T21:46:25.665+0000] {taskinstance.py:1956} INFO - Dependencies all met for dep_context=requeueable deps ti=<TaskInstance: air_quality_ingestion.ingest_to_bronze scheduled__2026-09-04T20:00:00+00:00 [queued]>
[2026-09-04T21:46:25.673+0000] {taskinstance.py:2170} INFO - Starting attempt 1 of 4
[2026-09-04T21:46:25.702+0000] {taskinstance.py:2191} INFO - Executing <Task(PythonOperator): ingest_to_bronze> on 2026-09-04 20:00:00+00:00
[2026-09-04T21:46:25.724+0000] {standard_task_runner.py:60} INFO - Started process 61020 to run task
[2026-09-04T21:46:25.731+0000] {standard_task_runner.py:87} INFO - Running: ['***', 'tasks', 'run', 'air_quality_ingestion', 'ingest_to_bronze', 'scheduled__2026-09-04T20:00:00+00:00', '--job-id', '618', '--raw', '--subdir', 'DAGS_FOLDER/ingestion_dag.py', '--cfg-path', '/tmp/tmpssdg98ub']
[2026-09-04T21:46:25.741+0000] {standard_task_runner.py:88} INFO - Job 618: Subtask ingest_to_bronze
[2026-09-04T21:46:25.909+0000] {task_command.py:423} INFO - Running <TaskInstance: air_quality_ingestion.ingest_to_bronze scheduled__2026-09-04T20:00:00+00:00 [running]> on host 6a0525c4c718
[2026-09-04T21:46:26.051+0000] {taskinstance.py:2480} INFO - Exporting env vars: AIRFLOW_CTX_DAG_OWNER='***' AIRFLOW_CTX_DAG_ID='air_quality_ingestion' AIRFLOW_CTX_TASK_ID='ingest_to_bronze' AIRFLOW_CTX_EXECUTION_DATE='2026-09-04T20:00:00+00:00' AIRFLOW_CTX_TRY_NUMBER='1' AIRFLOW_CTX_DAG_RUN_ID='scheduled__2026-09-04T20:00:00+00:00'
[2026-09-04T21:46:26.331+0000] {logging_mixin.py:188} INFO - Created bucket: bronze-air-quality
[2026-09-04T21:46:26.389+0000] {logging_mixin.py:188} INFO - Created bucket: silver-air-quality
[2026-09-04T21:46:26.421+0000] {logging_mixin.py:188} INFO - Created bucket: gold-air-quality
[2026-09-04T21:46:27.338+0000] {logging_mixin.py:188} INFO - ✓ new york: AQI=26
[2026-09-04T21:46:28.119+0000] {logging_mixin.py:188} INFO - ✓ london: AQI=46
[2026-09-04T21:46:28.896+0000] {logging_mixin.py:188} INFO - ✓ beijing: AQI=65
[2026-09-04T21:46:29.655+0000] {logging_mixin.py:188} INFO - ✓ delhi: AQI=23
[2026-09-04T21:46:30.410+0000] {logging_mixin.py:188} INFO - ✓ sydney: AQI=20
[2026-09-04T21:46:30.445+0000] {logging_mixin.py:188} INFO - Saved → s3://bronze-air-quality/year=2026/month=09/day=04/city=new_york/214626.json
[2026-09-04T21:46:30.463+0000] {logging_mixin.py:188} INFO - Saved → s3://bronze-air-quality/year=2026/month=09/day=04/city=london/214626.json
[2026-09-04T21:46:30.478+0000] {logging_mixin.py:188} INFO - Saved → s3://bronze-air-quality/year=2026/month=09/day=04/city=beijing/214626.json
[2026-09-04T21:46:30.491+0000] {logging_mixin.py:188} INFO - Saved → s3://bronze-air-quality/year=2026/month=09/day=04/city=delhi/214626.json
[2026-09-04T21:46:30.505+0000] {logging_mixin.py:188} INFO - Saved → s3://bronze-air-quality/year=2026/month=09/day=04/city=sydney/214626.json
[2026-09-04T21:46:30.506+0000] {logging_mixin.py:188} INFO - 
Total records ingested: 5
[2026-09-04T21:46:30.508+0000] {python.py:201} INFO - Done. Returned value was: None
[2026-09-04T21:46:30.531+0000] {taskinstance.py:1138} INFO - Marking task as SUCCESS. dag_id=air_quality_ingestion, task_id=ingest_to_bronze, execution_date=20260904T200000, start_date=20260904T214625, end_date=20260904T214630
[2026-09-04T21:46:30.575+0000] {local_task_job_runner.py:234} INFO - Task exited with return code 0
[2026-09-04T21:46:30.594+0000] {taskinstance.py:3280} INFO - 0 downstream tasks scheduled from follow-on schedule check
