[2026-08-03T11:49:29.279+0000] {taskinstance.py:1956} INFO - Dependencies all met for dep_context=non-requeueable deps ti=<TaskInstance: air_quality_ingestion.ingest_to_bronze scheduled__2026-08-03T04:00:00+00:00 [queued]>
[2026-08-03T11:49:29.328+0000] {taskinstance.py:1956} INFO - Dependencies all met for dep_context=requeueable deps ti=<TaskInstance: air_quality_ingestion.ingest_to_bronze scheduled__2026-08-03T04:00:00+00:00 [queued]>
[2026-08-03T11:49:29.329+0000] {taskinstance.py:2170} INFO - Starting attempt 1 of 4
[2026-08-03T11:49:29.408+0000] {taskinstance.py:2191} INFO - Executing <Task(PythonOperator): ingest_to_bronze> on 2026-08-03 04:00:00+00:00
[2026-08-03T11:49:29.428+0000] {standard_task_runner.py:60} INFO - Started process 4375 to run task
[2026-08-03T11:49:29.448+0000] {standard_task_runner.py:87} INFO - Running: ['***', 'tasks', 'run', 'air_quality_ingestion', 'ingest_to_bronze', 'scheduled__2026-08-03T04:00:00+00:00', '--job-id', '36', '--raw', '--subdir', 'DAGS_FOLDER/ingestion_dag.py', '--cfg-path', '/tmp/tmprmwbe7o3']
[2026-08-03T11:49:29.470+0000] {standard_task_runner.py:88} INFO - Job 36: Subtask ingest_to_bronze
[2026-08-03T11:49:29.713+0000] {task_command.py:423} INFO - Running <TaskInstance: air_quality_ingestion.ingest_to_bronze scheduled__2026-08-03T04:00:00+00:00 [running]> on host cd53ba4eefa8
[2026-08-03T11:49:30.132+0000] {taskinstance.py:2480} INFO - Exporting env vars: AIRFLOW_CTX_DAG_OWNER='***' AIRFLOW_CTX_DAG_ID='air_quality_ingestion' AIRFLOW_CTX_TASK_ID='ingest_to_bronze' AIRFLOW_CTX_EXECUTION_DATE='2026-08-03T04:00:00+00:00' AIRFLOW_CTX_TRY_NUMBER='1' AIRFLOW_CTX_DAG_RUN_ID='scheduled__2026-08-03T04:00:00+00:00'
[2026-08-03T11:49:30.487+0000] {logging_mixin.py:188} INFO - Created bucket: bronze-air-quality
[2026-08-03T11:49:30.511+0000] {logging_mixin.py:188} INFO - Created bucket: silver-air-quality
[2026-08-03T11:49:30.531+0000] {logging_mixin.py:188} INFO - Created bucket: gold-air-quality
[2026-08-03T11:49:30.628+0000] {logging_mixin.py:188} INFO - ✗ new york: HTTPSConnectionPool(host='api.waqi.info', port=443): Max retries exceeded with url: /feed/new%20york/?token=your_aqicn_key_here (Caused by NewConnectionError('<urllib3.connection.HTTPSConnection object at 0x7c1f20a9e1d0>: Failed to establish a new connection: [Errno 111] Connection refused'))
[2026-08-03T11:49:30.642+0000] {logging_mixin.py:188} INFO - ✗ london: HTTPSConnectionPool(host='api.waqi.info', port=443): Max retries exceeded with url: /feed/london/?token=your_aqicn_key_here (Caused by NewConnectionError('<urllib3.connection.HTTPSConnection object at 0x7c1f20a9ff10>: Failed to establish a new connection: [Errno 111] Connection refused'))
[2026-08-03T11:49:30.658+0000] {logging_mixin.py:188} INFO - ✗ beijing: HTTPSConnectionPool(host='api.waqi.info', port=443): Max retries exceeded with url: /feed/beijing/?token=your_aqicn_key_here (Caused by NewConnectionError('<urllib3.connection.HTTPSConnection object at 0x7c1f20aae550>: Failed to establish a new connection: [Errno 111] Connection refused'))
[2026-08-03T11:49:30.674+0000] {logging_mixin.py:188} INFO - ✗ delhi: HTTPSConnectionPool(host='api.waqi.info', port=443): Max retries exceeded with url: /feed/delhi/?token=your_aqicn_key_here (Caused by NewConnectionError('<urllib3.connection.HTTPSConnection object at 0x7c1f20a9d510>: Failed to establish a new connection: [Errno 111] Connection refused'))
[2026-08-03T11:49:30.688+0000] {logging_mixin.py:188} INFO - ✗ sydney: HTTPSConnectionPool(host='api.waqi.info', port=443): Max retries exceeded with url: /feed/sydney/?token=your_aqicn_key_here (Caused by NewConnectionError('<urllib3.connection.HTTPSConnection object at 0x7c1f20aaf3d0>: Failed to establish a new connection: [Errno 111] Connection refused'))
[2026-08-03T11:49:30.689+0000] {logging_mixin.py:188} INFO - 
Total records ingested: 0
[2026-08-03T11:49:30.690+0000] {python.py:201} INFO - Done. Returned value was: None
[2026-08-03T11:49:30.719+0000] {taskinstance.py:1138} INFO - Marking task as SUCCESS. dag_id=air_quality_ingestion, task_id=ingest_to_bronze, execution_date=20260803T040000, start_date=20260803T114929, end_date=20260803T114930
[2026-08-03T11:49:30.759+0000] {local_task_job_runner.py:234} INFO - Task exited with return code 0
[2026-08-03T11:49:30.818+0000] {taskinstance.py:3280} INFO - 0 downstream tasks scheduled from follow-on schedule check
