[2026-09-07T17:48:20.163+0000] {taskinstance.py:1956} INFO - Dependencies all met for dep_context=non-requeueable deps ti=<TaskInstance: air_quality_pipeline.wait_for_ingestion scheduled__2026-09-07T16:05:00+00:00 [queued]>
[2026-09-07T17:48:20.220+0000] {taskinstance.py:1956} INFO - Dependencies all met for dep_context=requeueable deps ti=<TaskInstance: air_quality_pipeline.wait_for_ingestion scheduled__2026-09-07T16:05:00+00:00 [queued]>
[2026-09-07T17:48:20.235+0000] {taskinstance.py:2170} INFO - Starting attempt 1 of 3
[2026-09-07T17:48:20.428+0000] {taskinstance.py:2191} INFO - Executing <Task(ExternalTaskSensor): wait_for_ingestion> on 2026-09-07 16:05:00+00:00
[2026-09-07T17:48:20.511+0000] {standard_task_runner.py:60} INFO - Started process 94469 to run task
[2026-09-07T17:48:20.545+0000] {standard_task_runner.py:87} INFO - Running: ['***', 'tasks', 'run', 'air_quality_pipeline', 'wait_for_ingestion', 'scheduled__2026-09-07T16:05:00+00:00', '--job-id', '702', '--raw', '--subdir', 'DAGS_FOLDER/spark_pipeline_dag.py', '--cfg-path', '/tmp/tmpyexy9pv2']
[2026-09-07T17:48:20.639+0000] {standard_task_runner.py:88} INFO - Job 702: Subtask wait_for_ingestion
[2026-09-07T17:48:21.161+0000] {task_command.py:423} INFO - Running <TaskInstance: air_quality_pipeline.wait_for_ingestion scheduled__2026-09-07T16:05:00+00:00 [running]> on host 6a0525c4c718
[2026-09-07T17:48:21.562+0000] {taskinstance.py:2480} INFO - Exporting env vars: AIRFLOW_CTX_DAG_OWNER='***' AIRFLOW_CTX_DAG_ID='air_quality_pipeline' AIRFLOW_CTX_TASK_ID='wait_for_ingestion' AIRFLOW_CTX_EXECUTION_DATE='2026-09-07T16:05:00+00:00' AIRFLOW_CTX_TRY_NUMBER='1' AIRFLOW_CTX_DAG_RUN_ID='scheduled__2026-09-07T16:05:00+00:00'
[2026-09-07T17:48:21.566+0000] {external_task.py:244} INFO - Poking for tasks ['ingest_to_bronze'] in dag air_quality_ingestion on 2026-09-07T16:05:00+00:00 ... 
[2026-09-07T17:48:51.592+0000] {external_task.py:244} INFO - Poking for tasks ['ingest_to_bronze'] in dag air_quality_ingestion on 2026-09-07T16:05:00+00:00 ... 
[2026-09-07T17:49:21.608+0000] {external_task.py:244} INFO - Poking for tasks ['ingest_to_bronze'] in dag air_quality_ingestion on 2026-09-07T16:05:00+00:00 ... 
[2026-09-07T17:49:51.623+0000] {external_task.py:244} INFO - Poking for tasks ['ingest_to_bronze'] in dag air_quality_ingestion on 2026-09-07T16:05:00+00:00 ... 
[2026-09-07T17:50:21.632+0000] {external_task.py:244} INFO - Poking for tasks ['ingest_to_bronze'] in dag air_quality_ingestion on 2026-09-07T16:05:00+00:00 ... 
[2026-09-07T17:50:51.640+0000] {external_task.py:244} INFO - Poking for tasks ['ingest_to_bronze'] in dag air_quality_ingestion on 2026-09-07T16:05:00+00:00 ... 
[2026-09-07T17:51:21.648+0000] {external_task.py:244} INFO - Poking for tasks ['ingest_to_bronze'] in dag air_quality_ingestion on 2026-09-07T16:05:00+00:00 ... 
[2026-09-07T17:51:51.660+0000] {external_task.py:244} INFO - Poking for tasks ['ingest_to_bronze'] in dag air_quality_ingestion on 2026-09-07T16:05:00+00:00 ... 
[2026-09-07T17:52:21.667+0000] {external_task.py:244} INFO - Poking for tasks ['ingest_to_bronze'] in dag air_quality_ingestion on 2026-09-07T16:05:00+00:00 ... 
[2026-09-07T17:52:51.677+0000] {external_task.py:244} INFO - Poking for tasks ['ingest_to_bronze'] in dag air_quality_ingestion on 2026-09-07T16:05:00+00:00 ... 
[2026-09-07T17:53:21.686+0000] {external_task.py:244} INFO - Poking for tasks ['ingest_to_bronze'] in dag air_quality_ingestion on 2026-09-07T16:05:00+00:00 ... 
[2026-09-07T17:53:21.724+0000] {taskinstance.py:2698} ERROR - Task failed with exception
Traceback (most recent call last):
  File "/home/airflow/.local/lib/python3.11/site-packages/airflow/models/taskinstance.py", line 433, in _execute_task
    result = execute_callable(context=context, **execute_callable_kwargs)
             ^^^^^^^^^^^^^^^^^^^^^^^^^^^^^^^^^^^^^^^^^^^^^^^^^^^^^^^^^^^^
  File "/home/airflow/.local/lib/python3.11/site-packages/airflow/sensors/external_task.py", line 334, in execute
    super().execute(context)
  File "/home/airflow/.local/lib/python3.11/site-packages/airflow/sensors/base.py", line 282, in execute
    raise AirflowSensorTimeout(message)
airflow.exceptions.AirflowSensorTimeout: Sensor has timed out; run duration of 300.19167497899616 seconds exceeds the specified timeout of 300.0.
[2026-09-07T17:53:21.739+0000] {taskinstance.py:1138} INFO - Immediate failure requested. Marking task as FAILED. dag_id=air_quality_pipeline, task_id=wait_for_ingestion, execution_date=20260907T160500, start_date=20260907T174820, end_date=20260907T175321
[2026-09-07T17:53:21.775+0000] {standard_task_runner.py:107} ERROR - Failed to execute job 702 for task wait_for_ingestion (Sensor has timed out; run duration of 300.19167497899616 seconds exceeds the specified timeout of 300.0.; 94469)
[2026-09-07T17:53:21.805+0000] {local_task_job_runner.py:234} INFO - Task exited with return code 1
[2026-09-07T17:53:21.834+0000] {taskinstance.py:3280} INFO - 0 downstream tasks scheduled from follow-on schedule check
