[2026-08-30T15:36:54.948+0000] {taskinstance.py:1956} INFO - Dependencies all met for dep_context=non-requeueable deps ti=<TaskInstance: air_quality_pipeline.wait_for_ingestion scheduled__2026-08-30T05:05:00+00:00 [queued]>
[2026-08-30T15:36:54.955+0000] {taskinstance.py:1956} INFO - Dependencies all met for dep_context=requeueable deps ti=<TaskInstance: air_quality_pipeline.wait_for_ingestion scheduled__2026-08-30T05:05:00+00:00 [queued]>
[2026-08-30T15:36:54.956+0000] {taskinstance.py:2170} INFO - Starting attempt 2 of 3
[2026-08-30T15:36:54.966+0000] {taskinstance.py:2191} INFO - Executing <Task(ExternalTaskSensor): wait_for_ingestion> on 2026-08-30 05:05:00+00:00
[2026-08-30T15:36:54.970+0000] {standard_task_runner.py:60} INFO - Started process 14183 to run task
[2026-08-30T15:36:54.973+0000] {standard_task_runner.py:87} INFO - Running: ['***', 'tasks', 'run', 'air_quality_pipeline', 'wait_for_ingestion', 'scheduled__2026-08-30T05:05:00+00:00', '--job-id', '457', '--raw', '--subdir', 'DAGS_FOLDER/spark_pipeline_dag.py', '--cfg-path', '/tmp/tmpz_satib0']
[2026-08-30T15:36:54.975+0000] {standard_task_runner.py:88} INFO - Job 457: Subtask wait_for_ingestion
[2026-08-30T15:36:55.041+0000] {task_command.py:423} INFO - Running <TaskInstance: air_quality_pipeline.wait_for_ingestion scheduled__2026-08-30T05:05:00+00:00 [running]> on host 6a0525c4c718
[2026-08-30T15:36:55.105+0000] {taskinstance.py:2480} INFO - Exporting env vars: AIRFLOW_CTX_DAG_OWNER='***' AIRFLOW_CTX_DAG_ID='air_quality_pipeline' AIRFLOW_CTX_TASK_ID='wait_for_ingestion' AIRFLOW_CTX_EXECUTION_DATE='2026-08-30T05:05:00+00:00' AIRFLOW_CTX_TRY_NUMBER='2' AIRFLOW_CTX_DAG_RUN_ID='scheduled__2026-08-30T05:05:00+00:00'
[2026-08-30T15:36:55.106+0000] {external_task.py:244} INFO - Poking for tasks ['ingest_to_bronze'] in dag air_quality_ingestion on 2026-08-30T05:05:00+00:00 ... 
[2026-08-30T15:37:25.113+0000] {external_task.py:244} INFO - Poking for tasks ['ingest_to_bronze'] in dag air_quality_ingestion on 2026-08-30T05:05:00+00:00 ... 
[2026-08-30T15:37:55.129+0000] {external_task.py:244} INFO - Poking for tasks ['ingest_to_bronze'] in dag air_quality_ingestion on 2026-08-30T05:05:00+00:00 ... 
[2026-08-30T15:38:25.146+0000] {external_task.py:244} INFO - Poking for tasks ['ingest_to_bronze'] in dag air_quality_ingestion on 2026-08-30T05:05:00+00:00 ... 
[2026-08-30T15:38:55.156+0000] {external_task.py:244} INFO - Poking for tasks ['ingest_to_bronze'] in dag air_quality_ingestion on 2026-08-30T05:05:00+00:00 ... 
[2026-08-30T15:39:25.165+0000] {external_task.py:244} INFO - Poking for tasks ['ingest_to_bronze'] in dag air_quality_ingestion on 2026-08-30T05:05:00+00:00 ... 
[2026-08-30T15:39:55.185+0000] {external_task.py:244} INFO - Poking for tasks ['ingest_to_bronze'] in dag air_quality_ingestion on 2026-08-30T05:05:00+00:00 ... 
[2026-08-30T15:40:25.199+0000] {external_task.py:244} INFO - Poking for tasks ['ingest_to_bronze'] in dag air_quality_ingestion on 2026-08-30T05:05:00+00:00 ... 
[2026-08-30T15:40:55.216+0000] {external_task.py:244} INFO - Poking for tasks ['ingest_to_bronze'] in dag air_quality_ingestion on 2026-08-30T05:05:00+00:00 ... 
[2026-08-30T15:41:25.235+0000] {external_task.py:244} INFO - Poking for tasks ['ingest_to_bronze'] in dag air_quality_ingestion on 2026-08-30T05:05:00+00:00 ... 
[2026-08-30T15:41:55.246+0000] {external_task.py:244} INFO - Poking for tasks ['ingest_to_bronze'] in dag air_quality_ingestion on 2026-08-30T05:05:00+00:00 ... 
[2026-08-30T15:41:55.262+0000] {taskinstance.py:2698} ERROR - Task failed with exception
Traceback (most recent call last):
  File "/home/airflow/.local/lib/python3.11/site-packages/airflow/models/taskinstance.py", line 433, in _execute_task
    result = execute_callable(context=context, **execute_callable_kwargs)
             ^^^^^^^^^^^^^^^^^^^^^^^^^^^^^^^^^^^^^^^^^^^^^^^^^^^^^^^^^^^^
  File "/home/airflow/.local/lib/python3.11/site-packages/airflow/sensors/external_task.py", line 334, in execute
    super().execute(context)
  File "/home/airflow/.local/lib/python3.11/site-packages/airflow/sensors/base.py", line 282, in execute
    raise AirflowSensorTimeout(message)
airflow.exceptions.AirflowSensorTimeout: Sensor has timed out; run duration of 300.175259429001 seconds exceeds the specified timeout of 300.0.
[2026-08-30T15:41:55.276+0000] {taskinstance.py:1138} INFO - Immediate failure requested. Marking task as FAILED. dag_id=air_quality_pipeline, task_id=wait_for_ingestion, execution_date=20260830T050500, start_date=20260830T153654, end_date=20260830T154155
[2026-08-30T15:41:55.296+0000] {standard_task_runner.py:107} ERROR - Failed to execute job 457 for task wait_for_ingestion (Sensor has timed out; run duration of 300.175259429001 seconds exceeds the specified timeout of 300.0.; 14183)
[2026-08-30T15:41:55.339+0000] {local_task_job_runner.py:234} INFO - Task exited with return code 1
[2026-08-30T15:41:55.366+0000] {taskinstance.py:3280} INFO - 0 downstream tasks scheduled from follow-on schedule check
