[2026-08-14T17:00:02.148+0000] {taskinstance.py:1956} INFO - Dependencies all met for dep_context=non-requeueable deps ti=<TaskInstance: air_quality_ingestion.ingest_to_bronze scheduled__2026-08-14T16:00:00+00:00 [queued]>
[2026-08-14T17:00:02.156+0000] {taskinstance.py:1956} INFO - Dependencies all met for dep_context=requeueable deps ti=<TaskInstance: air_quality_ingestion.ingest_to_bronze scheduled__2026-08-14T16:00:00+00:00 [queued]>
[2026-08-14T17:00:02.157+0000] {taskinstance.py:2170} INFO - Starting attempt 1 of 4
[2026-08-14T17:00:02.173+0000] {taskinstance.py:2191} INFO - Executing <Task(PythonOperator): ingest_to_bronze> on 2026-08-14 16:00:00+00:00
[2026-08-14T17:00:02.178+0000] {standard_task_runner.py:60} INFO - Started process 51888 to run task
[2026-08-14T17:00:02.181+0000] {standard_task_runner.py:87} INFO - Running: ['***', 'tasks', 'run', 'air_quality_ingestion', 'ingest_to_bronze', 'scheduled__2026-08-14T16:00:00+00:00', '--job-id', '315', '--raw', '--subdir', 'DAGS_FOLDER/ingestion_dag.py', '--cfg-path', '/tmp/tmpuby_920m']
[2026-08-14T17:00:02.183+0000] {standard_task_runner.py:88} INFO - Job 315: Subtask ingest_to_bronze
[2026-08-14T17:00:02.262+0000] {task_command.py:423} INFO - Running <TaskInstance: air_quality_ingestion.ingest_to_bronze scheduled__2026-08-14T16:00:00+00:00 [running]> on host 6a0525c4c718
[2026-08-14T17:00:02.360+0000] {taskinstance.py:2480} INFO - Exporting env vars: AIRFLOW_CTX_DAG_OWNER='***' AIRFLOW_CTX_DAG_ID='air_quality_ingestion' AIRFLOW_CTX_TASK_ID='ingest_to_bronze' AIRFLOW_CTX_EXECUTION_DATE='2026-08-14T16:00:00+00:00' AIRFLOW_CTX_TRY_NUMBER='1' AIRFLOW_CTX_DAG_RUN_ID='scheduled__2026-08-14T16:00:00+00:00'
[2026-08-14T17:00:02.785+0000] {logging_mixin.py:188} INFO - Created bucket: bronze-air-quality
[2026-08-14T17:00:02.796+0000] {logging_mixin.py:188} INFO - Created bucket: silver-air-quality
[2026-08-14T17:00:02.805+0000] {logging_mixin.py:188} INFO - Created bucket: gold-air-quality
[2026-08-14T17:00:04.240+0000] {logging_mixin.py:188} INFO - ✓ new york: AQI=40
[2026-08-14T17:00:05.489+0000] {logging_mixin.py:188} INFO - ✓ london: AQI=53
[2026-08-14T17:00:06.503+0000] {logging_mixin.py:188} INFO - ✓ beijing: AQI=61
[2026-08-14T17:00:07.548+0000] {logging_mixin.py:188} INFO - ✓ delhi: AQI=76
[2026-08-14T17:00:08.499+0000] {logging_mixin.py:188} INFO - ✓ sydney: AQI=60
[2026-08-14T17:00:08.534+0000] {logging_mixin.py:188} INFO - Saved → s3://bronze-air-quality/year=2026/month=08/day=14/city=new_york/170002.json
[2026-08-14T17:00:08.544+0000] {logging_mixin.py:188} INFO - Saved → s3://bronze-air-quality/year=2026/month=08/day=14/city=london/170002.json
[2026-08-14T17:00:08.554+0000] {logging_mixin.py:188} INFO - Saved → s3://bronze-air-quality/year=2026/month=08/day=14/city=beijing/170002.json
[2026-08-14T17:00:08.564+0000] {logging_mixin.py:188} INFO - Saved → s3://bronze-air-quality/year=2026/month=08/day=14/city=delhi/170002.json
[2026-08-14T17:00:08.572+0000] {logging_mixin.py:188} INFO - Saved → s3://bronze-air-quality/year=2026/month=08/day=14/city=sydney/170002.json
[2026-08-14T17:00:08.572+0000] {logging_mixin.py:188} INFO - 
Total records ingested: 5
[2026-08-14T17:00:08.573+0000] {python.py:201} INFO - Done. Returned value was: None
[2026-08-14T17:00:08.585+0000] {taskinstance.py:1138} INFO - Marking task as SUCCESS. dag_id=air_quality_ingestion, task_id=ingest_to_bronze, execution_date=20260814T160000, start_date=20260814T170002, end_date=20260814T170008
[2026-08-14T17:00:08.625+0000] {local_task_job_runner.py:234} INFO - Task exited with return code 0
[2026-08-14T17:00:08.638+0000] {taskinstance.py:3280} INFO - 0 downstream tasks scheduled from follow-on schedule check
