[2026-08-14T23:43:41.285+0000] {taskinstance.py:1956} INFO - Dependencies all met for dep_context=non-requeueable deps ti=<TaskInstance: air_quality_ingestion.ingest_to_bronze scheduled__2026-08-14T22:00:00+00:00 [queued]>
[2026-08-14T23:43:41.328+0000] {taskinstance.py:1956} INFO - Dependencies all met for dep_context=requeueable deps ti=<TaskInstance: air_quality_ingestion.ingest_to_bronze scheduled__2026-08-14T22:00:00+00:00 [queued]>
[2026-08-14T23:43:41.342+0000] {taskinstance.py:2170} INFO - Starting attempt 1 of 4
[2026-08-14T23:43:41.427+0000] {taskinstance.py:2191} INFO - Executing <Task(PythonOperator): ingest_to_bronze> on 2026-08-14 22:00:00+00:00
[2026-08-14T23:43:41.478+0000] {standard_task_runner.py:60} INFO - Started process 54952 to run task
[2026-08-14T23:43:41.485+0000] {standard_task_runner.py:87} INFO - Running: ['***', 'tasks', 'run', 'air_quality_ingestion', 'ingest_to_bronze', 'scheduled__2026-08-14T22:00:00+00:00', '--job-id', '328', '--raw', '--subdir', 'DAGS_FOLDER/ingestion_dag.py', '--cfg-path', '/tmp/tmpjm1kpy_u']
[2026-08-14T23:43:41.503+0000] {standard_task_runner.py:88} INFO - Job 328: Subtask ingest_to_bronze
[2026-08-14T23:43:41.735+0000] {task_command.py:423} INFO - Running <TaskInstance: air_quality_ingestion.ingest_to_bronze scheduled__2026-08-14T22:00:00+00:00 [running]> on host 6a0525c4c718
[2026-08-14T23:43:42.067+0000] {taskinstance.py:2480} INFO - Exporting env vars: AIRFLOW_CTX_DAG_OWNER='***' AIRFLOW_CTX_DAG_ID='air_quality_ingestion' AIRFLOW_CTX_TASK_ID='ingest_to_bronze' AIRFLOW_CTX_EXECUTION_DATE='2026-08-14T22:00:00+00:00' AIRFLOW_CTX_TRY_NUMBER='1' AIRFLOW_CTX_DAG_RUN_ID='scheduled__2026-08-14T22:00:00+00:00'
[2026-08-14T23:43:42.985+0000] {logging_mixin.py:188} INFO - Created bucket: bronze-air-quality
[2026-08-14T23:43:43.001+0000] {logging_mixin.py:188} INFO - Created bucket: silver-air-quality
[2026-08-14T23:43:43.018+0000] {logging_mixin.py:188} INFO - Created bucket: gold-air-quality
[2026-08-14T23:43:44.062+0000] {logging_mixin.py:188} INFO - ✓ new york: AQI=41
[2026-08-14T23:43:44.892+0000] {logging_mixin.py:188} INFO - ✓ london: AQI=65
[2026-08-14T23:43:45.795+0000] {logging_mixin.py:188} INFO - ✓ beijing: AQI=87
[2026-08-14T23:43:46.597+0000] {logging_mixin.py:188} INFO - ✓ delhi: AQI=46
[2026-08-14T23:43:47.394+0000] {logging_mixin.py:188} INFO - ✓ sydney: AQI=51
[2026-08-14T23:43:47.412+0000] {logging_mixin.py:188} INFO - Saved → s3://bronze-air-quality/year=2026/month=08/day=14/city=new_york/234343.json
[2026-08-14T23:43:47.421+0000] {logging_mixin.py:188} INFO - Saved → s3://bronze-air-quality/year=2026/month=08/day=14/city=london/234343.json
[2026-08-14T23:43:47.430+0000] {logging_mixin.py:188} INFO - Saved → s3://bronze-air-quality/year=2026/month=08/day=14/city=beijing/234343.json
[2026-08-14T23:43:47.440+0000] {logging_mixin.py:188} INFO - Saved → s3://bronze-air-quality/year=2026/month=08/day=14/city=delhi/234343.json
[2026-08-14T23:43:47.449+0000] {logging_mixin.py:188} INFO - Saved → s3://bronze-air-quality/year=2026/month=08/day=14/city=sydney/234343.json
[2026-08-14T23:43:47.450+0000] {logging_mixin.py:188} INFO - 
Total records ingested: 5
[2026-08-14T23:43:47.451+0000] {python.py:201} INFO - Done. Returned value was: None
[2026-08-14T23:43:47.462+0000] {taskinstance.py:1138} INFO - Marking task as SUCCESS. dag_id=air_quality_ingestion, task_id=ingest_to_bronze, execution_date=20260814T220000, start_date=20260814T234341, end_date=20260814T234347
[2026-08-14T23:43:47.487+0000] {local_task_job_runner.py:234} INFO - Task exited with return code 0
[2026-08-14T23:43:47.504+0000] {taskinstance.py:3280} INFO - 0 downstream tasks scheduled from follow-on schedule check
