[2026-09-01T00:38:58.580+0000] {taskinstance.py:1956} INFO - Dependencies all met for dep_context=non-requeueable deps ti=<TaskInstance: air_quality_ingestion.ingest_to_bronze scheduled__2026-08-31T21:00:00+00:00 [queued]>
[2026-09-01T00:38:58.620+0000] {taskinstance.py:1956} INFO - Dependencies all met for dep_context=requeueable deps ti=<TaskInstance: air_quality_ingestion.ingest_to_bronze scheduled__2026-08-31T21:00:00+00:00 [queued]>
[2026-09-01T00:38:58.624+0000] {taskinstance.py:2170} INFO - Starting attempt 1 of 4
[2026-09-01T00:38:58.720+0000] {taskinstance.py:2191} INFO - Executing <Task(PythonOperator): ingest_to_bronze> on 2026-08-31 21:00:00+00:00
[2026-09-01T00:38:58.745+0000] {standard_task_runner.py:60} INFO - Started process 32328 to run task
[2026-09-01T00:38:58.751+0000] {standard_task_runner.py:87} INFO - Running: ['***', 'tasks', 'run', 'air_quality_ingestion', 'ingest_to_bronze', 'scheduled__2026-08-31T21:00:00+00:00', '--job-id', '505', '--raw', '--subdir', 'DAGS_FOLDER/ingestion_dag.py', '--cfg-path', '/tmp/tmpqveq5aqe']
[2026-09-01T00:38:58.770+0000] {standard_task_runner.py:88} INFO - Job 505: Subtask ingest_to_bronze
[2026-09-01T00:38:59.012+0000] {task_command.py:423} INFO - Running <TaskInstance: air_quality_ingestion.ingest_to_bronze scheduled__2026-08-31T21:00:00+00:00 [running]> on host 6a0525c4c718
[2026-09-01T00:38:59.343+0000] {taskinstance.py:2480} INFO - Exporting env vars: AIRFLOW_CTX_DAG_OWNER='***' AIRFLOW_CTX_DAG_ID='air_quality_ingestion' AIRFLOW_CTX_TASK_ID='ingest_to_bronze' AIRFLOW_CTX_EXECUTION_DATE='2026-08-31T21:00:00+00:00' AIRFLOW_CTX_TRY_NUMBER='1' AIRFLOW_CTX_DAG_RUN_ID='scheduled__2026-08-31T21:00:00+00:00'
[2026-09-01T00:38:59.793+0000] {logging_mixin.py:188} INFO - Created bucket: bronze-air-quality
[2026-09-01T00:38:59.811+0000] {logging_mixin.py:188} INFO - Created bucket: silver-air-quality
[2026-09-01T00:38:59.827+0000] {logging_mixin.py:188} INFO - Created bucket: gold-air-quality
[2026-09-01T00:38:59.881+0000] {logging_mixin.py:188} INFO - ✗ new york: HTTPSConnectionPool(host='api.waqi.info', port=443): Max retries exceeded with url: /feed/new%20york/?token=2cc5f2fc84f739a6377a29001c83fd1911c54797 (Caused by NewConnectionError('<urllib3.connection.HTTPSConnection object at 0x70c3a2705890>: Failed to establish a new connection: [Errno 111] Connection refused'))
[2026-09-01T00:38:59.898+0000] {logging_mixin.py:188} INFO - ✗ london: HTTPSConnectionPool(host='api.waqi.info', port=443): Max retries exceeded with url: /feed/london/?token=2cc5f2fc84f739a6377a29001c83fd1911c54797 (Caused by NewConnectionError('<urllib3.connection.HTTPSConnection object at 0x70c3bd330e90>: Failed to establish a new connection: [Errno 111] Connection refused'))
[2026-09-01T00:38:59.920+0000] {logging_mixin.py:188} INFO - ✗ beijing: HTTPSConnectionPool(host='api.waqi.info', port=443): Max retries exceeded with url: /feed/beijing/?token=2cc5f2fc84f739a6377a29001c83fd1911c54797 (Caused by NewConnectionError('<urllib3.connection.HTTPSConnection object at 0x70c3bd3334d0>: Failed to establish a new connection: [Errno 111] Connection refused'))
[2026-09-01T00:38:59.937+0000] {logging_mixin.py:188} INFO - ✗ delhi: HTTPSConnectionPool(host='api.waqi.info', port=443): Max retries exceeded with url: /feed/delhi/?token=2cc5f2fc84f739a6377a29001c83fd1911c54797 (Caused by NewConnectionError('<urllib3.connection.HTTPSConnection object at 0x70c3bd3298d0>: Failed to establish a new connection: [Errno 111] Connection refused'))
[2026-09-01T00:38:59.955+0000] {logging_mixin.py:188} INFO - ✗ sydney: HTTPSConnectionPool(host='api.waqi.info', port=443): Max retries exceeded with url: /feed/sydney/?token=2cc5f2fc84f739a6377a29001c83fd1911c54797 (Caused by NewConnectionError('<urllib3.connection.HTTPSConnection object at 0x70c3bd33c610>: Failed to establish a new connection: [Errno 111] Connection refused'))
[2026-09-01T00:38:59.956+0000] {logging_mixin.py:188} INFO - 
Total records ingested: 0
[2026-09-01T00:38:59.958+0000] {python.py:201} INFO - Done. Returned value was: None
[2026-09-01T00:39:00.006+0000] {taskinstance.py:1138} INFO - Marking task as SUCCESS. dag_id=air_quality_ingestion, task_id=ingest_to_bronze, execution_date=20260831T210000, start_date=20260901T003858, end_date=20260901T003900
[2026-09-01T00:39:00.073+0000] {local_task_job_runner.py:234} INFO - Task exited with return code 0
[2026-09-01T00:39:00.132+0000] {taskinstance.py:3280} INFO - 0 downstream tasks scheduled from follow-on schedule check
