[2026-08-30T15:31:43.768+0000] {taskinstance.py:1956} INFO - Dependencies all met for dep_context=non-requeueable deps ti=<TaskInstance: air_quality_pipeline.wait_for_ingestion scheduled__2026-08-30T07:05:00+00:00 [queued]>
[2026-08-30T15:31:43.864+0000] {taskinstance.py:1956} INFO - Dependencies all met for dep_context=requeueable deps ti=<TaskInstance: air_quality_pipeline.wait_for_ingestion scheduled__2026-08-30T07:05:00+00:00 [queued]>
[2026-08-30T15:31:43.883+0000] {taskinstance.py:2170} INFO - Starting attempt 1 of 3
[2026-08-30T15:31:44.014+0000] {taskinstance.py:2191} INFO - Executing <Task(ExternalTaskSensor): wait_for_ingestion> on 2026-08-30 07:05:00+00:00
[2026-08-30T15:31:44.126+0000] {standard_task_runner.py:60} INFO - Started process 14071 to run task
[2026-08-30T15:31:44.145+0000] {standard_task_runner.py:87} INFO - Running: ['***', 'tasks', 'run', 'air_quality_pipeline', 'wait_for_ingestion', 'scheduled__2026-08-30T07:05:00+00:00', '--job-id', '450', '--raw', '--subdir', 'DAGS_FOLDER/spark_pipeline_dag.py', '--cfg-path', '/tmp/tmp2d3saa3r']
[2026-08-30T15:31:44.210+0000] {standard_task_runner.py:88} INFO - Job 450: Subtask wait_for_ingestion
[2026-08-30T15:31:45.142+0000] {task_command.py:423} INFO - Running <TaskInstance: air_quality_pipeline.wait_for_ingestion scheduled__2026-08-30T07:05:00+00:00 [running]> on host 6a0525c4c718
[2026-08-30T15:31:45.562+0000] {taskinstance.py:2480} INFO - Exporting env vars: AIRFLOW_CTX_DAG_OWNER='***' AIRFLOW_CTX_DAG_ID='air_quality_pipeline' AIRFLOW_CTX_TASK_ID='wait_for_ingestion' AIRFLOW_CTX_EXECUTION_DATE='2026-08-30T07:05:00+00:00' AIRFLOW_CTX_TRY_NUMBER='1' AIRFLOW_CTX_DAG_RUN_ID='scheduled__2026-08-30T07:05:00+00:00'
[2026-08-30T15:31:45.570+0000] {external_task.py:244} INFO - Poking for tasks ['ingest_to_bronze'] in dag air_quality_ingestion on 2026-08-30T07:05:00+00:00 ... 
[2026-08-30T15:32:15.604+0000] {external_task.py:244} INFO - Poking for tasks ['ingest_to_bronze'] in dag air_quality_ingestion on 2026-08-30T07:05:00+00:00 ... 
[2026-08-30T15:32:45.652+0000] {external_task.py:244} INFO - Poking for tasks ['ingest_to_bronze'] in dag air_quality_ingestion on 2026-08-30T07:05:00+00:00 ... 
[2026-08-30T15:33:15.688+0000] {external_task.py:244} INFO - Poking for tasks ['ingest_to_bronze'] in dag air_quality_ingestion on 2026-08-30T07:05:00+00:00 ... 
[2026-08-30T15:33:45.699+0000] {external_task.py:244} INFO - Poking for tasks ['ingest_to_bronze'] in dag air_quality_ingestion on 2026-08-30T07:05:00+00:00 ... 
[2026-08-30T15:34:15.708+0000] {external_task.py:244} INFO - Poking for tasks ['ingest_to_bronze'] in dag air_quality_ingestion on 2026-08-30T07:05:00+00:00 ... 
[2026-08-30T15:34:45.717+0000] {external_task.py:244} INFO - Poking for tasks ['ingest_to_bronze'] in dag air_quality_ingestion on 2026-08-30T07:05:00+00:00 ... 
[2026-08-30T15:35:15.728+0000] {external_task.py:244} INFO - Poking for tasks ['ingest_to_bronze'] in dag air_quality_ingestion on 2026-08-30T07:05:00+00:00 ... 
[2026-08-30T15:35:45.736+0000] {external_task.py:244} INFO - Poking for tasks ['ingest_to_bronze'] in dag air_quality_ingestion on 2026-08-30T07:05:00+00:00 ... 
[2026-08-30T15:36:15.746+0000] {external_task.py:244} INFO - Poking for tasks ['ingest_to_bronze'] in dag air_quality_ingestion on 2026-08-30T07:05:00+00:00 ... 
[2026-08-30T15:36:45.759+0000] {external_task.py:244} INFO - Poking for tasks ['ingest_to_bronze'] in dag air_quality_ingestion on 2026-08-30T07:05:00+00:00 ... 
[2026-08-30T15:36:45.778+0000] {taskinstance.py:2698} ERROR - Task failed with exception
Traceback (most recent call last):
  File "/home/airflow/.local/lib/python3.11/site-packages/airflow/models/taskinstance.py", line 433, in _execute_task
    result = execute_callable(context=context, **execute_callable_kwargs)
             ^^^^^^^^^^^^^^^^^^^^^^^^^^^^^^^^^^^^^^^^^^^^^^^^^^^^^^^^^^^^
  File "/home/airflow/.local/lib/python3.11/site-packages/airflow/sensors/external_task.py", line 334, in execute
    super().execute(context)
  File "/home/airflow/.local/lib/python3.11/site-packages/airflow/sensors/base.py", line 282, in execute
    raise AirflowSensorTimeout(message)
airflow.exceptions.AirflowSensorTimeout: Sensor has timed out; run duration of 300.24026166199474 seconds exceeds the specified timeout of 300.0.
[2026-08-30T15:36:45.803+0000] {taskinstance.py:1138} INFO - Immediate failure requested. Marking task as FAILED. dag_id=air_quality_pipeline, task_id=wait_for_ingestion, execution_date=20260830T070500, start_date=20260830T153143, end_date=20260830T153645
[2026-08-30T15:36:45.845+0000] {standard_task_runner.py:107} ERROR - Failed to execute job 450 for task wait_for_ingestion (Sensor has timed out; run duration of 300.24026166199474 seconds exceeds the specified timeout of 300.0.; 14071)
[2026-08-30T15:36:45.867+0000] {local_task_job_runner.py:234} INFO - Task exited with return code 1
[2026-08-30T15:36:45.911+0000] {taskinstance.py:3280} INFO - 0 downstream tasks scheduled from follow-on schedule check
