[2026-08-13T04:08:08.309+0000] {taskinstance.py:1956} INFO - Dependencies all met for dep_context=non-requeueable deps ti=<TaskInstance: air_quality_pipeline.wait_for_ingestion scheduled__2026-08-13T03:05:00+00:00 [queued]>
[2026-08-13T04:08:08.416+0000] {taskinstance.py:1956} INFO - Dependencies all met for dep_context=requeueable deps ti=<TaskInstance: air_quality_pipeline.wait_for_ingestion scheduled__2026-08-13T03:05:00+00:00 [queued]>
[2026-08-13T04:08:08.458+0000] {taskinstance.py:2170} INFO - Starting attempt 1 of 3
[2026-08-13T04:08:08.616+0000] {taskinstance.py:2191} INFO - Executing <Task(ExternalTaskSensor): wait_for_ingestion> on 2026-08-13 03:05:00+00:00
[2026-08-13T04:08:08.749+0000] {standard_task_runner.py:60} INFO - Started process 43637 to run task
[2026-08-13T04:08:08.773+0000] {standard_task_runner.py:87} INFO - Running: ['***', 'tasks', 'run', 'air_quality_pipeline', 'wait_for_ingestion', 'scheduled__2026-08-13T03:05:00+00:00', '--job-id', '270', '--raw', '--subdir', 'DAGS_FOLDER/spark_pipeline_dag.py', '--cfg-path', '/tmp/tmp_j9g8shx']
[2026-08-13T04:08:08.804+0000] {standard_task_runner.py:88} INFO - Job 270: Subtask wait_for_ingestion
[2026-08-13T04:08:10.455+0000] {task_command.py:423} INFO - Running <TaskInstance: air_quality_pipeline.wait_for_ingestion scheduled__2026-08-13T03:05:00+00:00 [running]> on host 6a0525c4c718
[2026-08-13T04:08:11.026+0000] {taskinstance.py:2480} INFO - Exporting env vars: AIRFLOW_CTX_DAG_OWNER='***' AIRFLOW_CTX_DAG_ID='air_quality_pipeline' AIRFLOW_CTX_TASK_ID='wait_for_ingestion' AIRFLOW_CTX_EXECUTION_DATE='2026-08-13T03:05:00+00:00' AIRFLOW_CTX_TRY_NUMBER='1' AIRFLOW_CTX_DAG_RUN_ID='scheduled__2026-08-13T03:05:00+00:00'
[2026-08-13T04:08:11.031+0000] {external_task.py:244} INFO - Poking for tasks ['ingest_to_bronze'] in dag air_quality_ingestion on 2026-08-13T03:05:00+00:00 ... 
[2026-08-13T04:08:41.104+0000] {external_task.py:244} INFO - Poking for tasks ['ingest_to_bronze'] in dag air_quality_ingestion on 2026-08-13T03:05:00+00:00 ... 
[2026-08-13T04:09:11.138+0000] {external_task.py:244} INFO - Poking for tasks ['ingest_to_bronze'] in dag air_quality_ingestion on 2026-08-13T03:05:00+00:00 ... 
[2026-08-13T04:09:41.168+0000] {external_task.py:244} INFO - Poking for tasks ['ingest_to_bronze'] in dag air_quality_ingestion on 2026-08-13T03:05:00+00:00 ... 
[2026-08-13T04:10:11.179+0000] {external_task.py:244} INFO - Poking for tasks ['ingest_to_bronze'] in dag air_quality_ingestion on 2026-08-13T03:05:00+00:00 ... 
[2026-08-13T04:10:41.183+0000] {external_task.py:244} INFO - Poking for tasks ['ingest_to_bronze'] in dag air_quality_ingestion on 2026-08-13T03:05:00+00:00 ... 
[2026-08-13T04:11:11.218+0000] {external_task.py:244} INFO - Poking for tasks ['ingest_to_bronze'] in dag air_quality_ingestion on 2026-08-13T03:05:00+00:00 ... 
[2026-08-13T04:11:41.274+0000] {external_task.py:244} INFO - Poking for tasks ['ingest_to_bronze'] in dag air_quality_ingestion on 2026-08-13T03:05:00+00:00 ... 
[2026-08-13T04:12:11.293+0000] {external_task.py:244} INFO - Poking for tasks ['ingest_to_bronze'] in dag air_quality_ingestion on 2026-08-13T03:05:00+00:00 ... 
[2026-08-13T04:12:41.309+0000] {external_task.py:244} INFO - Poking for tasks ['ingest_to_bronze'] in dag air_quality_ingestion on 2026-08-13T03:05:00+00:00 ... 
[2026-08-13T04:13:11.318+0000] {external_task.py:244} INFO - Poking for tasks ['ingest_to_bronze'] in dag air_quality_ingestion on 2026-08-13T03:05:00+00:00 ... 
[2026-08-13T04:13:11.330+0000] {taskinstance.py:2698} ERROR - Task failed with exception
Traceback (most recent call last):
  File "/home/airflow/.local/lib/python3.11/site-packages/airflow/models/taskinstance.py", line 433, in _execute_task
    result = execute_callable(context=context, **execute_callable_kwargs)
             ^^^^^^^^^^^^^^^^^^^^^^^^^^^^^^^^^^^^^^^^^^^^^^^^^^^^^^^^^^^^
  File "/home/airflow/.local/lib/python3.11/site-packages/airflow/sensors/external_task.py", line 334, in execute
    super().execute(context)
  File "/home/airflow/.local/lib/python3.11/site-packages/airflow/sensors/base.py", line 282, in execute
    raise AirflowSensorTimeout(message)
airflow.exceptions.AirflowSensorTimeout: Sensor has timed out; run duration of 300.32971465500304 seconds exceeds the specified timeout of 300.0.
[2026-08-13T04:13:11.348+0000] {taskinstance.py:1138} INFO - Immediate failure requested. Marking task as FAILED. dag_id=air_quality_pipeline, task_id=wait_for_ingestion, execution_date=20260813T030500, start_date=20260813T040808, end_date=20260813T041311
[2026-08-13T04:13:11.366+0000] {standard_task_runner.py:107} ERROR - Failed to execute job 270 for task wait_for_ingestion (Sensor has timed out; run duration of 300.32971465500304 seconds exceeds the specified timeout of 300.0.; 43637)
[2026-08-13T04:13:11.393+0000] {local_task_job_runner.py:234} INFO - Task exited with return code 1
[2026-08-13T04:13:11.427+0000] {taskinstance.py:3280} INFO - 0 downstream tasks scheduled from follow-on schedule check
