[2026-09-05T02:00:01.485+0000] {taskinstance.py:1956} INFO - Dependencies all met for dep_context=non-requeueable deps ti=<TaskInstance: air_quality_ingestion.ingest_to_bronze scheduled__2026-09-05T01:00:00+00:00 [queued]>
[2026-09-05T02:00:01.494+0000] {taskinstance.py:1956} INFO - Dependencies all met for dep_context=requeueable deps ti=<TaskInstance: air_quality_ingestion.ingest_to_bronze scheduled__2026-09-05T01:00:00+00:00 [queued]>
[2026-09-05T02:00:01.495+0000] {taskinstance.py:2170} INFO - Starting attempt 1 of 4
[2026-09-05T02:00:01.509+0000] {taskinstance.py:2191} INFO - Executing <Task(PythonOperator): ingest_to_bronze> on 2026-09-05 01:00:00+00:00
[2026-09-05T02:00:01.519+0000] {standard_task_runner.py:60} INFO - Started process 62941 to run task
[2026-09-05T02:00:01.523+0000] {standard_task_runner.py:87} INFO - Running: ['***', 'tasks', 'run', 'air_quality_ingestion', 'ingest_to_bronze', 'scheduled__2026-09-05T01:00:00+00:00', '--job-id', '628', '--raw', '--subdir', 'DAGS_FOLDER/ingestion_dag.py', '--cfg-path', '/tmp/tmpxm8noyup']
[2026-09-05T02:00:01.527+0000] {standard_task_runner.py:88} INFO - Job 628: Subtask ingest_to_bronze
[2026-09-05T02:00:01.597+0000] {task_command.py:423} INFO - Running <TaskInstance: air_quality_ingestion.ingest_to_bronze scheduled__2026-09-05T01:00:00+00:00 [running]> on host 6a0525c4c718
[2026-09-05T02:00:01.681+0000] {taskinstance.py:2480} INFO - Exporting env vars: AIRFLOW_CTX_DAG_OWNER='***' AIRFLOW_CTX_DAG_ID='air_quality_ingestion' AIRFLOW_CTX_TASK_ID='ingest_to_bronze' AIRFLOW_CTX_EXECUTION_DATE='2026-09-05T01:00:00+00:00' AIRFLOW_CTX_TRY_NUMBER='1' AIRFLOW_CTX_DAG_RUN_ID='scheduled__2026-09-05T01:00:00+00:00'
[2026-09-05T02:00:01.770+0000] {logging_mixin.py:188} INFO - Created bucket: bronze-air-quality
[2026-09-05T02:00:01.777+0000] {logging_mixin.py:188} INFO - Created bucket: silver-air-quality
[2026-09-05T02:00:01.784+0000] {logging_mixin.py:188} INFO - Created bucket: gold-air-quality
[2026-09-05T02:00:02.604+0000] {logging_mixin.py:188} INFO - ✓ new york: AQI=35
[2026-09-05T02:00:03.368+0000] {logging_mixin.py:188} INFO - ✓ london: AQI=55
[2026-09-05T02:00:04.291+0000] {logging_mixin.py:188} INFO - ✓ beijing: AQI=97
[2026-09-05T02:00:05.061+0000] {logging_mixin.py:188} INFO - ✓ delhi: AQI=6
[2026-09-05T02:00:05.815+0000] {logging_mixin.py:188} INFO - ✓ sydney: AQI=19
[2026-09-05T02:00:05.841+0000] {logging_mixin.py:188} INFO - Saved → s3://bronze-air-quality/year=2026/month=09/day=05/city=new_york/020001.json
[2026-09-05T02:00:05.855+0000] {logging_mixin.py:188} INFO - Saved → s3://bronze-air-quality/year=2026/month=09/day=05/city=london/020001.json
[2026-09-05T02:00:05.867+0000] {logging_mixin.py:188} INFO - Saved → s3://bronze-air-quality/year=2026/month=09/day=05/city=beijing/020001.json
[2026-09-05T02:00:05.880+0000] {logging_mixin.py:188} INFO - Saved → s3://bronze-air-quality/year=2026/month=09/day=05/city=delhi/020001.json
[2026-09-05T02:00:05.892+0000] {logging_mixin.py:188} INFO - Saved → s3://bronze-air-quality/year=2026/month=09/day=05/city=sydney/020001.json
[2026-09-05T02:00:05.893+0000] {logging_mixin.py:188} INFO - 
Total records ingested: 5
[2026-09-05T02:00:05.894+0000] {python.py:201} INFO - Done. Returned value was: None
[2026-09-05T02:00:05.907+0000] {taskinstance.py:1138} INFO - Marking task as SUCCESS. dag_id=air_quality_ingestion, task_id=ingest_to_bronze, execution_date=20260905T010000, start_date=20260905T020001, end_date=20260905T020005
[2026-09-05T02:00:05.961+0000] {local_task_job_runner.py:234} INFO - Task exited with return code 0
[2026-09-05T02:00:05.978+0000] {taskinstance.py:3280} INFO - 0 downstream tasks scheduled from follow-on schedule check
