[2026-08-14T22:00:00.802+0000] {taskinstance.py:1956} INFO - Dependencies all met for dep_context=non-requeueable deps ti=<TaskInstance: air_quality_ingestion.ingest_to_bronze scheduled__2026-08-14T21:00:00+00:00 [queued]>
[2026-08-14T22:00:00.810+0000] {taskinstance.py:1956} INFO - Dependencies all met for dep_context=requeueable deps ti=<TaskInstance: air_quality_ingestion.ingest_to_bronze scheduled__2026-08-14T21:00:00+00:00 [queued]>
[2026-08-14T22:00:00.811+0000] {taskinstance.py:2170} INFO - Starting attempt 1 of 4
[2026-08-14T22:00:00.824+0000] {taskinstance.py:2191} INFO - Executing <Task(PythonOperator): ingest_to_bronze> on 2026-08-14 21:00:00+00:00
[2026-08-14T22:00:00.828+0000] {standard_task_runner.py:60} INFO - Started process 54204 to run task
[2026-08-14T22:00:00.831+0000] {standard_task_runner.py:87} INFO - Running: ['***', 'tasks', 'run', 'air_quality_ingestion', 'ingest_to_bronze', 'scheduled__2026-08-14T21:00:00+00:00', '--job-id', '325', '--raw', '--subdir', 'DAGS_FOLDER/ingestion_dag.py', '--cfg-path', '/tmp/tmpy8cvwozn']
[2026-08-14T22:00:00.833+0000] {standard_task_runner.py:88} INFO - Job 325: Subtask ingest_to_bronze
[2026-08-14T22:00:00.919+0000] {task_command.py:423} INFO - Running <TaskInstance: air_quality_ingestion.ingest_to_bronze scheduled__2026-08-14T21:00:00+00:00 [running]> on host 6a0525c4c718
[2026-08-14T22:00:01.002+0000] {taskinstance.py:2480} INFO - Exporting env vars: AIRFLOW_CTX_DAG_OWNER='***' AIRFLOW_CTX_DAG_ID='air_quality_ingestion' AIRFLOW_CTX_TASK_ID='ingest_to_bronze' AIRFLOW_CTX_EXECUTION_DATE='2026-08-14T21:00:00+00:00' AIRFLOW_CTX_TRY_NUMBER='1' AIRFLOW_CTX_DAG_RUN_ID='scheduled__2026-08-14T21:00:00+00:00'
[2026-08-14T22:00:01.158+0000] {logging_mixin.py:188} INFO - Created bucket: bronze-air-quality
[2026-08-14T22:00:01.164+0000] {logging_mixin.py:188} INFO - Created bucket: silver-air-quality
[2026-08-14T22:00:01.170+0000] {logging_mixin.py:188} INFO - Created bucket: gold-air-quality
[2026-08-14T22:00:02.040+0000] {logging_mixin.py:188} INFO - ✓ new york: AQI=48
[2026-08-14T22:00:02.882+0000] {logging_mixin.py:188} INFO - ✓ london: AQI=59
[2026-08-14T22:00:03.854+0000] {logging_mixin.py:188} INFO - ✓ beijing: AQI=61
[2026-08-14T22:00:04.729+0000] {logging_mixin.py:188} INFO - ✓ delhi: AQI=97
[2026-08-14T22:00:05.570+0000] {logging_mixin.py:188} INFO - ✓ sydney: AQI=45
[2026-08-14T22:00:05.590+0000] {logging_mixin.py:188} INFO - Saved → s3://bronze-air-quality/year=2026/month=08/day=14/city=new_york/220001.json
[2026-08-14T22:00:05.596+0000] {logging_mixin.py:188} INFO - Saved → s3://bronze-air-quality/year=2026/month=08/day=14/city=london/220001.json
[2026-08-14T22:00:05.603+0000] {logging_mixin.py:188} INFO - Saved → s3://bronze-air-quality/year=2026/month=08/day=14/city=beijing/220001.json
[2026-08-14T22:00:05.608+0000] {logging_mixin.py:188} INFO - Saved → s3://bronze-air-quality/year=2026/month=08/day=14/city=delhi/220001.json
[2026-08-14T22:00:05.614+0000] {logging_mixin.py:188} INFO - Saved → s3://bronze-air-quality/year=2026/month=08/day=14/city=sydney/220001.json
[2026-08-14T22:00:05.615+0000] {logging_mixin.py:188} INFO - 
Total records ingested: 5
[2026-08-14T22:00:05.616+0000] {python.py:201} INFO - Done. Returned value was: None
[2026-08-14T22:00:05.624+0000] {taskinstance.py:1138} INFO - Marking task as SUCCESS. dag_id=air_quality_ingestion, task_id=ingest_to_bronze, execution_date=20260814T210000, start_date=20260814T220000, end_date=20260814T220005
[2026-08-14T22:00:05.643+0000] {local_task_job_runner.py:234} INFO - Task exited with return code 0
[2026-08-14T22:00:05.670+0000] {taskinstance.py:3280} INFO - 0 downstream tasks scheduled from follow-on schedule check
