[2026-09-02T15:00:01.281+0000] {taskinstance.py:1956} INFO - Dependencies all met for dep_context=non-requeueable deps ti=<TaskInstance: air_quality_ingestion.ingest_to_bronze scheduled__2026-09-02T14:00:00+00:00 [queued]>
[2026-09-02T15:00:01.286+0000] {taskinstance.py:1956} INFO - Dependencies all met for dep_context=requeueable deps ti=<TaskInstance: air_quality_ingestion.ingest_to_bronze scheduled__2026-09-02T14:00:00+00:00 [queued]>
[2026-09-02T15:00:01.287+0000] {taskinstance.py:2170} INFO - Starting attempt 1 of 4
[2026-09-02T15:00:01.298+0000] {taskinstance.py:2191} INFO - Executing <Task(PythonOperator): ingest_to_bronze> on 2026-09-02 14:00:00+00:00
[2026-09-02T15:00:01.302+0000] {standard_task_runner.py:60} INFO - Started process 40456 to run task
[2026-09-02T15:00:01.305+0000] {standard_task_runner.py:87} INFO - Running: ['***', 'tasks', 'run', 'air_quality_ingestion', 'ingest_to_bronze', 'scheduled__2026-09-02T14:00:00+00:00', '--job-id', '549', '--raw', '--subdir', 'DAGS_FOLDER/ingestion_dag.py', '--cfg-path', '/tmp/tmprjoixxy3']
[2026-09-02T15:00:01.307+0000] {standard_task_runner.py:88} INFO - Job 549: Subtask ingest_to_bronze
[2026-09-02T15:00:01.373+0000] {task_command.py:423} INFO - Running <TaskInstance: air_quality_ingestion.ingest_to_bronze scheduled__2026-09-02T14:00:00+00:00 [running]> on host 6a0525c4c718
[2026-09-02T15:00:01.447+0000] {taskinstance.py:2480} INFO - Exporting env vars: AIRFLOW_CTX_DAG_OWNER='***' AIRFLOW_CTX_DAG_ID='air_quality_ingestion' AIRFLOW_CTX_TASK_ID='ingest_to_bronze' AIRFLOW_CTX_EXECUTION_DATE='2026-09-02T14:00:00+00:00' AIRFLOW_CTX_TRY_NUMBER='1' AIRFLOW_CTX_DAG_RUN_ID='scheduled__2026-09-02T14:00:00+00:00'
[2026-09-02T15:00:01.561+0000] {logging_mixin.py:188} INFO - Created bucket: bronze-air-quality
[2026-09-02T15:00:01.567+0000] {logging_mixin.py:188} INFO - Created bucket: silver-air-quality
[2026-09-02T15:00:01.573+0000] {logging_mixin.py:188} INFO - Created bucket: gold-air-quality
[2026-09-02T15:00:02.423+0000] {logging_mixin.py:188} INFO - ✓ new york: AQI=24
[2026-09-02T15:00:03.233+0000] {logging_mixin.py:188} INFO - ✓ london: AQI=22
[2026-09-02T15:00:04.007+0000] {logging_mixin.py:188} INFO - ✓ beijing: AQI=72
[2026-09-02T15:00:04.821+0000] {logging_mixin.py:188} INFO - ✓ delhi: AQI=33
[2026-09-02T15:00:05.705+0000] {logging_mixin.py:188} INFO - ✓ sydney: AQI=48
[2026-09-02T15:00:05.722+0000] {logging_mixin.py:188} INFO - Saved → s3://bronze-air-quality/year=2026/month=09/day=02/city=new_york/150001.json
[2026-09-02T15:00:05.729+0000] {logging_mixin.py:188} INFO - Saved → s3://bronze-air-quality/year=2026/month=09/day=02/city=london/150001.json
[2026-09-02T15:00:05.735+0000] {logging_mixin.py:188} INFO - Saved → s3://bronze-air-quality/year=2026/month=09/day=02/city=beijing/150001.json
[2026-09-02T15:00:05.742+0000] {logging_mixin.py:188} INFO - Saved → s3://bronze-air-quality/year=2026/month=09/day=02/city=delhi/150001.json
[2026-09-02T15:00:05.748+0000] {logging_mixin.py:188} INFO - Saved → s3://bronze-air-quality/year=2026/month=09/day=02/city=sydney/150001.json
[2026-09-02T15:00:05.749+0000] {logging_mixin.py:188} INFO - 
Total records ingested: 5
[2026-09-02T15:00:05.749+0000] {python.py:201} INFO - Done. Returned value was: None
[2026-09-02T15:00:05.758+0000] {taskinstance.py:1138} INFO - Marking task as SUCCESS. dag_id=air_quality_ingestion, task_id=ingest_to_bronze, execution_date=20260902T140000, start_date=20260902T150001, end_date=20260902T150005
[2026-09-02T15:00:05.796+0000] {local_task_job_runner.py:234} INFO - Task exited with return code 0
[2026-09-02T15:00:05.808+0000] {taskinstance.py:3280} INFO - 0 downstream tasks scheduled from follow-on schedule check
