[2026-09-02T18:00:01.219+0000] {taskinstance.py:1956} INFO - Dependencies all met for dep_context=non-requeueable deps ti=<TaskInstance: air_quality_ingestion.ingest_to_bronze scheduled__2026-09-02T17:00:00+00:00 [queued]>
[2026-09-02T18:00:01.225+0000] {taskinstance.py:1956} INFO - Dependencies all met for dep_context=requeueable deps ti=<TaskInstance: air_quality_ingestion.ingest_to_bronze scheduled__2026-09-02T17:00:00+00:00 [queued]>
[2026-09-02T18:00:01.226+0000] {taskinstance.py:2170} INFO - Starting attempt 1 of 4
[2026-09-02T18:00:01.238+0000] {taskinstance.py:2191} INFO - Executing <Task(PythonOperator): ingest_to_bronze> on 2026-09-02 17:00:00+00:00
[2026-09-02T18:00:01.242+0000] {standard_task_runner.py:60} INFO - Started process 44008 to run task
[2026-09-02T18:00:01.246+0000] {standard_task_runner.py:87} INFO - Running: ['***', 'tasks', 'run', 'air_quality_ingestion', 'ingest_to_bronze', 'scheduled__2026-09-02T17:00:00+00:00', '--job-id', '555', '--raw', '--subdir', 'DAGS_FOLDER/ingestion_dag.py', '--cfg-path', '/tmp/tmp1f7zohuz']
[2026-09-02T18:00:01.248+0000] {standard_task_runner.py:88} INFO - Job 555: Subtask ingest_to_bronze
[2026-09-02T18:00:01.317+0000] {task_command.py:423} INFO - Running <TaskInstance: air_quality_ingestion.ingest_to_bronze scheduled__2026-09-02T17:00:00+00:00 [running]> on host 6a0525c4c718
[2026-09-02T18:00:01.387+0000] {taskinstance.py:2480} INFO - Exporting env vars: AIRFLOW_CTX_DAG_OWNER='***' AIRFLOW_CTX_DAG_ID='air_quality_ingestion' AIRFLOW_CTX_TASK_ID='ingest_to_bronze' AIRFLOW_CTX_EXECUTION_DATE='2026-09-02T17:00:00+00:00' AIRFLOW_CTX_TRY_NUMBER='1' AIRFLOW_CTX_DAG_RUN_ID='scheduled__2026-09-02T17:00:00+00:00'
[2026-09-02T18:00:01.459+0000] {logging_mixin.py:188} INFO - Created bucket: bronze-air-quality
[2026-09-02T18:00:01.466+0000] {logging_mixin.py:188} INFO - Created bucket: silver-air-quality
[2026-09-02T18:00:01.471+0000] {logging_mixin.py:188} INFO - Created bucket: gold-air-quality
[2026-09-02T18:00:02.347+0000] {logging_mixin.py:188} INFO - ✓ new york: AQI=22
[2026-09-02T18:00:03.091+0000] {logging_mixin.py:188} INFO - ✓ london: AQI=30
[2026-09-02T18:00:03.940+0000] {logging_mixin.py:188} INFO - ✓ beijing: AQI=80
[2026-09-02T18:00:04.812+0000] {logging_mixin.py:188} INFO - ✓ delhi: AQI=30
[2026-09-02T18:00:05.590+0000] {logging_mixin.py:188} INFO - ✓ sydney: AQI=48
[2026-09-02T18:00:05.604+0000] {logging_mixin.py:188} INFO - Saved → s3://bronze-air-quality/year=2026/month=09/day=02/city=new_york/180001.json
[2026-09-02T18:00:05.610+0000] {logging_mixin.py:188} INFO - Saved → s3://bronze-air-quality/year=2026/month=09/day=02/city=london/180001.json
[2026-09-02T18:00:05.616+0000] {logging_mixin.py:188} INFO - Saved → s3://bronze-air-quality/year=2026/month=09/day=02/city=beijing/180001.json
[2026-09-02T18:00:05.623+0000] {logging_mixin.py:188} INFO - Saved → s3://bronze-air-quality/year=2026/month=09/day=02/city=delhi/180001.json
[2026-09-02T18:00:05.633+0000] {logging_mixin.py:188} INFO - Saved → s3://bronze-air-quality/year=2026/month=09/day=02/city=sydney/180001.json
[2026-09-02T18:00:05.635+0000] {logging_mixin.py:188} INFO - 
Total records ingested: 5
[2026-09-02T18:00:05.636+0000] {python.py:201} INFO - Done. Returned value was: None
[2026-09-02T18:00:05.653+0000] {taskinstance.py:1138} INFO - Marking task as SUCCESS. dag_id=air_quality_ingestion, task_id=ingest_to_bronze, execution_date=20260902T170000, start_date=20260902T180001, end_date=20260902T180005
[2026-09-02T18:00:05.693+0000] {local_task_job_runner.py:234} INFO - Task exited with return code 0
[2026-09-02T18:00:05.712+0000] {taskinstance.py:3280} INFO - 0 downstream tasks scheduled from follow-on schedule check
