[2026-09-09T12:52:52.836+0000] {taskinstance.py:1956} INFO - Dependencies all met for dep_context=non-requeueable deps ti=<TaskInstance: air_quality_pipeline.wait_for_ingestion scheduled__2026-09-09T03:05:00+00:00 [queued]>
[2026-09-09T12:52:52.879+0000] {taskinstance.py:1956} INFO - Dependencies all met for dep_context=requeueable deps ti=<TaskInstance: air_quality_pipeline.wait_for_ingestion scheduled__2026-09-09T03:05:00+00:00 [queued]>
[2026-09-09T12:52:52.885+0000] {taskinstance.py:2170} INFO - Starting attempt 1 of 3
[2026-09-09T12:52:53.139+0000] {taskinstance.py:2191} INFO - Executing <Task(ExternalTaskSensor): wait_for_ingestion> on 2026-09-09 03:05:00+00:00
[2026-09-09T12:52:53.165+0000] {standard_task_runner.py:60} INFO - Started process 3259 to run task
[2026-09-09T12:52:53.172+0000] {standard_task_runner.py:87} INFO - Running: ['***', 'tasks', 'run', 'air_quality_pipeline', 'wait_for_ingestion', 'scheduled__2026-09-09T03:05:00+00:00', '--job-id', '736', '--raw', '--subdir', 'DAGS_FOLDER/spark_pipeline_dag.py', '--cfg-path', '/tmp/tmpwqrm9cfq']
[2026-09-09T12:52:53.195+0000] {standard_task_runner.py:88} INFO - Job 736: Subtask wait_for_ingestion
[2026-09-09T12:52:54.544+0000] {task_command.py:423} INFO - Running <TaskInstance: air_quality_pipeline.wait_for_ingestion scheduled__2026-09-09T03:05:00+00:00 [running]> on host 6a0525c4c718
[2026-09-09T12:52:55.695+0000] {taskinstance.py:2480} INFO - Exporting env vars: AIRFLOW_CTX_DAG_OWNER='***' AIRFLOW_CTX_DAG_ID='air_quality_pipeline' AIRFLOW_CTX_TASK_ID='wait_for_ingestion' AIRFLOW_CTX_EXECUTION_DATE='2026-09-09T03:05:00+00:00' AIRFLOW_CTX_TRY_NUMBER='1' AIRFLOW_CTX_DAG_RUN_ID='scheduled__2026-09-09T03:05:00+00:00'
[2026-09-09T12:52:55.703+0000] {external_task.py:244} INFO - Poking for tasks ['ingest_to_bronze'] in dag air_quality_ingestion on 2026-09-09T03:05:00+00:00 ... 
[2026-09-09T12:53:25.743+0000] {external_task.py:244} INFO - Poking for tasks ['ingest_to_bronze'] in dag air_quality_ingestion on 2026-09-09T03:05:00+00:00 ... 
[2026-09-09T12:53:55.785+0000] {external_task.py:244} INFO - Poking for tasks ['ingest_to_bronze'] in dag air_quality_ingestion on 2026-09-09T03:05:00+00:00 ... 
[2026-09-09T12:54:25.798+0000] {external_task.py:244} INFO - Poking for tasks ['ingest_to_bronze'] in dag air_quality_ingestion on 2026-09-09T03:05:00+00:00 ... 
[2026-09-09T12:54:55.815+0000] {external_task.py:244} INFO - Poking for tasks ['ingest_to_bronze'] in dag air_quality_ingestion on 2026-09-09T03:05:00+00:00 ... 
[2026-09-09T12:55:25.833+0000] {external_task.py:244} INFO - Poking for tasks ['ingest_to_bronze'] in dag air_quality_ingestion on 2026-09-09T03:05:00+00:00 ... 
[2026-09-09T12:55:55.847+0000] {external_task.py:244} INFO - Poking for tasks ['ingest_to_bronze'] in dag air_quality_ingestion on 2026-09-09T03:05:00+00:00 ... 
[2026-09-09T12:56:25.885+0000] {external_task.py:244} INFO - Poking for tasks ['ingest_to_bronze'] in dag air_quality_ingestion on 2026-09-09T03:05:00+00:00 ... 
[2026-09-09T12:56:55.916+0000] {external_task.py:244} INFO - Poking for tasks ['ingest_to_bronze'] in dag air_quality_ingestion on 2026-09-09T03:05:00+00:00 ... 
[2026-09-09T12:57:25.926+0000] {external_task.py:244} INFO - Poking for tasks ['ingest_to_bronze'] in dag air_quality_ingestion on 2026-09-09T03:05:00+00:00 ... 
[2026-09-09T12:57:55.940+0000] {external_task.py:244} INFO - Poking for tasks ['ingest_to_bronze'] in dag air_quality_ingestion on 2026-09-09T03:05:00+00:00 ... 
[2026-09-09T12:57:55.957+0000] {taskinstance.py:2698} ERROR - Task failed with exception
Traceback (most recent call last):
  File "/home/airflow/.local/lib/python3.11/site-packages/airflow/models/taskinstance.py", line 433, in _execute_task
    result = execute_callable(context=context, **execute_callable_kwargs)
             ^^^^^^^^^^^^^^^^^^^^^^^^^^^^^^^^^^^^^^^^^^^^^^^^^^^^^^^^^^^^
  File "/home/airflow/.local/lib/python3.11/site-packages/airflow/sensors/external_task.py", line 334, in execute
    super().execute(context)
  File "/home/airflow/.local/lib/python3.11/site-packages/airflow/sensors/base.py", line 282, in execute
    raise AirflowSensorTimeout(message)
airflow.exceptions.AirflowSensorTimeout: Sensor has timed out; run duration of 300.28093531698687 seconds exceeds the specified timeout of 300.0.
[2026-09-09T12:57:56.040+0000] {taskinstance.py:1138} INFO - Immediate failure requested. Marking task as FAILED. dag_id=air_quality_pipeline, task_id=wait_for_ingestion, execution_date=20260909T030500, start_date=20260909T125252, end_date=20260909T125756
[2026-09-09T12:57:56.065+0000] {standard_task_runner.py:107} ERROR - Failed to execute job 736 for task wait_for_ingestion (Sensor has timed out; run duration of 300.28093531698687 seconds exceeds the specified timeout of 300.0.; 3259)
[2026-09-09T12:57:56.113+0000] {local_task_job_runner.py:234} INFO - Task exited with return code 1
[2026-09-09T12:57:56.149+0000] {taskinstance.py:3280} INFO - 0 downstream tasks scheduled from follow-on schedule check
