[2026-08-10T07:08:14.677+0000] {taskinstance.py:1956} INFO - Dependencies all met for dep_context=non-requeueable deps ti=<TaskInstance: air_quality_pipeline.wait_for_ingestion scheduled__2026-08-10T06:05:00+00:00 [queued]>
[2026-08-10T07:08:14.712+0000] {taskinstance.py:1956} INFO - Dependencies all met for dep_context=requeueable deps ti=<TaskInstance: air_quality_pipeline.wait_for_ingestion scheduled__2026-08-10T06:05:00+00:00 [queued]>
[2026-08-10T07:08:14.721+0000] {taskinstance.py:2170} INFO - Starting attempt 1 of 3
[2026-08-10T07:08:14.784+0000] {taskinstance.py:2191} INFO - Executing <Task(ExternalTaskSensor): wait_for_ingestion> on 2026-08-10 06:05:00+00:00
[2026-08-10T07:08:14.813+0000] {standard_task_runner.py:60} INFO - Started process 21084 to run task
[2026-08-10T07:08:14.838+0000] {standard_task_runner.py:87} INFO - Running: ['***', 'tasks', 'run', 'air_quality_pipeline', 'wait_for_ingestion', 'scheduled__2026-08-10T06:05:00+00:00', '--job-id', '179', '--raw', '--subdir', 'DAGS_FOLDER/spark_pipeline_dag.py', '--cfg-path', '/tmp/tmpqe2fujkp']
[2026-08-10T07:08:14.855+0000] {standard_task_runner.py:88} INFO - Job 179: Subtask wait_for_ingestion
[2026-08-10T07:08:15.080+0000] {task_command.py:423} INFO - Running <TaskInstance: air_quality_pipeline.wait_for_ingestion scheduled__2026-08-10T06:05:00+00:00 [running]> on host 6a0525c4c718
[2026-08-10T07:08:15.335+0000] {taskinstance.py:2480} INFO - Exporting env vars: AIRFLOW_CTX_DAG_OWNER='***' AIRFLOW_CTX_DAG_ID='air_quality_pipeline' AIRFLOW_CTX_TASK_ID='wait_for_ingestion' AIRFLOW_CTX_EXECUTION_DATE='2026-08-10T06:05:00+00:00' AIRFLOW_CTX_TRY_NUMBER='1' AIRFLOW_CTX_DAG_RUN_ID='scheduled__2026-08-10T06:05:00+00:00'
[2026-08-10T07:08:15.338+0000] {external_task.py:244} INFO - Poking for tasks ['ingest_to_bronze'] in dag air_quality_ingestion on 2026-08-10T06:05:00+00:00 ... 
[2026-08-10T17:51:07.633+0000] {external_task.py:244} INFO - Poking for tasks ['ingest_to_bronze'] in dag air_quality_ingestion on 2026-08-10T06:05:00+00:00 ... 
[2026-08-10T17:51:37.653+0000] {external_task.py:244} INFO - Poking for tasks ['ingest_to_bronze'] in dag air_quality_ingestion on 2026-08-10T06:05:00+00:00 ... 
[2026-08-10T17:52:07.675+0000] {external_task.py:244} INFO - Poking for tasks ['ingest_to_bronze'] in dag air_quality_ingestion on 2026-08-10T06:05:00+00:00 ... 
[2026-08-10T17:52:37.681+0000] {external_task.py:244} INFO - Poking for tasks ['ingest_to_bronze'] in dag air_quality_ingestion on 2026-08-10T06:05:00+00:00 ... 
[2026-08-10T17:53:07.691+0000] {external_task.py:244} INFO - Poking for tasks ['ingest_to_bronze'] in dag air_quality_ingestion on 2026-08-10T06:05:00+00:00 ... 
[2026-08-10T17:53:37.700+0000] {external_task.py:244} INFO - Poking for tasks ['ingest_to_bronze'] in dag air_quality_ingestion on 2026-08-10T06:05:00+00:00 ... 
[2026-08-10T17:54:07.713+0000] {external_task.py:244} INFO - Poking for tasks ['ingest_to_bronze'] in dag air_quality_ingestion on 2026-08-10T06:05:00+00:00 ... 
[2026-08-10T17:54:37.722+0000] {external_task.py:244} INFO - Poking for tasks ['ingest_to_bronze'] in dag air_quality_ingestion on 2026-08-10T06:05:00+00:00 ... 
[2026-08-10T17:55:07.730+0000] {external_task.py:244} INFO - Poking for tasks ['ingest_to_bronze'] in dag air_quality_ingestion on 2026-08-10T06:05:00+00:00 ... 
[2026-08-10T17:55:37.736+0000] {external_task.py:244} INFO - Poking for tasks ['ingest_to_bronze'] in dag air_quality_ingestion on 2026-08-10T06:05:00+00:00 ... 
[2026-08-10T17:55:37.750+0000] {taskinstance.py:2698} ERROR - Task failed with exception
Traceback (most recent call last):
  File "/home/airflow/.local/lib/python3.11/site-packages/airflow/models/taskinstance.py", line 433, in _execute_task
    result = execute_callable(context=context, **execute_callable_kwargs)
             ^^^^^^^^^^^^^^^^^^^^^^^^^^^^^^^^^^^^^^^^^^^^^^^^^^^^^^^^^^^^
  File "/home/airflow/.local/lib/python3.11/site-packages/airflow/sensors/external_task.py", line 334, in execute
    super().execute(context)
  File "/home/airflow/.local/lib/python3.11/site-packages/airflow/sensors/base.py", line 282, in execute
    raise AirflowSensorTimeout(message)
airflow.exceptions.AirflowSensorTimeout: Sensor has timed out; run duration of 300.15885228000116 seconds exceeds the specified timeout of 300.0.
[2026-08-10T17:55:37.760+0000] {taskinstance.py:1138} INFO - Immediate failure requested. Marking task as FAILED. dag_id=air_quality_pipeline, task_id=wait_for_ingestion, execution_date=20260810T060500, start_date=20260810T070814, end_date=20260810T175537
[2026-08-10T17:55:37.769+0000] {standard_task_runner.py:107} ERROR - Failed to execute job 179 for task wait_for_ingestion (Sensor has timed out; run duration of 300.15885228000116 seconds exceeds the specified timeout of 300.0.; 21084)
[2026-08-10T17:55:37.795+0000] {local_task_job_runner.py:234} INFO - Task exited with return code 1
[2026-08-10T17:55:37.817+0000] {taskinstance.py:3280} INFO - 0 downstream tasks scheduled from follow-on schedule check
