[2026-08-17T03:15:30.443+0000] {taskinstance.py:1956} INFO - Dependencies all met for dep_context=non-requeueable deps ti=<TaskInstance: air_quality_ingestion.ingest_to_bronze scheduled__2026-08-17T02:00:00+00:00 [queued]>
[2026-08-17T03:15:30.489+0000] {taskinstance.py:1956} INFO - Dependencies all met for dep_context=requeueable deps ti=<TaskInstance: air_quality_ingestion.ingest_to_bronze scheduled__2026-08-17T02:00:00+00:00 [queued]>
[2026-08-17T03:15:30.492+0000] {taskinstance.py:2170} INFO - Starting attempt 1 of 4
[2026-08-17T03:15:30.558+0000] {taskinstance.py:2191} INFO - Executing <Task(PythonOperator): ingest_to_bronze> on 2026-08-17 02:00:00+00:00
[2026-08-17T03:15:30.583+0000] {standard_task_runner.py:60} INFO - Started process 59474 to run task
[2026-08-17T03:15:30.593+0000] {standard_task_runner.py:87} INFO - Running: ['***', 'tasks', 'run', 'air_quality_ingestion', 'ingest_to_bronze', 'scheduled__2026-08-17T02:00:00+00:00', '--job-id', '352', '--raw', '--subdir', 'DAGS_FOLDER/ingestion_dag.py', '--cfg-path', '/tmp/tmpu0al0y7h']
[2026-08-17T03:15:30.616+0000] {standard_task_runner.py:88} INFO - Job 352: Subtask ingest_to_bronze
[2026-08-17T03:15:31.434+0000] {task_command.py:423} INFO - Running <TaskInstance: air_quality_ingestion.ingest_to_bronze scheduled__2026-08-17T02:00:00+00:00 [running]> on host 6a0525c4c718
[2026-08-17T03:15:31.806+0000] {taskinstance.py:2480} INFO - Exporting env vars: AIRFLOW_CTX_DAG_OWNER='***' AIRFLOW_CTX_DAG_ID='air_quality_ingestion' AIRFLOW_CTX_TASK_ID='ingest_to_bronze' AIRFLOW_CTX_EXECUTION_DATE='2026-08-17T02:00:00+00:00' AIRFLOW_CTX_TRY_NUMBER='1' AIRFLOW_CTX_DAG_RUN_ID='scheduled__2026-08-17T02:00:00+00:00'
[2026-08-17T03:15:33.206+0000] {logging_mixin.py:188} INFO - Created bucket: bronze-air-quality
[2026-08-17T03:15:33.412+0000] {logging_mixin.py:188} INFO - Created bucket: silver-air-quality
[2026-08-17T03:15:33.440+0000] {logging_mixin.py:188} INFO - Created bucket: gold-air-quality
[2026-08-17T03:15:34.853+0000] {logging_mixin.py:188} INFO - ✓ new york: AQI=31
[2026-08-17T03:15:35.699+0000] {logging_mixin.py:188} INFO - ✓ london: AQI=46
[2026-08-17T03:15:36.618+0000] {logging_mixin.py:188} INFO - ✓ beijing: AQI=25
[2026-08-17T03:15:37.853+0000] {logging_mixin.py:188} INFO - ✓ delhi: AQI=63
[2026-08-17T03:15:38.827+0000] {logging_mixin.py:188} INFO - ✓ sydney: AQI=20
[2026-08-17T03:15:38.895+0000] {logging_mixin.py:188} INFO - Saved → s3://bronze-air-quality/year=2026/month=08/day=17/city=new_york/031533.json
[2026-08-17T03:15:38.924+0000] {logging_mixin.py:188} INFO - Saved → s3://bronze-air-quality/year=2026/month=08/day=17/city=london/031533.json
[2026-08-17T03:15:38.959+0000] {logging_mixin.py:188} INFO - Saved → s3://bronze-air-quality/year=2026/month=08/day=17/city=beijing/031533.json
[2026-08-17T03:15:38.981+0000] {logging_mixin.py:188} INFO - Saved → s3://bronze-air-quality/year=2026/month=08/day=17/city=delhi/031533.json
[2026-08-17T03:15:39.026+0000] {logging_mixin.py:188} INFO - Saved → s3://bronze-air-quality/year=2026/month=08/day=17/city=sydney/031533.json
[2026-08-17T03:15:39.027+0000] {logging_mixin.py:188} INFO - 
Total records ingested: 5
[2026-08-17T03:15:39.029+0000] {python.py:201} INFO - Done. Returned value was: None
[2026-08-17T03:15:39.061+0000] {taskinstance.py:1138} INFO - Marking task as SUCCESS. dag_id=air_quality_ingestion, task_id=ingest_to_bronze, execution_date=20260817T020000, start_date=20260817T031530, end_date=20260817T031539
[2026-08-17T03:15:39.167+0000] {local_task_job_runner.py:234} INFO - Task exited with return code 0
[2026-08-17T03:15:39.210+0000] {taskinstance.py:3280} INFO - 0 downstream tasks scheduled from follow-on schedule check
