[2026-08-10T18:00:00.715+0000] {taskinstance.py:1956} INFO - Dependencies all met for dep_context=non-requeueable deps ti=<TaskInstance: air_quality_ingestion.ingest_to_bronze scheduled__2026-08-10T17:00:00+00:00 [queued]>
[2026-08-10T18:00:00.721+0000] {taskinstance.py:1956} INFO - Dependencies all met for dep_context=requeueable deps ti=<TaskInstance: air_quality_ingestion.ingest_to_bronze scheduled__2026-08-10T17:00:00+00:00 [queued]>
[2026-08-10T18:00:00.722+0000] {taskinstance.py:2170} INFO - Starting attempt 1 of 4
[2026-08-10T18:00:00.733+0000] {taskinstance.py:2191} INFO - Executing <Task(PythonOperator): ingest_to_bronze> on 2026-08-10 17:00:00+00:00
[2026-08-10T18:00:00.737+0000] {standard_task_runner.py:60} INFO - Started process 21289 to run task
[2026-08-10T18:00:00.740+0000] {standard_task_runner.py:87} INFO - Running: ['***', 'tasks', 'run', 'air_quality_ingestion', 'ingest_to_bronze', 'scheduled__2026-08-10T17:00:00+00:00', '--job-id', '185', '--raw', '--subdir', 'DAGS_FOLDER/ingestion_dag.py', '--cfg-path', '/tmp/tmp1y2avwva']
[2026-08-10T18:00:00.742+0000] {standard_task_runner.py:88} INFO - Job 185: Subtask ingest_to_bronze
[2026-08-10T18:00:00.815+0000] {task_command.py:423} INFO - Running <TaskInstance: air_quality_ingestion.ingest_to_bronze scheduled__2026-08-10T17:00:00+00:00 [running]> on host 6a0525c4c718
[2026-08-10T18:00:00.890+0000] {taskinstance.py:2480} INFO - Exporting env vars: AIRFLOW_CTX_DAG_OWNER='***' AIRFLOW_CTX_DAG_ID='air_quality_ingestion' AIRFLOW_CTX_TASK_ID='ingest_to_bronze' AIRFLOW_CTX_EXECUTION_DATE='2026-08-10T17:00:00+00:00' AIRFLOW_CTX_TRY_NUMBER='1' AIRFLOW_CTX_DAG_RUN_ID='scheduled__2026-08-10T17:00:00+00:00'
[2026-08-10T18:00:00.987+0000] {logging_mixin.py:188} INFO - Created bucket: bronze-air-quality
[2026-08-10T18:00:00.994+0000] {logging_mixin.py:188} INFO - Created bucket: silver-air-quality
[2026-08-10T18:00:01.001+0000] {logging_mixin.py:188} INFO - Created bucket: gold-air-quality
[2026-08-10T18:00:01.893+0000] {logging_mixin.py:188} INFO - ✓ new york: AQI=36
[2026-08-10T18:00:02.797+0000] {logging_mixin.py:188} INFO - ✓ london: AQI=30
[2026-08-10T18:00:04.003+0000] {logging_mixin.py:188} INFO - ✓ beijing: AQI=104
[2026-08-10T18:00:05.080+0000] {logging_mixin.py:188} INFO - ✓ delhi: AQI=67
[2026-08-10T18:00:05.847+0000] {logging_mixin.py:188} INFO - ✓ sydney: AQI=14
[2026-08-10T18:00:05.856+0000] {logging_mixin.py:188} INFO - Saved → s3://bronze-air-quality/year=2026/month=08/day=10/city=new_york/180001.json
[2026-08-10T18:00:05.863+0000] {logging_mixin.py:188} INFO - Saved → s3://bronze-air-quality/year=2026/month=08/day=10/city=london/180001.json
[2026-08-10T18:00:05.872+0000] {logging_mixin.py:188} INFO - Saved → s3://bronze-air-quality/year=2026/month=08/day=10/city=beijing/180001.json
[2026-08-10T18:00:05.879+0000] {logging_mixin.py:188} INFO - Saved → s3://bronze-air-quality/year=2026/month=08/day=10/city=delhi/180001.json
[2026-08-10T18:00:05.886+0000] {logging_mixin.py:188} INFO - Saved → s3://bronze-air-quality/year=2026/month=08/day=10/city=sydney/180001.json
[2026-08-10T18:00:05.887+0000] {logging_mixin.py:188} INFO - 
Total records ingested: 5
[2026-08-10T18:00:05.888+0000] {python.py:201} INFO - Done. Returned value was: None
[2026-08-10T18:00:05.896+0000] {taskinstance.py:1138} INFO - Marking task as SUCCESS. dag_id=air_quality_ingestion, task_id=ingest_to_bronze, execution_date=20260810T170000, start_date=20260810T180000, end_date=20260810T180005
[2026-08-10T18:00:05.929+0000] {local_task_job_runner.py:234} INFO - Task exited with return code 0
[2026-08-10T18:00:05.942+0000] {taskinstance.py:3280} INFO - 0 downstream tasks scheduled from follow-on schedule check
