[2026-08-13T23:43:46.946+0000] {taskinstance.py:1956} INFO - Dependencies all met for dep_context=non-requeueable deps ti=<TaskInstance: air_quality_pipeline.wait_for_ingestion scheduled__2026-08-13T22:05:00+00:00 [queued]>
[2026-08-13T23:43:46.989+0000] {taskinstance.py:1956} INFO - Dependencies all met for dep_context=requeueable deps ti=<TaskInstance: air_quality_pipeline.wait_for_ingestion scheduled__2026-08-13T22:05:00+00:00 [queued]>
[2026-08-13T23:43:46.994+0000] {taskinstance.py:2170} INFO - Starting attempt 1 of 3
[2026-08-13T23:43:47.126+0000] {taskinstance.py:2191} INFO - Executing <Task(ExternalTaskSensor): wait_for_ingestion> on 2026-08-13 22:05:00+00:00
[2026-08-13T23:43:47.164+0000] {standard_task_runner.py:60} INFO - Started process 47817 to run task
[2026-08-13T23:43:47.215+0000] {standard_task_runner.py:87} INFO - Running: ['***', 'tasks', 'run', 'air_quality_pipeline', 'wait_for_ingestion', 'scheduled__2026-08-13T22:05:00+00:00', '--job-id', '288', '--raw', '--subdir', 'DAGS_FOLDER/spark_pipeline_dag.py', '--cfg-path', '/tmp/tmprmckrmvn']
[2026-08-13T23:43:47.251+0000] {standard_task_runner.py:88} INFO - Job 288: Subtask wait_for_ingestion
[2026-08-13T23:43:47.961+0000] {task_command.py:423} INFO - Running <TaskInstance: air_quality_pipeline.wait_for_ingestion scheduled__2026-08-13T22:05:00+00:00 [running]> on host 6a0525c4c718
[2026-08-13T23:43:49.850+0000] {taskinstance.py:2480} INFO - Exporting env vars: AIRFLOW_CTX_DAG_OWNER='***' AIRFLOW_CTX_DAG_ID='air_quality_pipeline' AIRFLOW_CTX_TASK_ID='wait_for_ingestion' AIRFLOW_CTX_EXECUTION_DATE='2026-08-13T22:05:00+00:00' AIRFLOW_CTX_TRY_NUMBER='1' AIRFLOW_CTX_DAG_RUN_ID='scheduled__2026-08-13T22:05:00+00:00'
[2026-08-13T23:43:49.852+0000] {external_task.py:244} INFO - Poking for tasks ['ingest_to_bronze'] in dag air_quality_ingestion on 2026-08-13T22:05:00+00:00 ... 
[2026-08-13T23:44:20.010+0000] {external_task.py:244} INFO - Poking for tasks ['ingest_to_bronze'] in dag air_quality_ingestion on 2026-08-13T22:05:00+00:00 ... 
[2026-08-13T23:44:50.037+0000] {external_task.py:244} INFO - Poking for tasks ['ingest_to_bronze'] in dag air_quality_ingestion on 2026-08-13T22:05:00+00:00 ... 
[2026-08-13T23:45:20.053+0000] {external_task.py:244} INFO - Poking for tasks ['ingest_to_bronze'] in dag air_quality_ingestion on 2026-08-13T22:05:00+00:00 ... 
[2026-08-13T23:45:50.078+0000] {external_task.py:244} INFO - Poking for tasks ['ingest_to_bronze'] in dag air_quality_ingestion on 2026-08-13T22:05:00+00:00 ... 
[2026-08-13T23:46:20.095+0000] {external_task.py:244} INFO - Poking for tasks ['ingest_to_bronze'] in dag air_quality_ingestion on 2026-08-13T22:05:00+00:00 ... 
[2026-08-13T23:46:50.114+0000] {external_task.py:244} INFO - Poking for tasks ['ingest_to_bronze'] in dag air_quality_ingestion on 2026-08-13T22:05:00+00:00 ... 
[2026-08-13T23:47:20.131+0000] {external_task.py:244} INFO - Poking for tasks ['ingest_to_bronze'] in dag air_quality_ingestion on 2026-08-13T22:05:00+00:00 ... 
[2026-08-13T23:47:50.142+0000] {external_task.py:244} INFO - Poking for tasks ['ingest_to_bronze'] in dag air_quality_ingestion on 2026-08-13T22:05:00+00:00 ... 
[2026-08-13T23:48:20.167+0000] {external_task.py:244} INFO - Poking for tasks ['ingest_to_bronze'] in dag air_quality_ingestion on 2026-08-13T22:05:00+00:00 ... 
[2026-08-13T23:48:50.206+0000] {external_task.py:244} INFO - Poking for tasks ['ingest_to_bronze'] in dag air_quality_ingestion on 2026-08-13T22:05:00+00:00 ... 
[2026-08-13T23:48:50.218+0000] {taskinstance.py:2698} ERROR - Task failed with exception
Traceback (most recent call last):
  File "/home/airflow/.local/lib/python3.11/site-packages/airflow/models/taskinstance.py", line 433, in _execute_task
    result = execute_callable(context=context, **execute_callable_kwargs)
             ^^^^^^^^^^^^^^^^^^^^^^^^^^^^^^^^^^^^^^^^^^^^^^^^^^^^^^^^^^^^
  File "/home/airflow/.local/lib/python3.11/site-packages/airflow/sensors/external_task.py", line 334, in execute
    super().execute(context)
  File "/home/airflow/.local/lib/python3.11/site-packages/airflow/sensors/base.py", line 282, in execute
    raise AirflowSensorTimeout(message)
airflow.exceptions.AirflowSensorTimeout: Sensor has timed out; run duration of 300.39338277000934 seconds exceeds the specified timeout of 300.0.
[2026-08-13T23:48:50.230+0000] {taskinstance.py:1138} INFO - Immediate failure requested. Marking task as FAILED. dag_id=air_quality_pipeline, task_id=wait_for_ingestion, execution_date=20260813T220500, start_date=20260813T234346, end_date=20260813T234850
[2026-08-13T23:48:50.249+0000] {standard_task_runner.py:107} ERROR - Failed to execute job 288 for task wait_for_ingestion (Sensor has timed out; run duration of 300.39338277000934 seconds exceeds the specified timeout of 300.0.; 47817)
[2026-08-13T23:48:50.263+0000] {local_task_job_runner.py:234} INFO - Task exited with return code 1
[2026-08-13T23:48:50.294+0000] {taskinstance.py:3280} INFO - 0 downstream tasks scheduled from follow-on schedule check
