[2026-08-10T17:50:46.748+0000] {taskinstance.py:1956} INFO - Dependencies all met for dep_context=non-requeueable deps ti=<TaskInstance: air_quality_ingestion.ingest_to_bronze scheduled__2026-08-10T16:00:00+00:00 [queued]>
[2026-08-10T17:50:46.795+0000] {taskinstance.py:1956} INFO - Dependencies all met for dep_context=requeueable deps ti=<TaskInstance: air_quality_ingestion.ingest_to_bronze scheduled__2026-08-10T16:00:00+00:00 [queued]>
[2026-08-10T17:50:46.815+0000] {taskinstance.py:2170} INFO - Starting attempt 1 of 4
[2026-08-10T17:50:46.877+0000] {taskinstance.py:2191} INFO - Executing <Task(PythonOperator): ingest_to_bronze> on 2026-08-10 16:00:00+00:00
[2026-08-10T17:50:46.920+0000] {standard_task_runner.py:60} INFO - Started process 21103 to run task
[2026-08-10T17:50:46.928+0000] {standard_task_runner.py:87} INFO - Running: ['***', 'tasks', 'run', 'air_quality_ingestion', 'ingest_to_bronze', 'scheduled__2026-08-10T16:00:00+00:00', '--job-id', '184', '--raw', '--subdir', 'DAGS_FOLDER/ingestion_dag.py', '--cfg-path', '/tmp/tmpvbt73s9u']
[2026-08-10T17:50:46.968+0000] {standard_task_runner.py:88} INFO - Job 184: Subtask ingest_to_bronze
[2026-08-10T17:50:47.290+0000] {task_command.py:423} INFO - Running <TaskInstance: air_quality_ingestion.ingest_to_bronze scheduled__2026-08-10T16:00:00+00:00 [running]> on host 6a0525c4c718
[2026-08-10T17:50:47.689+0000] {taskinstance.py:2480} INFO - Exporting env vars: AIRFLOW_CTX_DAG_OWNER='***' AIRFLOW_CTX_DAG_ID='air_quality_ingestion' AIRFLOW_CTX_TASK_ID='ingest_to_bronze' AIRFLOW_CTX_EXECUTION_DATE='2026-08-10T16:00:00+00:00' AIRFLOW_CTX_TRY_NUMBER='1' AIRFLOW_CTX_DAG_RUN_ID='scheduled__2026-08-10T16:00:00+00:00'
[2026-08-10T17:50:48.139+0000] {logging_mixin.py:188} INFO - Created bucket: bronze-air-quality
[2026-08-10T17:50:48.179+0000] {logging_mixin.py:188} INFO - Created bucket: silver-air-quality
[2026-08-10T17:50:48.204+0000] {logging_mixin.py:188} INFO - Created bucket: gold-air-quality
[2026-08-10T17:50:48.275+0000] {logging_mixin.py:188} INFO - ✗ new york: HTTPSConnectionPool(host='api.waqi.info', port=443): Max retries exceeded with url: /feed/new%20york/?token=2cc5f2fc84f739a6377a29001c83fd1911c54797 (Caused by NameResolutionError("<urllib3.connection.HTTPSConnection object at 0x7d6db6fdf450>: Failed to resolve 'api.waqi.info' ([Errno -2] Name or service not known)"))
[2026-08-10T17:50:48.293+0000] {logging_mixin.py:188} INFO - ✗ london: HTTPSConnectionPool(host='api.waqi.info', port=443): Max retries exceeded with url: /feed/london/?token=2cc5f2fc84f739a6377a29001c83fd1911c54797 (Caused by NameResolutionError("<urllib3.connection.HTTPSConnection object at 0x7d6db68d1250>: Failed to resolve 'api.waqi.info' ([Errno -2] Name or service not known)"))
[2026-08-10T17:50:48.317+0000] {logging_mixin.py:188} INFO - ✗ beijing: HTTPSConnectionPool(host='api.waqi.info', port=443): Max retries exceeded with url: /feed/beijing/?token=2cc5f2fc84f739a6377a29001c83fd1911c54797 (Caused by NameResolutionError("<urllib3.connection.HTTPSConnection object at 0x7d6db68d3650>: Failed to resolve 'api.waqi.info' ([Errno -2] Name or service not known)"))
[2026-08-10T17:50:48.347+0000] {logging_mixin.py:188} INFO - ✗ delhi: HTTPSConnectionPool(host='api.waqi.info', port=443): Max retries exceeded with url: /feed/delhi/?token=2cc5f2fc84f739a6377a29001c83fd1911c54797 (Caused by NameResolutionError("<urllib3.connection.HTTPSConnection object at 0x7d6db68d3190>: Failed to resolve 'api.waqi.info' ([Errno -2] Name or service not known)"))
[2026-08-10T17:50:48.447+0000] {logging_mixin.py:188} INFO - ✗ sydney: HTTPSConnectionPool(host='api.waqi.info', port=443): Max retries exceeded with url: /feed/sydney/?token=2cc5f2fc84f739a6377a29001c83fd1911c54797 (Caused by NameResolutionError("<urllib3.connection.HTTPSConnection object at 0x7d6db6fe8e90>: Failed to resolve 'api.waqi.info' ([Errno -2] Name or service not known)"))
[2026-08-10T17:50:48.454+0000] {logging_mixin.py:188} INFO - 
Total records ingested: 0
[2026-08-10T17:50:48.455+0000] {python.py:201} INFO - Done. Returned value was: None
[2026-08-10T17:50:48.501+0000] {taskinstance.py:1138} INFO - Marking task as SUCCESS. dag_id=air_quality_ingestion, task_id=ingest_to_bronze, execution_date=20260810T160000, start_date=20260810T175046, end_date=20260810T175048
[2026-08-10T17:50:48.576+0000] {local_task_job_runner.py:234} INFO - Task exited with return code 0
[2026-08-10T17:50:48.620+0000] {taskinstance.py:3280} INFO - 0 downstream tasks scheduled from follow-on schedule check
