[2026-08-14T02:38:02.641+0000] {taskinstance.py:1956} INFO - Dependencies all met for dep_context=non-requeueable deps ti=<TaskInstance: air_quality_pipeline.wait_for_ingestion scheduled__2026-08-14T01:05:00+00:00 [queued]>
[2026-08-14T02:38:02.704+0000] {taskinstance.py:1956} INFO - Dependencies all met for dep_context=requeueable deps ti=<TaskInstance: air_quality_pipeline.wait_for_ingestion scheduled__2026-08-14T01:05:00+00:00 [queued]>
[2026-08-14T02:38:02.737+0000] {taskinstance.py:2170} INFO - Starting attempt 1 of 3
[2026-08-14T02:38:03.066+0000] {taskinstance.py:2191} INFO - Executing <Task(ExternalTaskSensor): wait_for_ingestion> on 2026-08-14 01:05:00+00:00
[2026-08-14T02:38:03.457+0000] {standard_task_runner.py:60} INFO - Started process 48972 to run task
[2026-08-14T02:38:03.466+0000] {standard_task_runner.py:87} INFO - Running: ['***', 'tasks', 'run', 'air_quality_pipeline', 'wait_for_ingestion', 'scheduled__2026-08-14T01:05:00+00:00', '--job-id', '293', '--raw', '--subdir', 'DAGS_FOLDER/spark_pipeline_dag.py', '--cfg-path', '/tmp/tmpnhk2b8i0']
[2026-08-14T02:38:03.614+0000] {standard_task_runner.py:88} INFO - Job 293: Subtask wait_for_ingestion
[2026-08-14T02:38:04.301+0000] {task_command.py:423} INFO - Running <TaskInstance: air_quality_pipeline.wait_for_ingestion scheduled__2026-08-14T01:05:00+00:00 [running]> on host 6a0525c4c718
[2026-08-14T02:38:04.767+0000] {taskinstance.py:2480} INFO - Exporting env vars: AIRFLOW_CTX_DAG_OWNER='***' AIRFLOW_CTX_DAG_ID='air_quality_pipeline' AIRFLOW_CTX_TASK_ID='wait_for_ingestion' AIRFLOW_CTX_EXECUTION_DATE='2026-08-14T01:05:00+00:00' AIRFLOW_CTX_TRY_NUMBER='1' AIRFLOW_CTX_DAG_RUN_ID='scheduled__2026-08-14T01:05:00+00:00'
[2026-08-14T02:38:04.777+0000] {external_task.py:244} INFO - Poking for tasks ['ingest_to_bronze'] in dag air_quality_ingestion on 2026-08-14T01:05:00+00:00 ... 
[2026-08-14T02:38:34.818+0000] {external_task.py:244} INFO - Poking for tasks ['ingest_to_bronze'] in dag air_quality_ingestion on 2026-08-14T01:05:00+00:00 ... 
[2026-08-14T02:39:04.836+0000] {external_task.py:244} INFO - Poking for tasks ['ingest_to_bronze'] in dag air_quality_ingestion on 2026-08-14T01:05:00+00:00 ... 
[2026-08-14T02:39:34.854+0000] {external_task.py:244} INFO - Poking for tasks ['ingest_to_bronze'] in dag air_quality_ingestion on 2026-08-14T01:05:00+00:00 ... 
[2026-08-14T02:40:04.879+0000] {external_task.py:244} INFO - Poking for tasks ['ingest_to_bronze'] in dag air_quality_ingestion on 2026-08-14T01:05:00+00:00 ... 
[2026-08-14T02:40:34.892+0000] {external_task.py:244} INFO - Poking for tasks ['ingest_to_bronze'] in dag air_quality_ingestion on 2026-08-14T01:05:00+00:00 ... 
[2026-08-14T02:41:04.906+0000] {external_task.py:244} INFO - Poking for tasks ['ingest_to_bronze'] in dag air_quality_ingestion on 2026-08-14T01:05:00+00:00 ... 
[2026-08-14T02:41:34.931+0000] {external_task.py:244} INFO - Poking for tasks ['ingest_to_bronze'] in dag air_quality_ingestion on 2026-08-14T01:05:00+00:00 ... 
[2026-08-14T02:42:04.953+0000] {external_task.py:244} INFO - Poking for tasks ['ingest_to_bronze'] in dag air_quality_ingestion on 2026-08-14T01:05:00+00:00 ... 
[2026-08-14T02:42:34.961+0000] {external_task.py:244} INFO - Poking for tasks ['ingest_to_bronze'] in dag air_quality_ingestion on 2026-08-14T01:05:00+00:00 ... 
[2026-08-14T02:43:04.983+0000] {external_task.py:244} INFO - Poking for tasks ['ingest_to_bronze'] in dag air_quality_ingestion on 2026-08-14T01:05:00+00:00 ... 
[2026-08-14T02:43:04.996+0000] {taskinstance.py:2698} ERROR - Task failed with exception
Traceback (most recent call last):
  File "/home/airflow/.local/lib/python3.11/site-packages/airflow/models/taskinstance.py", line 433, in _execute_task
    result = execute_callable(context=context, **execute_callable_kwargs)
             ^^^^^^^^^^^^^^^^^^^^^^^^^^^^^^^^^^^^^^^^^^^^^^^^^^^^^^^^^^^^
  File "/home/airflow/.local/lib/python3.11/site-packages/airflow/sensors/external_task.py", line 334, in execute
    super().execute(context)
  File "/home/airflow/.local/lib/python3.11/site-packages/airflow/sensors/base.py", line 282, in execute
    raise AirflowSensorTimeout(message)
airflow.exceptions.AirflowSensorTimeout: Sensor has timed out; run duration of 300.24347100997693 seconds exceeds the specified timeout of 300.0.
[2026-08-14T02:43:05.017+0000] {taskinstance.py:1138} INFO - Immediate failure requested. Marking task as FAILED. dag_id=air_quality_pipeline, task_id=wait_for_ingestion, execution_date=20260814T010500, start_date=20260814T023802, end_date=20260814T024305
[2026-08-14T02:43:05.035+0000] {standard_task_runner.py:107} ERROR - Failed to execute job 293 for task wait_for_ingestion (Sensor has timed out; run duration of 300.24347100997693 seconds exceeds the specified timeout of 300.0.; 48972)
[2026-08-14T02:43:05.081+0000] {local_task_job_runner.py:234} INFO - Task exited with return code 1
[2026-08-14T02:43:05.112+0000] {taskinstance.py:3280} INFO - 0 downstream tasks scheduled from follow-on schedule check
