[2026-09-10T00:00:33.635+0000] {processor.py:161} INFO - Started process (PID=169) to work on /opt/airflow/dags/spark_pipeline_dag.py
[2026-09-10T00:00:33.638+0000] {processor.py:830} INFO - Processing file /opt/airflow/dags/spark_pipeline_dag.py for tasks to queue
[2026-09-10T00:00:33.641+0000] {logging_mixin.py:188} INFO - [2026-09-10T00:00:33.640+0000] {dagbag.py:538} INFO - Filling up the DagBag from /opt/airflow/dags/spark_pipeline_dag.py
[2026-09-10T00:00:33.699+0000] {processor.py:840} INFO - DAG(s) 'air_quality_pipeline' retrieved from /opt/airflow/dags/spark_pipeline_dag.py
[2026-09-10T00:00:33.765+0000] {logging_mixin.py:188} INFO - [2026-09-10T00:00:33.764+0000] {dag.py:3036} INFO - Sync 1 DAGs
[2026-09-10T00:00:33.818+0000] {logging_mixin.py:188} INFO - [2026-09-10T00:00:33.817+0000] {dag.py:3823} INFO - Setting next_dagrun for air_quality_pipeline to 2026-09-09 23:05:00+00:00, run_after=2026-09-10 00:05:00+00:00
[2026-09-10T00:00:33.866+0000] {processor.py:183} INFO - Processing /opt/airflow/dags/spark_pipeline_dag.py took 0.243 seconds
[2026-09-10T00:01:04.244+0000] {processor.py:161} INFO - Started process (PID=180) to work on /opt/airflow/dags/spark_pipeline_dag.py
[2026-09-10T00:01:04.246+0000] {processor.py:830} INFO - Processing file /opt/airflow/dags/spark_pipeline_dag.py for tasks to queue
[2026-09-10T00:01:04.246+0000] {logging_mixin.py:188} INFO - [2026-09-10T00:01:04.246+0000] {dagbag.py:538} INFO - Filling up the DagBag from /opt/airflow/dags/spark_pipeline_dag.py
[2026-09-10T00:01:04.272+0000] {processor.py:840} INFO - DAG(s) 'air_quality_pipeline' retrieved from /opt/airflow/dags/spark_pipeline_dag.py
[2026-09-10T00:01:04.426+0000] {logging_mixin.py:188} INFO - [2026-09-10T00:01:04.426+0000] {dag.py:3036} INFO - Sync 1 DAGs
[2026-09-10T00:01:04.440+0000] {logging_mixin.py:188} INFO - [2026-09-10T00:01:04.440+0000] {dag.py:3823} INFO - Setting next_dagrun for air_quality_pipeline to 2026-09-09 23:05:00+00:00, run_after=2026-09-10 00:05:00+00:00
[2026-09-10T00:01:04.458+0000] {processor.py:183} INFO - Processing /opt/airflow/dags/spark_pipeline_dag.py took 0.218 seconds
[2026-09-10T00:01:34.843+0000] {processor.py:161} INFO - Started process (PID=202) to work on /opt/airflow/dags/spark_pipeline_dag.py
[2026-09-10T00:01:34.845+0000] {processor.py:830} INFO - Processing file /opt/airflow/dags/spark_pipeline_dag.py for tasks to queue
[2026-09-10T00:01:34.847+0000] {logging_mixin.py:188} INFO - [2026-09-10T00:01:34.846+0000] {dagbag.py:538} INFO - Filling up the DagBag from /opt/airflow/dags/spark_pipeline_dag.py
[2026-09-10T00:01:34.890+0000] {processor.py:840} INFO - DAG(s) 'air_quality_pipeline' retrieved from /opt/airflow/dags/spark_pipeline_dag.py
[2026-09-10T00:01:34.928+0000] {logging_mixin.py:188} INFO - [2026-09-10T00:01:34.928+0000] {dag.py:3036} INFO - Sync 1 DAGs
[2026-09-10T00:01:34.964+0000] {logging_mixin.py:188} INFO - [2026-09-10T00:01:34.963+0000] {dag.py:3823} INFO - Setting next_dagrun for air_quality_pipeline to 2026-09-09 23:05:00+00:00, run_after=2026-09-10 00:05:00+00:00
[2026-09-10T00:01:34.993+0000] {processor.py:183} INFO - Processing /opt/airflow/dags/spark_pipeline_dag.py took 0.157 seconds
[2026-09-10T00:02:05.439+0000] {processor.py:161} INFO - Started process (PID=212) to work on /opt/airflow/dags/spark_pipeline_dag.py
[2026-09-10T00:02:05.440+0000] {processor.py:830} INFO - Processing file /opt/airflow/dags/spark_pipeline_dag.py for tasks to queue
[2026-09-10T00:02:05.442+0000] {logging_mixin.py:188} INFO - [2026-09-10T00:02:05.442+0000] {dagbag.py:538} INFO - Filling up the DagBag from /opt/airflow/dags/spark_pipeline_dag.py
[2026-09-10T00:02:05.464+0000] {processor.py:840} INFO - DAG(s) 'air_quality_pipeline' retrieved from /opt/airflow/dags/spark_pipeline_dag.py
[2026-09-10T00:02:05.489+0000] {logging_mixin.py:188} INFO - [2026-09-10T00:02:05.489+0000] {dag.py:3036} INFO - Sync 1 DAGs
[2026-09-10T00:02:05.524+0000] {logging_mixin.py:188} INFO - [2026-09-10T00:02:05.524+0000] {dag.py:3823} INFO - Setting next_dagrun for air_quality_pipeline to 2026-09-09 23:05:00+00:00, run_after=2026-09-10 00:05:00+00:00
[2026-09-10T00:02:05.542+0000] {processor.py:183} INFO - Processing /opt/airflow/dags/spark_pipeline_dag.py took 0.106 seconds
[2026-09-10T00:02:36.029+0000] {processor.py:161} INFO - Started process (PID=222) to work on /opt/airflow/dags/spark_pipeline_dag.py
[2026-09-10T00:02:36.030+0000] {processor.py:830} INFO - Processing file /opt/airflow/dags/spark_pipeline_dag.py for tasks to queue
[2026-09-10T00:02:36.031+0000] {logging_mixin.py:188} INFO - [2026-09-10T00:02:36.031+0000] {dagbag.py:538} INFO - Filling up the DagBag from /opt/airflow/dags/spark_pipeline_dag.py
[2026-09-10T00:02:36.050+0000] {processor.py:840} INFO - DAG(s) 'air_quality_pipeline' retrieved from /opt/airflow/dags/spark_pipeline_dag.py
[2026-09-10T00:02:36.074+0000] {logging_mixin.py:188} INFO - [2026-09-10T00:02:36.074+0000] {dag.py:3036} INFO - Sync 1 DAGs
[2026-09-10T00:02:36.097+0000] {logging_mixin.py:188} INFO - [2026-09-10T00:02:36.097+0000] {dag.py:3823} INFO - Setting next_dagrun for air_quality_pipeline to 2026-09-09 23:05:00+00:00, run_after=2026-09-10 00:05:00+00:00
[2026-09-10T00:02:36.118+0000] {processor.py:183} INFO - Processing /opt/airflow/dags/spark_pipeline_dag.py took 0.092 seconds
[2026-09-10T00:03:06.568+0000] {processor.py:161} INFO - Started process (PID=232) to work on /opt/airflow/dags/spark_pipeline_dag.py
[2026-09-10T00:03:06.570+0000] {processor.py:830} INFO - Processing file /opt/airflow/dags/spark_pipeline_dag.py for tasks to queue
[2026-09-10T00:03:06.571+0000] {logging_mixin.py:188} INFO - [2026-09-10T00:03:06.570+0000] {dagbag.py:538} INFO - Filling up the DagBag from /opt/airflow/dags/spark_pipeline_dag.py
[2026-09-10T00:03:06.602+0000] {processor.py:840} INFO - DAG(s) 'air_quality_pipeline' retrieved from /opt/airflow/dags/spark_pipeline_dag.py
[2026-09-10T00:03:06.637+0000] {logging_mixin.py:188} INFO - [2026-09-10T00:03:06.637+0000] {dag.py:3036} INFO - Sync 1 DAGs
[2026-09-10T00:03:06.667+0000] {logging_mixin.py:188} INFO - [2026-09-10T00:03:06.666+0000] {dag.py:3823} INFO - Setting next_dagrun for air_quality_pipeline to 2026-09-09 23:05:00+00:00, run_after=2026-09-10 00:05:00+00:00
[2026-09-10T00:03:06.804+0000] {processor.py:183} INFO - Processing /opt/airflow/dags/spark_pipeline_dag.py took 0.241 seconds
[2026-09-10T00:03:37.351+0000] {processor.py:161} INFO - Started process (PID=242) to work on /opt/airflow/dags/spark_pipeline_dag.py
[2026-09-10T00:03:37.352+0000] {processor.py:830} INFO - Processing file /opt/airflow/dags/spark_pipeline_dag.py for tasks to queue
[2026-09-10T00:03:37.353+0000] {logging_mixin.py:188} INFO - [2026-09-10T00:03:37.353+0000] {dagbag.py:538} INFO - Filling up the DagBag from /opt/airflow/dags/spark_pipeline_dag.py
[2026-09-10T00:03:37.388+0000] {processor.py:840} INFO - DAG(s) 'air_quality_pipeline' retrieved from /opt/airflow/dags/spark_pipeline_dag.py
[2026-09-10T00:03:37.410+0000] {logging_mixin.py:188} INFO - [2026-09-10T00:03:37.410+0000] {dag.py:3036} INFO - Sync 1 DAGs
[2026-09-10T00:03:37.429+0000] {logging_mixin.py:188} INFO - [2026-09-10T00:03:37.429+0000] {dag.py:3823} INFO - Setting next_dagrun for air_quality_pipeline to 2026-09-09 23:05:00+00:00, run_after=2026-09-10 00:05:00+00:00
[2026-09-10T00:03:37.451+0000] {processor.py:183} INFO - Processing /opt/airflow/dags/spark_pipeline_dag.py took 0.103 seconds
[2026-09-10T00:04:07.924+0000] {processor.py:161} INFO - Started process (PID=252) to work on /opt/airflow/dags/spark_pipeline_dag.py
[2026-09-10T00:04:07.928+0000] {processor.py:830} INFO - Processing file /opt/airflow/dags/spark_pipeline_dag.py for tasks to queue
[2026-09-10T00:04:07.931+0000] {logging_mixin.py:188} INFO - [2026-09-10T00:04:07.930+0000] {dagbag.py:538} INFO - Filling up the DagBag from /opt/airflow/dags/spark_pipeline_dag.py
[2026-09-10T00:04:07.994+0000] {processor.py:840} INFO - DAG(s) 'air_quality_pipeline' retrieved from /opt/airflow/dags/spark_pipeline_dag.py
[2026-09-10T00:04:08.040+0000] {logging_mixin.py:188} INFO - [2026-09-10T00:04:08.038+0000] {dag.py:3036} INFO - Sync 1 DAGs
[2026-09-10T00:04:08.074+0000] {logging_mixin.py:188} INFO - [2026-09-10T00:04:08.074+0000] {dag.py:3823} INFO - Setting next_dagrun for air_quality_pipeline to 2026-09-09 23:05:00+00:00, run_after=2026-09-10 00:05:00+00:00
[2026-09-10T00:04:08.099+0000] {processor.py:183} INFO - Processing /opt/airflow/dags/spark_pipeline_dag.py took 0.187 seconds
[2026-09-10T00:04:38.537+0000] {processor.py:161} INFO - Started process (PID=264) to work on /opt/airflow/dags/spark_pipeline_dag.py
[2026-09-10T00:04:38.539+0000] {processor.py:830} INFO - Processing file /opt/airflow/dags/spark_pipeline_dag.py for tasks to queue
[2026-09-10T00:04:38.540+0000] {logging_mixin.py:188} INFO - [2026-09-10T00:04:38.540+0000] {dagbag.py:538} INFO - Filling up the DagBag from /opt/airflow/dags/spark_pipeline_dag.py
[2026-09-10T00:04:38.569+0000] {processor.py:840} INFO - DAG(s) 'air_quality_pipeline' retrieved from /opt/airflow/dags/spark_pipeline_dag.py
[2026-09-10T00:04:38.602+0000] {logging_mixin.py:188} INFO - [2026-09-10T00:04:38.602+0000] {dag.py:3036} INFO - Sync 1 DAGs
[2026-09-10T00:04:38.659+0000] {logging_mixin.py:188} INFO - [2026-09-10T00:04:38.659+0000] {dag.py:3823} INFO - Setting next_dagrun for air_quality_pipeline to 2026-09-09 23:05:00+00:00, run_after=2026-09-10 00:05:00+00:00
[2026-09-10T00:04:38.713+0000] {processor.py:183} INFO - Processing /opt/airflow/dags/spark_pipeline_dag.py took 0.178 seconds
[2026-09-10T00:05:09.094+0000] {processor.py:161} INFO - Started process (PID=286) to work on /opt/airflow/dags/spark_pipeline_dag.py
[2026-09-10T00:05:09.095+0000] {processor.py:830} INFO - Processing file /opt/airflow/dags/spark_pipeline_dag.py for tasks to queue
[2026-09-10T00:05:09.097+0000] {logging_mixin.py:188} INFO - [2026-09-10T00:05:09.096+0000] {dagbag.py:538} INFO - Filling up the DagBag from /opt/airflow/dags/spark_pipeline_dag.py
[2026-09-10T00:05:09.139+0000] {processor.py:840} INFO - DAG(s) 'air_quality_pipeline' retrieved from /opt/airflow/dags/spark_pipeline_dag.py
[2026-09-10T00:05:09.170+0000] {logging_mixin.py:188} INFO - [2026-09-10T00:05:09.170+0000] {dag.py:3036} INFO - Sync 1 DAGs
[2026-09-10T00:05:09.201+0000] {logging_mixin.py:188} INFO - [2026-09-10T00:05:09.201+0000] {dag.py:3823} INFO - Setting next_dagrun for air_quality_pipeline to 2026-09-10 00:05:00+00:00, run_after=2026-09-10 01:05:00+00:00
[2026-09-10T00:05:09.230+0000] {processor.py:183} INFO - Processing /opt/airflow/dags/spark_pipeline_dag.py took 0.139 seconds
[2026-09-10T00:05:39.701+0000] {processor.py:161} INFO - Started process (PID=314) to work on /opt/airflow/dags/spark_pipeline_dag.py
[2026-09-10T00:05:39.703+0000] {processor.py:830} INFO - Processing file /opt/airflow/dags/spark_pipeline_dag.py for tasks to queue
[2026-09-10T00:05:39.706+0000] {logging_mixin.py:188} INFO - [2026-09-10T00:05:39.705+0000] {dagbag.py:538} INFO - Filling up the DagBag from /opt/airflow/dags/spark_pipeline_dag.py
[2026-09-10T00:05:39.745+0000] {processor.py:840} INFO - DAG(s) 'air_quality_pipeline' retrieved from /opt/airflow/dags/spark_pipeline_dag.py
[2026-09-10T00:05:39.781+0000] {logging_mixin.py:188} INFO - [2026-09-10T00:05:39.781+0000] {dag.py:3036} INFO - Sync 1 DAGs
[2026-09-10T00:05:39.831+0000] {processor.py:183} INFO - Processing /opt/airflow/dags/spark_pipeline_dag.py took 0.136 seconds
[2026-09-10T00:06:10.257+0000] {processor.py:161} INFO - Started process (PID=324) to work on /opt/airflow/dags/spark_pipeline_dag.py
[2026-09-10T00:06:10.262+0000] {processor.py:830} INFO - Processing file /opt/airflow/dags/spark_pipeline_dag.py for tasks to queue
[2026-09-10T00:06:10.265+0000] {logging_mixin.py:188} INFO - [2026-09-10T00:06:10.264+0000] {dagbag.py:538} INFO - Filling up the DagBag from /opt/airflow/dags/spark_pipeline_dag.py
[2026-09-10T00:06:10.340+0000] {processor.py:840} INFO - DAG(s) 'air_quality_pipeline' retrieved from /opt/airflow/dags/spark_pipeline_dag.py
[2026-09-10T00:06:10.397+0000] {logging_mixin.py:188} INFO - [2026-09-10T00:06:10.397+0000] {dag.py:3036} INFO - Sync 1 DAGs
[2026-09-10T00:06:10.450+0000] {processor.py:183} INFO - Processing /opt/airflow/dags/spark_pipeline_dag.py took 0.198 seconds
[2026-09-10T00:06:40.618+0000] {processor.py:161} INFO - Started process (PID=334) to work on /opt/airflow/dags/spark_pipeline_dag.py
[2026-09-10T00:06:40.619+0000] {processor.py:830} INFO - Processing file /opt/airflow/dags/spark_pipeline_dag.py for tasks to queue
[2026-09-10T00:06:40.620+0000] {logging_mixin.py:188} INFO - [2026-09-10T00:06:40.620+0000] {dagbag.py:538} INFO - Filling up the DagBag from /opt/airflow/dags/spark_pipeline_dag.py
[2026-09-10T00:06:40.650+0000] {processor.py:840} INFO - DAG(s) 'air_quality_pipeline' retrieved from /opt/airflow/dags/spark_pipeline_dag.py
[2026-09-10T00:06:40.672+0000] {logging_mixin.py:188} INFO - [2026-09-10T00:06:40.672+0000] {dag.py:3036} INFO - Sync 1 DAGs
[2026-09-10T00:06:40.710+0000] {processor.py:183} INFO - Processing /opt/airflow/dags/spark_pipeline_dag.py took 0.095 seconds
