[2026-08-12T03:50:28.674+0000] {taskinstance.py:1956} INFO - Dependencies all met for dep_context=non-requeueable deps ti=<TaskInstance: air_quality_ingestion.ingest_to_bronze scheduled__2026-08-12T01:00:00+00:00 [queued]>
[2026-08-12T03:50:28.718+0000] {taskinstance.py:1956} INFO - Dependencies all met for dep_context=requeueable deps ti=<TaskInstance: air_quality_ingestion.ingest_to_bronze scheduled__2026-08-12T01:00:00+00:00 [queued]>
[2026-08-12T03:50:28.727+0000] {taskinstance.py:2170} INFO - Starting attempt 1 of 4
[2026-08-12T03:50:28.807+0000] {taskinstance.py:2191} INFO - Executing <Task(PythonOperator): ingest_to_bronze> on 2026-08-12 01:00:00+00:00
[2026-08-12T03:50:28.854+0000] {standard_task_runner.py:60} INFO - Started process 35988 to run task
[2026-08-12T03:50:28.864+0000] {standard_task_runner.py:87} INFO - Running: ['***', 'tasks', 'run', 'air_quality_ingestion', 'ingest_to_bronze', 'scheduled__2026-08-12T01:00:00+00:00', '--job-id', '238', '--raw', '--subdir', 'DAGS_FOLDER/ingestion_dag.py', '--cfg-path', '/tmp/tmpd95c4vim']
[2026-08-12T03:50:28.882+0000] {standard_task_runner.py:88} INFO - Job 238: Subtask ingest_to_bronze
[2026-08-12T03:50:29.201+0000] {task_command.py:423} INFO - Running <TaskInstance: air_quality_ingestion.ingest_to_bronze scheduled__2026-08-12T01:00:00+00:00 [running]> on host 6a0525c4c718
[2026-08-12T03:50:29.631+0000] {taskinstance.py:2480} INFO - Exporting env vars: AIRFLOW_CTX_DAG_OWNER='***' AIRFLOW_CTX_DAG_ID='air_quality_ingestion' AIRFLOW_CTX_TASK_ID='ingest_to_bronze' AIRFLOW_CTX_EXECUTION_DATE='2026-08-12T01:00:00+00:00' AIRFLOW_CTX_TRY_NUMBER='1' AIRFLOW_CTX_DAG_RUN_ID='scheduled__2026-08-12T01:00:00+00:00'
[2026-08-12T03:50:30.346+0000] {logging_mixin.py:188} INFO - Created bucket: bronze-air-quality
[2026-08-12T03:50:30.367+0000] {logging_mixin.py:188} INFO - Created bucket: silver-air-quality
[2026-08-12T03:50:30.485+0000] {logging_mixin.py:188} INFO - Created bucket: gold-air-quality
[2026-08-12T03:50:31.635+0000] {logging_mixin.py:188} INFO - ✓ new york: AQI=67
[2026-08-12T03:50:32.621+0000] {logging_mixin.py:188} INFO - ✓ london: AQI=38
[2026-08-12T03:50:33.580+0000] {logging_mixin.py:188} INFO - ✓ beijing: AQI=34
[2026-08-12T03:50:34.592+0000] {logging_mixin.py:188} INFO - ✓ delhi: AQI=89
[2026-08-12T03:50:35.530+0000] {logging_mixin.py:188} INFO - ✓ sydney: AQI=13
[2026-08-12T03:50:35.577+0000] {logging_mixin.py:188} INFO - Saved → s3://bronze-air-quality/year=2026/month=08/day=12/city=new_york/035030.json
[2026-08-12T03:50:35.597+0000] {logging_mixin.py:188} INFO - Saved → s3://bronze-air-quality/year=2026/month=08/day=12/city=london/035030.json
[2026-08-12T03:50:35.617+0000] {logging_mixin.py:188} INFO - Saved → s3://bronze-air-quality/year=2026/month=08/day=12/city=beijing/035030.json
[2026-08-12T03:50:35.635+0000] {logging_mixin.py:188} INFO - Saved → s3://bronze-air-quality/year=2026/month=08/day=12/city=delhi/035030.json
[2026-08-12T03:50:35.658+0000] {logging_mixin.py:188} INFO - Saved → s3://bronze-air-quality/year=2026/month=08/day=12/city=sydney/035030.json
[2026-08-12T03:50:35.662+0000] {logging_mixin.py:188} INFO - 
Total records ingested: 5
[2026-08-12T03:50:35.664+0000] {python.py:201} INFO - Done. Returned value was: None
[2026-08-12T03:50:35.692+0000] {taskinstance.py:1138} INFO - Marking task as SUCCESS. dag_id=air_quality_ingestion, task_id=ingest_to_bronze, execution_date=20260812T010000, start_date=20260812T035028, end_date=20260812T035035
[2026-08-12T03:50:35.763+0000] {local_task_job_runner.py:234} INFO - Task exited with return code 0
[2026-08-12T03:50:35.823+0000] {taskinstance.py:3280} INFO - 0 downstream tasks scheduled from follow-on schedule check
