[2026-08-06T22:00:00.827+0000] {taskinstance.py:1956} INFO - Dependencies all met for dep_context=non-requeueable deps ti=<TaskInstance: air_quality_ingestion.ingest_to_bronze scheduled__2026-08-06T21:00:00+00:00 [queued]>
[2026-08-06T22:00:00.833+0000] {taskinstance.py:1956} INFO - Dependencies all met for dep_context=requeueable deps ti=<TaskInstance: air_quality_ingestion.ingest_to_bronze scheduled__2026-08-06T21:00:00+00:00 [queued]>
[2026-08-06T22:00:00.834+0000] {taskinstance.py:2170} INFO - Starting attempt 1 of 4
[2026-08-06T22:00:00.846+0000] {taskinstance.py:2191} INFO - Executing <Task(PythonOperator): ingest_to_bronze> on 2026-08-06 21:00:00+00:00
[2026-08-06T22:00:00.850+0000] {standard_task_runner.py:60} INFO - Started process 3960 to run task
[2026-08-06T22:00:00.853+0000] {standard_task_runner.py:87} INFO - Running: ['***', 'tasks', 'run', 'air_quality_ingestion', 'ingest_to_bronze', 'scheduled__2026-08-06T21:00:00+00:00', '--job-id', '93', '--raw', '--subdir', 'DAGS_FOLDER/ingestion_dag.py', '--cfg-path', '/tmp/tmperws2fcm']
[2026-08-06T22:00:00.856+0000] {standard_task_runner.py:88} INFO - Job 93: Subtask ingest_to_bronze
[2026-08-06T22:00:00.926+0000] {task_command.py:423} INFO - Running <TaskInstance: air_quality_ingestion.ingest_to_bronze scheduled__2026-08-06T21:00:00+00:00 [running]> on host 6a0525c4c718
[2026-08-06T22:00:00.998+0000] {taskinstance.py:2480} INFO - Exporting env vars: AIRFLOW_CTX_DAG_OWNER='***' AIRFLOW_CTX_DAG_ID='air_quality_ingestion' AIRFLOW_CTX_TASK_ID='ingest_to_bronze' AIRFLOW_CTX_EXECUTION_DATE='2026-08-06T21:00:00+00:00' AIRFLOW_CTX_TRY_NUMBER='1' AIRFLOW_CTX_DAG_RUN_ID='scheduled__2026-08-06T21:00:00+00:00'
[2026-08-06T22:00:01.138+0000] {logging_mixin.py:188} INFO - Created bucket: bronze-air-quality
[2026-08-06T22:00:01.147+0000] {logging_mixin.py:188} INFO - Created bucket: silver-air-quality
[2026-08-06T22:00:01.152+0000] {logging_mixin.py:188} INFO - Created bucket: gold-air-quality
[2026-08-06T22:00:02.059+0000] {logging_mixin.py:188} INFO - ✓ new york: AQI=29
[2026-08-06T22:00:02.838+0000] {logging_mixin.py:188} INFO - ✓ london: AQI=28
[2026-08-06T22:00:03.628+0000] {logging_mixin.py:188} INFO - ✓ beijing: AQI=68
[2026-08-06T22:00:04.533+0000] {logging_mixin.py:188} INFO - ✓ delhi: AQI=149
[2026-08-06T22:00:05.347+0000] {logging_mixin.py:188} INFO - ✓ sydney: AQI=44
[2026-08-06T22:00:05.362+0000] {logging_mixin.py:188} INFO - Saved → s3://bronze-air-quality/year=2026/month=08/day=06/city=new_york/220001.json
[2026-08-06T22:00:05.369+0000] {logging_mixin.py:188} INFO - Saved → s3://bronze-air-quality/year=2026/month=08/day=06/city=london/220001.json
[2026-08-06T22:00:05.378+0000] {logging_mixin.py:188} INFO - Saved → s3://bronze-air-quality/year=2026/month=08/day=06/city=beijing/220001.json
[2026-08-06T22:00:05.387+0000] {logging_mixin.py:188} INFO - Saved → s3://bronze-air-quality/year=2026/month=08/day=06/city=delhi/220001.json
[2026-08-06T22:00:05.396+0000] {logging_mixin.py:188} INFO - Saved → s3://bronze-air-quality/year=2026/month=08/day=06/city=sydney/220001.json
[2026-08-06T22:00:05.397+0000] {logging_mixin.py:188} INFO - 
Total records ingested: 5
[2026-08-06T22:00:05.398+0000] {python.py:201} INFO - Done. Returned value was: None
[2026-08-06T22:00:05.408+0000] {taskinstance.py:1138} INFO - Marking task as SUCCESS. dag_id=air_quality_ingestion, task_id=ingest_to_bronze, execution_date=20260806T210000, start_date=20260806T220000, end_date=20260806T220005
[2026-08-06T22:00:05.457+0000] {local_task_job_runner.py:234} INFO - Task exited with return code 0
[2026-08-06T22:00:05.492+0000] {taskinstance.py:3280} INFO - 0 downstream tasks scheduled from follow-on schedule check
