[2026-08-15T01:05:00.712+0000] {taskinstance.py:1956} INFO - Dependencies all met for dep_context=non-requeueable deps ti=<TaskInstance: air_quality_pipeline.wait_for_ingestion scheduled__2026-08-15T00:05:00+00:00 [queued]>
[2026-08-15T01:05:00.720+0000] {taskinstance.py:1956} INFO - Dependencies all met for dep_context=requeueable deps ti=<TaskInstance: air_quality_pipeline.wait_for_ingestion scheduled__2026-08-15T00:05:00+00:00 [queued]>
[2026-08-15T01:05:00.721+0000] {taskinstance.py:2170} INFO - Starting attempt 1 of 3
[2026-08-15T01:05:00.732+0000] {taskinstance.py:2191} INFO - Executing <Task(ExternalTaskSensor): wait_for_ingestion> on 2026-08-15 00:05:00+00:00
[2026-08-15T01:05:00.738+0000] {standard_task_runner.py:60} INFO - Started process 55364 to run task
[2026-08-15T01:05:00.740+0000] {standard_task_runner.py:87} INFO - Running: ['***', 'tasks', 'run', 'air_quality_pipeline', 'wait_for_ingestion', 'scheduled__2026-08-15T00:05:00+00:00', '--job-id', '332', '--raw', '--subdir', 'DAGS_FOLDER/spark_pipeline_dag.py', '--cfg-path', '/tmp/tmp74d47ro2']
[2026-08-15T01:05:00.743+0000] {standard_task_runner.py:88} INFO - Job 332: Subtask wait_for_ingestion
[2026-08-15T01:05:00.816+0000] {task_command.py:423} INFO - Running <TaskInstance: air_quality_pipeline.wait_for_ingestion scheduled__2026-08-15T00:05:00+00:00 [running]> on host 6a0525c4c718
[2026-08-15T01:05:00.884+0000] {taskinstance.py:2480} INFO - Exporting env vars: AIRFLOW_CTX_DAG_OWNER='***' AIRFLOW_CTX_DAG_ID='air_quality_pipeline' AIRFLOW_CTX_TASK_ID='wait_for_ingestion' AIRFLOW_CTX_EXECUTION_DATE='2026-08-15T00:05:00+00:00' AIRFLOW_CTX_TRY_NUMBER='1' AIRFLOW_CTX_DAG_RUN_ID='scheduled__2026-08-15T00:05:00+00:00'
[2026-08-15T01:05:00.885+0000] {external_task.py:244} INFO - Poking for tasks ['ingest_to_bronze'] in dag air_quality_ingestion on 2026-08-15T00:05:00+00:00 ... 
[2026-08-15T01:05:30.893+0000] {external_task.py:244} INFO - Poking for tasks ['ingest_to_bronze'] in dag air_quality_ingestion on 2026-08-15T00:05:00+00:00 ... 
[2026-08-15T01:06:00.907+0000] {external_task.py:244} INFO - Poking for tasks ['ingest_to_bronze'] in dag air_quality_ingestion on 2026-08-15T00:05:00+00:00 ... 
[2026-08-15T01:06:30.913+0000] {external_task.py:244} INFO - Poking for tasks ['ingest_to_bronze'] in dag air_quality_ingestion on 2026-08-15T00:05:00+00:00 ... 
[2026-08-15T01:07:00.922+0000] {external_task.py:244} INFO - Poking for tasks ['ingest_to_bronze'] in dag air_quality_ingestion on 2026-08-15T00:05:00+00:00 ... 
[2026-08-15T01:07:30.930+0000] {external_task.py:244} INFO - Poking for tasks ['ingest_to_bronze'] in dag air_quality_ingestion on 2026-08-15T00:05:00+00:00 ... 
[2026-08-15T01:08:00.936+0000] {external_task.py:244} INFO - Poking for tasks ['ingest_to_bronze'] in dag air_quality_ingestion on 2026-08-15T00:05:00+00:00 ... 
[2026-08-15T01:08:30.946+0000] {external_task.py:244} INFO - Poking for tasks ['ingest_to_bronze'] in dag air_quality_ingestion on 2026-08-15T00:05:00+00:00 ... 
[2026-08-15T01:09:00.961+0000] {external_task.py:244} INFO - Poking for tasks ['ingest_to_bronze'] in dag air_quality_ingestion on 2026-08-15T00:05:00+00:00 ... 
[2026-08-15T01:09:30.969+0000] {external_task.py:244} INFO - Poking for tasks ['ingest_to_bronze'] in dag air_quality_ingestion on 2026-08-15T00:05:00+00:00 ... 
[2026-08-15T01:10:00.981+0000] {external_task.py:244} INFO - Poking for tasks ['ingest_to_bronze'] in dag air_quality_ingestion on 2026-08-15T00:05:00+00:00 ... 
[2026-08-15T01:10:00.998+0000] {taskinstance.py:2698} ERROR - Task failed with exception
Traceback (most recent call last):
  File "/home/airflow/.local/lib/python3.11/site-packages/airflow/models/taskinstance.py", line 433, in _execute_task
    result = execute_callable(context=context, **execute_callable_kwargs)
             ^^^^^^^^^^^^^^^^^^^^^^^^^^^^^^^^^^^^^^^^^^^^^^^^^^^^^^^^^^^^
  File "/home/airflow/.local/lib/python3.11/site-packages/airflow/sensors/external_task.py", line 334, in execute
    super().execute(context)
  File "/home/airflow/.local/lib/python3.11/site-packages/airflow/sensors/base.py", line 282, in execute
    raise AirflowSensorTimeout(message)
airflow.exceptions.AirflowSensorTimeout: Sensor has timed out; run duration of 300.1341083550069 seconds exceeds the specified timeout of 300.0.
[2026-08-15T01:10:01.008+0000] {taskinstance.py:1138} INFO - Immediate failure requested. Marking task as FAILED. dag_id=air_quality_pipeline, task_id=wait_for_ingestion, execution_date=20260815T000500, start_date=20260815T010500, end_date=20260815T011001
[2026-08-15T01:10:01.025+0000] {standard_task_runner.py:107} ERROR - Failed to execute job 332 for task wait_for_ingestion (Sensor has timed out; run duration of 300.1341083550069 seconds exceeds the specified timeout of 300.0.; 55364)
[2026-08-15T01:10:01.046+0000] {local_task_job_runner.py:234} INFO - Task exited with return code 1
[2026-08-15T01:10:01.070+0000] {taskinstance.py:3280} INFO - 0 downstream tasks scheduled from follow-on schedule check
