[2026-09-02T00:10:27.430+0000] {taskinstance.py:1956} INFO - Dependencies all met for dep_context=non-requeueable deps ti=<TaskInstance: air_quality_pipeline.wait_for_ingestion scheduled__2026-09-01T17:05:00+00:00 [queued]>
[2026-09-02T00:10:27.439+0000] {taskinstance.py:1956} INFO - Dependencies all met for dep_context=requeueable deps ti=<TaskInstance: air_quality_pipeline.wait_for_ingestion scheduled__2026-09-01T17:05:00+00:00 [queued]>
[2026-09-02T00:10:27.439+0000] {taskinstance.py:2170} INFO - Starting attempt 2 of 3
[2026-09-02T00:10:27.451+0000] {taskinstance.py:2191} INFO - Executing <Task(ExternalTaskSensor): wait_for_ingestion> on 2026-09-01 17:05:00+00:00
[2026-09-02T00:10:27.456+0000] {standard_task_runner.py:60} INFO - Started process 34569 to run task
[2026-09-02T00:10:27.459+0000] {standard_task_runner.py:87} INFO - Running: ['***', 'tasks', 'run', 'air_quality_pipeline', 'wait_for_ingestion', 'scheduled__2026-09-01T17:05:00+00:00', '--job-id', '535', '--raw', '--subdir', 'DAGS_FOLDER/spark_pipeline_dag.py', '--cfg-path', '/tmp/tmpap834jz4']
[2026-09-02T00:10:27.462+0000] {standard_task_runner.py:88} INFO - Job 535: Subtask wait_for_ingestion
[2026-09-02T00:10:27.531+0000] {task_command.py:423} INFO - Running <TaskInstance: air_quality_pipeline.wait_for_ingestion scheduled__2026-09-01T17:05:00+00:00 [running]> on host 6a0525c4c718
[2026-09-02T00:10:27.593+0000] {taskinstance.py:2480} INFO - Exporting env vars: AIRFLOW_CTX_DAG_OWNER='***' AIRFLOW_CTX_DAG_ID='air_quality_pipeline' AIRFLOW_CTX_TASK_ID='wait_for_ingestion' AIRFLOW_CTX_EXECUTION_DATE='2026-09-01T17:05:00+00:00' AIRFLOW_CTX_TRY_NUMBER='2' AIRFLOW_CTX_DAG_RUN_ID='scheduled__2026-09-01T17:05:00+00:00'
[2026-09-02T00:10:27.594+0000] {external_task.py:244} INFO - Poking for tasks ['ingest_to_bronze'] in dag air_quality_ingestion on 2026-09-01T17:05:00+00:00 ... 
[2026-09-02T00:10:57.602+0000] {external_task.py:244} INFO - Poking for tasks ['ingest_to_bronze'] in dag air_quality_ingestion on 2026-09-01T17:05:00+00:00 ... 
[2026-09-02T00:11:27.610+0000] {external_task.py:244} INFO - Poking for tasks ['ingest_to_bronze'] in dag air_quality_ingestion on 2026-09-01T17:05:00+00:00 ... 
[2026-09-02T00:11:57.621+0000] {external_task.py:244} INFO - Poking for tasks ['ingest_to_bronze'] in dag air_quality_ingestion on 2026-09-01T17:05:00+00:00 ... 
[2026-09-02T00:12:27.633+0000] {external_task.py:244} INFO - Poking for tasks ['ingest_to_bronze'] in dag air_quality_ingestion on 2026-09-01T17:05:00+00:00 ... 
[2026-09-02T00:12:57.641+0000] {external_task.py:244} INFO - Poking for tasks ['ingest_to_bronze'] in dag air_quality_ingestion on 2026-09-01T17:05:00+00:00 ... 
[2026-09-02T00:13:27.648+0000] {external_task.py:244} INFO - Poking for tasks ['ingest_to_bronze'] in dag air_quality_ingestion on 2026-09-01T17:05:00+00:00 ... 
[2026-09-02T00:13:57.652+0000] {external_task.py:244} INFO - Poking for tasks ['ingest_to_bronze'] in dag air_quality_ingestion on 2026-09-01T17:05:00+00:00 ... 
[2026-09-02T00:14:27.672+0000] {external_task.py:244} INFO - Poking for tasks ['ingest_to_bronze'] in dag air_quality_ingestion on 2026-09-01T17:05:00+00:00 ... 
[2026-09-02T00:14:57.680+0000] {external_task.py:244} INFO - Poking for tasks ['ingest_to_bronze'] in dag air_quality_ingestion on 2026-09-01T17:05:00+00:00 ... 
[2026-09-02T00:15:27.693+0000] {external_task.py:244} INFO - Poking for tasks ['ingest_to_bronze'] in dag air_quality_ingestion on 2026-09-01T17:05:00+00:00 ... 
[2026-09-02T00:15:27.704+0000] {taskinstance.py:2698} ERROR - Task failed with exception
Traceback (most recent call last):
  File "/home/airflow/.local/lib/python3.11/site-packages/airflow/models/taskinstance.py", line 433, in _execute_task
    result = execute_callable(context=context, **execute_callable_kwargs)
             ^^^^^^^^^^^^^^^^^^^^^^^^^^^^^^^^^^^^^^^^^^^^^^^^^^^^^^^^^^^^
  File "/home/airflow/.local/lib/python3.11/site-packages/airflow/sensors/external_task.py", line 334, in execute
    super().execute(context)
  File "/home/airflow/.local/lib/python3.11/site-packages/airflow/sensors/base.py", line 282, in execute
    raise AirflowSensorTimeout(message)
airflow.exceptions.AirflowSensorTimeout: Sensor has timed out; run duration of 300.1385827420163 seconds exceeds the specified timeout of 300.0.
[2026-09-02T00:15:27.715+0000] {taskinstance.py:1138} INFO - Immediate failure requested. Marking task as FAILED. dag_id=air_quality_pipeline, task_id=wait_for_ingestion, execution_date=20260901T170500, start_date=20260902T001027, end_date=20260902T001527
[2026-09-02T00:15:27.734+0000] {standard_task_runner.py:107} ERROR - Failed to execute job 535 for task wait_for_ingestion (Sensor has timed out; run duration of 300.1385827420163 seconds exceeds the specified timeout of 300.0.; 34569)
[2026-09-02T00:15:27.776+0000] {local_task_job_runner.py:234} INFO - Task exited with return code 1
[2026-09-02T00:15:27.801+0000] {taskinstance.py:3280} INFO - 0 downstream tasks scheduled from follow-on schedule check
