[2026-08-14T21:00:00.655+0000] {taskinstance.py:1956} INFO - Dependencies all met for dep_context=non-requeueable deps ti=<TaskInstance: air_quality_ingestion.ingest_to_bronze scheduled__2026-08-14T20:00:00+00:00 [queued]>
[2026-08-14T21:00:00.661+0000] {taskinstance.py:1956} INFO - Dependencies all met for dep_context=requeueable deps ti=<TaskInstance: air_quality_ingestion.ingest_to_bronze scheduled__2026-08-14T20:00:00+00:00 [queued]>
[2026-08-14T21:00:00.661+0000] {taskinstance.py:2170} INFO - Starting attempt 1 of 4
[2026-08-14T21:00:00.673+0000] {taskinstance.py:2191} INFO - Executing <Task(PythonOperator): ingest_to_bronze> on 2026-08-14 20:00:00+00:00
[2026-08-14T21:00:00.678+0000] {standard_task_runner.py:60} INFO - Started process 53338 to run task
[2026-08-14T21:00:00.680+0000] {standard_task_runner.py:87} INFO - Running: ['***', 'tasks', 'run', 'air_quality_ingestion', 'ingest_to_bronze', 'scheduled__2026-08-14T20:00:00+00:00', '--job-id', '323', '--raw', '--subdir', 'DAGS_FOLDER/ingestion_dag.py', '--cfg-path', '/tmp/tmpr8nv3m6w']
[2026-08-14T21:00:00.683+0000] {standard_task_runner.py:88} INFO - Job 323: Subtask ingest_to_bronze
[2026-08-14T21:00:00.764+0000] {task_command.py:423} INFO - Running <TaskInstance: air_quality_ingestion.ingest_to_bronze scheduled__2026-08-14T20:00:00+00:00 [running]> on host 6a0525c4c718
[2026-08-14T21:00:00.841+0000] {taskinstance.py:2480} INFO - Exporting env vars: AIRFLOW_CTX_DAG_OWNER='***' AIRFLOW_CTX_DAG_ID='air_quality_ingestion' AIRFLOW_CTX_TASK_ID='ingest_to_bronze' AIRFLOW_CTX_EXECUTION_DATE='2026-08-14T20:00:00+00:00' AIRFLOW_CTX_TRY_NUMBER='1' AIRFLOW_CTX_DAG_RUN_ID='scheduled__2026-08-14T20:00:00+00:00'
[2026-08-14T21:00:00.949+0000] {logging_mixin.py:188} INFO - Created bucket: bronze-air-quality
[2026-08-14T21:00:00.957+0000] {logging_mixin.py:188} INFO - Created bucket: silver-air-quality
[2026-08-14T21:00:00.966+0000] {logging_mixin.py:188} INFO - Created bucket: gold-air-quality
[2026-08-14T21:00:01.918+0000] {logging_mixin.py:188} INFO - ✓ new york: AQI=46
[2026-08-14T21:00:02.858+0000] {logging_mixin.py:188} INFO - ✓ london: AQI=57
[2026-08-14T21:00:03.811+0000] {logging_mixin.py:188} INFO - ✓ beijing: AQI=59
[2026-08-14T21:00:04.675+0000] {logging_mixin.py:188} INFO - ✓ delhi: AQI=99
[2026-08-14T21:00:05.818+0000] {logging_mixin.py:188} INFO - ✓ sydney: AQI=25
[2026-08-14T21:00:05.829+0000] {logging_mixin.py:188} INFO - Saved → s3://bronze-air-quality/year=2026/month=08/day=14/city=new_york/210000.json
[2026-08-14T21:00:05.844+0000] {logging_mixin.py:188} INFO - Saved → s3://bronze-air-quality/year=2026/month=08/day=14/city=london/210000.json
[2026-08-14T21:00:05.853+0000] {logging_mixin.py:188} INFO - Saved → s3://bronze-air-quality/year=2026/month=08/day=14/city=beijing/210000.json
[2026-08-14T21:00:05.863+0000] {logging_mixin.py:188} INFO - Saved → s3://bronze-air-quality/year=2026/month=08/day=14/city=delhi/210000.json
[2026-08-14T21:00:05.873+0000] {logging_mixin.py:188} INFO - Saved → s3://bronze-air-quality/year=2026/month=08/day=14/city=sydney/210000.json
[2026-08-14T21:00:05.874+0000] {logging_mixin.py:188} INFO - 
Total records ingested: 5
[2026-08-14T21:00:05.874+0000] {python.py:201} INFO - Done. Returned value was: None
[2026-08-14T21:00:05.885+0000] {taskinstance.py:1138} INFO - Marking task as SUCCESS. dag_id=air_quality_ingestion, task_id=ingest_to_bronze, execution_date=20260814T200000, start_date=20260814T210000, end_date=20260814T210005
[2026-08-14T21:00:05.913+0000] {local_task_job_runner.py:234} INFO - Task exited with return code 0
[2026-08-14T21:00:05.928+0000] {taskinstance.py:3280} INFO - 0 downstream tasks scheduled from follow-on schedule check
