[2026-08-14T19:17:05.753+0000] {taskinstance.py:1956} INFO - Dependencies all met for dep_context=non-requeueable deps ti=<TaskInstance: air_quality_ingestion.ingest_to_bronze scheduled__2026-08-14T18:00:00+00:00 [queued]>
[2026-08-14T19:17:05.785+0000] {taskinstance.py:1956} INFO - Dependencies all met for dep_context=requeueable deps ti=<TaskInstance: air_quality_ingestion.ingest_to_bronze scheduled__2026-08-14T18:00:00+00:00 [queued]>
[2026-08-14T19:17:05.786+0000] {taskinstance.py:2170} INFO - Starting attempt 1 of 4
[2026-08-14T19:17:05.825+0000] {taskinstance.py:2191} INFO - Executing <Task(PythonOperator): ingest_to_bronze> on 2026-08-14 18:00:00+00:00
[2026-08-14T19:17:05.846+0000] {standard_task_runner.py:60} INFO - Started process 53052 to run task
[2026-08-14T19:17:05.850+0000] {standard_task_runner.py:87} INFO - Running: ['***', 'tasks', 'run', 'air_quality_ingestion', 'ingest_to_bronze', 'scheduled__2026-08-14T18:00:00+00:00', '--job-id', '320', '--raw', '--subdir', 'DAGS_FOLDER/ingestion_dag.py', '--cfg-path', '/tmp/tmpehie9mbe']
[2026-08-14T19:17:05.854+0000] {standard_task_runner.py:88} INFO - Job 320: Subtask ingest_to_bronze
[2026-08-14T19:17:05.959+0000] {task_command.py:423} INFO - Running <TaskInstance: air_quality_ingestion.ingest_to_bronze scheduled__2026-08-14T18:00:00+00:00 [running]> on host 6a0525c4c718
[2026-08-14T19:17:06.112+0000] {taskinstance.py:2480} INFO - Exporting env vars: AIRFLOW_CTX_DAG_OWNER='***' AIRFLOW_CTX_DAG_ID='air_quality_ingestion' AIRFLOW_CTX_TASK_ID='ingest_to_bronze' AIRFLOW_CTX_EXECUTION_DATE='2026-08-14T18:00:00+00:00' AIRFLOW_CTX_TRY_NUMBER='1' AIRFLOW_CTX_DAG_RUN_ID='scheduled__2026-08-14T18:00:00+00:00'
[2026-08-14T19:17:06.236+0000] {logging_mixin.py:188} INFO - Created bucket: bronze-air-quality
[2026-08-14T19:17:06.249+0000] {logging_mixin.py:188} INFO - Created bucket: silver-air-quality
[2026-08-14T19:28:41.273+0000] {logging_mixin.py:188} INFO - Created bucket: gold-air-quality
[2026-08-14T19:28:42.507+0000] {logging_mixin.py:188} INFO - ✓ new york: AQI=48
[2026-08-14T19:28:43.714+0000] {logging_mixin.py:188} INFO - ✓ london: AQI=55
[2026-08-14T19:28:44.735+0000] {logging_mixin.py:188} INFO - ✓ beijing: AQI=55
[2026-08-14T19:28:45.826+0000] {logging_mixin.py:188} INFO - ✓ delhi: AQI=102
[2026-08-14T19:28:50.309+0000] {logging_mixin.py:188} INFO - ✓ sydney: AQI=40
[2026-08-14T19:28:50.320+0000] {logging_mixin.py:188} INFO - Saved → s3://bronze-air-quality/year=2026/month=08/day=14/city=new_york/192841.json
[2026-08-14T19:28:50.327+0000] {logging_mixin.py:188} INFO - Saved → s3://bronze-air-quality/year=2026/month=08/day=14/city=london/192841.json
[2026-08-14T19:28:50.335+0000] {logging_mixin.py:188} INFO - Saved → s3://bronze-air-quality/year=2026/month=08/day=14/city=beijing/192841.json
[2026-08-14T19:28:50.344+0000] {logging_mixin.py:188} INFO - Saved → s3://bronze-air-quality/year=2026/month=08/day=14/city=delhi/192841.json
[2026-08-14T19:28:50.354+0000] {logging_mixin.py:188} INFO - Saved → s3://bronze-air-quality/year=2026/month=08/day=14/city=sydney/192841.json
[2026-08-14T19:28:50.355+0000] {logging_mixin.py:188} INFO - 
Total records ingested: 5
[2026-08-14T19:28:50.355+0000] {python.py:201} INFO - Done. Returned value was: None
[2026-08-14T19:28:50.365+0000] {taskinstance.py:1138} INFO - Marking task as SUCCESS. dag_id=air_quality_ingestion, task_id=ingest_to_bronze, execution_date=20260814T180000, start_date=20260814T191705, end_date=20260814T192850
[2026-08-14T19:28:50.412+0000] {local_task_job_runner.py:234} INFO - Task exited with return code 0
[2026-08-14T19:28:50.425+0000] {taskinstance.py:3280} INFO - 0 downstream tasks scheduled from follow-on schedule check
