[2026-09-09T13:30:29.188+0000] {taskinstance.py:1956} INFO - Dependencies all met for dep_context=non-requeueable deps ti=<TaskInstance: air_quality_pipeline.wait_for_ingestion scheduled__2026-09-09T12:05:00+00:00 [queued]>
[2026-09-09T13:30:29.193+0000] {taskinstance.py:1956} INFO - Dependencies all met for dep_context=requeueable deps ti=<TaskInstance: air_quality_pipeline.wait_for_ingestion scheduled__2026-09-09T12:05:00+00:00 [queued]>
[2026-09-09T13:30:29.194+0000] {taskinstance.py:2170} INFO - Starting attempt 2 of 3
[2026-09-09T13:30:29.204+0000] {taskinstance.py:2191} INFO - Executing <Task(ExternalTaskSensor): wait_for_ingestion> on 2026-09-09 12:05:00+00:00
[2026-09-09T13:30:29.207+0000] {standard_task_runner.py:60} INFO - Started process 3654 to run task
[2026-09-09T13:30:29.210+0000] {standard_task_runner.py:87} INFO - Running: ['***', 'tasks', 'run', 'air_quality_pipeline', 'wait_for_ingestion', 'scheduled__2026-09-09T12:05:00+00:00', '--job-id', '742', '--raw', '--subdir', 'DAGS_FOLDER/spark_pipeline_dag.py', '--cfg-path', '/tmp/tmpb10t8vpr']
[2026-09-09T13:30:29.211+0000] {standard_task_runner.py:88} INFO - Job 742: Subtask wait_for_ingestion
[2026-09-09T13:30:29.272+0000] {task_command.py:423} INFO - Running <TaskInstance: air_quality_pipeline.wait_for_ingestion scheduled__2026-09-09T12:05:00+00:00 [running]> on host 6a0525c4c718
[2026-09-09T13:30:29.337+0000] {taskinstance.py:2480} INFO - Exporting env vars: AIRFLOW_CTX_DAG_OWNER='***' AIRFLOW_CTX_DAG_ID='air_quality_pipeline' AIRFLOW_CTX_TASK_ID='wait_for_ingestion' AIRFLOW_CTX_EXECUTION_DATE='2026-09-09T12:05:00+00:00' AIRFLOW_CTX_TRY_NUMBER='2' AIRFLOW_CTX_DAG_RUN_ID='scheduled__2026-09-09T12:05:00+00:00'
[2026-09-09T13:30:29.338+0000] {external_task.py:244} INFO - Poking for tasks ['ingest_to_bronze'] in dag air_quality_ingestion on 2026-09-09T12:05:00+00:00 ... 
[2026-09-09T13:30:59.346+0000] {external_task.py:244} INFO - Poking for tasks ['ingest_to_bronze'] in dag air_quality_ingestion on 2026-09-09T12:05:00+00:00 ... 
[2026-09-09T13:31:29.354+0000] {external_task.py:244} INFO - Poking for tasks ['ingest_to_bronze'] in dag air_quality_ingestion on 2026-09-09T12:05:00+00:00 ... 
[2026-09-09T13:31:59.366+0000] {external_task.py:244} INFO - Poking for tasks ['ingest_to_bronze'] in dag air_quality_ingestion on 2026-09-09T12:05:00+00:00 ... 
[2026-09-09T13:32:29.375+0000] {external_task.py:244} INFO - Poking for tasks ['ingest_to_bronze'] in dag air_quality_ingestion on 2026-09-09T12:05:00+00:00 ... 
[2026-09-09T13:32:59.384+0000] {external_task.py:244} INFO - Poking for tasks ['ingest_to_bronze'] in dag air_quality_ingestion on 2026-09-09T12:05:00+00:00 ... 
[2026-09-09T13:33:29.390+0000] {external_task.py:244} INFO - Poking for tasks ['ingest_to_bronze'] in dag air_quality_ingestion on 2026-09-09T12:05:00+00:00 ... 
[2026-09-09T13:33:59.399+0000] {external_task.py:244} INFO - Poking for tasks ['ingest_to_bronze'] in dag air_quality_ingestion on 2026-09-09T12:05:00+00:00 ... 
[2026-09-09T13:34:29.416+0000] {external_task.py:244} INFO - Poking for tasks ['ingest_to_bronze'] in dag air_quality_ingestion on 2026-09-09T12:05:00+00:00 ... 
[2026-09-09T13:34:59.420+0000] {external_task.py:244} INFO - Poking for tasks ['ingest_to_bronze'] in dag air_quality_ingestion on 2026-09-09T12:05:00+00:00 ... 
[2026-09-09T13:35:29.428+0000] {external_task.py:244} INFO - Poking for tasks ['ingest_to_bronze'] in dag air_quality_ingestion on 2026-09-09T12:05:00+00:00 ... 
[2026-09-09T13:35:29.437+0000] {taskinstance.py:2698} ERROR - Task failed with exception
Traceback (most recent call last):
  File "/home/airflow/.local/lib/python3.11/site-packages/airflow/models/taskinstance.py", line 433, in _execute_task
    result = execute_callable(context=context, **execute_callable_kwargs)
             ^^^^^^^^^^^^^^^^^^^^^^^^^^^^^^^^^^^^^^^^^^^^^^^^^^^^^^^^^^^^
  File "/home/airflow/.local/lib/python3.11/site-packages/airflow/sensors/external_task.py", line 334, in execute
    super().execute(context)
  File "/home/airflow/.local/lib/python3.11/site-packages/airflow/sensors/base.py", line 282, in execute
    raise AirflowSensorTimeout(message)
airflow.exceptions.AirflowSensorTimeout: Sensor has timed out; run duration of 300.12088620697614 seconds exceeds the specified timeout of 300.0.
[2026-09-09T13:35:29.444+0000] {taskinstance.py:1138} INFO - Immediate failure requested. Marking task as FAILED. dag_id=air_quality_pipeline, task_id=wait_for_ingestion, execution_date=20260909T120500, start_date=20260909T133029, end_date=20260909T133529
[2026-09-09T13:35:29.455+0000] {standard_task_runner.py:107} ERROR - Failed to execute job 742 for task wait_for_ingestion (Sensor has timed out; run duration of 300.12088620697614 seconds exceeds the specified timeout of 300.0.; 3654)
[2026-09-09T13:35:29.462+0000] {local_task_job_runner.py:234} INFO - Task exited with return code 1
[2026-09-09T13:35:29.482+0000] {taskinstance.py:3280} INFO - 0 downstream tasks scheduled from follow-on schedule check
