[2026-08-30T05:52:48.575+0000] {taskinstance.py:1956} INFO - Dependencies all met for dep_context=non-requeueable deps ti=<TaskInstance: air_quality_pipeline.wait_for_ingestion scheduled__2026-08-29T07:05:00+00:00 [queued]>
[2026-08-30T05:52:48.646+0000] {taskinstance.py:1956} INFO - Dependencies all met for dep_context=requeueable deps ti=<TaskInstance: air_quality_pipeline.wait_for_ingestion scheduled__2026-08-29T07:05:00+00:00 [queued]>
[2026-08-30T05:52:48.651+0000] {taskinstance.py:2170} INFO - Starting attempt 1 of 3
[2026-08-30T05:52:48.778+0000] {taskinstance.py:2191} INFO - Executing <Task(ExternalTaskSensor): wait_for_ingestion> on 2026-08-29 07:05:00+00:00
[2026-08-30T05:52:48.884+0000] {standard_task_runner.py:60} INFO - Started process 13813 to run task
[2026-08-30T05:52:48.916+0000] {standard_task_runner.py:87} INFO - Running: ['***', 'tasks', 'run', 'air_quality_pipeline', 'wait_for_ingestion', 'scheduled__2026-08-29T07:05:00+00:00', '--job-id', '434', '--raw', '--subdir', 'DAGS_FOLDER/spark_pipeline_dag.py', '--cfg-path', '/tmp/tmp5x_0bf14']
[2026-08-30T05:52:48.938+0000] {standard_task_runner.py:88} INFO - Job 434: Subtask wait_for_ingestion
[2026-08-30T05:52:49.503+0000] {task_command.py:423} INFO - Running <TaskInstance: air_quality_pipeline.wait_for_ingestion scheduled__2026-08-29T07:05:00+00:00 [running]> on host 6a0525c4c718
[2026-08-30T05:52:50.044+0000] {taskinstance.py:2480} INFO - Exporting env vars: AIRFLOW_CTX_DAG_OWNER='***' AIRFLOW_CTX_DAG_ID='air_quality_pipeline' AIRFLOW_CTX_TASK_ID='wait_for_ingestion' AIRFLOW_CTX_EXECUTION_DATE='2026-08-29T07:05:00+00:00' AIRFLOW_CTX_TRY_NUMBER='1' AIRFLOW_CTX_DAG_RUN_ID='scheduled__2026-08-29T07:05:00+00:00'
[2026-08-30T05:52:50.056+0000] {external_task.py:244} INFO - Poking for tasks ['ingest_to_bronze'] in dag air_quality_ingestion on 2026-08-29T07:05:00+00:00 ... 
[2026-08-30T05:53:20.125+0000] {external_task.py:244} INFO - Poking for tasks ['ingest_to_bronze'] in dag air_quality_ingestion on 2026-08-29T07:05:00+00:00 ... 
[2026-08-30T05:53:50.139+0000] {external_task.py:244} INFO - Poking for tasks ['ingest_to_bronze'] in dag air_quality_ingestion on 2026-08-29T07:05:00+00:00 ... 
[2026-08-30T05:54:20.152+0000] {external_task.py:244} INFO - Poking for tasks ['ingest_to_bronze'] in dag air_quality_ingestion on 2026-08-29T07:05:00+00:00 ... 
[2026-08-30T05:54:50.172+0000] {external_task.py:244} INFO - Poking for tasks ['ingest_to_bronze'] in dag air_quality_ingestion on 2026-08-29T07:05:00+00:00 ... 
[2026-08-30T05:55:20.180+0000] {external_task.py:244} INFO - Poking for tasks ['ingest_to_bronze'] in dag air_quality_ingestion on 2026-08-29T07:05:00+00:00 ... 
[2026-08-30T05:55:50.188+0000] {external_task.py:244} INFO - Poking for tasks ['ingest_to_bronze'] in dag air_quality_ingestion on 2026-08-29T07:05:00+00:00 ... 
[2026-08-30T05:56:20.198+0000] {external_task.py:244} INFO - Poking for tasks ['ingest_to_bronze'] in dag air_quality_ingestion on 2026-08-29T07:05:00+00:00 ... 
[2026-08-30T05:56:50.212+0000] {external_task.py:244} INFO - Poking for tasks ['ingest_to_bronze'] in dag air_quality_ingestion on 2026-08-29T07:05:00+00:00 ... 
[2026-08-30T05:57:20.221+0000] {external_task.py:244} INFO - Poking for tasks ['ingest_to_bronze'] in dag air_quality_ingestion on 2026-08-29T07:05:00+00:00 ... 
[2026-08-30T05:57:50.237+0000] {external_task.py:244} INFO - Poking for tasks ['ingest_to_bronze'] in dag air_quality_ingestion on 2026-08-29T07:05:00+00:00 ... 
[2026-08-30T05:57:50.252+0000] {taskinstance.py:2698} ERROR - Task failed with exception
Traceback (most recent call last):
  File "/home/airflow/.local/lib/python3.11/site-packages/airflow/models/taskinstance.py", line 433, in _execute_task
    result = execute_callable(context=context, **execute_callable_kwargs)
             ^^^^^^^^^^^^^^^^^^^^^^^^^^^^^^^^^^^^^^^^^^^^^^^^^^^^^^^^^^^^
  File "/home/airflow/.local/lib/python3.11/site-packages/airflow/sensors/external_task.py", line 334, in execute
    super().execute(context)
  File "/home/airflow/.local/lib/python3.11/site-packages/airflow/sensors/base.py", line 282, in execute
    raise AirflowSensorTimeout(message)
airflow.exceptions.AirflowSensorTimeout: Sensor has timed out; run duration of 300.23621836601524 seconds exceeds the specified timeout of 300.0.
[2026-08-30T05:57:50.288+0000] {taskinstance.py:1138} INFO - Immediate failure requested. Marking task as FAILED. dag_id=air_quality_pipeline, task_id=wait_for_ingestion, execution_date=20260829T070500, start_date=20260830T055248, end_date=20260830T055750
[2026-08-30T05:57:50.316+0000] {standard_task_runner.py:107} ERROR - Failed to execute job 434 for task wait_for_ingestion (Sensor has timed out; run duration of 300.23621836601524 seconds exceeds the specified timeout of 300.0.; 13813)
[2026-08-30T05:57:50.343+0000] {local_task_job_runner.py:234} INFO - Task exited with return code 1
[2026-08-30T05:57:50.403+0000] {taskinstance.py:3280} INFO - 0 downstream tasks scheduled from follow-on schedule check
