[2026-08-13T16:13:33.154+0000] {taskinstance.py:1956} INFO - Dependencies all met for dep_context=non-requeueable deps ti=<TaskInstance: air_quality_ingestion.ingest_to_bronze scheduled__2026-08-13T15:00:00+00:00 [queued]>
[2026-08-13T16:13:33.191+0000] {taskinstance.py:1956} INFO - Dependencies all met for dep_context=requeueable deps ti=<TaskInstance: air_quality_ingestion.ingest_to_bronze scheduled__2026-08-13T15:00:00+00:00 [queued]>
[2026-08-13T16:13:33.193+0000] {taskinstance.py:2170} INFO - Starting attempt 1 of 4
[2026-08-13T16:13:33.275+0000] {taskinstance.py:2191} INFO - Executing <Task(PythonOperator): ingest_to_bronze> on 2026-08-13 15:00:00+00:00
[2026-08-13T16:13:33.292+0000] {standard_task_runner.py:60} INFO - Started process 44544 to run task
[2026-08-13T16:13:33.300+0000] {standard_task_runner.py:87} INFO - Running: ['***', 'tasks', 'run', 'air_quality_ingestion', 'ingest_to_bronze', 'scheduled__2026-08-13T15:00:00+00:00', '--job-id', '278', '--raw', '--subdir', 'DAGS_FOLDER/ingestion_dag.py', '--cfg-path', '/tmp/tmppl5p74h5']
[2026-08-13T16:13:33.307+0000] {standard_task_runner.py:88} INFO - Job 278: Subtask ingest_to_bronze
[2026-08-13T16:13:33.617+0000] {task_command.py:423} INFO - Running <TaskInstance: air_quality_ingestion.ingest_to_bronze scheduled__2026-08-13T15:00:00+00:00 [running]> on host 6a0525c4c718
[2026-08-13T16:13:34.033+0000] {taskinstance.py:2480} INFO - Exporting env vars: AIRFLOW_CTX_DAG_OWNER='***' AIRFLOW_CTX_DAG_ID='air_quality_ingestion' AIRFLOW_CTX_TASK_ID='ingest_to_bronze' AIRFLOW_CTX_EXECUTION_DATE='2026-08-13T15:00:00+00:00' AIRFLOW_CTX_TRY_NUMBER='1' AIRFLOW_CTX_DAG_RUN_ID='scheduled__2026-08-13T15:00:00+00:00'
[2026-08-13T16:13:34.839+0000] {logging_mixin.py:188} INFO - Created bucket: bronze-air-quality
[2026-08-13T16:13:34.865+0000] {logging_mixin.py:188} INFO - Created bucket: silver-air-quality
[2026-08-13T16:13:34.887+0000] {logging_mixin.py:188} INFO - Created bucket: gold-air-quality
[2026-08-13T16:13:36.081+0000] {logging_mixin.py:188} INFO - ✓ new york: AQI=59
[2026-08-13T16:13:37.020+0000] {logging_mixin.py:188} INFO - ✓ london: AQI=53
[2026-08-13T16:13:38.117+0000] {logging_mixin.py:188} INFO - ✓ beijing: AQI=46
[2026-08-13T16:13:39.085+0000] {logging_mixin.py:188} INFO - ✓ delhi: AQI=74
[2026-08-13T16:13:39.982+0000] {logging_mixin.py:188} INFO - ✓ sydney: AQI=27
[2026-08-13T16:13:40.028+0000] {logging_mixin.py:188} INFO - Saved → s3://bronze-air-quality/year=2026/month=08/day=13/city=new_york/161334.json
[2026-08-13T16:13:40.050+0000] {logging_mixin.py:188} INFO - Saved → s3://bronze-air-quality/year=2026/month=08/day=13/city=london/161334.json
[2026-08-13T16:13:40.080+0000] {logging_mixin.py:188} INFO - Saved → s3://bronze-air-quality/year=2026/month=08/day=13/city=beijing/161334.json
[2026-08-13T16:13:40.100+0000] {logging_mixin.py:188} INFO - Saved → s3://bronze-air-quality/year=2026/month=08/day=13/city=delhi/161334.json
[2026-08-13T16:13:40.133+0000] {logging_mixin.py:188} INFO - Saved → s3://bronze-air-quality/year=2026/month=08/day=13/city=sydney/161334.json
[2026-08-13T16:13:40.136+0000] {logging_mixin.py:188} INFO - 
Total records ingested: 5
[2026-08-13T16:13:40.138+0000] {python.py:201} INFO - Done. Returned value was: None
[2026-08-13T16:13:40.179+0000] {taskinstance.py:1138} INFO - Marking task as SUCCESS. dag_id=air_quality_ingestion, task_id=ingest_to_bronze, execution_date=20260813T150000, start_date=20260813T161333, end_date=20260813T161340
[2026-08-13T16:13:40.275+0000] {local_task_job_runner.py:234} INFO - Task exited with return code 0
[2026-08-13T16:13:40.331+0000] {taskinstance.py:3280} INFO - 0 downstream tasks scheduled from follow-on schedule check
