[2026-09-06T20:00:00.659+0000] {taskinstance.py:1956} INFO - Dependencies all met for dep_context=non-requeueable deps ti=<TaskInstance: air_quality_ingestion.ingest_to_bronze scheduled__2026-09-06T19:00:00+00:00 [queued]>
[2026-09-06T20:00:00.664+0000] {taskinstance.py:1956} INFO - Dependencies all met for dep_context=requeueable deps ti=<TaskInstance: air_quality_ingestion.ingest_to_bronze scheduled__2026-09-06T19:00:00+00:00 [queued]>
[2026-09-06T20:00:00.665+0000] {taskinstance.py:2170} INFO - Starting attempt 1 of 4
[2026-09-06T20:00:00.673+0000] {taskinstance.py:2191} INFO - Executing <Task(PythonOperator): ingest_to_bronze> on 2026-09-06 19:00:00+00:00
[2026-09-06T20:00:00.677+0000] {standard_task_runner.py:60} INFO - Started process 83561 to run task
[2026-09-06T20:00:00.680+0000] {standard_task_runner.py:87} INFO - Running: ['***', 'tasks', 'run', 'air_quality_ingestion', 'ingest_to_bronze', 'scheduled__2026-09-06T19:00:00+00:00', '--job-id', '671', '--raw', '--subdir', 'DAGS_FOLDER/ingestion_dag.py', '--cfg-path', '/tmp/tmp20y7keyi']
[2026-09-06T20:00:00.682+0000] {standard_task_runner.py:88} INFO - Job 671: Subtask ingest_to_bronze
[2026-09-06T20:00:00.736+0000] {task_command.py:423} INFO - Running <TaskInstance: air_quality_ingestion.ingest_to_bronze scheduled__2026-09-06T19:00:00+00:00 [running]> on host 6a0525c4c718
[2026-09-06T20:00:00.799+0000] {taskinstance.py:2480} INFO - Exporting env vars: AIRFLOW_CTX_DAG_OWNER='***' AIRFLOW_CTX_DAG_ID='air_quality_ingestion' AIRFLOW_CTX_TASK_ID='ingest_to_bronze' AIRFLOW_CTX_EXECUTION_DATE='2026-09-06T19:00:00+00:00' AIRFLOW_CTX_TRY_NUMBER='1' AIRFLOW_CTX_DAG_RUN_ID='scheduled__2026-09-06T19:00:00+00:00'
[2026-09-06T20:00:00.870+0000] {logging_mixin.py:188} INFO - Created bucket: bronze-air-quality
[2026-09-06T20:00:00.876+0000] {logging_mixin.py:188} INFO - Created bucket: silver-air-quality
[2026-09-06T20:00:00.882+0000] {logging_mixin.py:188} INFO - Created bucket: gold-air-quality
[2026-09-06T20:00:01.678+0000] {logging_mixin.py:188} INFO - ✓ new york: AQI=18
[2026-09-06T20:00:02.448+0000] {logging_mixin.py:188} INFO - ✓ london: AQI=38
[2026-09-06T20:00:03.198+0000] {logging_mixin.py:188} INFO - ✓ beijing: AQI=74
[2026-09-06T20:00:03.962+0000] {logging_mixin.py:188} INFO - ✓ delhi: AQI=65
[2026-09-06T20:00:04.734+0000] {logging_mixin.py:188} INFO - ✓ sydney: AQI=18
[2026-09-06T20:00:04.743+0000] {logging_mixin.py:188} INFO - Saved → s3://bronze-air-quality/year=2026/month=09/day=06/city=new_york/200000.json
[2026-09-06T20:00:04.751+0000] {logging_mixin.py:188} INFO - Saved → s3://bronze-air-quality/year=2026/month=09/day=06/city=london/200000.json
[2026-09-06T20:00:04.759+0000] {logging_mixin.py:188} INFO - Saved → s3://bronze-air-quality/year=2026/month=09/day=06/city=beijing/200000.json
[2026-09-06T20:00:04.766+0000] {logging_mixin.py:188} INFO - Saved → s3://bronze-air-quality/year=2026/month=09/day=06/city=delhi/200000.json
[2026-09-06T20:00:04.774+0000] {logging_mixin.py:188} INFO - Saved → s3://bronze-air-quality/year=2026/month=09/day=06/city=sydney/200000.json
[2026-09-06T20:00:04.774+0000] {logging_mixin.py:188} INFO - 
Total records ingested: 5
[2026-09-06T20:00:04.776+0000] {python.py:201} INFO - Done. Returned value was: None
[2026-09-06T20:00:04.785+0000] {taskinstance.py:1138} INFO - Marking task as SUCCESS. dag_id=air_quality_ingestion, task_id=ingest_to_bronze, execution_date=20260906T190000, start_date=20260906T200000, end_date=20260906T200004
[2026-09-06T20:00:04.811+0000] {local_task_job_runner.py:234} INFO - Task exited with return code 0
[2026-09-06T20:00:04.823+0000] {taskinstance.py:3280} INFO - 0 downstream tasks scheduled from follow-on schedule check
