[2026-08-30T22:00:01.522+0000] {taskinstance.py:1956} INFO - Dependencies all met for dep_context=non-requeueable deps ti=<TaskInstance: air_quality_ingestion.ingest_to_bronze scheduled__2026-08-30T21:00:00+00:00 [queued]>
[2026-08-30T22:00:01.528+0000] {taskinstance.py:1956} INFO - Dependencies all met for dep_context=requeueable deps ti=<TaskInstance: air_quality_ingestion.ingest_to_bronze scheduled__2026-08-30T21:00:00+00:00 [queued]>
[2026-08-30T22:00:01.529+0000] {taskinstance.py:2170} INFO - Starting attempt 1 of 4
[2026-08-30T22:00:01.543+0000] {taskinstance.py:2191} INFO - Executing <Task(PythonOperator): ingest_to_bronze> on 2026-08-30 21:00:00+00:00
[2026-08-30T22:00:01.549+0000] {standard_task_runner.py:60} INFO - Started process 19666 to run task
[2026-08-30T22:00:01.551+0000] {standard_task_runner.py:87} INFO - Running: ['***', 'tasks', 'run', 'air_quality_ingestion', 'ingest_to_bronze', 'scheduled__2026-08-30T21:00:00+00:00', '--job-id', '471', '--raw', '--subdir', 'DAGS_FOLDER/ingestion_dag.py', '--cfg-path', '/tmp/tmpzfj30kj4']
[2026-08-30T22:00:01.554+0000] {standard_task_runner.py:88} INFO - Job 471: Subtask ingest_to_bronze
[2026-08-30T22:00:01.632+0000] {task_command.py:423} INFO - Running <TaskInstance: air_quality_ingestion.ingest_to_bronze scheduled__2026-08-30T21:00:00+00:00 [running]> on host 6a0525c4c718
[2026-08-30T22:00:01.707+0000] {taskinstance.py:2480} INFO - Exporting env vars: AIRFLOW_CTX_DAG_OWNER='***' AIRFLOW_CTX_DAG_ID='air_quality_ingestion' AIRFLOW_CTX_TASK_ID='ingest_to_bronze' AIRFLOW_CTX_EXECUTION_DATE='2026-08-30T21:00:00+00:00' AIRFLOW_CTX_TRY_NUMBER='1' AIRFLOW_CTX_DAG_RUN_ID='scheduled__2026-08-30T21:00:00+00:00'
[2026-08-30T22:00:01.850+0000] {logging_mixin.py:188} INFO - Created bucket: bronze-air-quality
[2026-08-30T22:00:01.856+0000] {logging_mixin.py:188} INFO - Created bucket: silver-air-quality
[2026-08-30T22:00:01.862+0000] {logging_mixin.py:188} INFO - Created bucket: gold-air-quality
[2026-08-30T22:00:02.731+0000] {logging_mixin.py:188} INFO - ✓ new york: AQI=43
[2026-08-30T22:00:03.527+0000] {logging_mixin.py:188} INFO - ✓ london: AQI=30
[2026-08-30T22:00:04.367+0000] {logging_mixin.py:188} INFO - ✓ beijing: AQI=17
[2026-08-30T22:00:05.215+0000] {logging_mixin.py:188} INFO - ✓ delhi: AQI=60
[2026-08-30T22:00:06.125+0000] {logging_mixin.py:188} INFO - ✓ sydney: AQI=52
[2026-08-30T22:00:06.146+0000] {logging_mixin.py:188} INFO - Saved → s3://bronze-air-quality/year=2026/month=08/day=30/city=new_york/220001.json
[2026-08-30T22:00:06.158+0000] {logging_mixin.py:188} INFO - Saved → s3://bronze-air-quality/year=2026/month=08/day=30/city=london/220001.json
[2026-08-30T22:00:06.168+0000] {logging_mixin.py:188} INFO - Saved → s3://bronze-air-quality/year=2026/month=08/day=30/city=beijing/220001.json
[2026-08-30T22:00:06.178+0000] {logging_mixin.py:188} INFO - Saved → s3://bronze-air-quality/year=2026/month=08/day=30/city=delhi/220001.json
[2026-08-30T22:00:06.188+0000] {logging_mixin.py:188} INFO - Saved → s3://bronze-air-quality/year=2026/month=08/day=30/city=sydney/220001.json
[2026-08-30T22:00:06.189+0000] {logging_mixin.py:188} INFO - 
Total records ingested: 5
[2026-08-30T22:00:06.190+0000] {python.py:201} INFO - Done. Returned value was: None
[2026-08-30T22:00:06.203+0000] {taskinstance.py:1138} INFO - Marking task as SUCCESS. dag_id=air_quality_ingestion, task_id=ingest_to_bronze, execution_date=20260830T210000, start_date=20260830T220001, end_date=20260830T220006
[2026-08-30T22:00:06.241+0000] {local_task_job_runner.py:234} INFO - Task exited with return code 0
[2026-08-30T22:00:06.254+0000] {taskinstance.py:3280} INFO - 0 downstream tasks scheduled from follow-on schedule check
