[2026-09-06T22:00:00.802+0000] {taskinstance.py:1956} INFO - Dependencies all met for dep_context=non-requeueable deps ti=<TaskInstance: air_quality_ingestion.ingest_to_bronze scheduled__2026-09-06T21:00:00+00:00 [queued]>
[2026-09-06T22:00:00.807+0000] {taskinstance.py:1956} INFO - Dependencies all met for dep_context=requeueable deps ti=<TaskInstance: air_quality_ingestion.ingest_to_bronze scheduled__2026-09-06T21:00:00+00:00 [queued]>
[2026-09-06T22:00:00.807+0000] {taskinstance.py:2170} INFO - Starting attempt 1 of 4
[2026-09-06T22:00:00.816+0000] {taskinstance.py:2191} INFO - Executing <Task(PythonOperator): ingest_to_bronze> on 2026-09-06 21:00:00+00:00
[2026-09-06T22:00:00.820+0000] {standard_task_runner.py:60} INFO - Started process 85929 to run task
[2026-09-06T22:00:00.822+0000] {standard_task_runner.py:87} INFO - Running: ['***', 'tasks', 'run', 'air_quality_ingestion', 'ingest_to_bronze', 'scheduled__2026-09-06T21:00:00+00:00', '--job-id', '675', '--raw', '--subdir', 'DAGS_FOLDER/ingestion_dag.py', '--cfg-path', '/tmp/tmp8ltviedj']
[2026-09-06T22:00:00.825+0000] {standard_task_runner.py:88} INFO - Job 675: Subtask ingest_to_bronze
[2026-09-06T22:00:00.888+0000] {task_command.py:423} INFO - Running <TaskInstance: air_quality_ingestion.ingest_to_bronze scheduled__2026-09-06T21:00:00+00:00 [running]> on host 6a0525c4c718
[2026-09-06T22:00:00.950+0000] {taskinstance.py:2480} INFO - Exporting env vars: AIRFLOW_CTX_DAG_OWNER='***' AIRFLOW_CTX_DAG_ID='air_quality_ingestion' AIRFLOW_CTX_TASK_ID='ingest_to_bronze' AIRFLOW_CTX_EXECUTION_DATE='2026-09-06T21:00:00+00:00' AIRFLOW_CTX_TRY_NUMBER='1' AIRFLOW_CTX_DAG_RUN_ID='scheduled__2026-09-06T21:00:00+00:00'
[2026-09-06T22:00:01.023+0000] {logging_mixin.py:188} INFO - Created bucket: bronze-air-quality
[2026-09-06T22:00:01.030+0000] {logging_mixin.py:188} INFO - Created bucket: silver-air-quality
[2026-09-06T22:00:01.037+0000] {logging_mixin.py:188} INFO - Created bucket: gold-air-quality
[2026-09-06T22:00:01.842+0000] {logging_mixin.py:188} INFO - ✓ new york: AQI=18
[2026-09-06T22:00:02.594+0000] {logging_mixin.py:188} INFO - ✓ london: AQI=34
[2026-09-06T22:00:03.344+0000] {logging_mixin.py:188} INFO - ✓ beijing: AQI=85
[2026-09-06T22:00:04.097+0000] {logging_mixin.py:188} INFO - ✓ delhi: AQI=68
[2026-09-06T22:00:05.269+0000] {logging_mixin.py:188} INFO - ✓ sydney: AQI=25
[2026-09-06T22:00:05.277+0000] {logging_mixin.py:188} INFO - Saved → s3://bronze-air-quality/year=2026/month=09/day=06/city=new_york/220001.json
[2026-09-06T22:00:05.283+0000] {logging_mixin.py:188} INFO - Saved → s3://bronze-air-quality/year=2026/month=09/day=06/city=london/220001.json
[2026-09-06T22:00:05.290+0000] {logging_mixin.py:188} INFO - Saved → s3://bronze-air-quality/year=2026/month=09/day=06/city=beijing/220001.json
[2026-09-06T22:00:05.295+0000] {logging_mixin.py:188} INFO - Saved → s3://bronze-air-quality/year=2026/month=09/day=06/city=delhi/220001.json
[2026-09-06T22:00:05.300+0000] {logging_mixin.py:188} INFO - Saved → s3://bronze-air-quality/year=2026/month=09/day=06/city=sydney/220001.json
[2026-09-06T22:00:05.301+0000] {logging_mixin.py:188} INFO - 
Total records ingested: 5
[2026-09-06T22:00:05.302+0000] {python.py:201} INFO - Done. Returned value was: None
[2026-09-06T22:00:05.310+0000] {taskinstance.py:1138} INFO - Marking task as SUCCESS. dag_id=air_quality_ingestion, task_id=ingest_to_bronze, execution_date=20260906T210000, start_date=20260906T220000, end_date=20260906T220005
[2026-09-06T22:00:05.355+0000] {local_task_job_runner.py:234} INFO - Task exited with return code 0
[2026-09-06T22:00:05.372+0000] {taskinstance.py:3280} INFO - 0 downstream tasks scheduled from follow-on schedule check
