[2026-08-30T15:31:46.154+0000] {taskinstance.py:1956} INFO - Dependencies all met for dep_context=non-requeueable deps ti=<TaskInstance: air_quality_pipeline.wait_for_ingestion scheduled__2026-08-30T14:05:00+00:00 [queued]>
[2026-08-30T15:31:46.171+0000] {taskinstance.py:1956} INFO - Dependencies all met for dep_context=requeueable deps ti=<TaskInstance: air_quality_pipeline.wait_for_ingestion scheduled__2026-08-30T14:05:00+00:00 [queued]>
[2026-08-30T15:31:46.173+0000] {taskinstance.py:2170} INFO - Starting attempt 1 of 3
[2026-08-30T15:31:46.209+0000] {taskinstance.py:2191} INFO - Executing <Task(ExternalTaskSensor): wait_for_ingestion> on 2026-08-30 14:05:00+00:00
[2026-08-30T15:31:46.226+0000] {standard_task_runner.py:60} INFO - Started process 14079 to run task
[2026-08-30T15:31:46.229+0000] {standard_task_runner.py:87} INFO - Running: ['***', 'tasks', 'run', 'air_quality_pipeline', 'wait_for_ingestion', 'scheduled__2026-08-30T14:05:00+00:00', '--job-id', '454', '--raw', '--subdir', 'DAGS_FOLDER/spark_pipeline_dag.py', '--cfg-path', '/tmp/tmp6q6q2lqu']
[2026-08-30T15:31:46.244+0000] {standard_task_runner.py:88} INFO - Job 454: Subtask wait_for_ingestion
[2026-08-30T15:31:46.681+0000] {task_command.py:423} INFO - Running <TaskInstance: air_quality_pipeline.wait_for_ingestion scheduled__2026-08-30T14:05:00+00:00 [running]> on host 6a0525c4c718
[2026-08-30T15:31:47.155+0000] {taskinstance.py:2480} INFO - Exporting env vars: AIRFLOW_CTX_DAG_OWNER='***' AIRFLOW_CTX_DAG_ID='air_quality_pipeline' AIRFLOW_CTX_TASK_ID='wait_for_ingestion' AIRFLOW_CTX_EXECUTION_DATE='2026-08-30T14:05:00+00:00' AIRFLOW_CTX_TRY_NUMBER='1' AIRFLOW_CTX_DAG_RUN_ID='scheduled__2026-08-30T14:05:00+00:00'
[2026-08-30T15:31:47.174+0000] {external_task.py:244} INFO - Poking for tasks ['ingest_to_bronze'] in dag air_quality_ingestion on 2026-08-30T14:05:00+00:00 ... 
[2026-08-30T15:32:17.222+0000] {external_task.py:244} INFO - Poking for tasks ['ingest_to_bronze'] in dag air_quality_ingestion on 2026-08-30T14:05:00+00:00 ... 
[2026-08-30T15:32:47.319+0000] {external_task.py:244} INFO - Poking for tasks ['ingest_to_bronze'] in dag air_quality_ingestion on 2026-08-30T14:05:00+00:00 ... 
[2026-08-30T15:33:17.336+0000] {external_task.py:244} INFO - Poking for tasks ['ingest_to_bronze'] in dag air_quality_ingestion on 2026-08-30T14:05:00+00:00 ... 
[2026-08-30T15:33:47.355+0000] {external_task.py:244} INFO - Poking for tasks ['ingest_to_bronze'] in dag air_quality_ingestion on 2026-08-30T14:05:00+00:00 ... 
[2026-08-30T15:34:17.362+0000] {external_task.py:244} INFO - Poking for tasks ['ingest_to_bronze'] in dag air_quality_ingestion on 2026-08-30T14:05:00+00:00 ... 
[2026-08-30T15:34:47.371+0000] {external_task.py:244} INFO - Poking for tasks ['ingest_to_bronze'] in dag air_quality_ingestion on 2026-08-30T14:05:00+00:00 ... 
[2026-08-30T15:35:17.379+0000] {external_task.py:244} INFO - Poking for tasks ['ingest_to_bronze'] in dag air_quality_ingestion on 2026-08-30T14:05:00+00:00 ... 
[2026-08-30T15:35:47.388+0000] {external_task.py:244} INFO - Poking for tasks ['ingest_to_bronze'] in dag air_quality_ingestion on 2026-08-30T14:05:00+00:00 ... 
[2026-08-30T15:36:17.396+0000] {external_task.py:244} INFO - Poking for tasks ['ingest_to_bronze'] in dag air_quality_ingestion on 2026-08-30T14:05:00+00:00 ... 
[2026-08-30T15:36:47.406+0000] {external_task.py:244} INFO - Poking for tasks ['ingest_to_bronze'] in dag air_quality_ingestion on 2026-08-30T14:05:00+00:00 ... 
[2026-08-30T15:36:47.435+0000] {taskinstance.py:2698} ERROR - Task failed with exception
Traceback (most recent call last):
  File "/home/airflow/.local/lib/python3.11/site-packages/airflow/models/taskinstance.py", line 433, in _execute_task
    result = execute_callable(context=context, **execute_callable_kwargs)
             ^^^^^^^^^^^^^^^^^^^^^^^^^^^^^^^^^^^^^^^^^^^^^^^^^^^^^^^^^^^^
  File "/home/airflow/.local/lib/python3.11/site-packages/airflow/sensors/external_task.py", line 334, in execute
    super().execute(context)
  File "/home/airflow/.local/lib/python3.11/site-packages/airflow/sensors/base.py", line 282, in execute
    raise AirflowSensorTimeout(message)
airflow.exceptions.AirflowSensorTimeout: Sensor has timed out; run duration of 300.29421603598166 seconds exceeds the specified timeout of 300.0.
[2026-08-30T15:36:47.458+0000] {taskinstance.py:1138} INFO - Immediate failure requested. Marking task as FAILED. dag_id=air_quality_pipeline, task_id=wait_for_ingestion, execution_date=20260830T140500, start_date=20260830T153146, end_date=20260830T153647
[2026-08-30T15:36:47.485+0000] {standard_task_runner.py:107} ERROR - Failed to execute job 454 for task wait_for_ingestion (Sensor has timed out; run duration of 300.29421603598166 seconds exceeds the specified timeout of 300.0.; 14079)
[2026-08-30T15:36:47.507+0000] {local_task_job_runner.py:234} INFO - Task exited with return code 1
[2026-08-30T15:36:47.560+0000] {taskinstance.py:3280} INFO - 0 downstream tasks scheduled from follow-on schedule check
