[2026-08-07T19:00:01.434+0000] {taskinstance.py:1956} INFO - Dependencies all met for dep_context=non-requeueable deps ti=<TaskInstance: air_quality_ingestion.ingest_to_bronze scheduled__2026-08-07T18:00:00+00:00 [queued]>
[2026-08-07T19:00:01.443+0000] {taskinstance.py:1956} INFO - Dependencies all met for dep_context=requeueable deps ti=<TaskInstance: air_quality_ingestion.ingest_to_bronze scheduled__2026-08-07T18:00:00+00:00 [queued]>
[2026-08-07T19:00:01.444+0000] {taskinstance.py:2170} INFO - Starting attempt 1 of 4
[2026-08-07T19:00:01.460+0000] {taskinstance.py:2191} INFO - Executing <Task(PythonOperator): ingest_to_bronze> on 2026-08-07 18:00:00+00:00
[2026-08-07T19:00:01.465+0000] {standard_task_runner.py:60} INFO - Started process 15738 to run task
[2026-08-07T19:00:01.468+0000] {standard_task_runner.py:87} INFO - Running: ['***', 'tasks', 'run', 'air_quality_ingestion', 'ingest_to_bronze', 'scheduled__2026-08-07T18:00:00+00:00', '--job-id', '125', '--raw', '--subdir', 'DAGS_FOLDER/ingestion_dag.py', '--cfg-path', '/tmp/tmpxszeqvm_']
[2026-08-07T19:00:01.471+0000] {standard_task_runner.py:88} INFO - Job 125: Subtask ingest_to_bronze
[2026-08-07T19:00:01.550+0000] {task_command.py:423} INFO - Running <TaskInstance: air_quality_ingestion.ingest_to_bronze scheduled__2026-08-07T18:00:00+00:00 [running]> on host 6a0525c4c718
[2026-08-07T19:00:01.634+0000] {taskinstance.py:2480} INFO - Exporting env vars: AIRFLOW_CTX_DAG_OWNER='***' AIRFLOW_CTX_DAG_ID='air_quality_ingestion' AIRFLOW_CTX_TASK_ID='ingest_to_bronze' AIRFLOW_CTX_EXECUTION_DATE='2026-08-07T18:00:00+00:00' AIRFLOW_CTX_TRY_NUMBER='1' AIRFLOW_CTX_DAG_RUN_ID='scheduled__2026-08-07T18:00:00+00:00'
[2026-08-07T19:00:01.783+0000] {logging_mixin.py:188} INFO - Created bucket: bronze-air-quality
[2026-08-07T19:00:01.789+0000] {logging_mixin.py:188} INFO - Created bucket: silver-air-quality
[2026-08-07T19:00:01.795+0000] {logging_mixin.py:188} INFO - Created bucket: gold-air-quality
[2026-08-07T19:00:02.541+0000] {logging_mixin.py:188} INFO - ✓ new york: AQI=51
[2026-08-07T19:00:03.280+0000] {logging_mixin.py:188} INFO - ✓ london: AQI=35
[2026-08-07T19:00:04.303+0000] {logging_mixin.py:188} INFO - ✓ beijing: AQI=46
[2026-08-07T19:00:05.113+0000] {logging_mixin.py:188} INFO - ✓ delhi: AQI=76
[2026-08-07T19:00:05.844+0000] {logging_mixin.py:188} INFO - ✓ sydney: AQI=54
[2026-08-07T19:00:05.860+0000] {logging_mixin.py:188} INFO - Saved → s3://bronze-air-quality/year=2026/month=08/day=07/city=new_york/190001.json
[2026-08-07T19:00:05.867+0000] {logging_mixin.py:188} INFO - Saved → s3://bronze-air-quality/year=2026/month=08/day=07/city=london/190001.json
[2026-08-07T19:00:05.874+0000] {logging_mixin.py:188} INFO - Saved → s3://bronze-air-quality/year=2026/month=08/day=07/city=beijing/190001.json
[2026-08-07T19:00:05.881+0000] {logging_mixin.py:188} INFO - Saved → s3://bronze-air-quality/year=2026/month=08/day=07/city=delhi/190001.json
[2026-08-07T19:00:05.888+0000] {logging_mixin.py:188} INFO - Saved → s3://bronze-air-quality/year=2026/month=08/day=07/city=sydney/190001.json
[2026-08-07T19:00:05.889+0000] {logging_mixin.py:188} INFO - 
Total records ingested: 5
[2026-08-07T19:00:05.890+0000] {python.py:201} INFO - Done. Returned value was: None
[2026-08-07T19:00:05.898+0000] {taskinstance.py:1138} INFO - Marking task as SUCCESS. dag_id=air_quality_ingestion, task_id=ingest_to_bronze, execution_date=20260807T180000, start_date=20260807T190001, end_date=20260807T190005
[2026-08-07T19:00:05.952+0000] {local_task_job_runner.py:234} INFO - Task exited with return code 0
[2026-08-07T19:00:05.965+0000] {taskinstance.py:3280} INFO - 0 downstream tasks scheduled from follow-on schedule check
