[2026-08-13T23:43:48.110+0000] {taskinstance.py:1956} INFO - Dependencies all met for dep_context=non-requeueable deps ti=<TaskInstance: air_quality_ingestion.ingest_to_bronze scheduled__2026-08-13T20:00:00+00:00 [queued]>
[2026-08-13T23:43:48.156+0000] {taskinstance.py:1956} INFO - Dependencies all met for dep_context=requeueable deps ti=<TaskInstance: air_quality_ingestion.ingest_to_bronze scheduled__2026-08-13T20:00:00+00:00 [queued]>
[2026-08-13T23:43:48.165+0000] {taskinstance.py:2170} INFO - Starting attempt 1 of 4
[2026-08-13T23:43:48.395+0000] {taskinstance.py:2191} INFO - Executing <Task(PythonOperator): ingest_to_bronze> on 2026-08-13 20:00:00+00:00
[2026-08-13T23:43:48.449+0000] {standard_task_runner.py:60} INFO - Started process 47820 to run task
[2026-08-13T23:43:48.468+0000] {standard_task_runner.py:87} INFO - Running: ['***', 'tasks', 'run', 'air_quality_ingestion', 'ingest_to_bronze', 'scheduled__2026-08-13T20:00:00+00:00', '--job-id', '290', '--raw', '--subdir', 'DAGS_FOLDER/ingestion_dag.py', '--cfg-path', '/tmp/tmpktnsx0pw']
[2026-08-13T23:43:48.516+0000] {standard_task_runner.py:88} INFO - Job 290: Subtask ingest_to_bronze
[2026-08-13T23:43:49.340+0000] {task_command.py:423} INFO - Running <TaskInstance: air_quality_ingestion.ingest_to_bronze scheduled__2026-08-13T20:00:00+00:00 [running]> on host 6a0525c4c718
[2026-08-13T23:43:50.287+0000] {taskinstance.py:2480} INFO - Exporting env vars: AIRFLOW_CTX_DAG_OWNER='***' AIRFLOW_CTX_DAG_ID='air_quality_ingestion' AIRFLOW_CTX_TASK_ID='ingest_to_bronze' AIRFLOW_CTX_EXECUTION_DATE='2026-08-13T20:00:00+00:00' AIRFLOW_CTX_TRY_NUMBER='1' AIRFLOW_CTX_DAG_RUN_ID='scheduled__2026-08-13T20:00:00+00:00'
[2026-08-13T23:43:51.970+0000] {logging_mixin.py:188} INFO - Created bucket: bronze-air-quality
[2026-08-13T23:43:52.028+0000] {logging_mixin.py:188} INFO - Created bucket: silver-air-quality
[2026-08-13T23:43:52.113+0000] {logging_mixin.py:188} INFO - Created bucket: gold-air-quality
[2026-08-13T23:43:53.524+0000] {logging_mixin.py:188} INFO - ✓ new york: AQI=60
[2026-08-13T23:43:54.574+0000] {logging_mixin.py:188} INFO - ✓ london: AQI=50
[2026-08-13T23:43:55.545+0000] {logging_mixin.py:188} INFO - ✓ beijing: AQI=25
[2026-08-13T23:43:56.491+0000] {logging_mixin.py:188} INFO - ✓ delhi: AQI=102
[2026-08-13T23:43:57.367+0000] {logging_mixin.py:188} INFO - ✓ sydney: AQI=18
[2026-08-13T23:43:57.438+0000] {logging_mixin.py:188} INFO - Saved → s3://bronze-air-quality/year=2026/month=08/day=13/city=new_york/234352.json
[2026-08-13T23:43:57.500+0000] {logging_mixin.py:188} INFO - Saved → s3://bronze-air-quality/year=2026/month=08/day=13/city=london/234352.json
[2026-08-13T23:43:57.554+0000] {logging_mixin.py:188} INFO - Saved → s3://bronze-air-quality/year=2026/month=08/day=13/city=beijing/234352.json
[2026-08-13T23:43:57.586+0000] {logging_mixin.py:188} INFO - Saved → s3://bronze-air-quality/year=2026/month=08/day=13/city=delhi/234352.json
[2026-08-13T23:43:57.623+0000] {logging_mixin.py:188} INFO - Saved → s3://bronze-air-quality/year=2026/month=08/day=13/city=sydney/234352.json
[2026-08-13T23:43:57.626+0000] {logging_mixin.py:188} INFO - 
Total records ingested: 5
[2026-08-13T23:43:57.630+0000] {python.py:201} INFO - Done. Returned value was: None
[2026-08-13T23:43:57.669+0000] {taskinstance.py:1138} INFO - Marking task as SUCCESS. dag_id=air_quality_ingestion, task_id=ingest_to_bronze, execution_date=20260813T200000, start_date=20260813T234348, end_date=20260813T234357
[2026-08-13T23:43:57.762+0000] {local_task_job_runner.py:234} INFO - Task exited with return code 0
[2026-08-13T23:43:57.814+0000] {taskinstance.py:3280} INFO - 0 downstream tasks scheduled from follow-on schedule check
