[2026-08-15T15:08:47.819+0000] {taskinstance.py:1956} INFO - Dependencies all met for dep_context=non-requeueable deps ti=<TaskInstance: air_quality_ingestion.ingest_to_bronze scheduled__2026-08-15T14:00:00+00:00 [queued]>
[2026-08-15T15:08:47.867+0000] {taskinstance.py:1956} INFO - Dependencies all met for dep_context=requeueable deps ti=<TaskInstance: air_quality_ingestion.ingest_to_bronze scheduled__2026-08-15T14:00:00+00:00 [queued]>
[2026-08-15T15:08:47.878+0000] {taskinstance.py:2170} INFO - Starting attempt 1 of 4
[2026-08-15T15:08:47.980+0000] {taskinstance.py:2191} INFO - Executing <Task(PythonOperator): ingest_to_bronze> on 2026-08-15 14:00:00+00:00
[2026-08-15T15:08:48.009+0000] {standard_task_runner.py:60} INFO - Started process 58964 to run task
[2026-08-15T15:08:48.023+0000] {standard_task_runner.py:87} INFO - Running: ['***', 'tasks', 'run', 'air_quality_ingestion', 'ingest_to_bronze', 'scheduled__2026-08-15T14:00:00+00:00', '--job-id', '346', '--raw', '--subdir', 'DAGS_FOLDER/ingestion_dag.py', '--cfg-path', '/tmp/tmpxhqyfj0i']
[2026-08-15T15:08:48.030+0000] {standard_task_runner.py:88} INFO - Job 346: Subtask ingest_to_bronze
[2026-08-15T15:08:48.341+0000] {task_command.py:423} INFO - Running <TaskInstance: air_quality_ingestion.ingest_to_bronze scheduled__2026-08-15T14:00:00+00:00 [running]> on host 6a0525c4c718
[2026-08-15T15:08:48.702+0000] {taskinstance.py:2480} INFO - Exporting env vars: AIRFLOW_CTX_DAG_OWNER='***' AIRFLOW_CTX_DAG_ID='air_quality_ingestion' AIRFLOW_CTX_TASK_ID='ingest_to_bronze' AIRFLOW_CTX_EXECUTION_DATE='2026-08-15T14:00:00+00:00' AIRFLOW_CTX_TRY_NUMBER='1' AIRFLOW_CTX_DAG_RUN_ID='scheduled__2026-08-15T14:00:00+00:00'
[2026-08-15T15:08:49.579+0000] {logging_mixin.py:188} INFO - Created bucket: bronze-air-quality
[2026-08-15T15:08:49.596+0000] {logging_mixin.py:188} INFO - Created bucket: silver-air-quality
[2026-08-15T15:08:49.655+0000] {logging_mixin.py:188} INFO - Created bucket: gold-air-quality
[2026-08-15T15:08:50.714+0000] {logging_mixin.py:188} INFO - ✓ new york: AQI=20
[2026-08-15T15:08:51.674+0000] {logging_mixin.py:188} INFO - ✓ london: AQI=38
[2026-08-15T15:08:52.745+0000] {logging_mixin.py:188} INFO - ✓ beijing: AQI=72
[2026-08-17T02:22:21.844+0000] {logging_mixin.py:188} INFO - ✗ delhi: HTTPSConnectionPool(host='api.waqi.info', port=443): Max retries exceeded with url: /feed/delhi/?token=2cc5f2fc84f739a6377a29001c83fd1911c54797 (Caused by SSLError(SSLEOFError(8, '[SSL: UNEXPECTED_EOF_WHILE_READING] EOF occurred in violation of protocol (_ssl.c:1006)')))
[2026-08-17T02:22:26.266+0000] {logging_mixin.py:188} INFO - ✓ sydney: AQI=19
[2026-08-17T02:22:29.145+0000] {logging_mixin.py:188} INFO - Saved → s3://bronze-air-quality/year=2026/month=08/day=15/city=new_york/150849.json
[2026-08-17T02:22:30.415+0000] {logging_mixin.py:188} INFO - Saved → s3://bronze-air-quality/year=2026/month=08/day=15/city=london/150849.json
[2026-08-17T02:22:31.376+0000] {logging_mixin.py:188} INFO - Saved → s3://bronze-air-quality/year=2026/month=08/day=15/city=beijing/150849.json
[2026-08-17T02:22:32.346+0000] {logging_mixin.py:188} INFO - Saved → s3://bronze-air-quality/year=2026/month=08/day=15/city=sydney/150849.json
[2026-08-17T02:22:32.352+0000] {logging_mixin.py:188} INFO - 
Total records ingested: 4
[2026-08-17T02:22:32.358+0000] {python.py:201} INFO - Done. Returned value was: None
[2026-08-17T02:22:32.477+0000] {taskinstance.py:1138} INFO - Marking task as SUCCESS. dag_id=air_quality_ingestion, task_id=ingest_to_bronze, execution_date=20260815T140000, start_date=20260815T150847, end_date=20260817T022232
[2026-08-17T02:22:33.237+0000] {local_task_job_runner.py:234} INFO - Task exited with return code 0
[2026-08-17T02:22:33.339+0000] {taskinstance.py:3280} INFO - 0 downstream tasks scheduled from follow-on schedule check
