[2026-08-10T22:00:01.030+0000] {taskinstance.py:1956} INFO - Dependencies all met for dep_context=non-requeueable deps ti=<TaskInstance: air_quality_ingestion.ingest_to_bronze scheduled__2026-08-10T21:00:00+00:00 [queued]>
[2026-08-10T22:00:01.045+0000] {taskinstance.py:1956} INFO - Dependencies all met for dep_context=requeueable deps ti=<TaskInstance: air_quality_ingestion.ingest_to_bronze scheduled__2026-08-10T21:00:00+00:00 [queued]>
[2026-08-10T22:00:01.046+0000] {taskinstance.py:2170} INFO - Starting attempt 1 of 4
[2026-08-10T22:00:01.064+0000] {taskinstance.py:2191} INFO - Executing <Task(PythonOperator): ingest_to_bronze> on 2026-08-10 21:00:00+00:00
[2026-08-10T22:00:01.074+0000] {standard_task_runner.py:60} INFO - Started process 24888 to run task
[2026-08-10T22:00:01.081+0000] {standard_task_runner.py:87} INFO - Running: ['***', 'tasks', 'run', 'air_quality_ingestion', 'ingest_to_bronze', 'scheduled__2026-08-10T21:00:00+00:00', '--job-id', '193', '--raw', '--subdir', 'DAGS_FOLDER/ingestion_dag.py', '--cfg-path', '/tmp/tmpdcy1vrfc']
[2026-08-10T22:00:01.085+0000] {standard_task_runner.py:88} INFO - Job 193: Subtask ingest_to_bronze
[2026-08-10T22:00:01.200+0000] {task_command.py:423} INFO - Running <TaskInstance: air_quality_ingestion.ingest_to_bronze scheduled__2026-08-10T21:00:00+00:00 [running]> on host 6a0525c4c718
[2026-08-10T22:00:01.350+0000] {taskinstance.py:2480} INFO - Exporting env vars: AIRFLOW_CTX_DAG_OWNER='***' AIRFLOW_CTX_DAG_ID='air_quality_ingestion' AIRFLOW_CTX_TASK_ID='ingest_to_bronze' AIRFLOW_CTX_EXECUTION_DATE='2026-08-10T21:00:00+00:00' AIRFLOW_CTX_TRY_NUMBER='1' AIRFLOW_CTX_DAG_RUN_ID='scheduled__2026-08-10T21:00:00+00:00'
[2026-08-10T22:00:01.516+0000] {logging_mixin.py:188} INFO - Created bucket: bronze-air-quality
[2026-08-10T22:00:01.526+0000] {logging_mixin.py:188} INFO - Created bucket: silver-air-quality
[2026-08-10T22:00:01.538+0000] {logging_mixin.py:188} INFO - Created bucket: gold-air-quality
[2026-08-10T22:00:02.321+0000] {logging_mixin.py:188} INFO - ✓ new york: AQI=52
[2026-08-10T22:00:03.142+0000] {logging_mixin.py:188} INFO - ✓ london: AQI=38
[2026-08-10T22:00:03.985+0000] {logging_mixin.py:188} INFO - ✓ beijing: AQI=85
[2026-08-10T22:00:04.760+0000] {logging_mixin.py:188} INFO - ✓ delhi: AQI=67
[2026-08-10T22:00:05.512+0000] {logging_mixin.py:188} INFO - ✓ sydney: AQI=7
[2026-08-10T22:00:05.528+0000] {logging_mixin.py:188} INFO - Saved → s3://bronze-air-quality/year=2026/month=08/day=10/city=new_york/220001.json
[2026-08-10T22:00:05.554+0000] {logging_mixin.py:188} INFO - Saved → s3://bronze-air-quality/year=2026/month=08/day=10/city=london/220001.json
[2026-08-10T22:00:05.572+0000] {logging_mixin.py:188} INFO - Saved → s3://bronze-air-quality/year=2026/month=08/day=10/city=beijing/220001.json
[2026-08-10T22:00:05.591+0000] {logging_mixin.py:188} INFO - Saved → s3://bronze-air-quality/year=2026/month=08/day=10/city=delhi/220001.json
[2026-08-10T22:00:05.608+0000] {logging_mixin.py:188} INFO - Saved → s3://bronze-air-quality/year=2026/month=08/day=10/city=sydney/220001.json
[2026-08-10T22:00:05.609+0000] {logging_mixin.py:188} INFO - 
Total records ingested: 5
[2026-08-10T22:00:05.610+0000] {python.py:201} INFO - Done. Returned value was: None
[2026-08-10T22:00:05.630+0000] {taskinstance.py:1138} INFO - Marking task as SUCCESS. dag_id=air_quality_ingestion, task_id=ingest_to_bronze, execution_date=20260810T210000, start_date=20260810T220001, end_date=20260810T220005
[2026-08-10T22:00:05.689+0000] {local_task_job_runner.py:234} INFO - Task exited with return code 0
[2026-08-10T22:00:05.714+0000] {taskinstance.py:3280} INFO - 0 downstream tasks scheduled from follow-on schedule check
