[2026-09-06T07:00:00.638+0000] {taskinstance.py:1956} INFO - Dependencies all met for dep_context=non-requeueable deps ti=<TaskInstance: air_quality_ingestion.ingest_to_bronze scheduled__2026-09-06T06:00:00+00:00 [queued]>
[2026-09-06T07:00:00.643+0000] {taskinstance.py:1956} INFO - Dependencies all met for dep_context=requeueable deps ti=<TaskInstance: air_quality_ingestion.ingest_to_bronze scheduled__2026-09-06T06:00:00+00:00 [queued]>
[2026-09-06T07:00:00.644+0000] {taskinstance.py:2170} INFO - Starting attempt 1 of 4
[2026-09-06T07:00:00.653+0000] {taskinstance.py:2191} INFO - Executing <Task(PythonOperator): ingest_to_bronze> on 2026-09-06 06:00:00+00:00
[2026-09-06T07:00:00.656+0000] {standard_task_runner.py:60} INFO - Started process 68189 to run task
[2026-09-06T07:00:00.659+0000] {standard_task_runner.py:87} INFO - Running: ['***', 'tasks', 'run', 'air_quality_ingestion', 'ingest_to_bronze', 'scheduled__2026-09-06T06:00:00+00:00', '--job-id', '645', '--raw', '--subdir', 'DAGS_FOLDER/ingestion_dag.py', '--cfg-path', '/tmp/tmpohfr4_yf']
[2026-09-06T07:00:00.662+0000] {standard_task_runner.py:88} INFO - Job 645: Subtask ingest_to_bronze
[2026-09-06T07:00:00.717+0000] {task_command.py:423} INFO - Running <TaskInstance: air_quality_ingestion.ingest_to_bronze scheduled__2026-09-06T06:00:00+00:00 [running]> on host 6a0525c4c718
[2026-09-06T07:00:00.782+0000] {taskinstance.py:2480} INFO - Exporting env vars: AIRFLOW_CTX_DAG_OWNER='***' AIRFLOW_CTX_DAG_ID='air_quality_ingestion' AIRFLOW_CTX_TASK_ID='ingest_to_bronze' AIRFLOW_CTX_EXECUTION_DATE='2026-09-06T06:00:00+00:00' AIRFLOW_CTX_TRY_NUMBER='1' AIRFLOW_CTX_DAG_RUN_ID='scheduled__2026-09-06T06:00:00+00:00'
[2026-09-06T07:00:00.855+0000] {logging_mixin.py:188} INFO - Created bucket: bronze-air-quality
[2026-09-06T07:00:00.860+0000] {logging_mixin.py:188} INFO - Created bucket: silver-air-quality
[2026-09-06T07:00:00.865+0000] {logging_mixin.py:188} INFO - Created bucket: gold-air-quality
[2026-09-06T07:00:01.669+0000] {logging_mixin.py:188} INFO - ✓ new york: AQI=23
[2026-09-06T07:00:02.445+0000] {logging_mixin.py:188} INFO - ✓ london: AQI=30
[2026-09-06T07:00:03.218+0000] {logging_mixin.py:188} INFO - ✓ beijing: AQI=92
[2026-09-06T07:00:04.012+0000] {logging_mixin.py:188} INFO - ✓ delhi: AQI=7
[2026-09-06T07:00:04.760+0000] {logging_mixin.py:188} INFO - ✓ sydney: AQI=24
[2026-09-06T07:00:04.771+0000] {logging_mixin.py:188} INFO - Saved → s3://bronze-air-quality/year=2026/month=09/day=06/city=new_york/070000.json
[2026-09-06T07:00:04.778+0000] {logging_mixin.py:188} INFO - Saved → s3://bronze-air-quality/year=2026/month=09/day=06/city=london/070000.json
[2026-09-06T07:00:04.785+0000] {logging_mixin.py:188} INFO - Saved → s3://bronze-air-quality/year=2026/month=09/day=06/city=beijing/070000.json
[2026-09-06T07:00:04.793+0000] {logging_mixin.py:188} INFO - Saved → s3://bronze-air-quality/year=2026/month=09/day=06/city=delhi/070000.json
[2026-09-06T07:00:04.799+0000] {logging_mixin.py:188} INFO - Saved → s3://bronze-air-quality/year=2026/month=09/day=06/city=sydney/070000.json
[2026-09-06T07:00:04.800+0000] {logging_mixin.py:188} INFO - 
Total records ingested: 5
[2026-09-06T07:00:04.801+0000] {python.py:201} INFO - Done. Returned value was: None
[2026-09-06T07:00:04.810+0000] {taskinstance.py:1138} INFO - Marking task as SUCCESS. dag_id=air_quality_ingestion, task_id=ingest_to_bronze, execution_date=20260906T060000, start_date=20260906T070000, end_date=20260906T070004
[2026-09-06T07:00:04.864+0000] {local_task_job_runner.py:234} INFO - Task exited with return code 0
[2026-09-06T07:00:04.883+0000] {taskinstance.py:3280} INFO - 0 downstream tasks scheduled from follow-on schedule check
