[2026-08-27T15:00:03.617+0000] {taskinstance.py:1956} INFO - Dependencies all met for dep_context=non-requeueable deps ti=<TaskInstance: air_quality_ingestion.ingest_to_bronze scheduled__2026-08-27T14:00:00+00:00 [queued]>
[2026-08-27T15:00:03.629+0000] {taskinstance.py:1956} INFO - Dependencies all met for dep_context=requeueable deps ti=<TaskInstance: air_quality_ingestion.ingest_to_bronze scheduled__2026-08-27T14:00:00+00:00 [queued]>
[2026-08-27T15:00:03.630+0000] {taskinstance.py:2170} INFO - Starting attempt 1 of 4
[2026-08-27T15:00:03.647+0000] {taskinstance.py:2191} INFO - Executing <Task(PythonOperator): ingest_to_bronze> on 2026-08-27 14:00:00+00:00
[2026-08-27T15:00:03.652+0000] {standard_task_runner.py:60} INFO - Started process 6608 to run task
[2026-08-27T15:00:03.655+0000] {standard_task_runner.py:87} INFO - Running: ['***', 'tasks', 'run', 'air_quality_ingestion', 'ingest_to_bronze', 'scheduled__2026-08-27T14:00:00+00:00', '--job-id', '396', '--raw', '--subdir', 'DAGS_FOLDER/ingestion_dag.py', '--cfg-path', '/tmp/tmpu8uh7l6t']
[2026-08-27T15:00:03.658+0000] {standard_task_runner.py:88} INFO - Job 396: Subtask ingest_to_bronze
[2026-08-27T15:00:03.748+0000] {task_command.py:423} INFO - Running <TaskInstance: air_quality_ingestion.ingest_to_bronze scheduled__2026-08-27T14:00:00+00:00 [running]> on host 6a0525c4c718
[2026-08-27T15:00:03.845+0000] {taskinstance.py:2480} INFO - Exporting env vars: AIRFLOW_CTX_DAG_OWNER='***' AIRFLOW_CTX_DAG_ID='air_quality_ingestion' AIRFLOW_CTX_TASK_ID='ingest_to_bronze' AIRFLOW_CTX_EXECUTION_DATE='2026-08-27T14:00:00+00:00' AIRFLOW_CTX_TRY_NUMBER='1' AIRFLOW_CTX_DAG_RUN_ID='scheduled__2026-08-27T14:00:00+00:00'
[2026-08-27T15:00:04.134+0000] {logging_mixin.py:188} INFO - Created bucket: bronze-air-quality
[2026-08-27T15:00:04.143+0000] {logging_mixin.py:188} INFO - Created bucket: silver-air-quality
[2026-08-27T15:00:04.149+0000] {logging_mixin.py:188} INFO - Created bucket: gold-air-quality
[2026-08-27T15:00:05.133+0000] {logging_mixin.py:188} INFO - ✓ new york: AQI=30
[2026-08-27T15:00:05.970+0000] {logging_mixin.py:188} INFO - ✓ london: AQI=50
[2026-08-27T15:00:06.781+0000] {logging_mixin.py:188} INFO - ✓ beijing: AQI=80
[2026-08-27T15:00:07.582+0000] {logging_mixin.py:188} INFO - ✓ delhi: AQI=99
[2026-08-27T15:00:08.376+0000] {logging_mixin.py:188} INFO - ✓ sydney: AQI=24
[2026-08-27T15:00:08.408+0000] {logging_mixin.py:188} INFO - Saved → s3://bronze-air-quality/year=2026/month=08/day=27/city=new_york/150004.json
[2026-08-27T15:00:08.416+0000] {logging_mixin.py:188} INFO - Saved → s3://bronze-air-quality/year=2026/month=08/day=27/city=london/150004.json
[2026-08-27T15:00:08.424+0000] {logging_mixin.py:188} INFO - Saved → s3://bronze-air-quality/year=2026/month=08/day=27/city=beijing/150004.json
[2026-08-27T15:00:08.430+0000] {logging_mixin.py:188} INFO - Saved → s3://bronze-air-quality/year=2026/month=08/day=27/city=delhi/150004.json
[2026-08-27T15:00:08.438+0000] {logging_mixin.py:188} INFO - Saved → s3://bronze-air-quality/year=2026/month=08/day=27/city=sydney/150004.json
[2026-08-27T15:00:08.438+0000] {logging_mixin.py:188} INFO - 
Total records ingested: 5
[2026-08-27T15:00:08.439+0000] {python.py:201} INFO - Done. Returned value was: None
[2026-08-27T15:00:08.448+0000] {taskinstance.py:1138} INFO - Marking task as SUCCESS. dag_id=air_quality_ingestion, task_id=ingest_to_bronze, execution_date=20260827T140000, start_date=20260827T150003, end_date=20260827T150008
[2026-08-27T15:00:08.496+0000] {local_task_job_runner.py:234} INFO - Task exited with return code 0
[2026-08-27T15:00:08.511+0000] {taskinstance.py:3280} INFO - 0 downstream tasks scheduled from follow-on schedule check
