[2026-08-12T01:44:39.372+0000] {taskinstance.py:1956} INFO - Dependencies all met for dep_context=non-requeueable deps ti=<TaskInstance: air_quality_ingestion.ingest_to_bronze scheduled__2026-08-12T00:00:00+00:00 [queued]>
[2026-08-12T01:44:39.411+0000] {taskinstance.py:1956} INFO - Dependencies all met for dep_context=requeueable deps ti=<TaskInstance: air_quality_ingestion.ingest_to_bronze scheduled__2026-08-12T00:00:00+00:00 [queued]>
[2026-08-12T01:44:39.418+0000] {taskinstance.py:2170} INFO - Starting attempt 1 of 4
[2026-08-12T01:44:39.472+0000] {taskinstance.py:2191} INFO - Executing <Task(PythonOperator): ingest_to_bronze> on 2026-08-12 00:00:00+00:00
[2026-08-12T01:44:39.482+0000] {standard_task_runner.py:60} INFO - Started process 35679 to run task
[2026-08-12T01:44:39.486+0000] {standard_task_runner.py:87} INFO - Running: ['***', 'tasks', 'run', 'air_quality_ingestion', 'ingest_to_bronze', 'scheduled__2026-08-12T00:00:00+00:00', '--job-id', '234', '--raw', '--subdir', 'DAGS_FOLDER/ingestion_dag.py', '--cfg-path', '/tmp/tmpnue10k6q']
[2026-08-12T01:44:39.503+0000] {standard_task_runner.py:88} INFO - Job 234: Subtask ingest_to_bronze
[2026-08-12T01:44:40.388+0000] {task_command.py:423} INFO - Running <TaskInstance: air_quality_ingestion.ingest_to_bronze scheduled__2026-08-12T00:00:00+00:00 [running]> on host 6a0525c4c718
[2026-08-12T01:44:40.894+0000] {taskinstance.py:2480} INFO - Exporting env vars: AIRFLOW_CTX_DAG_OWNER='***' AIRFLOW_CTX_DAG_ID='air_quality_ingestion' AIRFLOW_CTX_TASK_ID='ingest_to_bronze' AIRFLOW_CTX_EXECUTION_DATE='2026-08-12T00:00:00+00:00' AIRFLOW_CTX_TRY_NUMBER='1' AIRFLOW_CTX_DAG_RUN_ID='scheduled__2026-08-12T00:00:00+00:00'
[2026-08-12T01:44:41.072+0000] {logging_mixin.py:188} INFO - Created bucket: bronze-air-quality
[2026-08-12T01:44:41.083+0000] {logging_mixin.py:188} INFO - Created bucket: silver-air-quality
[2026-08-12T01:44:41.092+0000] {logging_mixin.py:188} INFO - Created bucket: gold-air-quality
[2026-08-12T01:44:41.884+0000] {logging_mixin.py:188} INFO - ✓ new york: AQI=63
[2026-08-12T01:44:42.637+0000] {logging_mixin.py:188} INFO - ✓ london: AQI=46
[2026-08-12T01:44:43.581+0000] {logging_mixin.py:188} INFO - ✓ beijing: AQI=21
[2026-08-12T01:44:44.416+0000] {logging_mixin.py:188} INFO - ✓ delhi: AQI=102
[2026-08-12T01:44:45.211+0000] {logging_mixin.py:188} INFO - ✓ sydney: AQI=31
[2026-08-12T01:44:45.230+0000] {logging_mixin.py:188} INFO - Saved → s3://bronze-air-quality/year=2026/month=08/day=12/city=new_york/014441.json
[2026-08-12T01:44:45.246+0000] {logging_mixin.py:188} INFO - Saved → s3://bronze-air-quality/year=2026/month=08/day=12/city=london/014441.json
[2026-08-12T01:44:45.257+0000] {logging_mixin.py:188} INFO - Saved → s3://bronze-air-quality/year=2026/month=08/day=12/city=beijing/014441.json
[2026-08-12T01:44:45.269+0000] {logging_mixin.py:188} INFO - Saved → s3://bronze-air-quality/year=2026/month=08/day=12/city=delhi/014441.json
[2026-08-12T01:44:45.280+0000] {logging_mixin.py:188} INFO - Saved → s3://bronze-air-quality/year=2026/month=08/day=12/city=sydney/014441.json
[2026-08-12T01:44:45.281+0000] {logging_mixin.py:188} INFO - 
Total records ingested: 5
[2026-08-12T01:44:45.282+0000] {python.py:201} INFO - Done. Returned value was: None
[2026-08-12T01:44:45.301+0000] {taskinstance.py:1138} INFO - Marking task as SUCCESS. dag_id=air_quality_ingestion, task_id=ingest_to_bronze, execution_date=20260812T000000, start_date=20260812T014439, end_date=20260812T014445
[2026-08-12T01:44:45.366+0000] {local_task_job_runner.py:234} INFO - Task exited with return code 0
[2026-08-12T01:44:45.392+0000] {taskinstance.py:3280} INFO - 0 downstream tasks scheduled from follow-on schedule check
