[2026-09-01T01:00:00.936+0000] {taskinstance.py:1956} INFO - Dependencies all met for dep_context=non-requeueable deps ti=<TaskInstance: air_quality_ingestion.ingest_to_bronze scheduled__2026-09-01T00:00:00+00:00 [queued]>
[2026-09-01T01:00:00.943+0000] {taskinstance.py:1956} INFO - Dependencies all met for dep_context=requeueable deps ti=<TaskInstance: air_quality_ingestion.ingest_to_bronze scheduled__2026-09-01T00:00:00+00:00 [queued]>
[2026-09-01T01:00:00.943+0000] {taskinstance.py:2170} INFO - Starting attempt 1 of 4
[2026-09-01T01:00:00.955+0000] {taskinstance.py:2191} INFO - Executing <Task(PythonOperator): ingest_to_bronze> on 2026-09-01 00:00:00+00:00
[2026-09-01T01:00:00.961+0000] {standard_task_runner.py:60} INFO - Started process 32743 to run task
[2026-09-01T01:00:00.967+0000] {standard_task_runner.py:87} INFO - Running: ['***', 'tasks', 'run', 'air_quality_ingestion', 'ingest_to_bronze', 'scheduled__2026-09-01T00:00:00+00:00', '--job-id', '507', '--raw', '--subdir', 'DAGS_FOLDER/ingestion_dag.py', '--cfg-path', '/tmp/tmpixiovdr7']
[2026-09-01T01:00:00.969+0000] {standard_task_runner.py:88} INFO - Job 507: Subtask ingest_to_bronze
[2026-09-01T01:00:01.032+0000] {task_command.py:423} INFO - Running <TaskInstance: air_quality_ingestion.ingest_to_bronze scheduled__2026-09-01T00:00:00+00:00 [running]> on host 6a0525c4c718
[2026-09-01T01:00:01.119+0000] {taskinstance.py:2480} INFO - Exporting env vars: AIRFLOW_CTX_DAG_OWNER='***' AIRFLOW_CTX_DAG_ID='air_quality_ingestion' AIRFLOW_CTX_TASK_ID='ingest_to_bronze' AIRFLOW_CTX_EXECUTION_DATE='2026-09-01T00:00:00+00:00' AIRFLOW_CTX_TRY_NUMBER='1' AIRFLOW_CTX_DAG_RUN_ID='scheduled__2026-09-01T00:00:00+00:00'
[2026-09-01T01:00:01.213+0000] {logging_mixin.py:188} INFO - Created bucket: bronze-air-quality
[2026-09-01T01:00:01.219+0000] {logging_mixin.py:188} INFO - Created bucket: silver-air-quality
[2026-09-01T01:00:01.225+0000] {logging_mixin.py:188} INFO - Created bucket: gold-air-quality
[2026-09-01T01:00:02.102+0000] {logging_mixin.py:188} INFO - ✓ new york: AQI=33
[2026-09-01T01:00:02.874+0000] {logging_mixin.py:188} INFO - ✓ london: AQI=24
[2026-09-01T01:00:03.738+0000] {logging_mixin.py:188} INFO - ✓ beijing: AQI=30
[2026-09-01T01:00:04.520+0000] {logging_mixin.py:188} INFO - ✓ delhi: AQI=52
[2026-09-01T01:00:05.271+0000] {logging_mixin.py:188} INFO - ✓ sydney: AQI=76
[2026-09-01T01:00:05.316+0000] {logging_mixin.py:188} INFO - Saved → s3://bronze-air-quality/year=2026/month=09/day=01/city=new_york/010001.json
[2026-09-01T01:00:05.375+0000] {logging_mixin.py:188} INFO - Saved → s3://bronze-air-quality/year=2026/month=09/day=01/city=london/010001.json
[2026-09-01T01:00:05.400+0000] {logging_mixin.py:188} INFO - Saved → s3://bronze-air-quality/year=2026/month=09/day=01/city=beijing/010001.json
[2026-09-01T01:00:05.410+0000] {logging_mixin.py:188} INFO - Saved → s3://bronze-air-quality/year=2026/month=09/day=01/city=delhi/010001.json
[2026-09-01T01:00:05.425+0000] {logging_mixin.py:188} INFO - Saved → s3://bronze-air-quality/year=2026/month=09/day=01/city=sydney/010001.json
[2026-09-01T01:00:05.425+0000] {logging_mixin.py:188} INFO - 
Total records ingested: 5
[2026-09-01T01:00:05.426+0000] {python.py:201} INFO - Done. Returned value was: None
[2026-09-01T01:00:05.443+0000] {taskinstance.py:1138} INFO - Marking task as SUCCESS. dag_id=air_quality_ingestion, task_id=ingest_to_bronze, execution_date=20260901T000000, start_date=20260901T010000, end_date=20260901T010005
[2026-09-01T01:00:05.496+0000] {local_task_job_runner.py:234} INFO - Task exited with return code 0
[2026-09-01T01:00:05.519+0000] {taskinstance.py:3280} INFO - 0 downstream tasks scheduled from follow-on schedule check
