[2026-08-14T14:49:58.245+0000] {taskinstance.py:1956} INFO - Dependencies all met for dep_context=non-requeueable deps ti=<TaskInstance: air_quality_ingestion.ingest_to_bronze scheduled__2026-08-14T10:00:00+00:00 [queued]>
[2026-08-14T14:49:58.285+0000] {taskinstance.py:1956} INFO - Dependencies all met for dep_context=requeueable deps ti=<TaskInstance: air_quality_ingestion.ingest_to_bronze scheduled__2026-08-14T10:00:00+00:00 [queued]>
[2026-08-14T14:49:58.298+0000] {taskinstance.py:2170} INFO - Starting attempt 1 of 4
[2026-08-14T14:49:58.387+0000] {taskinstance.py:2191} INFO - Executing <Task(PythonOperator): ingest_to_bronze> on 2026-08-14 10:00:00+00:00
[2026-08-14T14:49:58.446+0000] {standard_task_runner.py:60} INFO - Started process 51291 to run task
[2026-08-14T14:49:58.510+0000] {standard_task_runner.py:87} INFO - Running: ['***', 'tasks', 'run', 'air_quality_ingestion', 'ingest_to_bronze', 'scheduled__2026-08-14T10:00:00+00:00', '--job-id', '307', '--raw', '--subdir', 'DAGS_FOLDER/ingestion_dag.py', '--cfg-path', '/tmp/tmpqhkk0wrl']
[2026-08-14T14:49:58.531+0000] {standard_task_runner.py:88} INFO - Job 307: Subtask ingest_to_bronze
[2026-08-14T14:49:59.067+0000] {task_command.py:423} INFO - Running <TaskInstance: air_quality_ingestion.ingest_to_bronze scheduled__2026-08-14T10:00:00+00:00 [running]> on host 6a0525c4c718
[2026-08-14T14:49:59.515+0000] {taskinstance.py:2480} INFO - Exporting env vars: AIRFLOW_CTX_DAG_OWNER='***' AIRFLOW_CTX_DAG_ID='air_quality_ingestion' AIRFLOW_CTX_TASK_ID='ingest_to_bronze' AIRFLOW_CTX_EXECUTION_DATE='2026-08-14T10:00:00+00:00' AIRFLOW_CTX_TRY_NUMBER='1' AIRFLOW_CTX_DAG_RUN_ID='scheduled__2026-08-14T10:00:00+00:00'
[2026-08-14T14:50:00.235+0000] {logging_mixin.py:188} INFO - Created bucket: bronze-air-quality
[2026-08-14T14:50:00.255+0000] {logging_mixin.py:188} INFO - Created bucket: silver-air-quality
[2026-08-14T14:50:00.286+0000] {logging_mixin.py:188} INFO - Created bucket: gold-air-quality
[2026-08-14T14:50:01.603+0000] {logging_mixin.py:188} INFO - ✓ new york: AQI=47
[2026-08-14T14:50:02.856+0000] {logging_mixin.py:188} INFO - ✓ london: AQI=61
[2026-08-14T16:30:30.949+0000] {logging_mixin.py:188} INFO - ✗ beijing: HTTPSConnectionPool(host='api.waqi.info', port=443): Max retries exceeded with url: /feed/beijing/?token=2cc5f2fc84f739a6377a29001c83fd1911c54797 (Caused by NameResolutionError("<urllib3.connection.HTTPSConnection object at 0x7d6db68bed90>: Failed to resolve 'api.waqi.info' ([Errno -2] Name or service not known)"))
[2026-08-14T16:30:31.228+0000] {logging_mixin.py:188} INFO - ✗ delhi: HTTPSConnectionPool(host='api.waqi.info', port=443): Max retries exceeded with url: /feed/delhi/?token=2cc5f2fc84f739a6377a29001c83fd1911c54797 (Caused by NameResolutionError("<urllib3.connection.HTTPSConnection object at 0x7d6db68c8ed0>: Failed to resolve 'api.waqi.info' ([Errno -2] Name or service not known)"))
[2026-08-14T16:30:31.401+0000] {logging_mixin.py:188} INFO - ✗ sydney: HTTPSConnectionPool(host='api.waqi.info', port=443): Max retries exceeded with url: /feed/sydney/?token=2cc5f2fc84f739a6377a29001c83fd1911c54797 (Caused by NameResolutionError("<urllib3.connection.HTTPSConnection object at 0x7d6db68cb0d0>: Failed to resolve 'api.waqi.info' ([Errno -2] Name or service not known)"))
[2026-08-14T16:30:31.493+0000] {logging_mixin.py:188} INFO - Saved → s3://bronze-air-quality/year=2026/month=08/day=14/city=new_york/145000.json
[2026-08-14T16:30:31.598+0000] {logging_mixin.py:188} INFO - Saved → s3://bronze-air-quality/year=2026/month=08/day=14/city=london/145000.json
[2026-08-14T16:30:31.649+0000] {logging_mixin.py:188} INFO - 
Total records ingested: 2
[2026-08-14T16:30:31.674+0000] {python.py:201} INFO - Done. Returned value was: None
[2026-08-14T16:30:31.931+0000] {taskinstance.py:1138} INFO - Marking task as SUCCESS. dag_id=air_quality_ingestion, task_id=ingest_to_bronze, execution_date=20260814T100000, start_date=20260814T144958, end_date=20260814T163031
[2026-08-14T16:30:32.068+0000] {local_task_job_runner.py:234} INFO - Task exited with return code 0
[2026-08-14T16:30:32.156+0000] {taskinstance.py:3280} INFO - 0 downstream tasks scheduled from follow-on schedule check
