[2026-08-13T19:50:23.344+0000] {taskinstance.py:1956} INFO - Dependencies all met for dep_context=non-requeueable deps ti=<TaskInstance: air_quality_pipeline.wait_for_ingestion scheduled__2026-08-13T18:05:00+00:00 [queued]>
[2026-08-13T19:50:23.381+0000] {taskinstance.py:1956} INFO - Dependencies all met for dep_context=requeueable deps ti=<TaskInstance: air_quality_pipeline.wait_for_ingestion scheduled__2026-08-13T18:05:00+00:00 [queued]>
[2026-08-13T19:50:23.387+0000] {taskinstance.py:2170} INFO - Starting attempt 1 of 3
[2026-08-13T19:50:23.430+0000] {taskinstance.py:2191} INFO - Executing <Task(ExternalTaskSensor): wait_for_ingestion> on 2026-08-13 18:05:00+00:00
[2026-08-13T19:50:23.458+0000] {standard_task_runner.py:87} INFO - Running: ['***', 'tasks', 'run', 'air_quality_pipeline', 'wait_for_ingestion', 'scheduled__2026-08-13T18:05:00+00:00', '--job-id', '283', '--raw', '--subdir', 'DAGS_FOLDER/spark_pipeline_dag.py', '--cfg-path', '/tmp/tmpx000v88f']
[2026-08-13T19:50:23.454+0000] {standard_task_runner.py:60} INFO - Started process 46835 to run task
[2026-08-13T19:50:23.467+0000] {standard_task_runner.py:88} INFO - Job 283: Subtask wait_for_ingestion
[2026-08-13T19:50:23.759+0000] {task_command.py:423} INFO - Running <TaskInstance: air_quality_pipeline.wait_for_ingestion scheduled__2026-08-13T18:05:00+00:00 [running]> on host 6a0525c4c718
[2026-08-13T19:50:23.959+0000] {taskinstance.py:2480} INFO - Exporting env vars: AIRFLOW_CTX_DAG_OWNER='***' AIRFLOW_CTX_DAG_ID='air_quality_pipeline' AIRFLOW_CTX_TASK_ID='wait_for_ingestion' AIRFLOW_CTX_EXECUTION_DATE='2026-08-13T18:05:00+00:00' AIRFLOW_CTX_TRY_NUMBER='1' AIRFLOW_CTX_DAG_RUN_ID='scheduled__2026-08-13T18:05:00+00:00'
[2026-08-13T19:50:23.968+0000] {external_task.py:244} INFO - Poking for tasks ['ingest_to_bronze'] in dag air_quality_ingestion on 2026-08-13T18:05:00+00:00 ... 
[2026-08-13T19:50:53.990+0000] {external_task.py:244} INFO - Poking for tasks ['ingest_to_bronze'] in dag air_quality_ingestion on 2026-08-13T18:05:00+00:00 ... 
[2026-08-13T19:51:24.004+0000] {external_task.py:244} INFO - Poking for tasks ['ingest_to_bronze'] in dag air_quality_ingestion on 2026-08-13T18:05:00+00:00 ... 
[2026-08-13T19:51:54.016+0000] {external_task.py:244} INFO - Poking for tasks ['ingest_to_bronze'] in dag air_quality_ingestion on 2026-08-13T18:05:00+00:00 ... 
[2026-08-13T19:52:24.025+0000] {external_task.py:244} INFO - Poking for tasks ['ingest_to_bronze'] in dag air_quality_ingestion on 2026-08-13T18:05:00+00:00 ... 
[2026-08-13T19:52:54.034+0000] {external_task.py:244} INFO - Poking for tasks ['ingest_to_bronze'] in dag air_quality_ingestion on 2026-08-13T18:05:00+00:00 ... 
[2026-08-13T19:53:24.042+0000] {external_task.py:244} INFO - Poking for tasks ['ingest_to_bronze'] in dag air_quality_ingestion on 2026-08-13T18:05:00+00:00 ... 
[2026-08-13T19:53:54.051+0000] {external_task.py:244} INFO - Poking for tasks ['ingest_to_bronze'] in dag air_quality_ingestion on 2026-08-13T18:05:00+00:00 ... 
[2026-08-13T19:54:24.061+0000] {external_task.py:244} INFO - Poking for tasks ['ingest_to_bronze'] in dag air_quality_ingestion on 2026-08-13T18:05:00+00:00 ... 
[2026-08-13T19:54:54.068+0000] {external_task.py:244} INFO - Poking for tasks ['ingest_to_bronze'] in dag air_quality_ingestion on 2026-08-13T18:05:00+00:00 ... 
[2026-08-13T19:55:24.075+0000] {external_task.py:244} INFO - Poking for tasks ['ingest_to_bronze'] in dag air_quality_ingestion on 2026-08-13T18:05:00+00:00 ... 
[2026-08-13T19:55:24.088+0000] {taskinstance.py:2698} ERROR - Task failed with exception
Traceback (most recent call last):
  File "/home/airflow/.local/lib/python3.11/site-packages/airflow/models/taskinstance.py", line 433, in _execute_task
    result = execute_callable(context=context, **execute_callable_kwargs)
             ^^^^^^^^^^^^^^^^^^^^^^^^^^^^^^^^^^^^^^^^^^^^^^^^^^^^^^^^^^^^
  File "/home/airflow/.local/lib/python3.11/site-packages/airflow/sensors/external_task.py", line 334, in execute
    super().execute(context)
  File "/home/airflow/.local/lib/python3.11/site-packages/airflow/sensors/base.py", line 282, in execute
    raise AirflowSensorTimeout(message)
airflow.exceptions.AirflowSensorTimeout: Sensor has timed out; run duration of 300.140561031003 seconds exceeds the specified timeout of 300.0.
[2026-08-13T19:55:24.100+0000] {taskinstance.py:1138} INFO - Immediate failure requested. Marking task as FAILED. dag_id=air_quality_pipeline, task_id=wait_for_ingestion, execution_date=20260813T180500, start_date=20260813T195023, end_date=20260813T195524
[2026-08-13T19:55:24.117+0000] {standard_task_runner.py:107} ERROR - Failed to execute job 283 for task wait_for_ingestion (Sensor has timed out; run duration of 300.140561031003 seconds exceeds the specified timeout of 300.0.; 46835)
[2026-08-13T19:55:24.146+0000] {local_task_job_runner.py:234} INFO - Task exited with return code 1
[2026-08-13T19:55:24.173+0000] {taskinstance.py:3280} INFO - 0 downstream tasks scheduled from follow-on schedule check
