[2026-08-14T03:00:01.297+0000] {taskinstance.py:1956} INFO - Dependencies all met for dep_context=non-requeueable deps ti=<TaskInstance: air_quality_ingestion.ingest_to_bronze scheduled__2026-08-14T02:00:00+00:00 [queued]>
[2026-08-14T03:00:01.304+0000] {taskinstance.py:1956} INFO - Dependencies all met for dep_context=requeueable deps ti=<TaskInstance: air_quality_ingestion.ingest_to_bronze scheduled__2026-08-14T02:00:00+00:00 [queued]>
[2026-08-14T03:00:01.305+0000] {taskinstance.py:2170} INFO - Starting attempt 1 of 4
[2026-08-14T03:00:01.323+0000] {taskinstance.py:2191} INFO - Executing <Task(PythonOperator): ingest_to_bronze> on 2026-08-14 02:00:00+00:00
[2026-08-14T03:00:01.329+0000] {standard_task_runner.py:60} INFO - Started process 49306 to run task
[2026-08-14T03:00:01.334+0000] {standard_task_runner.py:87} INFO - Running: ['***', 'tasks', 'run', 'air_quality_ingestion', 'ingest_to_bronze', 'scheduled__2026-08-14T02:00:00+00:00', '--job-id', '297', '--raw', '--subdir', 'DAGS_FOLDER/ingestion_dag.py', '--cfg-path', '/tmp/tmpspzub141']
[2026-08-14T03:00:01.337+0000] {standard_task_runner.py:88} INFO - Job 297: Subtask ingest_to_bronze
[2026-08-14T03:00:01.414+0000] {task_command.py:423} INFO - Running <TaskInstance: air_quality_ingestion.ingest_to_bronze scheduled__2026-08-14T02:00:00+00:00 [running]> on host 6a0525c4c718
[2026-08-14T03:00:01.540+0000] {taskinstance.py:2480} INFO - Exporting env vars: AIRFLOW_CTX_DAG_OWNER='***' AIRFLOW_CTX_DAG_ID='air_quality_ingestion' AIRFLOW_CTX_TASK_ID='ingest_to_bronze' AIRFLOW_CTX_EXECUTION_DATE='2026-08-14T02:00:00+00:00' AIRFLOW_CTX_TRY_NUMBER='1' AIRFLOW_CTX_DAG_RUN_ID='scheduled__2026-08-14T02:00:00+00:00'
[2026-08-14T03:00:01.646+0000] {logging_mixin.py:188} INFO - Created bucket: bronze-air-quality
[2026-08-14T03:00:01.653+0000] {logging_mixin.py:188} INFO - Created bucket: silver-air-quality
[2026-08-14T03:00:01.660+0000] {logging_mixin.py:188} INFO - Created bucket: gold-air-quality
[2026-08-14T03:00:02.549+0000] {logging_mixin.py:188} INFO - ✓ new york: AQI=58
[2026-08-14T03:00:03.321+0000] {logging_mixin.py:188} INFO - ✓ london: AQI=55
[2026-08-14T03:00:04.209+0000] {logging_mixin.py:188} INFO - ✓ beijing: AQI=34
[2026-08-14T03:00:04.953+0000] {logging_mixin.py:188} INFO - ✓ delhi: AQI=61
[2026-08-14T03:00:05.712+0000] {logging_mixin.py:188} INFO - ✓ sydney: AQI=32
[2026-08-14T03:00:05.740+0000] {logging_mixin.py:188} INFO - Saved → s3://bronze-air-quality/year=2026/month=08/day=14/city=new_york/030001.json
[2026-08-14T03:00:05.762+0000] {logging_mixin.py:188} INFO - Saved → s3://bronze-air-quality/year=2026/month=08/day=14/city=london/030001.json
[2026-08-14T03:00:05.774+0000] {logging_mixin.py:188} INFO - Saved → s3://bronze-air-quality/year=2026/month=08/day=14/city=beijing/030001.json
[2026-08-14T03:00:05.791+0000] {logging_mixin.py:188} INFO - Saved → s3://bronze-air-quality/year=2026/month=08/day=14/city=delhi/030001.json
[2026-08-14T03:00:05.802+0000] {logging_mixin.py:188} INFO - Saved → s3://bronze-air-quality/year=2026/month=08/day=14/city=sydney/030001.json
[2026-08-14T03:00:05.803+0000] {logging_mixin.py:188} INFO - 
Total records ingested: 5
[2026-08-14T03:00:05.804+0000] {python.py:201} INFO - Done. Returned value was: None
[2026-08-14T03:00:05.815+0000] {taskinstance.py:1138} INFO - Marking task as SUCCESS. dag_id=air_quality_ingestion, task_id=ingest_to_bronze, execution_date=20260814T020000, start_date=20260814T030001, end_date=20260814T030005
[2026-08-14T03:00:05.854+0000] {local_task_job_runner.py:234} INFO - Task exited with return code 0
[2026-08-14T03:00:05.872+0000] {taskinstance.py:3280} INFO - 0 downstream tasks scheduled from follow-on schedule check
