[2026-08-14T16:35:33.491+0000] {taskinstance.py:1956} INFO - Dependencies all met for dep_context=non-requeueable deps ti=<TaskInstance: air_quality_pipeline.wait_for_ingestion scheduled__2026-08-14T13:05:00+00:00 [queued]>
[2026-08-14T16:35:33.504+0000] {taskinstance.py:1956} INFO - Dependencies all met for dep_context=requeueable deps ti=<TaskInstance: air_quality_pipeline.wait_for_ingestion scheduled__2026-08-14T13:05:00+00:00 [queued]>
[2026-08-14T16:35:33.506+0000] {taskinstance.py:2170} INFO - Starting attempt 2 of 3
[2026-08-14T16:35:33.525+0000] {taskinstance.py:2191} INFO - Executing <Task(ExternalTaskSensor): wait_for_ingestion> on 2026-08-14 13:05:00+00:00
[2026-08-14T16:35:33.536+0000] {standard_task_runner.py:60} INFO - Started process 51406 to run task
[2026-08-14T16:35:33.540+0000] {standard_task_runner.py:87} INFO - Running: ['***', 'tasks', 'run', 'air_quality_pipeline', 'wait_for_ingestion', 'scheduled__2026-08-14T13:05:00+00:00', '--job-id', '313', '--raw', '--subdir', 'DAGS_FOLDER/spark_pipeline_dag.py', '--cfg-path', '/tmp/tmp2e2ns96n']
[2026-08-14T16:35:33.543+0000] {standard_task_runner.py:88} INFO - Job 313: Subtask wait_for_ingestion
[2026-08-14T16:35:33.672+0000] {task_command.py:423} INFO - Running <TaskInstance: air_quality_pipeline.wait_for_ingestion scheduled__2026-08-14T13:05:00+00:00 [running]> on host 6a0525c4c718
[2026-08-14T16:35:33.786+0000] {taskinstance.py:2480} INFO - Exporting env vars: AIRFLOW_CTX_DAG_OWNER='***' AIRFLOW_CTX_DAG_ID='air_quality_pipeline' AIRFLOW_CTX_TASK_ID='wait_for_ingestion' AIRFLOW_CTX_EXECUTION_DATE='2026-08-14T13:05:00+00:00' AIRFLOW_CTX_TRY_NUMBER='2' AIRFLOW_CTX_DAG_RUN_ID='scheduled__2026-08-14T13:05:00+00:00'
[2026-08-14T16:35:33.787+0000] {external_task.py:244} INFO - Poking for tasks ['ingest_to_bronze'] in dag air_quality_ingestion on 2026-08-14T13:05:00+00:00 ... 
[2026-08-14T16:36:03.799+0000] {external_task.py:244} INFO - Poking for tasks ['ingest_to_bronze'] in dag air_quality_ingestion on 2026-08-14T13:05:00+00:00 ... 
[2026-08-14T16:36:33.817+0000] {external_task.py:244} INFO - Poking for tasks ['ingest_to_bronze'] in dag air_quality_ingestion on 2026-08-14T13:05:00+00:00 ... 
[2026-08-14T16:37:03.845+0000] {external_task.py:244} INFO - Poking for tasks ['ingest_to_bronze'] in dag air_quality_ingestion on 2026-08-14T13:05:00+00:00 ... 
[2026-08-14T16:37:33.860+0000] {external_task.py:244} INFO - Poking for tasks ['ingest_to_bronze'] in dag air_quality_ingestion on 2026-08-14T13:05:00+00:00 ... 
[2026-08-14T16:38:03.867+0000] {external_task.py:244} INFO - Poking for tasks ['ingest_to_bronze'] in dag air_quality_ingestion on 2026-08-14T13:05:00+00:00 ... 
[2026-08-14T16:38:33.882+0000] {external_task.py:244} INFO - Poking for tasks ['ingest_to_bronze'] in dag air_quality_ingestion on 2026-08-14T13:05:00+00:00 ... 
[2026-08-14T16:39:03.892+0000] {external_task.py:244} INFO - Poking for tasks ['ingest_to_bronze'] in dag air_quality_ingestion on 2026-08-14T13:05:00+00:00 ... 
[2026-08-14T16:39:33.902+0000] {external_task.py:244} INFO - Poking for tasks ['ingest_to_bronze'] in dag air_quality_ingestion on 2026-08-14T13:05:00+00:00 ... 
[2026-08-14T16:40:03.911+0000] {external_task.py:244} INFO - Poking for tasks ['ingest_to_bronze'] in dag air_quality_ingestion on 2026-08-14T13:05:00+00:00 ... 
[2026-08-14T16:40:33.924+0000] {external_task.py:244} INFO - Poking for tasks ['ingest_to_bronze'] in dag air_quality_ingestion on 2026-08-14T13:05:00+00:00 ... 
[2026-08-14T16:40:33.934+0000] {taskinstance.py:2698} ERROR - Task failed with exception
Traceback (most recent call last):
  File "/home/airflow/.local/lib/python3.11/site-packages/airflow/models/taskinstance.py", line 433, in _execute_task
    result = execute_callable(context=context, **execute_callable_kwargs)
             ^^^^^^^^^^^^^^^^^^^^^^^^^^^^^^^^^^^^^^^^^^^^^^^^^^^^^^^^^^^^
  File "/home/airflow/.local/lib/python3.11/site-packages/airflow/sensors/external_task.py", line 334, in execute
    super().execute(context)
  File "/home/airflow/.local/lib/python3.11/site-packages/airflow/sensors/base.py", line 282, in execute
    raise AirflowSensorTimeout(message)
airflow.exceptions.AirflowSensorTimeout: Sensor has timed out; run duration of 300.1790723769809 seconds exceeds the specified timeout of 300.0.
[2026-08-14T16:40:33.945+0000] {taskinstance.py:1138} INFO - Immediate failure requested. Marking task as FAILED. dag_id=air_quality_pipeline, task_id=wait_for_ingestion, execution_date=20260814T130500, start_date=20260814T163533, end_date=20260814T164033
[2026-08-14T16:40:33.963+0000] {standard_task_runner.py:107} ERROR - Failed to execute job 313 for task wait_for_ingestion (Sensor has timed out; run duration of 300.1790723769809 seconds exceeds the specified timeout of 300.0.; 51406)
[2026-08-14T16:40:33.984+0000] {local_task_job_runner.py:234} INFO - Task exited with return code 1
[2026-08-14T16:40:34.012+0000] {taskinstance.py:3280} INFO - 0 downstream tasks scheduled from follow-on schedule check
