[2026-09-02T22:56:12.360+0000] {taskinstance.py:1956} INFO - Dependencies all met for dep_context=non-requeueable deps ti=<TaskInstance: air_quality_pipeline.wait_for_ingestion scheduled__2026-09-02T17:05:00+00:00 [queued]>
[2026-09-02T22:56:12.403+0000] {taskinstance.py:1956} INFO - Dependencies all met for dep_context=requeueable deps ti=<TaskInstance: air_quality_pipeline.wait_for_ingestion scheduled__2026-09-02T17:05:00+00:00 [queued]>
[2026-09-02T22:56:12.405+0000] {taskinstance.py:2170} INFO - Starting attempt 1 of 3
[2026-09-02T22:56:12.476+0000] {taskinstance.py:2191} INFO - Executing <Task(ExternalTaskSensor): wait_for_ingestion> on 2026-09-02 17:05:00+00:00
[2026-09-02T22:56:12.497+0000] {standard_task_runner.py:60} INFO - Started process 44055 to run task
[2026-09-02T22:56:12.495+0000] {standard_task_runner.py:87} INFO - Running: ['***', 'tasks', 'run', 'air_quality_pipeline', 'wait_for_ingestion', 'scheduled__2026-09-02T17:05:00+00:00', '--job-id', '556', '--raw', '--subdir', 'DAGS_FOLDER/spark_pipeline_dag.py', '--cfg-path', '/tmp/tmp82n3nm4t']
[2026-09-02T22:56:12.519+0000] {standard_task_runner.py:88} INFO - Job 556: Subtask wait_for_ingestion
[2026-09-02T22:56:12.825+0000] {task_command.py:423} INFO - Running <TaskInstance: air_quality_pipeline.wait_for_ingestion scheduled__2026-09-02T17:05:00+00:00 [running]> on host 6a0525c4c718
[2026-09-02T22:56:13.235+0000] {taskinstance.py:2480} INFO - Exporting env vars: AIRFLOW_CTX_DAG_OWNER='***' AIRFLOW_CTX_DAG_ID='air_quality_pipeline' AIRFLOW_CTX_TASK_ID='wait_for_ingestion' AIRFLOW_CTX_EXECUTION_DATE='2026-09-02T17:05:00+00:00' AIRFLOW_CTX_TRY_NUMBER='1' AIRFLOW_CTX_DAG_RUN_ID='scheduled__2026-09-02T17:05:00+00:00'
[2026-09-02T22:56:13.244+0000] {external_task.py:244} INFO - Poking for tasks ['ingest_to_bronze'] in dag air_quality_ingestion on 2026-09-02T17:05:00+00:00 ... 
[2026-09-02T22:56:43.276+0000] {external_task.py:244} INFO - Poking for tasks ['ingest_to_bronze'] in dag air_quality_ingestion on 2026-09-02T17:05:00+00:00 ... 
[2026-09-02T22:57:13.288+0000] {external_task.py:244} INFO - Poking for tasks ['ingest_to_bronze'] in dag air_quality_ingestion on 2026-09-02T17:05:00+00:00 ... 
[2026-09-02T22:57:43.300+0000] {external_task.py:244} INFO - Poking for tasks ['ingest_to_bronze'] in dag air_quality_ingestion on 2026-09-02T17:05:00+00:00 ... 
[2026-09-02T22:58:13.308+0000] {external_task.py:244} INFO - Poking for tasks ['ingest_to_bronze'] in dag air_quality_ingestion on 2026-09-02T17:05:00+00:00 ... 
[2026-09-02T22:58:43.319+0000] {external_task.py:244} INFO - Poking for tasks ['ingest_to_bronze'] in dag air_quality_ingestion on 2026-09-02T17:05:00+00:00 ... 
[2026-09-02T22:59:13.335+0000] {external_task.py:244} INFO - Poking for tasks ['ingest_to_bronze'] in dag air_quality_ingestion on 2026-09-02T17:05:00+00:00 ... 
[2026-09-02T22:59:43.355+0000] {external_task.py:244} INFO - Poking for tasks ['ingest_to_bronze'] in dag air_quality_ingestion on 2026-09-02T17:05:00+00:00 ... 
[2026-09-02T23:00:13.371+0000] {external_task.py:244} INFO - Poking for tasks ['ingest_to_bronze'] in dag air_quality_ingestion on 2026-09-02T17:05:00+00:00 ... 
[2026-09-02T23:00:43.382+0000] {external_task.py:244} INFO - Poking for tasks ['ingest_to_bronze'] in dag air_quality_ingestion on 2026-09-02T17:05:00+00:00 ... 
[2026-09-02T23:01:13.399+0000] {external_task.py:244} INFO - Poking for tasks ['ingest_to_bronze'] in dag air_quality_ingestion on 2026-09-02T17:05:00+00:00 ... 
[2026-09-02T23:01:13.419+0000] {taskinstance.py:2698} ERROR - Task failed with exception
Traceback (most recent call last):
  File "/home/airflow/.local/lib/python3.11/site-packages/airflow/models/taskinstance.py", line 433, in _execute_task
    result = execute_callable(context=context, **execute_callable_kwargs)
             ^^^^^^^^^^^^^^^^^^^^^^^^^^^^^^^^^^^^^^^^^^^^^^^^^^^^^^^^^^^^
  File "/home/airflow/.local/lib/python3.11/site-packages/airflow/sensors/external_task.py", line 334, in execute
    super().execute(context)
  File "/home/airflow/.local/lib/python3.11/site-packages/airflow/sensors/base.py", line 282, in execute
    raise AirflowSensorTimeout(message)
airflow.exceptions.AirflowSensorTimeout: Sensor has timed out; run duration of 300.2078505869722 seconds exceeds the specified timeout of 300.0.
[2026-09-02T23:01:13.428+0000] {taskinstance.py:1138} INFO - Immediate failure requested. Marking task as FAILED. dag_id=air_quality_pipeline, task_id=wait_for_ingestion, execution_date=20260902T170500, start_date=20260902T225612, end_date=20260902T230113
[2026-09-02T23:01:13.461+0000] {standard_task_runner.py:107} ERROR - Failed to execute job 556 for task wait_for_ingestion (Sensor has timed out; run duration of 300.2078505869722 seconds exceeds the specified timeout of 300.0.; 44055)
[2026-09-02T23:01:13.475+0000] {local_task_job_runner.py:234} INFO - Task exited with return code 1
[2026-09-02T23:01:13.499+0000] {taskinstance.py:3280} INFO - 0 downstream tasks scheduled from follow-on schedule check
