[2026-09-09T00:14:45.516+0000] {taskinstance.py:1956} INFO - Dependencies all met for dep_context=non-requeueable deps ti=<TaskInstance: air_quality_pipeline.wait_for_ingestion scheduled__2026-09-08T23:05:00+00:00 [queued]>
[2026-09-09T00:14:45.559+0000] {taskinstance.py:1956} INFO - Dependencies all met for dep_context=requeueable deps ti=<TaskInstance: air_quality_pipeline.wait_for_ingestion scheduled__2026-09-08T23:05:00+00:00 [queued]>
[2026-09-09T00:14:45.589+0000] {taskinstance.py:2170} INFO - Starting attempt 1 of 3
[2026-09-09T00:14:45.621+0000] {taskinstance.py:2191} INFO - Executing <Task(ExternalTaskSensor): wait_for_ingestion> on 2026-09-08 23:05:00+00:00
[2026-09-09T00:14:45.650+0000] {standard_task_runner.py:60} INFO - Started process 301 to run task
[2026-09-09T00:14:45.654+0000] {standard_task_runner.py:87} INFO - Running: ['***', 'tasks', 'run', 'air_quality_pipeline', 'wait_for_ingestion', 'scheduled__2026-09-08T23:05:00+00:00', '--job-id', '727', '--raw', '--subdir', 'DAGS_FOLDER/spark_pipeline_dag.py', '--cfg-path', '/tmp/tmpn1zbg8oi']
[2026-09-09T00:14:45.658+0000] {standard_task_runner.py:88} INFO - Job 727: Subtask wait_for_ingestion
[2026-09-09T00:14:45.811+0000] {task_command.py:423} INFO - Running <TaskInstance: air_quality_pipeline.wait_for_ingestion scheduled__2026-09-08T23:05:00+00:00 [running]> on host 6a0525c4c718
[2026-09-09T00:14:45.962+0000] {taskinstance.py:2480} INFO - Exporting env vars: AIRFLOW_CTX_DAG_OWNER='***' AIRFLOW_CTX_DAG_ID='air_quality_pipeline' AIRFLOW_CTX_TASK_ID='wait_for_ingestion' AIRFLOW_CTX_EXECUTION_DATE='2026-09-08T23:05:00+00:00' AIRFLOW_CTX_TRY_NUMBER='1' AIRFLOW_CTX_DAG_RUN_ID='scheduled__2026-09-08T23:05:00+00:00'
[2026-09-09T00:14:45.966+0000] {external_task.py:244} INFO - Poking for tasks ['ingest_to_bronze'] in dag air_quality_ingestion on 2026-09-08T23:05:00+00:00 ... 
[2026-09-09T01:37:01.001+0000] {local_task_job_runner.py:302} WARNING - State of this instance has been externally set to up_for_retry. Terminating instance.
[2026-09-09T01:37:01.013+0000] {process_utils.py:131} INFO - Sending 15 to group 301. PIDs of all processes in the group: [301]
[2026-09-09T01:37:01.014+0000] {process_utils.py:86} INFO - Sending the signal 15 to group 301
[2026-09-09T01:37:01.015+0000] {taskinstance.py:2450} ERROR - Received SIGTERM. Terminating subprocesses.
[2026-09-09T01:37:01.026+0000] {taskinstance.py:2698} ERROR - Task failed with exception
Traceback (most recent call last):
  File "/home/airflow/.local/lib/python3.11/site-packages/airflow/models/taskinstance.py", line 433, in _execute_task
    result = execute_callable(context=context, **execute_callable_kwargs)
             ^^^^^^^^^^^^^^^^^^^^^^^^^^^^^^^^^^^^^^^^^^^^^^^^^^^^^^^^^^^^
  File "/home/airflow/.local/lib/python3.11/site-packages/airflow/sensors/external_task.py", line 334, in execute
    super().execute(context)
  File "/home/airflow/.local/lib/python3.11/site-packages/airflow/sensors/base.py", line 293, in execute
    time.sleep(self._get_next_poke_interval(started_at, run_duration, try_number))
  File "/home/airflow/.local/lib/python3.11/site-packages/airflow/models/taskinstance.py", line 2452, in signal_handler
    raise AirflowException("Task received SIGTERM signal")
airflow.exceptions.AirflowException: Task received SIGTERM signal
[2026-09-09T01:37:01.030+0000] {taskinstance.py:1138} INFO - Marking task as UP_FOR_RETRY. dag_id=air_quality_pipeline, task_id=wait_for_ingestion, execution_date=20260908T230500, start_date=20260909T001445, end_date=20260909T013701
[2026-09-09T01:37:01.042+0000] {standard_task_runner.py:107} ERROR - Failed to execute job 727 for task wait_for_ingestion (Task received SIGTERM signal; 301)
[2026-09-09T01:37:01.068+0000] {process_utils.py:79} INFO - Process psutil.Process(pid=301, status='terminated', exitcode=1, started='00:14:44') (301) terminated with exit code 1
