[2026-09-09T01:42:01.793+0000] {taskinstance.py:1956} INFO - Dependencies all met for dep_context=non-requeueable deps ti=<TaskInstance: air_quality_pipeline.wait_for_ingestion scheduled__2026-09-08T23:05:00+00:00 [queued]>
[2026-09-09T01:42:01.799+0000] {taskinstance.py:1956} INFO - Dependencies all met for dep_context=requeueable deps ti=<TaskInstance: air_quality_pipeline.wait_for_ingestion scheduled__2026-09-08T23:05:00+00:00 [queued]>
[2026-09-09T01:42:01.800+0000] {taskinstance.py:2170} INFO - Starting attempt 2 of 3
[2026-09-09T01:42:01.809+0000] {taskinstance.py:2191} INFO - Executing <Task(ExternalTaskSensor): wait_for_ingestion> on 2026-09-08 23:05:00+00:00
[2026-09-09T01:42:01.813+0000] {standard_task_runner.py:60} INFO - Started process 426 to run task
[2026-09-09T01:42:01.816+0000] {standard_task_runner.py:87} INFO - Running: ['***', 'tasks', 'run', 'air_quality_pipeline', 'wait_for_ingestion', 'scheduled__2026-09-08T23:05:00+00:00', '--job-id', '730', '--raw', '--subdir', 'DAGS_FOLDER/spark_pipeline_dag.py', '--cfg-path', '/tmp/tmpw0p0rtc3']
[2026-09-09T01:42:01.818+0000] {standard_task_runner.py:88} INFO - Job 730: Subtask wait_for_ingestion
[2026-09-09T01:42:01.883+0000] {task_command.py:423} INFO - Running <TaskInstance: air_quality_pipeline.wait_for_ingestion scheduled__2026-09-08T23:05:00+00:00 [running]> on host 6a0525c4c718
[2026-09-09T01:42:01.948+0000] {taskinstance.py:2480} INFO - Exporting env vars: AIRFLOW_CTX_DAG_OWNER='***' AIRFLOW_CTX_DAG_ID='air_quality_pipeline' AIRFLOW_CTX_TASK_ID='wait_for_ingestion' AIRFLOW_CTX_EXECUTION_DATE='2026-09-08T23:05:00+00:00' AIRFLOW_CTX_TRY_NUMBER='2' AIRFLOW_CTX_DAG_RUN_ID='scheduled__2026-09-08T23:05:00+00:00'
[2026-09-09T01:42:01.949+0000] {external_task.py:244} INFO - Poking for tasks ['ingest_to_bronze'] in dag air_quality_ingestion on 2026-09-08T23:05:00+00:00 ... 
[2026-09-09T01:42:31.960+0000] {external_task.py:244} INFO - Poking for tasks ['ingest_to_bronze'] in dag air_quality_ingestion on 2026-09-08T23:05:00+00:00 ... 
[2026-09-09T01:43:01.970+0000] {external_task.py:244} INFO - Poking for tasks ['ingest_to_bronze'] in dag air_quality_ingestion on 2026-09-08T23:05:00+00:00 ... 
[2026-09-09T01:43:31.981+0000] {external_task.py:244} INFO - Poking for tasks ['ingest_to_bronze'] in dag air_quality_ingestion on 2026-09-08T23:05:00+00:00 ... 
[2026-09-09T01:44:01.995+0000] {external_task.py:244} INFO - Poking for tasks ['ingest_to_bronze'] in dag air_quality_ingestion on 2026-09-08T23:05:00+00:00 ... 
[2026-09-09T01:44:32.005+0000] {external_task.py:244} INFO - Poking for tasks ['ingest_to_bronze'] in dag air_quality_ingestion on 2026-09-08T23:05:00+00:00 ... 
[2026-09-09T01:45:02.020+0000] {external_task.py:244} INFO - Poking for tasks ['ingest_to_bronze'] in dag air_quality_ingestion on 2026-09-08T23:05:00+00:00 ... 
[2026-09-09T01:45:32.037+0000] {external_task.py:244} INFO - Poking for tasks ['ingest_to_bronze'] in dag air_quality_ingestion on 2026-09-08T23:05:00+00:00 ... 
[2026-09-09T01:46:02.048+0000] {external_task.py:244} INFO - Poking for tasks ['ingest_to_bronze'] in dag air_quality_ingestion on 2026-09-08T23:05:00+00:00 ... 
[2026-09-09T01:46:32.063+0000] {external_task.py:244} INFO - Poking for tasks ['ingest_to_bronze'] in dag air_quality_ingestion on 2026-09-08T23:05:00+00:00 ... 
[2026-09-09T01:47:02.067+0000] {external_task.py:244} INFO - Poking for tasks ['ingest_to_bronze'] in dag air_quality_ingestion on 2026-09-08T23:05:00+00:00 ... 
[2026-09-09T01:47:02.079+0000] {taskinstance.py:2698} ERROR - Task failed with exception
Traceback (most recent call last):
  File "/home/airflow/.local/lib/python3.11/site-packages/airflow/models/taskinstance.py", line 433, in _execute_task
    result = execute_callable(context=context, **execute_callable_kwargs)
             ^^^^^^^^^^^^^^^^^^^^^^^^^^^^^^^^^^^^^^^^^^^^^^^^^^^^^^^^^^^^
  File "/home/airflow/.local/lib/python3.11/site-packages/airflow/sensors/external_task.py", line 334, in execute
    super().execute(context)
  File "/home/airflow/.local/lib/python3.11/site-packages/airflow/sensors/base.py", line 282, in execute
    raise AirflowSensorTimeout(message)
airflow.exceptions.AirflowSensorTimeout: Sensor has timed out; run duration of 300.1502551930025 seconds exceeds the specified timeout of 300.0.
[2026-09-09T01:47:02.089+0000] {taskinstance.py:1138} INFO - Immediate failure requested. Marking task as FAILED. dag_id=air_quality_pipeline, task_id=wait_for_ingestion, execution_date=20260908T230500, start_date=20260909T014201, end_date=20260909T014702
[2026-09-09T01:47:02.104+0000] {standard_task_runner.py:107} ERROR - Failed to execute job 730 for task wait_for_ingestion (Sensor has timed out; run duration of 300.1502551930025 seconds exceeds the specified timeout of 300.0.; 426)
[2026-09-09T01:47:02.123+0000] {local_task_job_runner.py:234} INFO - Task exited with return code 1
[2026-09-09T01:47:02.147+0000] {taskinstance.py:3280} INFO - 0 downstream tasks scheduled from follow-on schedule check
