[2026-08-29T05:05:46.268+0000] {taskinstance.py:1956} INFO - Dependencies all met for dep_context=non-requeueable deps ti=<TaskInstance: air_quality_pipeline.wait_for_ingestion scheduled__2026-08-29T04:05:00+00:00 [queued]>
[2026-08-29T05:05:46.322+0000] {taskinstance.py:1956} INFO - Dependencies all met for dep_context=requeueable deps ti=<TaskInstance: air_quality_pipeline.wait_for_ingestion scheduled__2026-08-29T04:05:00+00:00 [queued]>
[2026-08-29T05:05:46.348+0000] {taskinstance.py:2170} INFO - Starting attempt 1 of 3
[2026-08-29T05:05:46.417+0000] {taskinstance.py:2191} INFO - Executing <Task(ExternalTaskSensor): wait_for_ingestion> on 2026-08-29 04:05:00+00:00
[2026-08-29T05:05:46.462+0000] {standard_task_runner.py:60} INFO - Started process 13626 to run task
[2026-08-29T05:05:46.472+0000] {standard_task_runner.py:87} INFO - Running: ['***', 'tasks', 'run', 'air_quality_pipeline', 'wait_for_ingestion', 'scheduled__2026-08-29T04:05:00+00:00', '--job-id', '427', '--raw', '--subdir', 'DAGS_FOLDER/spark_pipeline_dag.py', '--cfg-path', '/tmp/tmp8n5srz0i']
[2026-08-29T05:05:46.505+0000] {standard_task_runner.py:88} INFO - Job 427: Subtask wait_for_ingestion
[2026-08-29T05:05:46.924+0000] {task_command.py:423} INFO - Running <TaskInstance: air_quality_pipeline.wait_for_ingestion scheduled__2026-08-29T04:05:00+00:00 [running]> on host 6a0525c4c718
[2026-08-29T05:05:47.168+0000] {taskinstance.py:2480} INFO - Exporting env vars: AIRFLOW_CTX_DAG_OWNER='***' AIRFLOW_CTX_DAG_ID='air_quality_pipeline' AIRFLOW_CTX_TASK_ID='wait_for_ingestion' AIRFLOW_CTX_EXECUTION_DATE='2026-08-29T04:05:00+00:00' AIRFLOW_CTX_TRY_NUMBER='1' AIRFLOW_CTX_DAG_RUN_ID='scheduled__2026-08-29T04:05:00+00:00'
[2026-08-29T05:05:47.184+0000] {external_task.py:244} INFO - Poking for tasks ['ingest_to_bronze'] in dag air_quality_ingestion on 2026-08-29T04:05:00+00:00 ... 
[2026-08-29T05:06:17.277+0000] {external_task.py:244} INFO - Poking for tasks ['ingest_to_bronze'] in dag air_quality_ingestion on 2026-08-29T04:05:00+00:00 ... 
[2026-08-29T05:06:47.422+0000] {external_task.py:244} INFO - Poking for tasks ['ingest_to_bronze'] in dag air_quality_ingestion on 2026-08-29T04:05:00+00:00 ... 
[2026-08-29T05:07:17.428+0000] {external_task.py:244} INFO - Poking for tasks ['ingest_to_bronze'] in dag air_quality_ingestion on 2026-08-29T04:05:00+00:00 ... 
[2026-08-29T05:07:47.438+0000] {external_task.py:244} INFO - Poking for tasks ['ingest_to_bronze'] in dag air_quality_ingestion on 2026-08-29T04:05:00+00:00 ... 
[2026-08-29T05:16:51.005+0000] {external_task.py:244} INFO - Poking for tasks ['ingest_to_bronze'] in dag air_quality_ingestion on 2026-08-29T04:05:00+00:00 ... 
[2026-08-29T05:17:21.028+0000] {external_task.py:244} INFO - Poking for tasks ['ingest_to_bronze'] in dag air_quality_ingestion on 2026-08-29T04:05:00+00:00 ... 
[2026-08-29T05:17:51.047+0000] {external_task.py:244} INFO - Poking for tasks ['ingest_to_bronze'] in dag air_quality_ingestion on 2026-08-29T04:05:00+00:00 ... 
[2026-08-29T05:18:21.084+0000] {external_task.py:244} INFO - Poking for tasks ['ingest_to_bronze'] in dag air_quality_ingestion on 2026-08-29T04:05:00+00:00 ... 
[2026-08-29T05:18:51.096+0000] {external_task.py:244} INFO - Poking for tasks ['ingest_to_bronze'] in dag air_quality_ingestion on 2026-08-29T04:05:00+00:00 ... 
[2026-08-29T05:19:22.138+0000] {external_task.py:244} INFO - Poking for tasks ['ingest_to_bronze'] in dag air_quality_ingestion on 2026-08-29T04:05:00+00:00 ... 
[2026-08-29T05:19:22.158+0000] {taskinstance.py:2698} ERROR - Task failed with exception
Traceback (most recent call last):
  File "/home/airflow/.local/lib/python3.11/site-packages/airflow/models/taskinstance.py", line 433, in _execute_task
    result = execute_callable(context=context, **execute_callable_kwargs)
             ^^^^^^^^^^^^^^^^^^^^^^^^^^^^^^^^^^^^^^^^^^^^^^^^^^^^^^^^^^^^
  File "/home/airflow/.local/lib/python3.11/site-packages/airflow/sensors/external_task.py", line 334, in execute
    super().execute(context)
  File "/home/airflow/.local/lib/python3.11/site-packages/airflow/sensors/base.py", line 282, in execute
    raise AirflowSensorTimeout(message)
airflow.exceptions.AirflowSensorTimeout: Sensor has timed out; run duration of 300.42624127099407 seconds exceeds the specified timeout of 300.0.
[2026-08-29T05:19:22.205+0000] {taskinstance.py:1138} INFO - Immediate failure requested. Marking task as FAILED. dag_id=air_quality_pipeline, task_id=wait_for_ingestion, execution_date=20260829T040500, start_date=20260829T050546, end_date=20260829T051922
[2026-08-29T05:19:22.258+0000] {standard_task_runner.py:107} ERROR - Failed to execute job 427 for task wait_for_ingestion (Sensor has timed out; run duration of 300.42624127099407 seconds exceeds the specified timeout of 300.0.; 13626)
[2026-08-29T05:19:22.292+0000] {local_task_job_runner.py:234} INFO - Task exited with return code 1
[2026-08-29T05:19:22.436+0000] {taskinstance.py:3280} INFO - 0 downstream tasks scheduled from follow-on schedule check
