[2026-07-31T04:49:44.695+0000] {taskinstance.py:1956} INFO - Dependencies all met for dep_context=non-requeueable deps ti=<TaskInstance: air_quality_ingestion.ingest_to_bronze scheduled__2026-07-31T03:00:00+00:00 [queued]>
[2026-07-31T04:49:44.709+0000] {taskinstance.py:1956} INFO - Dependencies all met for dep_context=requeueable deps ti=<TaskInstance: air_quality_ingestion.ingest_to_bronze scheduled__2026-07-31T03:00:00+00:00 [queued]>
[2026-07-31T04:49:44.710+0000] {taskinstance.py:2170} INFO - Starting attempt 1 of 4
[2026-07-31T04:49:44.730+0000] {taskinstance.py:2191} INFO - Executing <Task(PythonOperator): ingest_to_bronze> on 2026-07-31 03:00:00+00:00
[2026-07-31T04:49:44.736+0000] {standard_task_runner.py:60} INFO - Started process 875 to run task
[2026-07-31T04:49:44.740+0000] {standard_task_runner.py:87} INFO - Running: ['***', 'tasks', 'run', 'air_quality_ingestion', 'ingest_to_bronze', 'scheduled__2026-07-31T03:00:00+00:00', '--job-id', '6', '--raw', '--subdir', 'DAGS_FOLDER/ingestion_dag.py', '--cfg-path', '/tmp/tmpnsvctbxi']
[2026-07-31T04:49:44.743+0000] {standard_task_runner.py:88} INFO - Job 6: Subtask ingest_to_bronze
[2026-07-31T04:49:44.842+0000] {task_command.py:423} INFO - Running <TaskInstance: air_quality_ingestion.ingest_to_bronze scheduled__2026-07-31T03:00:00+00:00 [running]> on host cd53ba4eefa8
[2026-07-31T04:49:44.976+0000] {taskinstance.py:2480} INFO - Exporting env vars: AIRFLOW_CTX_DAG_OWNER='***' AIRFLOW_CTX_DAG_ID='air_quality_ingestion' AIRFLOW_CTX_TASK_ID='ingest_to_bronze' AIRFLOW_CTX_EXECUTION_DATE='2026-07-31T03:00:00+00:00' AIRFLOW_CTX_TRY_NUMBER='1' AIRFLOW_CTX_DAG_RUN_ID='scheduled__2026-07-31T03:00:00+00:00'
[2026-07-31T04:49:45.132+0000] {logging_mixin.py:188} INFO - Created bucket: bronze-air-quality
[2026-07-31T04:49:45.148+0000] {logging_mixin.py:188} INFO - Created bucket: silver-air-quality
[2026-07-31T04:49:45.165+0000] {logging_mixin.py:188} INFO - Created bucket: gold-air-quality
[2026-07-31T04:49:45.211+0000] {logging_mixin.py:188} INFO - ✗ new york: HTTPSConnectionPool(host='api.waqi.info', port=443): Max retries exceeded with url: /feed/new%20york/?token=your_aqicn_key_here (Caused by NameResolutionError("<urllib3.connection.HTTPSConnection object at 0x7c1f234c3cd0>: Failed to resolve 'api.waqi.info' ([Errno -2] Name or service not known)"))
[2026-07-31T04:49:45.218+0000] {logging_mixin.py:188} INFO - ✗ london: HTTPSConnectionPool(host='api.waqi.info', port=443): Max retries exceeded with url: /feed/london/?token=your_aqicn_key_here (Caused by NameResolutionError("<urllib3.connection.HTTPSConnection object at 0x7c1f20aac890>: Failed to resolve 'api.waqi.info' ([Errno -2] Name or service not known)"))
[2026-07-31T04:49:45.229+0000] {logging_mixin.py:188} INFO - ✗ beijing: HTTPSConnectionPool(host='api.waqi.info', port=443): Max retries exceeded with url: /feed/beijing/?token=your_aqicn_key_here (Caused by NameResolutionError("<urllib3.connection.HTTPSConnection object at 0x7c1f20aaec10>: Failed to resolve 'api.waqi.info' ([Errno -2] Name or service not known)"))
[2026-07-31T04:49:45.237+0000] {logging_mixin.py:188} INFO - ✗ delhi: HTTPSConnectionPool(host='api.waqi.info', port=443): Max retries exceeded with url: /feed/delhi/?token=your_aqicn_key_here (Caused by NameResolutionError("<urllib3.connection.HTTPSConnection object at 0x7c1f20a9f4d0>: Failed to resolve 'api.waqi.info' ([Errno -2] Name or service not known)"))
[2026-07-31T04:49:45.245+0000] {logging_mixin.py:188} INFO - ✗ sydney: HTTPSConnectionPool(host='api.waqi.info', port=443): Max retries exceeded with url: /feed/sydney/?token=your_aqicn_key_here (Caused by NameResolutionError("<urllib3.connection.HTTPSConnection object at 0x7c1f20aaec50>: Failed to resolve 'api.waqi.info' ([Errno -2] Name or service not known)"))
[2026-07-31T04:49:45.246+0000] {logging_mixin.py:188} INFO - 
Total records ingested: 0
[2026-07-31T04:49:45.247+0000] {python.py:201} INFO - Done. Returned value was: None
[2026-07-31T04:49:45.263+0000] {taskinstance.py:1138} INFO - Marking task as SUCCESS. dag_id=air_quality_ingestion, task_id=ingest_to_bronze, execution_date=20260731T030000, start_date=20260731T044944, end_date=20260731T044945
[2026-07-31T04:49:45.315+0000] {local_task_job_runner.py:234} INFO - Task exited with return code 0
[2026-07-31T04:49:45.347+0000] {taskinstance.py:3280} INFO - 0 downstream tasks scheduled from follow-on schedule check
