[2026-08-14T18:15:08.116+0000] {taskinstance.py:1956} INFO - Dependencies all met for dep_context=non-requeueable deps ti=<TaskInstance: air_quality_ingestion.ingest_to_bronze scheduled__2026-08-14T17:00:00+00:00 [queued]>
[2026-08-14T18:15:08.141+0000] {taskinstance.py:1956} INFO - Dependencies all met for dep_context=requeueable deps ti=<TaskInstance: air_quality_ingestion.ingest_to_bronze scheduled__2026-08-14T17:00:00+00:00 [queued]>
[2026-08-14T18:15:08.148+0000] {taskinstance.py:2170} INFO - Starting attempt 1 of 4
[2026-08-14T18:15:08.185+0000] {taskinstance.py:2191} INFO - Executing <Task(PythonOperator): ingest_to_bronze> on 2026-08-14 17:00:00+00:00
[2026-08-14T18:15:08.205+0000] {standard_task_runner.py:60} INFO - Started process 52996 to run task
[2026-08-14T18:15:08.219+0000] {standard_task_runner.py:87} INFO - Running: ['***', 'tasks', 'run', 'air_quality_ingestion', 'ingest_to_bronze', 'scheduled__2026-08-14T17:00:00+00:00', '--job-id', '318', '--raw', '--subdir', 'DAGS_FOLDER/ingestion_dag.py', '--cfg-path', '/tmp/tmpk5g9lk9v']
[2026-08-14T18:15:08.239+0000] {standard_task_runner.py:88} INFO - Job 318: Subtask ingest_to_bronze
[2026-08-14T18:15:08.391+0000] {task_command.py:423} INFO - Running <TaskInstance: air_quality_ingestion.ingest_to_bronze scheduled__2026-08-14T17:00:00+00:00 [running]> on host 6a0525c4c718
[2026-08-14T18:15:08.530+0000] {taskinstance.py:2480} INFO - Exporting env vars: AIRFLOW_CTX_DAG_OWNER='***' AIRFLOW_CTX_DAG_ID='air_quality_ingestion' AIRFLOW_CTX_TASK_ID='ingest_to_bronze' AIRFLOW_CTX_EXECUTION_DATE='2026-08-14T17:00:00+00:00' AIRFLOW_CTX_TRY_NUMBER='1' AIRFLOW_CTX_DAG_RUN_ID='scheduled__2026-08-14T17:00:00+00:00'
[2026-08-14T18:15:08.836+0000] {logging_mixin.py:188} INFO - Created bucket: bronze-air-quality
[2026-08-14T18:15:08.846+0000] {logging_mixin.py:188} INFO - Created bucket: silver-air-quality
[2026-08-14T18:15:08.854+0000] {logging_mixin.py:188} INFO - Created bucket: gold-air-quality
[2026-08-14T18:15:17.856+0000] {logging_mixin.py:188} INFO - ✓ new york: AQI=49
[2026-08-14T18:15:18.829+0000] {logging_mixin.py:188} INFO - ✓ london: AQI=53
[2026-08-14T18:15:19.799+0000] {logging_mixin.py:188} INFO - ✓ beijing: AQI=57
[2026-08-14T18:15:20.719+0000] {logging_mixin.py:188} INFO - ✓ delhi: AQI=99
[2026-08-14T18:15:21.681+0000] {logging_mixin.py:188} INFO - ✓ sydney: AQI=40
[2026-08-14T18:15:21.707+0000] {logging_mixin.py:188} INFO - Saved → s3://bronze-air-quality/year=2026/month=08/day=14/city=new_york/181508.json
[2026-08-14T18:15:21.718+0000] {logging_mixin.py:188} INFO - Saved → s3://bronze-air-quality/year=2026/month=08/day=14/city=london/181508.json
[2026-08-14T18:15:21.728+0000] {logging_mixin.py:188} INFO - Saved → s3://bronze-air-quality/year=2026/month=08/day=14/city=beijing/181508.json
[2026-08-14T18:15:21.739+0000] {logging_mixin.py:188} INFO - Saved → s3://bronze-air-quality/year=2026/month=08/day=14/city=delhi/181508.json
[2026-08-14T18:15:21.748+0000] {logging_mixin.py:188} INFO - Saved → s3://bronze-air-quality/year=2026/month=08/day=14/city=sydney/181508.json
[2026-08-14T18:15:21.748+0000] {logging_mixin.py:188} INFO - 
Total records ingested: 5
[2026-08-14T18:15:21.749+0000] {python.py:201} INFO - Done. Returned value was: None
[2026-08-14T18:15:21.759+0000] {taskinstance.py:1138} INFO - Marking task as SUCCESS. dag_id=air_quality_ingestion, task_id=ingest_to_bronze, execution_date=20260814T170000, start_date=20260814T181508, end_date=20260814T181521
[2026-08-14T18:15:21.808+0000] {local_task_job_runner.py:234} INFO - Task exited with return code 0
[2026-08-14T18:15:21.824+0000] {taskinstance.py:3280} INFO - 0 downstream tasks scheduled from follow-on schedule check
