[2026-08-27T17:03:54.400+0000] {taskinstance.py:1956} INFO - Dependencies all met for dep_context=non-requeueable deps ti=<TaskInstance: air_quality_pipeline.wait_for_ingestion scheduled__2026-08-27T14:05:00+00:00 [queued]>
[2026-08-27T17:03:54.407+0000] {taskinstance.py:1956} INFO - Dependencies all met for dep_context=requeueable deps ti=<TaskInstance: air_quality_pipeline.wait_for_ingestion scheduled__2026-08-27T14:05:00+00:00 [queued]>
[2026-08-27T17:03:54.408+0000] {taskinstance.py:2170} INFO - Starting attempt 2 of 3
[2026-08-27T17:03:54.418+0000] {taskinstance.py:2191} INFO - Executing <Task(ExternalTaskSensor): wait_for_ingestion> on 2026-08-27 14:05:00+00:00
[2026-08-27T17:03:54.424+0000] {standard_task_runner.py:60} INFO - Started process 6885 to run task
[2026-08-27T17:03:54.427+0000] {standard_task_runner.py:87} INFO - Running: ['***', 'tasks', 'run', 'air_quality_pipeline', 'wait_for_ingestion', 'scheduled__2026-08-27T14:05:00+00:00', '--job-id', '401', '--raw', '--subdir', 'DAGS_FOLDER/spark_pipeline_dag.py', '--cfg-path', '/tmp/tmp663zf5ws']
[2026-08-27T17:03:54.429+0000] {standard_task_runner.py:88} INFO - Job 401: Subtask wait_for_ingestion
[2026-08-27T17:03:54.499+0000] {task_command.py:423} INFO - Running <TaskInstance: air_quality_pipeline.wait_for_ingestion scheduled__2026-08-27T14:05:00+00:00 [running]> on host 6a0525c4c718
[2026-08-27T17:03:54.565+0000] {taskinstance.py:2480} INFO - Exporting env vars: AIRFLOW_CTX_DAG_OWNER='***' AIRFLOW_CTX_DAG_ID='air_quality_pipeline' AIRFLOW_CTX_TASK_ID='wait_for_ingestion' AIRFLOW_CTX_EXECUTION_DATE='2026-08-27T14:05:00+00:00' AIRFLOW_CTX_TRY_NUMBER='2' AIRFLOW_CTX_DAG_RUN_ID='scheduled__2026-08-27T14:05:00+00:00'
[2026-08-27T17:03:54.566+0000] {external_task.py:244} INFO - Poking for tasks ['ingest_to_bronze'] in dag air_quality_ingestion on 2026-08-27T14:05:00+00:00 ... 
[2026-08-27T17:04:24.573+0000] {external_task.py:244} INFO - Poking for tasks ['ingest_to_bronze'] in dag air_quality_ingestion on 2026-08-27T14:05:00+00:00 ... 
[2026-08-27T17:04:54.589+0000] {external_task.py:244} INFO - Poking for tasks ['ingest_to_bronze'] in dag air_quality_ingestion on 2026-08-27T14:05:00+00:00 ... 
[2026-08-27T17:05:24.598+0000] {external_task.py:244} INFO - Poking for tasks ['ingest_to_bronze'] in dag air_quality_ingestion on 2026-08-27T14:05:00+00:00 ... 
[2026-08-27T17:05:54.617+0000] {external_task.py:244} INFO - Poking for tasks ['ingest_to_bronze'] in dag air_quality_ingestion on 2026-08-27T14:05:00+00:00 ... 
[2026-08-27T17:06:24.627+0000] {external_task.py:244} INFO - Poking for tasks ['ingest_to_bronze'] in dag air_quality_ingestion on 2026-08-27T14:05:00+00:00 ... 
[2026-08-27T17:06:54.639+0000] {external_task.py:244} INFO - Poking for tasks ['ingest_to_bronze'] in dag air_quality_ingestion on 2026-08-27T14:05:00+00:00 ... 
[2026-08-27T17:07:24.652+0000] {external_task.py:244} INFO - Poking for tasks ['ingest_to_bronze'] in dag air_quality_ingestion on 2026-08-27T14:05:00+00:00 ... 
[2026-08-27T17:07:54.668+0000] {external_task.py:244} INFO - Poking for tasks ['ingest_to_bronze'] in dag air_quality_ingestion on 2026-08-27T14:05:00+00:00 ... 
[2026-08-27T17:08:24.675+0000] {external_task.py:244} INFO - Poking for tasks ['ingest_to_bronze'] in dag air_quality_ingestion on 2026-08-27T14:05:00+00:00 ... 
[2026-08-27T17:08:54.690+0000] {external_task.py:244} INFO - Poking for tasks ['ingest_to_bronze'] in dag air_quality_ingestion on 2026-08-27T14:05:00+00:00 ... 
[2026-08-27T17:08:54.699+0000] {taskinstance.py:2698} ERROR - Task failed with exception
Traceback (most recent call last):
  File "/home/airflow/.local/lib/python3.11/site-packages/airflow/models/taskinstance.py", line 433, in _execute_task
    result = execute_callable(context=context, **execute_callable_kwargs)
             ^^^^^^^^^^^^^^^^^^^^^^^^^^^^^^^^^^^^^^^^^^^^^^^^^^^^^^^^^^^^
  File "/home/airflow/.local/lib/python3.11/site-packages/airflow/sensors/external_task.py", line 334, in execute
    super().execute(context)
  File "/home/airflow/.local/lib/python3.11/site-packages/airflow/sensors/base.py", line 282, in execute
    raise AirflowSensorTimeout(message)
airflow.exceptions.AirflowSensorTimeout: Sensor has timed out; run duration of 300.157435066998 seconds exceeds the specified timeout of 300.0.
[2026-08-27T17:08:54.708+0000] {taskinstance.py:1138} INFO - Immediate failure requested. Marking task as FAILED. dag_id=air_quality_pipeline, task_id=wait_for_ingestion, execution_date=20260827T140500, start_date=20260827T170354, end_date=20260827T170854
[2026-08-27T17:08:54.718+0000] {standard_task_runner.py:107} ERROR - Failed to execute job 401 for task wait_for_ingestion (Sensor has timed out; run duration of 300.157435066998 seconds exceeds the specified timeout of 300.0.; 6885)
[2026-08-27T17:08:54.735+0000] {local_task_job_runner.py:234} INFO - Task exited with return code 1
[2026-08-27T17:08:54.755+0000] {taskinstance.py:3280} INFO - 0 downstream tasks scheduled from follow-on schedule check
