[2026-08-17T15:00:51.817+0000] {taskinstance.py:1956} INFO - Dependencies all met for dep_context=non-requeueable deps ti=<TaskInstance: air_quality_ingestion.ingest_to_bronze scheduled__2026-08-17T06:00:00+00:00 [queued]>
[2026-08-17T15:00:51.897+0000] {taskinstance.py:1956} INFO - Dependencies all met for dep_context=requeueable deps ti=<TaskInstance: air_quality_ingestion.ingest_to_bronze scheduled__2026-08-17T06:00:00+00:00 [queued]>
[2026-08-17T15:00:51.949+0000] {taskinstance.py:2170} INFO - Starting attempt 1 of 4
[2026-08-17T15:00:52.413+0000] {taskinstance.py:2191} INFO - Executing <Task(PythonOperator): ingest_to_bronze> on 2026-08-17 06:00:00+00:00
[2026-08-17T15:00:52.628+0000] {standard_task_runner.py:60} INFO - Started process 60377 to run task
[2026-08-17T15:00:52.711+0000] {standard_task_runner.py:87} INFO - Running: ['***', 'tasks', 'run', 'air_quality_ingestion', 'ingest_to_bronze', 'scheduled__2026-08-17T06:00:00+00:00', '--job-id', '364', '--raw', '--subdir', 'DAGS_FOLDER/ingestion_dag.py', '--cfg-path', '/tmp/tmpobgo4te0']
[2026-08-17T15:00:52.752+0000] {standard_task_runner.py:88} INFO - Job 364: Subtask ingest_to_bronze
[2026-08-17T15:00:53.691+0000] {task_command.py:423} INFO - Running <TaskInstance: air_quality_ingestion.ingest_to_bronze scheduled__2026-08-17T06:00:00+00:00 [running]> on host 6a0525c4c718
[2026-08-17T15:00:55.602+0000] {taskinstance.py:2480} INFO - Exporting env vars: AIRFLOW_CTX_DAG_OWNER='***' AIRFLOW_CTX_DAG_ID='air_quality_ingestion' AIRFLOW_CTX_TASK_ID='ingest_to_bronze' AIRFLOW_CTX_EXECUTION_DATE='2026-08-17T06:00:00+00:00' AIRFLOW_CTX_TRY_NUMBER='1' AIRFLOW_CTX_DAG_RUN_ID='scheduled__2026-08-17T06:00:00+00:00'
[2026-08-17T15:00:56.350+0000] {logging_mixin.py:188} INFO - Created bucket: bronze-air-quality
[2026-08-17T15:00:56.375+0000] {logging_mixin.py:188} INFO - Created bucket: silver-air-quality
[2026-08-17T15:00:56.419+0000] {logging_mixin.py:188} INFO - Created bucket: gold-air-quality
[2026-08-17T15:00:57.511+0000] {logging_mixin.py:188} INFO - ✓ new york: AQI=19
[2026-08-17T15:00:58.806+0000] {logging_mixin.py:188} INFO - ✓ london: AQI=30
[2026-08-17T15:00:59.808+0000] {logging_mixin.py:188} INFO - ✓ beijing: AQI=50
[2026-08-17T15:01:01.724+0000] {logging_mixin.py:188} INFO - ✓ delhi: AQI=70
[2026-08-17T15:01:02.775+0000] {logging_mixin.py:188} INFO - ✓ sydney: AQI=18
[2026-08-17T15:01:02.876+0000] {logging_mixin.py:188} INFO - Saved → s3://bronze-air-quality/year=2026/month=08/day=17/city=new_york/150056.json
[2026-08-17T15:01:02.926+0000] {logging_mixin.py:188} INFO - Saved → s3://bronze-air-quality/year=2026/month=08/day=17/city=london/150056.json
[2026-08-17T15:01:02.979+0000] {logging_mixin.py:188} INFO - Saved → s3://bronze-air-quality/year=2026/month=08/day=17/city=beijing/150056.json
[2026-08-17T15:01:03.000+0000] {logging_mixin.py:188} INFO - Saved → s3://bronze-air-quality/year=2026/month=08/day=17/city=delhi/150056.json
[2026-08-17T15:01:03.060+0000] {logging_mixin.py:188} INFO - Saved → s3://bronze-air-quality/year=2026/month=08/day=17/city=sydney/150056.json
[2026-08-17T15:01:03.061+0000] {logging_mixin.py:188} INFO - 
Total records ingested: 5
[2026-08-17T15:01:03.063+0000] {python.py:201} INFO - Done. Returned value was: None
[2026-08-17T15:01:03.098+0000] {taskinstance.py:1138} INFO - Marking task as SUCCESS. dag_id=air_quality_ingestion, task_id=ingest_to_bronze, execution_date=20260817T060000, start_date=20260817T150051, end_date=20260817T150103
[2026-08-17T15:01:03.206+0000] {local_task_job_runner.py:234} INFO - Task exited with return code 0
[2026-08-17T15:01:03.310+0000] {taskinstance.py:3280} INFO - 0 downstream tasks scheduled from follow-on schedule check
