[2026-09-09T21:00:02.238+0000] {taskinstance.py:1956} INFO - Dependencies all met for dep_context=non-requeueable deps ti=<TaskInstance: air_quality_ingestion.ingest_to_bronze scheduled__2026-09-09T20:00:00+00:00 [queued]>
[2026-09-09T21:00:02.244+0000] {taskinstance.py:1956} INFO - Dependencies all met for dep_context=requeueable deps ti=<TaskInstance: air_quality_ingestion.ingest_to_bronze scheduled__2026-09-09T20:00:00+00:00 [queued]>
[2026-09-09T21:00:02.245+0000] {taskinstance.py:2170} INFO - Starting attempt 1 of 4
[2026-09-09T21:00:02.256+0000] {taskinstance.py:2191} INFO - Executing <Task(PythonOperator): ingest_to_bronze> on 2026-09-09 20:00:00+00:00
[2026-09-09T21:00:02.261+0000] {standard_task_runner.py:60} INFO - Started process 12524 to run task
[2026-09-09T21:00:02.264+0000] {standard_task_runner.py:87} INFO - Running: ['***', 'tasks', 'run', 'air_quality_ingestion', 'ingest_to_bronze', 'scheduled__2026-09-09T20:00:00+00:00', '--job-id', '757', '--raw', '--subdir', 'DAGS_FOLDER/ingestion_dag.py', '--cfg-path', '/tmp/tmpbtg36vrj']
[2026-09-09T21:00:02.266+0000] {standard_task_runner.py:88} INFO - Job 757: Subtask ingest_to_bronze
[2026-09-09T21:00:02.327+0000] {task_command.py:423} INFO - Running <TaskInstance: air_quality_ingestion.ingest_to_bronze scheduled__2026-09-09T20:00:00+00:00 [running]> on host 6a0525c4c718
[2026-09-09T21:00:02.402+0000] {taskinstance.py:2480} INFO - Exporting env vars: AIRFLOW_CTX_DAG_OWNER='***' AIRFLOW_CTX_DAG_ID='air_quality_ingestion' AIRFLOW_CTX_TASK_ID='ingest_to_bronze' AIRFLOW_CTX_EXECUTION_DATE='2026-09-09T20:00:00+00:00' AIRFLOW_CTX_TRY_NUMBER='1' AIRFLOW_CTX_DAG_RUN_ID='scheduled__2026-09-09T20:00:00+00:00'
[2026-09-09T21:00:02.622+0000] {logging_mixin.py:188} INFO - Created bucket: bronze-air-quality
[2026-09-09T21:00:02.630+0000] {logging_mixin.py:188} INFO - Created bucket: silver-air-quality
[2026-09-09T21:00:02.638+0000] {logging_mixin.py:188} INFO - Created bucket: gold-air-quality
[2026-09-09T21:00:03.561+0000] {logging_mixin.py:188} INFO - ✓ new york: AQI=35
[2026-09-09T21:00:04.429+0000] {logging_mixin.py:188} INFO - ✓ london: AQI=30
[2026-09-09T21:00:05.341+0000] {logging_mixin.py:188} INFO - ✓ beijing: AQI=25
[2026-09-09T21:00:06.164+0000] {logging_mixin.py:188} INFO - ✓ delhi: AQI=142
[2026-09-09T21:00:06.914+0000] {logging_mixin.py:188} INFO - ✓ sydney: AQI=23
[2026-09-09T21:00:06.951+0000] {logging_mixin.py:188} INFO - Saved → s3://bronze-air-quality/year=2026/month=09/day=09/city=new_york/210002.json
[2026-09-09T21:00:06.961+0000] {logging_mixin.py:188} INFO - Saved → s3://bronze-air-quality/year=2026/month=09/day=09/city=london/210002.json
[2026-09-09T21:00:06.970+0000] {logging_mixin.py:188} INFO - Saved → s3://bronze-air-quality/year=2026/month=09/day=09/city=beijing/210002.json
[2026-09-09T21:00:06.980+0000] {logging_mixin.py:188} INFO - Saved → s3://bronze-air-quality/year=2026/month=09/day=09/city=delhi/210002.json
[2026-09-09T21:00:06.988+0000] {logging_mixin.py:188} INFO - Saved → s3://bronze-air-quality/year=2026/month=09/day=09/city=sydney/210002.json
[2026-09-09T21:00:06.989+0000] {logging_mixin.py:188} INFO - 
Total records ingested: 5
[2026-09-09T21:00:06.989+0000] {python.py:201} INFO - Done. Returned value was: None
[2026-09-09T21:00:06.999+0000] {taskinstance.py:1138} INFO - Marking task as SUCCESS. dag_id=air_quality_ingestion, task_id=ingest_to_bronze, execution_date=20260909T200000, start_date=20260909T210002, end_date=20260909T210006
[2026-09-09T21:00:07.036+0000] {local_task_job_runner.py:234} INFO - Task exited with return code 0
[2026-09-09T21:00:07.049+0000] {taskinstance.py:3280} INFO - 0 downstream tasks scheduled from follow-on schedule check
