[2026-08-11T01:26:14.186+0000] {taskinstance.py:1956} INFO - Dependencies all met for dep_context=non-requeueable deps ti=<TaskInstance: air_quality_ingestion.ingest_to_bronze scheduled__2026-08-10T23:00:00+00:00 [queued]>
[2026-08-11T01:26:14.209+0000] {taskinstance.py:1956} INFO - Dependencies all met for dep_context=requeueable deps ti=<TaskInstance: air_quality_ingestion.ingest_to_bronze scheduled__2026-08-10T23:00:00+00:00 [queued]>
[2026-08-11T01:26:14.220+0000] {taskinstance.py:2170} INFO - Starting attempt 1 of 4
[2026-08-11T01:26:14.247+0000] {taskinstance.py:2191} INFO - Executing <Task(PythonOperator): ingest_to_bronze> on 2026-08-10 23:00:00+00:00
[2026-08-11T01:26:14.263+0000] {standard_task_runner.py:60} INFO - Started process 26008 to run task
[2026-08-11T01:26:14.267+0000] {standard_task_runner.py:87} INFO - Running: ['***', 'tasks', 'run', 'air_quality_ingestion', 'ingest_to_bronze', 'scheduled__2026-08-10T23:00:00+00:00', '--job-id', '200', '--raw', '--subdir', 'DAGS_FOLDER/ingestion_dag.py', '--cfg-path', '/tmp/tmpyb6mauw9']
[2026-08-11T01:26:14.272+0000] {standard_task_runner.py:88} INFO - Job 200: Subtask ingest_to_bronze
[2026-08-11T01:26:14.560+0000] {task_command.py:423} INFO - Running <TaskInstance: air_quality_ingestion.ingest_to_bronze scheduled__2026-08-10T23:00:00+00:00 [running]> on host 6a0525c4c718
[2026-08-11T01:26:15.502+0000] {taskinstance.py:2480} INFO - Exporting env vars: AIRFLOW_CTX_DAG_OWNER='***' AIRFLOW_CTX_DAG_ID='air_quality_ingestion' AIRFLOW_CTX_TASK_ID='ingest_to_bronze' AIRFLOW_CTX_EXECUTION_DATE='2026-08-10T23:00:00+00:00' AIRFLOW_CTX_TRY_NUMBER='1' AIRFLOW_CTX_DAG_RUN_ID='scheduled__2026-08-10T23:00:00+00:00'
[2026-08-11T01:26:15.719+0000] {logging_mixin.py:188} INFO - Created bucket: bronze-air-quality
[2026-08-11T01:26:15.732+0000] {logging_mixin.py:188} INFO - Created bucket: silver-air-quality
[2026-08-11T01:26:15.744+0000] {logging_mixin.py:188} INFO - Created bucket: gold-air-quality
[2026-08-11T01:26:16.652+0000] {logging_mixin.py:188} INFO - ✓ new york: AQI=55
[2026-08-11T01:26:17.452+0000] {logging_mixin.py:188} INFO - ✓ london: AQI=25
[2026-08-11T01:26:18.264+0000] {logging_mixin.py:188} INFO - ✓ beijing: AQI=82
[2026-08-11T01:26:19.118+0000] {logging_mixin.py:188} INFO - ✓ delhi: AQI=67
[2026-08-11T01:26:19.919+0000] {logging_mixin.py:188} INFO - ✓ sydney: AQI=11
[2026-08-11T01:26:19.942+0000] {logging_mixin.py:188} INFO - Saved → s3://bronze-air-quality/year=2026/month=08/day=11/city=new_york/012615.json
[2026-08-11T01:26:19.963+0000] {logging_mixin.py:188} INFO - Saved → s3://bronze-air-quality/year=2026/month=08/day=11/city=london/012615.json
[2026-08-11T01:26:19.981+0000] {logging_mixin.py:188} INFO - Saved → s3://bronze-air-quality/year=2026/month=08/day=11/city=beijing/012615.json
[2026-08-11T01:26:19.999+0000] {logging_mixin.py:188} INFO - Saved → s3://bronze-air-quality/year=2026/month=08/day=11/city=delhi/012615.json
[2026-08-11T01:26:20.019+0000] {logging_mixin.py:188} INFO - Saved → s3://bronze-air-quality/year=2026/month=08/day=11/city=sydney/012615.json
[2026-08-11T01:26:20.019+0000] {logging_mixin.py:188} INFO - 
Total records ingested: 5
[2026-08-11T01:26:20.020+0000] {python.py:201} INFO - Done. Returned value was: None
[2026-08-11T01:26:20.035+0000] {taskinstance.py:1138} INFO - Marking task as SUCCESS. dag_id=air_quality_ingestion, task_id=ingest_to_bronze, execution_date=20260810T230000, start_date=20260811T012614, end_date=20260811T012620
[2026-08-11T01:26:20.065+0000] {local_task_job_runner.py:234} INFO - Task exited with return code 0
[2026-08-11T01:26:20.088+0000] {taskinstance.py:3280} INFO - 0 downstream tasks scheduled from follow-on schedule check
