[2026-08-27T02:05:39.201+0000] {taskinstance.py:1956} INFO - Dependencies all met for dep_context=non-requeueable deps ti=<TaskInstance: air_quality_pipeline.wait_for_ingestion scheduled__2026-08-27T01:05:00+00:00 [queued]>
[2026-08-27T02:05:39.227+0000] {taskinstance.py:1956} INFO - Dependencies all met for dep_context=requeueable deps ti=<TaskInstance: air_quality_pipeline.wait_for_ingestion scheduled__2026-08-27T01:05:00+00:00 [queued]>
[2026-08-27T02:05:39.229+0000] {taskinstance.py:2170} INFO - Starting attempt 1 of 3
[2026-08-27T02:05:39.274+0000] {taskinstance.py:2191} INFO - Executing <Task(ExternalTaskSensor): wait_for_ingestion> on 2026-08-27 01:05:00+00:00
[2026-08-27T02:05:39.288+0000] {standard_task_runner.py:60} INFO - Started process 5174 to run task
[2026-08-27T02:05:39.295+0000] {standard_task_runner.py:87} INFO - Running: ['***', 'tasks', 'run', 'air_quality_pipeline', 'wait_for_ingestion', 'scheduled__2026-08-27T01:05:00+00:00', '--job-id', '386', '--raw', '--subdir', 'DAGS_FOLDER/spark_pipeline_dag.py', '--cfg-path', '/tmp/tmpz2dxmmlg']
[2026-08-27T02:05:39.328+0000] {standard_task_runner.py:88} INFO - Job 386: Subtask wait_for_ingestion
[2026-08-27T02:05:39.557+0000] {task_command.py:423} INFO - Running <TaskInstance: air_quality_pipeline.wait_for_ingestion scheduled__2026-08-27T01:05:00+00:00 [running]> on host 6a0525c4c718
[2026-08-27T02:05:39.914+0000] {taskinstance.py:2480} INFO - Exporting env vars: AIRFLOW_CTX_DAG_OWNER='***' AIRFLOW_CTX_DAG_ID='air_quality_pipeline' AIRFLOW_CTX_TASK_ID='wait_for_ingestion' AIRFLOW_CTX_EXECUTION_DATE='2026-08-27T01:05:00+00:00' AIRFLOW_CTX_TRY_NUMBER='1' AIRFLOW_CTX_DAG_RUN_ID='scheduled__2026-08-27T01:05:00+00:00'
[2026-08-27T02:05:39.917+0000] {external_task.py:244} INFO - Poking for tasks ['ingest_to_bronze'] in dag air_quality_ingestion on 2026-08-27T01:05:00+00:00 ... 
[2026-08-27T02:06:09.952+0000] {external_task.py:244} INFO - Poking for tasks ['ingest_to_bronze'] in dag air_quality_ingestion on 2026-08-27T01:05:00+00:00 ... 
[2026-08-27T02:06:39.966+0000] {external_task.py:244} INFO - Poking for tasks ['ingest_to_bronze'] in dag air_quality_ingestion on 2026-08-27T01:05:00+00:00 ... 
[2026-08-27T02:07:09.975+0000] {external_task.py:244} INFO - Poking for tasks ['ingest_to_bronze'] in dag air_quality_ingestion on 2026-08-27T01:05:00+00:00 ... 
[2026-08-27T02:07:39.992+0000] {external_task.py:244} INFO - Poking for tasks ['ingest_to_bronze'] in dag air_quality_ingestion on 2026-08-27T01:05:00+00:00 ... 
[2026-08-27T02:08:10.007+0000] {external_task.py:244} INFO - Poking for tasks ['ingest_to_bronze'] in dag air_quality_ingestion on 2026-08-27T01:05:00+00:00 ... 
[2026-08-27T02:08:40.013+0000] {external_task.py:244} INFO - Poking for tasks ['ingest_to_bronze'] in dag air_quality_ingestion on 2026-08-27T01:05:00+00:00 ... 
[2026-08-27T02:09:10.030+0000] {external_task.py:244} INFO - Poking for tasks ['ingest_to_bronze'] in dag air_quality_ingestion on 2026-08-27T01:05:00+00:00 ... 
[2026-08-27T02:09:40.037+0000] {external_task.py:244} INFO - Poking for tasks ['ingest_to_bronze'] in dag air_quality_ingestion on 2026-08-27T01:05:00+00:00 ... 
[2026-08-27T02:10:10.049+0000] {external_task.py:244} INFO - Poking for tasks ['ingest_to_bronze'] in dag air_quality_ingestion on 2026-08-27T01:05:00+00:00 ... 
[2026-08-27T02:10:40.060+0000] {external_task.py:244} INFO - Poking for tasks ['ingest_to_bronze'] in dag air_quality_ingestion on 2026-08-27T01:05:00+00:00 ... 
[2026-08-27T02:10:40.081+0000] {taskinstance.py:2698} ERROR - Task failed with exception
Traceback (most recent call last):
  File "/home/airflow/.local/lib/python3.11/site-packages/airflow/models/taskinstance.py", line 433, in _execute_task
    result = execute_callable(context=context, **execute_callable_kwargs)
             ^^^^^^^^^^^^^^^^^^^^^^^^^^^^^^^^^^^^^^^^^^^^^^^^^^^^^^^^^^^^
  File "/home/airflow/.local/lib/python3.11/site-packages/airflow/sensors/external_task.py", line 334, in execute
    super().execute(context)
  File "/home/airflow/.local/lib/python3.11/site-packages/airflow/sensors/base.py", line 282, in execute
    raise AirflowSensorTimeout(message)
airflow.exceptions.AirflowSensorTimeout: Sensor has timed out; run duration of 300.1888366820058 seconds exceeds the specified timeout of 300.0.
[2026-08-27T02:10:40.094+0000] {taskinstance.py:1138} INFO - Immediate failure requested. Marking task as FAILED. dag_id=air_quality_pipeline, task_id=wait_for_ingestion, execution_date=20260827T010500, start_date=20260827T020539, end_date=20260827T021040
[2026-08-27T02:10:40.107+0000] {standard_task_runner.py:107} ERROR - Failed to execute job 386 for task wait_for_ingestion (Sensor has timed out; run duration of 300.1888366820058 seconds exceeds the specified timeout of 300.0.; 5174)
[2026-08-27T02:10:40.146+0000] {local_task_job_runner.py:234} INFO - Task exited with return code 1
[2026-08-27T02:10:40.176+0000] {taskinstance.py:3280} INFO - 0 downstream tasks scheduled from follow-on schedule check
