[2026-08-12T04:00:01.214+0000] {taskinstance.py:1956} INFO - Dependencies all met for dep_context=non-requeueable deps ti=<TaskInstance: air_quality_ingestion.ingest_to_bronze scheduled__2026-08-12T03:00:00+00:00 [queued]>
[2026-08-12T04:00:01.223+0000] {taskinstance.py:1956} INFO - Dependencies all met for dep_context=requeueable deps ti=<TaskInstance: air_quality_ingestion.ingest_to_bronze scheduled__2026-08-12T03:00:00+00:00 [queued]>
[2026-08-12T04:00:01.224+0000] {taskinstance.py:2170} INFO - Starting attempt 1 of 4
[2026-08-12T04:00:01.236+0000] {taskinstance.py:2191} INFO - Executing <Task(PythonOperator): ingest_to_bronze> on 2026-08-12 03:00:00+00:00
[2026-08-12T04:00:01.243+0000] {standard_task_runner.py:60} INFO - Started process 36171 to run task
[2026-08-12T04:00:01.247+0000] {standard_task_runner.py:87} INFO - Running: ['***', 'tasks', 'run', 'air_quality_ingestion', 'ingest_to_bronze', 'scheduled__2026-08-12T03:00:00+00:00', '--job-id', '240', '--raw', '--subdir', 'DAGS_FOLDER/ingestion_dag.py', '--cfg-path', '/tmp/tmpg4mdbzxi']
[2026-08-12T04:00:01.249+0000] {standard_task_runner.py:88} INFO - Job 240: Subtask ingest_to_bronze
[2026-08-12T04:00:01.329+0000] {task_command.py:423} INFO - Running <TaskInstance: air_quality_ingestion.ingest_to_bronze scheduled__2026-08-12T03:00:00+00:00 [running]> on host 6a0525c4c718
[2026-08-12T04:00:01.428+0000] {taskinstance.py:2480} INFO - Exporting env vars: AIRFLOW_CTX_DAG_OWNER='***' AIRFLOW_CTX_DAG_ID='air_quality_ingestion' AIRFLOW_CTX_TASK_ID='ingest_to_bronze' AIRFLOW_CTX_EXECUTION_DATE='2026-08-12T03:00:00+00:00' AIRFLOW_CTX_TRY_NUMBER='1' AIRFLOW_CTX_DAG_RUN_ID='scheduled__2026-08-12T03:00:00+00:00'
[2026-08-12T04:00:01.533+0000] {logging_mixin.py:188} INFO - Created bucket: bronze-air-quality
[2026-08-12T04:00:01.539+0000] {logging_mixin.py:188} INFO - Created bucket: silver-air-quality
[2026-08-12T04:00:01.546+0000] {logging_mixin.py:188} INFO - Created bucket: gold-air-quality
[2026-08-12T04:00:02.344+0000] {logging_mixin.py:188} INFO - ✓ new york: AQI=67
[2026-08-12T04:00:03.210+0000] {logging_mixin.py:188} INFO - ✓ london: AQI=38
[2026-08-12T04:00:03.971+0000] {logging_mixin.py:188} INFO - ✓ beijing: AQI=34
[2026-08-12T04:00:04.770+0000] {logging_mixin.py:188} INFO - ✓ delhi: AQI=89
[2026-08-12T04:00:05.527+0000] {logging_mixin.py:188} INFO - ✓ sydney: AQI=21
[2026-08-12T04:00:05.541+0000] {logging_mixin.py:188} INFO - Saved → s3://bronze-air-quality/year=2026/month=08/day=12/city=new_york/040001.json
[2026-08-12T04:00:05.551+0000] {logging_mixin.py:188} INFO - Saved → s3://bronze-air-quality/year=2026/month=08/day=12/city=london/040001.json
[2026-08-12T04:00:05.558+0000] {logging_mixin.py:188} INFO - Saved → s3://bronze-air-quality/year=2026/month=08/day=12/city=beijing/040001.json
[2026-08-12T04:00:05.567+0000] {logging_mixin.py:188} INFO - Saved → s3://bronze-air-quality/year=2026/month=08/day=12/city=delhi/040001.json
[2026-08-12T04:00:05.574+0000] {logging_mixin.py:188} INFO - Saved → s3://bronze-air-quality/year=2026/month=08/day=12/city=sydney/040001.json
[2026-08-12T04:00:05.575+0000] {logging_mixin.py:188} INFO - 
Total records ingested: 5
[2026-08-12T04:00:05.575+0000] {python.py:201} INFO - Done. Returned value was: None
[2026-08-12T04:00:05.586+0000] {taskinstance.py:1138} INFO - Marking task as SUCCESS. dag_id=air_quality_ingestion, task_id=ingest_to_bronze, execution_date=20260812T030000, start_date=20260812T040001, end_date=20260812T040005
[2026-08-12T04:00:05.610+0000] {local_task_job_runner.py:234} INFO - Task exited with return code 0
[2026-08-12T04:00:05.626+0000] {taskinstance.py:3280} INFO - 0 downstream tasks scheduled from follow-on schedule check
