[2026-08-12T23:00:01.167+0000] {taskinstance.py:1956} INFO - Dependencies all met for dep_context=non-requeueable deps ti=<TaskInstance: air_quality_ingestion.ingest_to_bronze scheduled__2026-08-12T22:00:00+00:00 [queued]>
[2026-08-12T23:00:01.175+0000] {taskinstance.py:1956} INFO - Dependencies all met for dep_context=requeueable deps ti=<TaskInstance: air_quality_ingestion.ingest_to_bronze scheduled__2026-08-12T22:00:00+00:00 [queued]>
[2026-08-12T23:00:01.176+0000] {taskinstance.py:2170} INFO - Starting attempt 1 of 4
[2026-08-12T23:00:01.190+0000] {taskinstance.py:2191} INFO - Executing <Task(PythonOperator): ingest_to_bronze> on 2026-08-12 22:00:00+00:00
[2026-08-12T23:00:01.195+0000] {standard_task_runner.py:60} INFO - Started process 42919 to run task
[2026-08-12T23:00:01.198+0000] {standard_task_runner.py:87} INFO - Running: ['***', 'tasks', 'run', 'air_quality_ingestion', 'ingest_to_bronze', 'scheduled__2026-08-12T22:00:00+00:00', '--job-id', '265', '--raw', '--subdir', 'DAGS_FOLDER/ingestion_dag.py', '--cfg-path', '/tmp/tmpyd774aw7']
[2026-08-12T23:00:01.201+0000] {standard_task_runner.py:88} INFO - Job 265: Subtask ingest_to_bronze
[2026-08-12T23:00:01.278+0000] {task_command.py:423} INFO - Running <TaskInstance: air_quality_ingestion.ingest_to_bronze scheduled__2026-08-12T22:00:00+00:00 [running]> on host 6a0525c4c718
[2026-08-12T23:00:01.386+0000] {taskinstance.py:2480} INFO - Exporting env vars: AIRFLOW_CTX_DAG_OWNER='***' AIRFLOW_CTX_DAG_ID='air_quality_ingestion' AIRFLOW_CTX_TASK_ID='ingest_to_bronze' AIRFLOW_CTX_EXECUTION_DATE='2026-08-12T22:00:00+00:00' AIRFLOW_CTX_TRY_NUMBER='1' AIRFLOW_CTX_DAG_RUN_ID='scheduled__2026-08-12T22:00:00+00:00'
[2026-08-12T23:00:01.574+0000] {logging_mixin.py:188} INFO - Created bucket: bronze-air-quality
[2026-08-12T23:00:01.580+0000] {logging_mixin.py:188} INFO - Created bucket: silver-air-quality
[2026-08-12T23:00:01.587+0000] {logging_mixin.py:188} INFO - Created bucket: gold-air-quality
[2026-08-12T23:00:02.310+0000] {logging_mixin.py:188} INFO - ✓ new york: AQI=29
[2026-08-12T23:00:03.053+0000] {logging_mixin.py:188} INFO - ✓ london: AQI=50
[2026-08-12T23:00:03.809+0000] {logging_mixin.py:188} INFO - ✓ beijing: AQI=21
[2026-08-12T23:00:04.518+0000] {logging_mixin.py:188} INFO - ✓ delhi: AQI=93
[2026-08-12T23:00:05.283+0000] {logging_mixin.py:188} INFO - ✓ sydney: AQI=7
[2026-08-12T23:00:05.304+0000] {logging_mixin.py:188} INFO - Saved → s3://bronze-air-quality/year=2026/month=08/day=12/city=new_york/230001.json
[2026-08-12T23:00:05.313+0000] {logging_mixin.py:188} INFO - Saved → s3://bronze-air-quality/year=2026/month=08/day=12/city=london/230001.json
[2026-08-12T23:00:05.321+0000] {logging_mixin.py:188} INFO - Saved → s3://bronze-air-quality/year=2026/month=08/day=12/city=beijing/230001.json
[2026-08-12T23:00:05.329+0000] {logging_mixin.py:188} INFO - Saved → s3://bronze-air-quality/year=2026/month=08/day=12/city=delhi/230001.json
[2026-08-12T23:00:05.337+0000] {logging_mixin.py:188} INFO - Saved → s3://bronze-air-quality/year=2026/month=08/day=12/city=sydney/230001.json
[2026-08-12T23:00:05.337+0000] {logging_mixin.py:188} INFO - 
Total records ingested: 5
[2026-08-12T23:00:05.339+0000] {python.py:201} INFO - Done. Returned value was: None
[2026-08-12T23:00:05.348+0000] {taskinstance.py:1138} INFO - Marking task as SUCCESS. dag_id=air_quality_ingestion, task_id=ingest_to_bronze, execution_date=20260812T220000, start_date=20260812T230001, end_date=20260812T230005
[2026-08-12T23:00:05.398+0000] {local_task_job_runner.py:234} INFO - Task exited with return code 0
[2026-08-12T23:00:05.413+0000] {taskinstance.py:3280} INFO - 0 downstream tasks scheduled from follow-on schedule check
