[2026-08-09T02:29:15.553+0000] {taskinstance.py:1956} INFO - Dependencies all met for dep_context=non-requeueable deps ti=<TaskInstance: air_quality_ingestion.ingest_to_bronze scheduled__2026-08-09T01:00:00+00:00 [queued]>
[2026-08-09T02:29:15.616+0000] {taskinstance.py:1956} INFO - Dependencies all met for dep_context=requeueable deps ti=<TaskInstance: air_quality_ingestion.ingest_to_bronze scheduled__2026-08-09T01:00:00+00:00 [queued]>
[2026-08-09T02:29:15.623+0000] {taskinstance.py:2170} INFO - Starting attempt 1 of 4
[2026-08-09T02:29:15.730+0000] {taskinstance.py:2191} INFO - Executing <Task(PythonOperator): ingest_to_bronze> on 2026-08-09 01:00:00+00:00
[2026-08-09T02:29:15.878+0000] {standard_task_runner.py:60} INFO - Started process 19695 to run task
[2026-08-09T02:29:15.887+0000] {standard_task_runner.py:87} INFO - Running: ['***', 'tasks', 'run', 'air_quality_ingestion', 'ingest_to_bronze', 'scheduled__2026-08-09T01:00:00+00:00', '--job-id', '158', '--raw', '--subdir', 'DAGS_FOLDER/ingestion_dag.py', '--cfg-path', '/tmp/tmpl276_rrd']
[2026-08-09T02:29:15.939+0000] {standard_task_runner.py:88} INFO - Job 158: Subtask ingest_to_bronze
[2026-08-09T02:29:16.599+0000] {task_command.py:423} INFO - Running <TaskInstance: air_quality_ingestion.ingest_to_bronze scheduled__2026-08-09T01:00:00+00:00 [running]> on host 6a0525c4c718
[2026-08-09T02:29:17.114+0000] {taskinstance.py:2480} INFO - Exporting env vars: AIRFLOW_CTX_DAG_OWNER='***' AIRFLOW_CTX_DAG_ID='air_quality_ingestion' AIRFLOW_CTX_TASK_ID='ingest_to_bronze' AIRFLOW_CTX_EXECUTION_DATE='2026-08-09T01:00:00+00:00' AIRFLOW_CTX_TRY_NUMBER='1' AIRFLOW_CTX_DAG_RUN_ID='scheduled__2026-08-09T01:00:00+00:00'
[2026-08-09T02:29:17.977+0000] {logging_mixin.py:188} INFO - Created bucket: bronze-air-quality
[2026-08-09T02:29:18.002+0000] {logging_mixin.py:188} INFO - Created bucket: silver-air-quality
[2026-08-09T02:29:18.039+0000] {logging_mixin.py:188} INFO - Created bucket: gold-air-quality
[2026-08-09T02:29:19.257+0000] {logging_mixin.py:188} INFO - ✓ new york: AQI=38
[2026-08-09T02:29:20.384+0000] {logging_mixin.py:188} INFO - ✓ london: AQI=50
[2026-08-09T02:29:21.461+0000] {logging_mixin.py:188} INFO - ✓ beijing: AQI=61
[2026-08-09T02:29:22.560+0000] {logging_mixin.py:188} INFO - ✓ delhi: AQI=151
[2026-08-09T02:29:23.675+0000] {logging_mixin.py:188} INFO - ✓ sydney: AQI=57
[2026-08-09T02:29:23.727+0000] {logging_mixin.py:188} INFO - Saved → s3://bronze-air-quality/year=2026/month=08/day=09/city=new_york/022918.json
[2026-08-09T02:29:23.754+0000] {logging_mixin.py:188} INFO - Saved → s3://bronze-air-quality/year=2026/month=08/day=09/city=london/022918.json
[2026-08-09T02:29:23.779+0000] {logging_mixin.py:188} INFO - Saved → s3://bronze-air-quality/year=2026/month=08/day=09/city=beijing/022918.json
[2026-08-09T02:29:23.814+0000] {logging_mixin.py:188} INFO - Saved → s3://bronze-air-quality/year=2026/month=08/day=09/city=delhi/022918.json
[2026-08-09T02:29:23.837+0000] {logging_mixin.py:188} INFO - Saved → s3://bronze-air-quality/year=2026/month=08/day=09/city=sydney/022918.json
[2026-08-09T02:29:23.838+0000] {logging_mixin.py:188} INFO - 
Total records ingested: 5
[2026-08-09T02:29:23.846+0000] {python.py:201} INFO - Done. Returned value was: None
[2026-08-09T02:29:23.891+0000] {taskinstance.py:1138} INFO - Marking task as SUCCESS. dag_id=air_quality_ingestion, task_id=ingest_to_bronze, execution_date=20260809T010000, start_date=20260809T022915, end_date=20260809T022923
[2026-08-09T02:29:24.207+0000] {local_task_job_runner.py:234} INFO - Task exited with return code 0
[2026-08-09T02:29:24.271+0000] {taskinstance.py:3280} INFO - 0 downstream tasks scheduled from follow-on schedule check
