[2026-09-07T00:00:00.654+0000] {taskinstance.py:1956} INFO - Dependencies all met for dep_context=non-requeueable deps ti=<TaskInstance: air_quality_ingestion.ingest_to_bronze scheduled__2026-09-06T23:00:00+00:00 [queued]>
[2026-09-07T00:00:00.659+0000] {taskinstance.py:1956} INFO - Dependencies all met for dep_context=requeueable deps ti=<TaskInstance: air_quality_ingestion.ingest_to_bronze scheduled__2026-09-06T23:00:00+00:00 [queued]>
[2026-09-07T00:00:00.660+0000] {taskinstance.py:2170} INFO - Starting attempt 1 of 4
[2026-09-07T00:00:00.669+0000] {taskinstance.py:2191} INFO - Executing <Task(PythonOperator): ingest_to_bronze> on 2026-09-06 23:00:00+00:00
[2026-09-07T00:00:00.672+0000] {standard_task_runner.py:60} INFO - Started process 88297 to run task
[2026-09-07T00:00:00.676+0000] {standard_task_runner.py:87} INFO - Running: ['***', 'tasks', 'run', 'air_quality_ingestion', 'ingest_to_bronze', 'scheduled__2026-09-06T23:00:00+00:00', '--job-id', '679', '--raw', '--subdir', 'DAGS_FOLDER/ingestion_dag.py', '--cfg-path', '/tmp/tmpf4gx13qa']
[2026-09-07T00:00:00.678+0000] {standard_task_runner.py:88} INFO - Job 679: Subtask ingest_to_bronze
[2026-09-07T00:00:00.738+0000] {task_command.py:423} INFO - Running <TaskInstance: air_quality_ingestion.ingest_to_bronze scheduled__2026-09-06T23:00:00+00:00 [running]> on host 6a0525c4c718
[2026-09-07T00:00:00.808+0000] {taskinstance.py:2480} INFO - Exporting env vars: AIRFLOW_CTX_DAG_OWNER='***' AIRFLOW_CTX_DAG_ID='air_quality_ingestion' AIRFLOW_CTX_TASK_ID='ingest_to_bronze' AIRFLOW_CTX_EXECUTION_DATE='2026-09-06T23:00:00+00:00' AIRFLOW_CTX_TRY_NUMBER='1' AIRFLOW_CTX_DAG_RUN_ID='scheduled__2026-09-06T23:00:00+00:00'
[2026-09-07T00:00:00.872+0000] {logging_mixin.py:188} INFO - Created bucket: bronze-air-quality
[2026-09-07T00:00:00.877+0000] {logging_mixin.py:188} INFO - Created bucket: silver-air-quality
[2026-09-07T00:00:00.881+0000] {logging_mixin.py:188} INFO - Created bucket: gold-air-quality
[2026-09-07T00:00:01.786+0000] {logging_mixin.py:188} INFO - ✓ new york: AQI=20
[2026-09-07T00:00:02.571+0000] {logging_mixin.py:188} INFO - ✓ london: AQI=53
[2026-09-07T00:00:03.300+0000] {logging_mixin.py:188} INFO - ✓ beijing: AQI=82
[2026-09-07T00:00:04.067+0000] {logging_mixin.py:188} INFO - ✓ delhi: AQI=68
[2026-09-07T00:00:04.838+0000] {logging_mixin.py:188} INFO - ✓ sydney: AQI=16
[2026-09-07T00:00:04.845+0000] {logging_mixin.py:188} INFO - Saved → s3://bronze-air-quality/year=2026/month=09/day=07/city=new_york/000000.json
[2026-09-07T00:00:04.851+0000] {logging_mixin.py:188} INFO - Saved → s3://bronze-air-quality/year=2026/month=09/day=07/city=london/000000.json
[2026-09-07T00:00:04.856+0000] {logging_mixin.py:188} INFO - Saved → s3://bronze-air-quality/year=2026/month=09/day=07/city=beijing/000000.json
[2026-09-07T00:00:04.862+0000] {logging_mixin.py:188} INFO - Saved → s3://bronze-air-quality/year=2026/month=09/day=07/city=delhi/000000.json
[2026-09-07T00:00:04.866+0000] {logging_mixin.py:188} INFO - Saved → s3://bronze-air-quality/year=2026/month=09/day=07/city=sydney/000000.json
[2026-09-07T00:00:04.867+0000] {logging_mixin.py:188} INFO - 
Total records ingested: 5
[2026-09-07T00:00:04.867+0000] {python.py:201} INFO - Done. Returned value was: None
[2026-09-07T00:00:04.875+0000] {taskinstance.py:1138} INFO - Marking task as SUCCESS. dag_id=air_quality_ingestion, task_id=ingest_to_bronze, execution_date=20260906T230000, start_date=20260907T000000, end_date=20260907T000004
[2026-09-07T00:00:04.925+0000] {local_task_job_runner.py:234} INFO - Task exited with return code 0
[2026-09-07T00:00:04.946+0000] {taskinstance.py:3280} INFO - 0 downstream tasks scheduled from follow-on schedule check
