[2026-09-03T21:07:39.183+0000] {taskinstance.py:1956} INFO - Dependencies all met for dep_context=non-requeueable deps ti=<TaskInstance: air_quality_pipeline.wait_for_ingestion scheduled__2026-09-03T20:05:00+00:00 [queued]>
[2026-09-03T21:07:39.196+0000] {taskinstance.py:1956} INFO - Dependencies all met for dep_context=requeueable deps ti=<TaskInstance: air_quality_pipeline.wait_for_ingestion scheduled__2026-09-03T20:05:00+00:00 [queued]>
[2026-09-03T21:07:39.197+0000] {taskinstance.py:2170} INFO - Starting attempt 1 of 3
[2026-09-03T21:07:39.215+0000] {taskinstance.py:2191} INFO - Executing <Task(ExternalTaskSensor): wait_for_ingestion> on 2026-09-03 20:05:00+00:00
[2026-09-03T21:07:39.225+0000] {standard_task_runner.py:60} INFO - Started process 50681 to run task
[2026-09-03T21:07:39.228+0000] {standard_task_runner.py:87} INFO - Running: ['***', 'tasks', 'run', 'air_quality_pipeline', 'wait_for_ingestion', 'scheduled__2026-09-03T20:05:00+00:00', '--job-id', '589', '--raw', '--subdir', 'DAGS_FOLDER/spark_pipeline_dag.py', '--cfg-path', '/tmp/tmp2t8qk1md']
[2026-09-03T21:07:39.231+0000] {standard_task_runner.py:88} INFO - Job 589: Subtask wait_for_ingestion
[2026-09-03T21:07:39.319+0000] {task_command.py:423} INFO - Running <TaskInstance: air_quality_pipeline.wait_for_ingestion scheduled__2026-09-03T20:05:00+00:00 [running]> on host 6a0525c4c718
[2026-09-03T21:07:39.417+0000] {taskinstance.py:2480} INFO - Exporting env vars: AIRFLOW_CTX_DAG_OWNER='***' AIRFLOW_CTX_DAG_ID='air_quality_pipeline' AIRFLOW_CTX_TASK_ID='wait_for_ingestion' AIRFLOW_CTX_EXECUTION_DATE='2026-09-03T20:05:00+00:00' AIRFLOW_CTX_TRY_NUMBER='1' AIRFLOW_CTX_DAG_RUN_ID='scheduled__2026-09-03T20:05:00+00:00'
[2026-09-03T21:07:39.419+0000] {external_task.py:244} INFO - Poking for tasks ['ingest_to_bronze'] in dag air_quality_ingestion on 2026-09-03T20:05:00+00:00 ... 
[2026-09-03T21:08:38.278+0000] {external_task.py:244} INFO - Poking for tasks ['ingest_to_bronze'] in dag air_quality_ingestion on 2026-09-03T20:05:00+00:00 ... 
[2026-09-03T21:09:08.292+0000] {external_task.py:244} INFO - Poking for tasks ['ingest_to_bronze'] in dag air_quality_ingestion on 2026-09-03T20:05:00+00:00 ... 
[2026-09-03T21:09:38.304+0000] {external_task.py:244} INFO - Poking for tasks ['ingest_to_bronze'] in dag air_quality_ingestion on 2026-09-03T20:05:00+00:00 ... 
[2026-09-03T21:10:08.314+0000] {external_task.py:244} INFO - Poking for tasks ['ingest_to_bronze'] in dag air_quality_ingestion on 2026-09-03T20:05:00+00:00 ... 
[2026-09-03T21:10:38.324+0000] {external_task.py:244} INFO - Poking for tasks ['ingest_to_bronze'] in dag air_quality_ingestion on 2026-09-03T20:05:00+00:00 ... 
[2026-09-03T21:11:08.342+0000] {external_task.py:244} INFO - Poking for tasks ['ingest_to_bronze'] in dag air_quality_ingestion on 2026-09-03T20:05:00+00:00 ... 
[2026-09-03T21:11:38.352+0000] {external_task.py:244} INFO - Poking for tasks ['ingest_to_bronze'] in dag air_quality_ingestion on 2026-09-03T20:05:00+00:00 ... 
[2026-09-03T21:12:08.363+0000] {external_task.py:244} INFO - Poking for tasks ['ingest_to_bronze'] in dag air_quality_ingestion on 2026-09-03T20:05:00+00:00 ... 
[2026-09-03T21:12:38.373+0000] {external_task.py:244} INFO - Poking for tasks ['ingest_to_bronze'] in dag air_quality_ingestion on 2026-09-03T20:05:00+00:00 ... 
[2026-09-03T21:13:08.395+0000] {external_task.py:244} INFO - Poking for tasks ['ingest_to_bronze'] in dag air_quality_ingestion on 2026-09-03T20:05:00+00:00 ... 
[2026-09-03T21:13:08.407+0000] {taskinstance.py:2698} ERROR - Task failed with exception
Traceback (most recent call last):
  File "/home/airflow/.local/lib/python3.11/site-packages/airflow/models/taskinstance.py", line 433, in _execute_task
    result = execute_callable(context=context, **execute_callable_kwargs)
             ^^^^^^^^^^^^^^^^^^^^^^^^^^^^^^^^^^^^^^^^^^^^^^^^^^^^^^^^^^^^
  File "/home/airflow/.local/lib/python3.11/site-packages/airflow/sensors/external_task.py", line 334, in execute
    super().execute(context)
  File "/home/airflow/.local/lib/python3.11/site-packages/airflow/sensors/base.py", line 282, in execute
    raise AirflowSensorTimeout(message)
airflow.exceptions.AirflowSensorTimeout: Sensor has timed out; run duration of 300.16172847599955 seconds exceeds the specified timeout of 300.0.
[2026-09-03T21:13:08.416+0000] {taskinstance.py:1138} INFO - Immediate failure requested. Marking task as FAILED. dag_id=air_quality_pipeline, task_id=wait_for_ingestion, execution_date=20260903T200500, start_date=20260903T210739, end_date=20260903T211308
[2026-09-03T21:13:08.428+0000] {standard_task_runner.py:107} ERROR - Failed to execute job 589 for task wait_for_ingestion (Sensor has timed out; run duration of 300.16172847599955 seconds exceeds the specified timeout of 300.0.; 50681)
[2026-09-03T21:13:08.454+0000] {local_task_job_runner.py:234} INFO - Task exited with return code 1
[2026-09-03T21:13:08.479+0000] {taskinstance.py:3280} INFO - 0 downstream tasks scheduled from follow-on schedule check
