[2026-09-04T14:00:01.156+0000] {taskinstance.py:1956} INFO - Dependencies all met for dep_context=non-requeueable deps ti=<TaskInstance: air_quality_ingestion.ingest_to_bronze scheduled__2026-09-04T13:00:00+00:00 [queued]>
[2026-09-04T14:00:01.162+0000] {taskinstance.py:1956} INFO - Dependencies all met for dep_context=requeueable deps ti=<TaskInstance: air_quality_ingestion.ingest_to_bronze scheduled__2026-09-04T13:00:00+00:00 [queued]>
[2026-09-04T14:00:01.163+0000] {taskinstance.py:2170} INFO - Starting attempt 1 of 4
[2026-09-04T14:00:01.175+0000] {taskinstance.py:2191} INFO - Executing <Task(PythonOperator): ingest_to_bronze> on 2026-09-04 13:00:00+00:00
[2026-09-04T14:00:01.179+0000] {standard_task_runner.py:60} INFO - Started process 55155 to run task
[2026-09-04T14:00:01.182+0000] {standard_task_runner.py:87} INFO - Running: ['***', 'tasks', 'run', 'air_quality_ingestion', 'ingest_to_bronze', 'scheduled__2026-09-04T13:00:00+00:00', '--job-id', '606', '--raw', '--subdir', 'DAGS_FOLDER/ingestion_dag.py', '--cfg-path', '/tmp/tmpn9cuum89']
[2026-09-04T14:00:01.184+0000] {standard_task_runner.py:88} INFO - Job 606: Subtask ingest_to_bronze
[2026-09-04T14:00:01.243+0000] {task_command.py:423} INFO - Running <TaskInstance: air_quality_ingestion.ingest_to_bronze scheduled__2026-09-04T13:00:00+00:00 [running]> on host 6a0525c4c718
[2026-09-04T14:00:01.309+0000] {taskinstance.py:2480} INFO - Exporting env vars: AIRFLOW_CTX_DAG_OWNER='***' AIRFLOW_CTX_DAG_ID='air_quality_ingestion' AIRFLOW_CTX_TASK_ID='ingest_to_bronze' AIRFLOW_CTX_EXECUTION_DATE='2026-09-04T13:00:00+00:00' AIRFLOW_CTX_TRY_NUMBER='1' AIRFLOW_CTX_DAG_RUN_ID='scheduled__2026-09-04T13:00:00+00:00'
[2026-09-04T14:00:01.392+0000] {logging_mixin.py:188} INFO - Created bucket: bronze-air-quality
[2026-09-04T14:00:01.397+0000] {logging_mixin.py:188} INFO - Created bucket: silver-air-quality
[2026-09-04T14:00:01.402+0000] {logging_mixin.py:188} INFO - Created bucket: gold-air-quality
[2026-09-04T14:00:03.633+0000] {logging_mixin.py:188} INFO - ✓ new york: AQI=24
[2026-09-04T14:00:04.920+0000] {logging_mixin.py:188} INFO - ✓ london: AQI=21
[2026-09-04T14:00:06.093+0000] {logging_mixin.py:188} INFO - ✓ beijing: AQI=61
[2026-09-04T14:00:06.859+0000] {logging_mixin.py:188} INFO - ✓ delhi: AQI=1
[2026-09-04T14:00:07.681+0000] {logging_mixin.py:188} INFO - ✓ sydney: AQI=21
[2026-09-04T14:00:07.700+0000] {logging_mixin.py:188} INFO - Saved → s3://bronze-air-quality/year=2026/month=09/day=04/city=new_york/140001.json
[2026-09-04T14:00:07.708+0000] {logging_mixin.py:188} INFO - Saved → s3://bronze-air-quality/year=2026/month=09/day=04/city=london/140001.json
[2026-09-04T14:00:07.717+0000] {logging_mixin.py:188} INFO - Saved → s3://bronze-air-quality/year=2026/month=09/day=04/city=beijing/140001.json
[2026-09-04T14:00:07.724+0000] {logging_mixin.py:188} INFO - Saved → s3://bronze-air-quality/year=2026/month=09/day=04/city=delhi/140001.json
[2026-09-04T14:00:07.730+0000] {logging_mixin.py:188} INFO - Saved → s3://bronze-air-quality/year=2026/month=09/day=04/city=sydney/140001.json
[2026-09-04T14:00:07.731+0000] {logging_mixin.py:188} INFO - 
Total records ingested: 5
[2026-09-04T14:00:07.731+0000] {python.py:201} INFO - Done. Returned value was: None
[2026-09-04T14:00:07.740+0000] {taskinstance.py:1138} INFO - Marking task as SUCCESS. dag_id=air_quality_ingestion, task_id=ingest_to_bronze, execution_date=20260904T130000, start_date=20260904T140001, end_date=20260904T140007
[2026-09-04T14:00:07.760+0000] {local_task_job_runner.py:234} INFO - Task exited with return code 0
[2026-09-04T14:00:07.773+0000] {taskinstance.py:3280} INFO - 0 downstream tasks scheduled from follow-on schedule check
