[2026-08-11T03:00:01.189+0000] {taskinstance.py:1956} INFO - Dependencies all met for dep_context=non-requeueable deps ti=<TaskInstance: air_quality_ingestion.ingest_to_bronze scheduled__2026-08-11T02:00:00+00:00 [queued]>
[2026-08-11T03:00:01.195+0000] {taskinstance.py:1956} INFO - Dependencies all met for dep_context=requeueable deps ti=<TaskInstance: air_quality_ingestion.ingest_to_bronze scheduled__2026-08-11T02:00:00+00:00 [queued]>
[2026-08-11T03:00:01.196+0000] {taskinstance.py:2170} INFO - Starting attempt 1 of 4
[2026-08-11T03:00:01.214+0000] {taskinstance.py:2191} INFO - Executing <Task(PythonOperator): ingest_to_bronze> on 2026-08-11 02:00:00+00:00
[2026-08-11T03:00:01.221+0000] {standard_task_runner.py:60} INFO - Started process 27431 to run task
[2026-08-11T03:00:01.225+0000] {standard_task_runner.py:87} INFO - Running: ['***', 'tasks', 'run', 'air_quality_ingestion', 'ingest_to_bronze', 'scheduled__2026-08-11T02:00:00+00:00', '--job-id', '204', '--raw', '--subdir', 'DAGS_FOLDER/ingestion_dag.py', '--cfg-path', '/tmp/tmpo0ruid58']
[2026-08-11T03:00:01.228+0000] {standard_task_runner.py:88} INFO - Job 204: Subtask ingest_to_bronze
[2026-08-11T03:00:01.316+0000] {task_command.py:423} INFO - Running <TaskInstance: air_quality_ingestion.ingest_to_bronze scheduled__2026-08-11T02:00:00+00:00 [running]> on host 6a0525c4c718
[2026-08-11T03:00:01.396+0000] {taskinstance.py:2480} INFO - Exporting env vars: AIRFLOW_CTX_DAG_OWNER='***' AIRFLOW_CTX_DAG_ID='air_quality_ingestion' AIRFLOW_CTX_TASK_ID='ingest_to_bronze' AIRFLOW_CTX_EXECUTION_DATE='2026-08-11T02:00:00+00:00' AIRFLOW_CTX_TRY_NUMBER='1' AIRFLOW_CTX_DAG_RUN_ID='scheduled__2026-08-11T02:00:00+00:00'
[2026-08-11T03:00:01.547+0000] {logging_mixin.py:188} INFO - Created bucket: bronze-air-quality
[2026-08-11T03:00:01.554+0000] {logging_mixin.py:188} INFO - Created bucket: silver-air-quality
[2026-08-11T03:00:01.560+0000] {logging_mixin.py:188} INFO - Created bucket: gold-air-quality
[2026-08-11T03:00:02.444+0000] {logging_mixin.py:188} INFO - ✓ new york: AQI=52
[2026-08-11T03:00:03.184+0000] {logging_mixin.py:188} INFO - ✓ london: AQI=30
[2026-08-11T03:00:03.914+0000] {logging_mixin.py:188} INFO - ✓ beijing: AQI=72
[2026-08-11T03:00:04.684+0000] {logging_mixin.py:188} INFO - ✓ delhi: AQI=67
[2026-08-11T03:00:05.400+0000] {logging_mixin.py:188} INFO - ✓ sydney: AQI=16
[2026-08-11T03:00:05.427+0000] {logging_mixin.py:188} INFO - Saved → s3://bronze-air-quality/year=2026/month=08/day=11/city=new_york/030001.json
[2026-08-11T03:00:05.436+0000] {logging_mixin.py:188} INFO - Saved → s3://bronze-air-quality/year=2026/month=08/day=11/city=london/030001.json
[2026-08-11T03:00:05.446+0000] {logging_mixin.py:188} INFO - Saved → s3://bronze-air-quality/year=2026/month=08/day=11/city=beijing/030001.json
[2026-08-11T03:00:05.456+0000] {logging_mixin.py:188} INFO - Saved → s3://bronze-air-quality/year=2026/month=08/day=11/city=delhi/030001.json
[2026-08-11T03:00:05.465+0000] {logging_mixin.py:188} INFO - Saved → s3://bronze-air-quality/year=2026/month=08/day=11/city=sydney/030001.json
[2026-08-11T03:00:05.466+0000] {logging_mixin.py:188} INFO - 
Total records ingested: 5
[2026-08-11T03:00:05.467+0000] {python.py:201} INFO - Done. Returned value was: None
[2026-08-11T03:00:05.480+0000] {taskinstance.py:1138} INFO - Marking task as SUCCESS. dag_id=air_quality_ingestion, task_id=ingest_to_bronze, execution_date=20260811T020000, start_date=20260811T030001, end_date=20260811T030005
[2026-08-11T03:00:05.507+0000] {local_task_job_runner.py:234} INFO - Task exited with return code 0
[2026-08-11T03:00:05.526+0000] {taskinstance.py:3280} INFO - 0 downstream tasks scheduled from follow-on schedule check
