[2026-09-03T19:52:53.781+0000] {taskinstance.py:1956} INFO - Dependencies all met for dep_context=non-requeueable deps ti=<TaskInstance: air_quality_pipeline.wait_for_ingestion scheduled__2026-09-03T18:05:00+00:00 [queued]>
[2026-09-03T19:52:53.815+0000] {taskinstance.py:1956} INFO - Dependencies all met for dep_context=requeueable deps ti=<TaskInstance: air_quality_pipeline.wait_for_ingestion scheduled__2026-09-03T18:05:00+00:00 [queued]>
[2026-09-03T19:52:53.817+0000] {taskinstance.py:2170} INFO - Starting attempt 1 of 3
[2026-09-03T19:52:53.898+0000] {taskinstance.py:2191} INFO - Executing <Task(ExternalTaskSensor): wait_for_ingestion> on 2026-09-03 18:05:00+00:00
[2026-09-03T19:52:53.922+0000] {standard_task_runner.py:60} INFO - Started process 49740 to run task
[2026-09-03T19:52:53.928+0000] {standard_task_runner.py:87} INFO - Running: ['***', 'tasks', 'run', 'air_quality_pipeline', 'wait_for_ingestion', 'scheduled__2026-09-03T18:05:00+00:00', '--job-id', '585', '--raw', '--subdir', 'DAGS_FOLDER/spark_pipeline_dag.py', '--cfg-path', '/tmp/tmp4h0ofql_']
[2026-09-03T19:52:53.933+0000] {standard_task_runner.py:88} INFO - Job 585: Subtask wait_for_ingestion
[2026-09-03T19:52:54.167+0000] {task_command.py:423} INFO - Running <TaskInstance: air_quality_pipeline.wait_for_ingestion scheduled__2026-09-03T18:05:00+00:00 [running]> on host 6a0525c4c718
[2026-09-03T19:52:54.616+0000] {taskinstance.py:2480} INFO - Exporting env vars: AIRFLOW_CTX_DAG_OWNER='***' AIRFLOW_CTX_DAG_ID='air_quality_pipeline' AIRFLOW_CTX_TASK_ID='wait_for_ingestion' AIRFLOW_CTX_EXECUTION_DATE='2026-09-03T18:05:00+00:00' AIRFLOW_CTX_TRY_NUMBER='1' AIRFLOW_CTX_DAG_RUN_ID='scheduled__2026-09-03T18:05:00+00:00'
[2026-09-03T19:52:54.635+0000] {external_task.py:244} INFO - Poking for tasks ['ingest_to_bronze'] in dag air_quality_ingestion on 2026-09-03T18:05:00+00:00 ... 
[2026-09-03T19:53:24.745+0000] {external_task.py:244} INFO - Poking for tasks ['ingest_to_bronze'] in dag air_quality_ingestion on 2026-09-03T18:05:00+00:00 ... 
[2026-09-03T19:53:54.767+0000] {external_task.py:244} INFO - Poking for tasks ['ingest_to_bronze'] in dag air_quality_ingestion on 2026-09-03T18:05:00+00:00 ... 
[2026-09-03T19:54:24.796+0000] {external_task.py:244} INFO - Poking for tasks ['ingest_to_bronze'] in dag air_quality_ingestion on 2026-09-03T18:05:00+00:00 ... 
[2026-09-03T19:54:54.805+0000] {external_task.py:244} INFO - Poking for tasks ['ingest_to_bronze'] in dag air_quality_ingestion on 2026-09-03T18:05:00+00:00 ... 
[2026-09-03T19:55:24.814+0000] {external_task.py:244} INFO - Poking for tasks ['ingest_to_bronze'] in dag air_quality_ingestion on 2026-09-03T18:05:00+00:00 ... 
[2026-09-03T19:55:54.830+0000] {external_task.py:244} INFO - Poking for tasks ['ingest_to_bronze'] in dag air_quality_ingestion on 2026-09-03T18:05:00+00:00 ... 
[2026-09-03T19:56:24.845+0000] {external_task.py:244} INFO - Poking for tasks ['ingest_to_bronze'] in dag air_quality_ingestion on 2026-09-03T18:05:00+00:00 ... 
[2026-09-03T19:56:54.864+0000] {external_task.py:244} INFO - Poking for tasks ['ingest_to_bronze'] in dag air_quality_ingestion on 2026-09-03T18:05:00+00:00 ... 
[2026-09-03T19:57:24.872+0000] {external_task.py:244} INFO - Poking for tasks ['ingest_to_bronze'] in dag air_quality_ingestion on 2026-09-03T18:05:00+00:00 ... 
[2026-09-03T19:57:54.887+0000] {external_task.py:244} INFO - Poking for tasks ['ingest_to_bronze'] in dag air_quality_ingestion on 2026-09-03T18:05:00+00:00 ... 
[2026-09-03T19:57:54.908+0000] {taskinstance.py:2698} ERROR - Task failed with exception
Traceback (most recent call last):
  File "/home/airflow/.local/lib/python3.11/site-packages/airflow/models/taskinstance.py", line 433, in _execute_task
    result = execute_callable(context=context, **execute_callable_kwargs)
             ^^^^^^^^^^^^^^^^^^^^^^^^^^^^^^^^^^^^^^^^^^^^^^^^^^^^^^^^^^^^
  File "/home/airflow/.local/lib/python3.11/site-packages/airflow/sensors/external_task.py", line 334, in execute
    super().execute(context)
  File "/home/airflow/.local/lib/python3.11/site-packages/airflow/sensors/base.py", line 282, in execute
    raise AirflowSensorTimeout(message)
airflow.exceptions.AirflowSensorTimeout: Sensor has timed out; run duration of 300.29191202297807 seconds exceeds the specified timeout of 300.0.
[2026-09-03T19:57:54.927+0000] {taskinstance.py:1138} INFO - Immediate failure requested. Marking task as FAILED. dag_id=air_quality_pipeline, task_id=wait_for_ingestion, execution_date=20260903T180500, start_date=20260903T195253, end_date=20260903T195754
[2026-09-03T19:57:54.944+0000] {standard_task_runner.py:107} ERROR - Failed to execute job 585 for task wait_for_ingestion (Sensor has timed out; run duration of 300.29191202297807 seconds exceeds the specified timeout of 300.0.; 49740)
[2026-09-03T19:57:54.961+0000] {local_task_job_runner.py:234} INFO - Task exited with return code 1
[2026-09-03T19:57:54.982+0000] {taskinstance.py:3280} INFO - 0 downstream tasks scheduled from follow-on schedule check
