[2026-08-26T17:56:16.827+0000] {taskinstance.py:1956} INFO - Dependencies all met for dep_context=non-requeueable deps ti=<TaskInstance: air_quality_pipeline.wait_for_ingestion scheduled__2026-08-26T16:05:00+00:00 [queued]>
[2026-08-26T17:56:16.839+0000] {taskinstance.py:1956} INFO - Dependencies all met for dep_context=requeueable deps ti=<TaskInstance: air_quality_pipeline.wait_for_ingestion scheduled__2026-08-26T16:05:00+00:00 [queued]>
[2026-08-26T17:56:16.840+0000] {taskinstance.py:2170} INFO - Starting attempt 1 of 3
[2026-08-26T17:56:16.861+0000] {taskinstance.py:2191} INFO - Executing <Task(ExternalTaskSensor): wait_for_ingestion> on 2026-08-26 16:05:00+00:00
[2026-08-26T17:56:16.868+0000] {standard_task_runner.py:60} INFO - Started process 178 to run task
[2026-08-26T17:56:16.873+0000] {standard_task_runner.py:87} INFO - Running: ['***', 'tasks', 'run', 'air_quality_pipeline', 'wait_for_ingestion', 'scheduled__2026-08-26T16:05:00+00:00', '--job-id', '369', '--raw', '--subdir', 'DAGS_FOLDER/spark_pipeline_dag.py', '--cfg-path', '/tmp/tmpl9q20b29']
[2026-08-26T17:56:16.875+0000] {standard_task_runner.py:88} INFO - Job 369: Subtask wait_for_ingestion
[2026-08-26T17:56:16.979+0000] {task_command.py:423} INFO - Running <TaskInstance: air_quality_pipeline.wait_for_ingestion scheduled__2026-08-26T16:05:00+00:00 [running]> on host 6a0525c4c718
[2026-08-26T17:56:17.133+0000] {taskinstance.py:2480} INFO - Exporting env vars: AIRFLOW_CTX_DAG_OWNER='***' AIRFLOW_CTX_DAG_ID='air_quality_pipeline' AIRFLOW_CTX_TASK_ID='wait_for_ingestion' AIRFLOW_CTX_EXECUTION_DATE='2026-08-26T16:05:00+00:00' AIRFLOW_CTX_TRY_NUMBER='1' AIRFLOW_CTX_DAG_RUN_ID='scheduled__2026-08-26T16:05:00+00:00'
[2026-08-26T17:56:17.136+0000] {external_task.py:244} INFO - Poking for tasks ['ingest_to_bronze'] in dag air_quality_ingestion on 2026-08-26T16:05:00+00:00 ... 
[2026-08-26T17:56:47.175+0000] {external_task.py:244} INFO - Poking for tasks ['ingest_to_bronze'] in dag air_quality_ingestion on 2026-08-26T16:05:00+00:00 ... 
[2026-08-26T17:57:17.224+0000] {external_task.py:244} INFO - Poking for tasks ['ingest_to_bronze'] in dag air_quality_ingestion on 2026-08-26T16:05:00+00:00 ... 
[2026-08-26T17:57:47.232+0000] {external_task.py:244} INFO - Poking for tasks ['ingest_to_bronze'] in dag air_quality_ingestion on 2026-08-26T16:05:00+00:00 ... 
[2026-08-26T17:58:17.237+0000] {external_task.py:244} INFO - Poking for tasks ['ingest_to_bronze'] in dag air_quality_ingestion on 2026-08-26T16:05:00+00:00 ... 
[2026-08-26T17:58:47.258+0000] {external_task.py:244} INFO - Poking for tasks ['ingest_to_bronze'] in dag air_quality_ingestion on 2026-08-26T16:05:00+00:00 ... 
[2026-08-26T17:59:17.295+0000] {external_task.py:244} INFO - Poking for tasks ['ingest_to_bronze'] in dag air_quality_ingestion on 2026-08-26T16:05:00+00:00 ... 
[2026-08-26T17:59:47.312+0000] {external_task.py:244} INFO - Poking for tasks ['ingest_to_bronze'] in dag air_quality_ingestion on 2026-08-26T16:05:00+00:00 ... 
[2026-08-26T18:00:17.320+0000] {external_task.py:244} INFO - Poking for tasks ['ingest_to_bronze'] in dag air_quality_ingestion on 2026-08-26T16:05:00+00:00 ... 
[2026-08-26T18:00:47.328+0000] {external_task.py:244} INFO - Poking for tasks ['ingest_to_bronze'] in dag air_quality_ingestion on 2026-08-26T16:05:00+00:00 ... 
[2026-08-26T18:01:17.345+0000] {external_task.py:244} INFO - Poking for tasks ['ingest_to_bronze'] in dag air_quality_ingestion on 2026-08-26T16:05:00+00:00 ... 
[2026-08-26T18:01:17.365+0000] {taskinstance.py:2698} ERROR - Task failed with exception
Traceback (most recent call last):
  File "/home/airflow/.local/lib/python3.11/site-packages/airflow/models/taskinstance.py", line 433, in _execute_task
    result = execute_callable(context=context, **execute_callable_kwargs)
             ^^^^^^^^^^^^^^^^^^^^^^^^^^^^^^^^^^^^^^^^^^^^^^^^^^^^^^^^^^^^
  File "/home/airflow/.local/lib/python3.11/site-packages/airflow/sensors/external_task.py", line 334, in execute
    super().execute(context)
  File "/home/airflow/.local/lib/python3.11/site-packages/airflow/sensors/base.py", line 282, in execute
    raise AirflowSensorTimeout(message)
airflow.exceptions.AirflowSensorTimeout: Sensor has timed out; run duration of 300.24276250600815 seconds exceeds the specified timeout of 300.0.
[2026-08-26T18:01:17.408+0000] {taskinstance.py:1138} INFO - Immediate failure requested. Marking task as FAILED. dag_id=air_quality_pipeline, task_id=wait_for_ingestion, execution_date=20260826T160500, start_date=20260826T175616, end_date=20260826T180117
[2026-08-26T18:01:17.474+0000] {standard_task_runner.py:107} ERROR - Failed to execute job 369 for task wait_for_ingestion (Sensor has timed out; run duration of 300.24276250600815 seconds exceeds the specified timeout of 300.0.; 178)
[2026-08-26T18:01:17.525+0000] {local_task_job_runner.py:234} INFO - Task exited with return code 1
[2026-08-26T18:01:17.611+0000] {taskinstance.py:3280} INFO - 0 downstream tasks scheduled from follow-on schedule check
