[2026-08-31T19:00:00.696+0000] {taskinstance.py:1956} INFO - Dependencies all met for dep_context=non-requeueable deps ti=<TaskInstance: air_quality_ingestion.ingest_to_bronze scheduled__2026-08-31T18:00:00+00:00 [queued]>
[2026-08-31T19:00:00.703+0000] {taskinstance.py:1956} INFO - Dependencies all met for dep_context=requeueable deps ti=<TaskInstance: air_quality_ingestion.ingest_to_bronze scheduled__2026-08-31T18:00:00+00:00 [queued]>
[2026-08-31T19:00:00.704+0000] {taskinstance.py:2170} INFO - Starting attempt 1 of 4
[2026-08-31T19:00:00.717+0000] {taskinstance.py:2191} INFO - Executing <Task(PythonOperator): ingest_to_bronze> on 2026-08-31 18:00:00+00:00
[2026-08-31T19:00:00.721+0000] {standard_task_runner.py:60} INFO - Started process 30053 to run task
[2026-08-31T19:00:00.724+0000] {standard_task_runner.py:87} INFO - Running: ['***', 'tasks', 'run', 'air_quality_ingestion', 'ingest_to_bronze', 'scheduled__2026-08-31T18:00:00+00:00', '--job-id', '498', '--raw', '--subdir', 'DAGS_FOLDER/ingestion_dag.py', '--cfg-path', '/tmp/tmpjza0sx2q']
[2026-08-31T19:00:00.726+0000] {standard_task_runner.py:88} INFO - Job 498: Subtask ingest_to_bronze
[2026-08-31T19:00:00.793+0000] {task_command.py:423} INFO - Running <TaskInstance: air_quality_ingestion.ingest_to_bronze scheduled__2026-08-31T18:00:00+00:00 [running]> on host 6a0525c4c718
[2026-08-31T19:00:00.872+0000] {taskinstance.py:2480} INFO - Exporting env vars: AIRFLOW_CTX_DAG_OWNER='***' AIRFLOW_CTX_DAG_ID='air_quality_ingestion' AIRFLOW_CTX_TASK_ID='ingest_to_bronze' AIRFLOW_CTX_EXECUTION_DATE='2026-08-31T18:00:00+00:00' AIRFLOW_CTX_TRY_NUMBER='1' AIRFLOW_CTX_DAG_RUN_ID='scheduled__2026-08-31T18:00:00+00:00'
[2026-08-31T19:00:00.954+0000] {logging_mixin.py:188} INFO - Created bucket: bronze-air-quality
[2026-08-31T19:00:00.960+0000] {logging_mixin.py:188} INFO - Created bucket: silver-air-quality
[2026-08-31T19:00:00.967+0000] {logging_mixin.py:188} INFO - Created bucket: gold-air-quality
[2026-08-31T19:00:02.177+0000] {logging_mixin.py:188} INFO - ✓ new york: AQI=32
[2026-08-31T19:00:03.316+0000] {logging_mixin.py:188} INFO - ✓ london: AQI=30
[2026-08-31T19:00:04.422+0000] {logging_mixin.py:188} INFO - ✓ beijing: AQI=46
[2026-08-31T19:00:05.575+0000] {logging_mixin.py:188} INFO - ✓ delhi: AQI=81
[2026-08-31T19:00:06.684+0000] {logging_mixin.py:188} INFO - ✓ sydney: AQI=31
[2026-08-31T19:00:06.693+0000] {logging_mixin.py:188} INFO - Saved → s3://bronze-air-quality/year=2026/month=08/day=31/city=new_york/190000.json
[2026-08-31T19:00:06.701+0000] {logging_mixin.py:188} INFO - Saved → s3://bronze-air-quality/year=2026/month=08/day=31/city=london/190000.json
[2026-08-31T19:00:06.710+0000] {logging_mixin.py:188} INFO - Saved → s3://bronze-air-quality/year=2026/month=08/day=31/city=beijing/190000.json
[2026-08-31T19:00:06.715+0000] {logging_mixin.py:188} INFO - Saved → s3://bronze-air-quality/year=2026/month=08/day=31/city=delhi/190000.json
[2026-08-31T19:00:06.723+0000] {logging_mixin.py:188} INFO - Saved → s3://bronze-air-quality/year=2026/month=08/day=31/city=sydney/190000.json
[2026-08-31T19:00:06.723+0000] {logging_mixin.py:188} INFO - 
Total records ingested: 5
[2026-08-31T19:00:06.724+0000] {python.py:201} INFO - Done. Returned value was: None
[2026-08-31T19:00:06.733+0000] {taskinstance.py:1138} INFO - Marking task as SUCCESS. dag_id=air_quality_ingestion, task_id=ingest_to_bronze, execution_date=20260831T180000, start_date=20260831T190000, end_date=20260831T190006
[2026-08-31T19:00:06.763+0000] {local_task_job_runner.py:234} INFO - Task exited with return code 0
[2026-08-31T19:00:06.774+0000] {taskinstance.py:3280} INFO - 0 downstream tasks scheduled from follow-on schedule check
