[2026-08-29T07:41:50.738+0000] {taskinstance.py:1956} INFO - Dependencies all met for dep_context=non-requeueable deps ti=<TaskInstance: air_quality_ingestion.ingest_to_bronze scheduled__2026-08-29T05:00:00+00:00 [queued]>
[2026-08-29T07:41:50.754+0000] {taskinstance.py:1956} INFO - Dependencies all met for dep_context=requeueable deps ti=<TaskInstance: air_quality_ingestion.ingest_to_bronze scheduled__2026-08-29T05:00:00+00:00 [queued]>
[2026-08-29T07:41:50.758+0000] {taskinstance.py:2170} INFO - Starting attempt 1 of 4
[2026-08-29T07:41:50.797+0000] {taskinstance.py:2191} INFO - Executing <Task(PythonOperator): ingest_to_bronze> on 2026-08-29 05:00:00+00:00
[2026-08-29T07:41:50.808+0000] {standard_task_runner.py:60} INFO - Started process 13788 to run task
[2026-08-29T07:41:50.812+0000] {standard_task_runner.py:87} INFO - Running: ['***', 'tasks', 'run', 'air_quality_ingestion', 'ingest_to_bronze', 'scheduled__2026-08-29T05:00:00+00:00', '--job-id', '432', '--raw', '--subdir', 'DAGS_FOLDER/ingestion_dag.py', '--cfg-path', '/tmp/tmpr8b30aoj']
[2026-08-29T07:41:50.826+0000] {standard_task_runner.py:88} INFO - Job 432: Subtask ingest_to_bronze
[2026-08-29T07:41:51.144+0000] {task_command.py:423} INFO - Running <TaskInstance: air_quality_ingestion.ingest_to_bronze scheduled__2026-08-29T05:00:00+00:00 [running]> on host 6a0525c4c718
[2026-08-29T07:41:51.309+0000] {taskinstance.py:2480} INFO - Exporting env vars: AIRFLOW_CTX_DAG_OWNER='***' AIRFLOW_CTX_DAG_ID='air_quality_ingestion' AIRFLOW_CTX_TASK_ID='ingest_to_bronze' AIRFLOW_CTX_EXECUTION_DATE='2026-08-29T05:00:00+00:00' AIRFLOW_CTX_TRY_NUMBER='1' AIRFLOW_CTX_DAG_RUN_ID='scheduled__2026-08-29T05:00:00+00:00'
[2026-08-29T07:41:51.646+0000] {logging_mixin.py:188} INFO - Created bucket: bronze-air-quality
[2026-08-29T07:41:51.662+0000] {logging_mixin.py:188} INFO - Created bucket: silver-air-quality
[2026-08-29T07:41:51.677+0000] {logging_mixin.py:188} INFO - Created bucket: gold-air-quality
[2026-08-29T07:41:52.630+0000] {logging_mixin.py:188} INFO - ✓ new york: AQI=29
[2026-08-29T07:41:53.481+0000] {logging_mixin.py:188} INFO - ✓ london: AQI=30
[2026-08-29T07:41:54.793+0000] {logging_mixin.py:188} INFO - ✓ beijing: AQI=56
[2026-08-29T07:41:56.383+0000] {logging_mixin.py:188} INFO - ✓ delhi: AQI=81
[2026-08-29T19:20:54.791+0000] {logging_mixin.py:188} INFO - ✗ sydney: HTTPSConnectionPool(host='api.waqi.info', port=443): Max retries exceeded with url: /feed/sydney/?token=2cc5f2fc84f739a6377a29001c83fd1911c54797 (Caused by SSLError(SSLEOFError(8, '[SSL: UNEXPECTED_EOF_WHILE_READING] EOF occurred in violation of protocol (_ssl.c:1006)')))
[2026-08-29T19:20:56.724+0000] {logging_mixin.py:188} INFO - Saved → s3://bronze-air-quality/year=2026/month=08/day=29/city=new_york/074151.json
[2026-08-29T19:20:56.958+0000] {logging_mixin.py:188} INFO - Saved → s3://bronze-air-quality/year=2026/month=08/day=29/city=london/074151.json
[2026-08-30T05:52:41.929+0000] {logging_mixin.py:188} INFO - Saved → s3://bronze-air-quality/year=2026/month=08/day=29/city=beijing/074151.json
[2026-08-30T05:52:42.129+0000] {logging_mixin.py:188} INFO - Saved → s3://bronze-air-quality/year=2026/month=08/day=29/city=delhi/074151.json
[2026-08-30T05:52:42.174+0000] {logging_mixin.py:188} INFO - 
Total records ingested: 4
[2026-08-30T05:52:42.208+0000] {python.py:201} INFO - Done. Returned value was: None
[2026-08-30T05:52:42.403+0000] {taskinstance.py:1138} INFO - Marking task as SUCCESS. dag_id=air_quality_ingestion, task_id=ingest_to_bronze, execution_date=20260829T050000, start_date=20260829T074150, end_date=20260830T055242
[2026-08-30T05:52:43.187+0000] {local_task_job_runner.py:234} INFO - Task exited with return code 0
[2026-08-30T05:52:43.281+0000] {taskinstance.py:3280} INFO - 0 downstream tasks scheduled from follow-on schedule check
