[2026-09-07T00:05:01.036+0000] {taskinstance.py:1956} INFO - Dependencies all met for dep_context=non-requeueable deps ti=<TaskInstance: air_quality_pipeline.wait_for_ingestion scheduled__2026-09-06T23:05:00+00:00 [queued]>
[2026-09-07T00:05:01.042+0000] {taskinstance.py:1956} INFO - Dependencies all met for dep_context=requeueable deps ti=<TaskInstance: air_quality_pipeline.wait_for_ingestion scheduled__2026-09-06T23:05:00+00:00 [queued]>
[2026-09-07T00:05:01.042+0000] {taskinstance.py:2170} INFO - Starting attempt 1 of 3
[2026-09-07T00:05:01.051+0000] {taskinstance.py:2191} INFO - Executing <Task(ExternalTaskSensor): wait_for_ingestion> on 2026-09-06 23:05:00+00:00
[2026-09-07T00:05:01.055+0000] {standard_task_runner.py:60} INFO - Started process 88399 to run task
[2026-09-07T00:05:01.058+0000] {standard_task_runner.py:87} INFO - Running: ['***', 'tasks', 'run', 'air_quality_pipeline', 'wait_for_ingestion', 'scheduled__2026-09-06T23:05:00+00:00', '--job-id', '680', '--raw', '--subdir', 'DAGS_FOLDER/spark_pipeline_dag.py', '--cfg-path', '/tmp/tmpv6hu81lr']
[2026-09-07T00:05:01.060+0000] {standard_task_runner.py:88} INFO - Job 680: Subtask wait_for_ingestion
[2026-09-07T00:05:01.118+0000] {task_command.py:423} INFO - Running <TaskInstance: air_quality_pipeline.wait_for_ingestion scheduled__2026-09-06T23:05:00+00:00 [running]> on host 6a0525c4c718
[2026-09-07T00:05:01.183+0000] {taskinstance.py:2480} INFO - Exporting env vars: AIRFLOW_CTX_DAG_OWNER='***' AIRFLOW_CTX_DAG_ID='air_quality_pipeline' AIRFLOW_CTX_TASK_ID='wait_for_ingestion' AIRFLOW_CTX_EXECUTION_DATE='2026-09-06T23:05:00+00:00' AIRFLOW_CTX_TRY_NUMBER='1' AIRFLOW_CTX_DAG_RUN_ID='scheduled__2026-09-06T23:05:00+00:00'
[2026-09-07T00:05:01.184+0000] {external_task.py:244} INFO - Poking for tasks ['ingest_to_bronze'] in dag air_quality_ingestion on 2026-09-06T23:05:00+00:00 ... 
[2026-09-07T00:05:31.192+0000] {external_task.py:244} INFO - Poking for tasks ['ingest_to_bronze'] in dag air_quality_ingestion on 2026-09-06T23:05:00+00:00 ... 
[2026-09-07T00:06:01.200+0000] {external_task.py:244} INFO - Poking for tasks ['ingest_to_bronze'] in dag air_quality_ingestion on 2026-09-06T23:05:00+00:00 ... 
[2026-09-07T00:06:31.206+0000] {external_task.py:244} INFO - Poking for tasks ['ingest_to_bronze'] in dag air_quality_ingestion on 2026-09-06T23:05:00+00:00 ... 
[2026-09-07T00:07:01.220+0000] {external_task.py:244} INFO - Poking for tasks ['ingest_to_bronze'] in dag air_quality_ingestion on 2026-09-06T23:05:00+00:00 ... 
[2026-09-07T00:07:31.232+0000] {external_task.py:244} INFO - Poking for tasks ['ingest_to_bronze'] in dag air_quality_ingestion on 2026-09-06T23:05:00+00:00 ... 
[2026-09-07T00:08:01.244+0000] {external_task.py:244} INFO - Poking for tasks ['ingest_to_bronze'] in dag air_quality_ingestion on 2026-09-06T23:05:00+00:00 ... 
[2026-09-07T00:08:31.252+0000] {external_task.py:244} INFO - Poking for tasks ['ingest_to_bronze'] in dag air_quality_ingestion on 2026-09-06T23:05:00+00:00 ... 
[2026-09-07T00:09:01.263+0000] {external_task.py:244} INFO - Poking for tasks ['ingest_to_bronze'] in dag air_quality_ingestion on 2026-09-06T23:05:00+00:00 ... 
[2026-09-07T00:09:31.269+0000] {external_task.py:244} INFO - Poking for tasks ['ingest_to_bronze'] in dag air_quality_ingestion on 2026-09-06T23:05:00+00:00 ... 
[2026-09-07T00:10:01.279+0000] {external_task.py:244} INFO - Poking for tasks ['ingest_to_bronze'] in dag air_quality_ingestion on 2026-09-06T23:05:00+00:00 ... 
[2026-09-07T00:10:01.305+0000] {taskinstance.py:2698} ERROR - Task failed with exception
Traceback (most recent call last):
  File "/home/airflow/.local/lib/python3.11/site-packages/airflow/models/taskinstance.py", line 433, in _execute_task
    result = execute_callable(context=context, **execute_callable_kwargs)
             ^^^^^^^^^^^^^^^^^^^^^^^^^^^^^^^^^^^^^^^^^^^^^^^^^^^^^^^^^^^^
  File "/home/airflow/.local/lib/python3.11/site-packages/airflow/sensors/external_task.py", line 334, in execute
    super().execute(context)
  File "/home/airflow/.local/lib/python3.11/site-packages/airflow/sensors/base.py", line 282, in execute
    raise AirflowSensorTimeout(message)
airflow.exceptions.AirflowSensorTimeout: Sensor has timed out; run duration of 300.1404285199824 seconds exceeds the specified timeout of 300.0.
[2026-09-07T00:10:01.312+0000] {taskinstance.py:1138} INFO - Immediate failure requested. Marking task as FAILED. dag_id=air_quality_pipeline, task_id=wait_for_ingestion, execution_date=20260906T230500, start_date=20260907T000501, end_date=20260907T001001
[2026-09-07T00:10:01.351+0000] {standard_task_runner.py:107} ERROR - Failed to execute job 680 for task wait_for_ingestion (Sensor has timed out; run duration of 300.1404285199824 seconds exceeds the specified timeout of 300.0.; 88399)
[2026-09-07T00:10:01.388+0000] {local_task_job_runner.py:234} INFO - Task exited with return code 1
[2026-09-07T00:10:01.409+0000] {taskinstance.py:3280} INFO - 0 downstream tasks scheduled from follow-on schedule check
