[2026-08-26T23:00:02.023+0000] {taskinstance.py:1956} INFO - Dependencies all met for dep_context=non-requeueable deps ti=<TaskInstance: air_quality_ingestion.ingest_to_bronze scheduled__2026-08-26T22:00:00+00:00 [queued]>
[2026-08-26T23:00:02.031+0000] {taskinstance.py:1956} INFO - Dependencies all met for dep_context=requeueable deps ti=<TaskInstance: air_quality_ingestion.ingest_to_bronze scheduled__2026-08-26T22:00:00+00:00 [queued]>
[2026-08-26T23:00:02.032+0000] {taskinstance.py:2170} INFO - Starting attempt 1 of 4
[2026-08-26T23:00:02.047+0000] {taskinstance.py:2191} INFO - Executing <Task(PythonOperator): ingest_to_bronze> on 2026-08-26 22:00:00+00:00
[2026-08-26T23:00:02.053+0000] {standard_task_runner.py:60} INFO - Started process 3882 to run task
[2026-08-26T23:00:02.057+0000] {standard_task_runner.py:87} INFO - Running: ['***', 'tasks', 'run', 'air_quality_ingestion', 'ingest_to_bronze', 'scheduled__2026-08-26T22:00:00+00:00', '--job-id', '381', '--raw', '--subdir', 'DAGS_FOLDER/ingestion_dag.py', '--cfg-path', '/tmp/tmpch_gqksx']
[2026-08-26T23:00:02.060+0000] {standard_task_runner.py:88} INFO - Job 381: Subtask ingest_to_bronze
[2026-08-26T23:00:02.132+0000] {task_command.py:423} INFO - Running <TaskInstance: air_quality_ingestion.ingest_to_bronze scheduled__2026-08-26T22:00:00+00:00 [running]> on host 6a0525c4c718
[2026-08-26T23:00:02.214+0000] {taskinstance.py:2480} INFO - Exporting env vars: AIRFLOW_CTX_DAG_OWNER='***' AIRFLOW_CTX_DAG_ID='air_quality_ingestion' AIRFLOW_CTX_TASK_ID='ingest_to_bronze' AIRFLOW_CTX_EXECUTION_DATE='2026-08-26T22:00:00+00:00' AIRFLOW_CTX_TRY_NUMBER='1' AIRFLOW_CTX_DAG_RUN_ID='scheduled__2026-08-26T22:00:00+00:00'
[2026-08-26T23:00:02.386+0000] {logging_mixin.py:188} INFO - Created bucket: bronze-air-quality
[2026-08-26T23:00:02.394+0000] {logging_mixin.py:188} INFO - Created bucket: silver-air-quality
[2026-08-26T23:00:02.401+0000] {logging_mixin.py:188} INFO - Created bucket: gold-air-quality
[2026-08-26T23:00:03.607+0000] {logging_mixin.py:188} INFO - ✓ new york: AQI=26
[2026-08-26T23:00:04.808+0000] {logging_mixin.py:188} INFO - ✓ london: AQI=59
[2026-08-26T23:00:05.839+0000] {logging_mixin.py:188} INFO - ✓ beijing: AQI=61
[2026-08-26T23:00:06.867+0000] {logging_mixin.py:188} INFO - ✓ delhi: AQI=114
[2026-08-26T23:00:07.842+0000] {logging_mixin.py:188} INFO - ✓ sydney: AQI=21
[2026-08-26T23:00:07.877+0000] {logging_mixin.py:188} INFO - Saved → s3://bronze-air-quality/year=2026/month=08/day=26/city=new_york/230002.json
[2026-08-26T23:00:07.885+0000] {logging_mixin.py:188} INFO - Saved → s3://bronze-air-quality/year=2026/month=08/day=26/city=london/230002.json
[2026-08-26T23:00:07.894+0000] {logging_mixin.py:188} INFO - Saved → s3://bronze-air-quality/year=2026/month=08/day=26/city=beijing/230002.json
[2026-08-26T23:00:07.904+0000] {logging_mixin.py:188} INFO - Saved → s3://bronze-air-quality/year=2026/month=08/day=26/city=delhi/230002.json
[2026-08-26T23:00:07.912+0000] {logging_mixin.py:188} INFO - Saved → s3://bronze-air-quality/year=2026/month=08/day=26/city=sydney/230002.json
[2026-08-26T23:00:07.913+0000] {logging_mixin.py:188} INFO - 
Total records ingested: 5
[2026-08-26T23:00:07.914+0000] {python.py:201} INFO - Done. Returned value was: None
[2026-08-26T23:00:07.922+0000] {taskinstance.py:1138} INFO - Marking task as SUCCESS. dag_id=air_quality_ingestion, task_id=ingest_to_bronze, execution_date=20260826T220000, start_date=20260826T230002, end_date=20260826T230007
[2026-08-26T23:00:07.958+0000] {local_task_job_runner.py:234} INFO - Task exited with return code 0
[2026-08-26T23:00:07.969+0000] {taskinstance.py:3280} INFO - 0 downstream tasks scheduled from follow-on schedule check
