[2026-09-01T00:38:58.592+0000] {taskinstance.py:1956} INFO - Dependencies all met for dep_context=non-requeueable deps ti=<TaskInstance: air_quality_ingestion.ingest_to_bronze scheduled__2026-08-31T23:00:00+00:00 [queued]>
[2026-09-01T00:38:58.642+0000] {taskinstance.py:1956} INFO - Dependencies all met for dep_context=requeueable deps ti=<TaskInstance: air_quality_ingestion.ingest_to_bronze scheduled__2026-08-31T23:00:00+00:00 [queued]>
[2026-09-01T00:38:58.657+0000] {taskinstance.py:2170} INFO - Starting attempt 1 of 4
[2026-09-01T00:38:58.749+0000] {taskinstance.py:2191} INFO - Executing <Task(PythonOperator): ingest_to_bronze> on 2026-08-31 23:00:00+00:00
[2026-09-01T00:38:58.778+0000] {standard_task_runner.py:60} INFO - Started process 32329 to run task
[2026-09-01T00:38:58.806+0000] {standard_task_runner.py:87} INFO - Running: ['***', 'tasks', 'run', 'air_quality_ingestion', 'ingest_to_bronze', 'scheduled__2026-08-31T23:00:00+00:00', '--job-id', '506', '--raw', '--subdir', 'DAGS_FOLDER/ingestion_dag.py', '--cfg-path', '/tmp/tmpl9fh2mkl']
[2026-09-01T00:38:58.824+0000] {standard_task_runner.py:88} INFO - Job 506: Subtask ingest_to_bronze
[2026-09-01T00:38:59.094+0000] {task_command.py:423} INFO - Running <TaskInstance: air_quality_ingestion.ingest_to_bronze scheduled__2026-08-31T23:00:00+00:00 [running]> on host 6a0525c4c718
[2026-09-01T00:38:59.470+0000] {taskinstance.py:2480} INFO - Exporting env vars: AIRFLOW_CTX_DAG_OWNER='***' AIRFLOW_CTX_DAG_ID='air_quality_ingestion' AIRFLOW_CTX_TASK_ID='ingest_to_bronze' AIRFLOW_CTX_EXECUTION_DATE='2026-08-31T23:00:00+00:00' AIRFLOW_CTX_TRY_NUMBER='1' AIRFLOW_CTX_DAG_RUN_ID='scheduled__2026-08-31T23:00:00+00:00'
[2026-09-01T00:38:59.912+0000] {logging_mixin.py:188} INFO - Created bucket: bronze-air-quality
[2026-09-01T00:38:59.935+0000] {logging_mixin.py:188} INFO - Created bucket: silver-air-quality
[2026-09-01T00:38:59.950+0000] {logging_mixin.py:188} INFO - Created bucket: gold-air-quality
[2026-09-01T00:38:59.985+0000] {logging_mixin.py:188} INFO - ✗ new york: HTTPSConnectionPool(host='api.waqi.info', port=443): Max retries exceeded with url: /feed/new%20york/?token=2cc5f2fc84f739a6377a29001c83fd1911c54797 (Caused by NewConnectionError('<urllib3.connection.HTTPSConnection object at 0x70c3bd32b510>: Failed to establish a new connection: [Errno 111] Connection refused'))
[2026-09-01T00:39:00.009+0000] {logging_mixin.py:188} INFO - ✗ london: HTTPSConnectionPool(host='api.waqi.info', port=443): Max retries exceeded with url: /feed/london/?token=2cc5f2fc84f739a6377a29001c83fd1911c54797 (Caused by NewConnectionError('<urllib3.connection.HTTPSConnection object at 0x70c3bd331190>: Failed to establish a new connection: [Errno 111] Connection refused'))
[2026-09-01T00:39:00.033+0000] {logging_mixin.py:188} INFO - ✗ beijing: HTTPSConnectionPool(host='api.waqi.info', port=443): Max retries exceeded with url: /feed/beijing/?token=2cc5f2fc84f739a6377a29001c83fd1911c54797 (Caused by NewConnectionError('<urllib3.connection.HTTPSConnection object at 0x70c3bd333690>: Failed to establish a new connection: [Errno 111] Connection refused'))
[2026-09-01T00:39:00.051+0000] {logging_mixin.py:188} INFO - ✗ delhi: HTTPSConnectionPool(host='api.waqi.info', port=443): Max retries exceeded with url: /feed/delhi/?token=2cc5f2fc84f739a6377a29001c83fd1911c54797 (Caused by NewConnectionError('<urllib3.connection.HTTPSConnection object at 0x70c3bd42cb90>: Failed to establish a new connection: [Errno 111] Connection refused'))
[2026-09-01T00:39:00.077+0000] {logging_mixin.py:188} INFO - ✗ sydney: HTTPSConnectionPool(host='api.waqi.info', port=443): Max retries exceeded with url: /feed/sydney/?token=2cc5f2fc84f739a6377a29001c83fd1911c54797 (Caused by NewConnectionError('<urllib3.connection.HTTPSConnection object at 0x70c3bd33c710>: Failed to establish a new connection: [Errno 111] Connection refused'))
[2026-09-01T00:39:00.078+0000] {logging_mixin.py:188} INFO - 
Total records ingested: 0
[2026-09-01T00:39:00.079+0000] {python.py:201} INFO - Done. Returned value was: None
[2026-09-01T00:39:00.113+0000] {taskinstance.py:1138} INFO - Marking task as SUCCESS. dag_id=air_quality_ingestion, task_id=ingest_to_bronze, execution_date=20260831T230000, start_date=20260901T003858, end_date=20260901T003900
[2026-09-01T00:39:00.170+0000] {local_task_job_runner.py:234} INFO - Task exited with return code 0
[2026-09-01T00:39:00.235+0000] {taskinstance.py:3280} INFO - 0 downstream tasks scheduled from follow-on schedule check
