[2026-09-04T09:51:40.967+0000] {taskinstance.py:1956} INFO - Dependencies all met for dep_context=non-requeueable deps ti=<TaskInstance: air_quality_ingestion.ingest_to_bronze scheduled__2026-09-04T01:00:00+00:00 [queued]>
[2026-09-04T09:51:41.000+0000] {taskinstance.py:1956} INFO - Dependencies all met for dep_context=requeueable deps ti=<TaskInstance: air_quality_ingestion.ingest_to_bronze scheduled__2026-09-04T01:00:00+00:00 [queued]>
[2026-09-04T09:51:41.009+0000] {taskinstance.py:2170} INFO - Starting attempt 1 of 4
[2026-09-04T09:51:41.064+0000] {taskinstance.py:2191} INFO - Executing <Task(PythonOperator): ingest_to_bronze> on 2026-09-04 01:00:00+00:00
[2026-09-04T09:51:41.092+0000] {standard_task_runner.py:60} INFO - Started process 54125 to run task
[2026-09-04T09:51:41.108+0000] {standard_task_runner.py:87} INFO - Running: ['***', 'tasks', 'run', 'air_quality_ingestion', 'ingest_to_bronze', 'scheduled__2026-09-04T01:00:00+00:00', '--job-id', '602', '--raw', '--subdir', 'DAGS_FOLDER/ingestion_dag.py', '--cfg-path', '/tmp/tmpv2fmv_sr']
[2026-09-04T09:51:41.125+0000] {standard_task_runner.py:88} INFO - Job 602: Subtask ingest_to_bronze
[2026-09-04T09:51:41.367+0000] {task_command.py:423} INFO - Running <TaskInstance: air_quality_ingestion.ingest_to_bronze scheduled__2026-09-04T01:00:00+00:00 [running]> on host 6a0525c4c718
[2026-09-04T09:51:41.772+0000] {taskinstance.py:2480} INFO - Exporting env vars: AIRFLOW_CTX_DAG_OWNER='***' AIRFLOW_CTX_DAG_ID='air_quality_ingestion' AIRFLOW_CTX_TASK_ID='ingest_to_bronze' AIRFLOW_CTX_EXECUTION_DATE='2026-09-04T01:00:00+00:00' AIRFLOW_CTX_TRY_NUMBER='1' AIRFLOW_CTX_DAG_RUN_ID='scheduled__2026-09-04T01:00:00+00:00'
[2026-09-04T09:51:42.235+0000] {logging_mixin.py:188} INFO - Created bucket: bronze-air-quality
[2026-09-04T09:51:42.269+0000] {logging_mixin.py:188} INFO - Created bucket: silver-air-quality
[2026-09-04T09:51:42.286+0000] {logging_mixin.py:188} INFO - Created bucket: gold-air-quality
[2026-09-04T09:51:42.323+0000] {logging_mixin.py:188} INFO - ✗ new york: HTTPSConnectionPool(host='api.waqi.info', port=443): Max retries exceeded with url: /feed/new%20york/?token=2cc5f2fc84f739a6377a29001c83fd1911c54797 (Caused by NewConnectionError('<urllib3.connection.HTTPSConnection object at 0x70c3bd32cc90>: Failed to establish a new connection: [Errno 111] Connection refused'))
[2026-09-04T09:51:42.341+0000] {logging_mixin.py:188} INFO - ✗ london: HTTPSConnectionPool(host='api.waqi.info', port=443): Max retries exceeded with url: /feed/london/?token=2cc5f2fc84f739a6377a29001c83fd1911c54797 (Caused by NewConnectionError('<urllib3.connection.HTTPSConnection object at 0x70c3bd32eb10>: Failed to establish a new connection: [Errno 111] Connection refused'))
[2026-09-04T09:51:42.358+0000] {logging_mixin.py:188} INFO - ✗ beijing: HTTPSConnectionPool(host='api.waqi.info', port=443): Max retries exceeded with url: /feed/beijing/?token=2cc5f2fc84f739a6377a29001c83fd1911c54797 (Caused by NewConnectionError('<urllib3.connection.HTTPSConnection object at 0x70c3bd338dd0>: Failed to establish a new connection: [Errno 111] Connection refused'))
[2026-09-04T09:51:42.382+0000] {logging_mixin.py:188} INFO - ✗ delhi: HTTPSConnectionPool(host='api.waqi.info', port=443): Max retries exceeded with url: /feed/delhi/?token=2cc5f2fc84f739a6377a29001c83fd1911c54797 (Caused by NewConnectionError('<urllib3.connection.HTTPSConnection object at 0x70c3bd43b1d0>: Failed to establish a new connection: [Errno 111] Connection refused'))
[2026-09-04T09:51:42.402+0000] {logging_mixin.py:188} INFO - ✗ sydney: HTTPSConnectionPool(host='api.waqi.info', port=443): Max retries exceeded with url: /feed/sydney/?token=2cc5f2fc84f739a6377a29001c83fd1911c54797 (Caused by NewConnectionError('<urllib3.connection.HTTPSConnection object at 0x70c3bd339e90>: Failed to establish a new connection: [Errno 111] Connection refused'))
[2026-09-04T09:51:42.403+0000] {logging_mixin.py:188} INFO - 
Total records ingested: 0
[2026-09-04T09:51:42.404+0000] {python.py:201} INFO - Done. Returned value was: None
[2026-09-04T09:51:42.435+0000] {taskinstance.py:1138} INFO - Marking task as SUCCESS. dag_id=air_quality_ingestion, task_id=ingest_to_bronze, execution_date=20260904T010000, start_date=20260904T095140, end_date=20260904T095142
[2026-09-04T09:51:42.512+0000] {local_task_job_runner.py:234} INFO - Task exited with return code 0
[2026-09-04T09:51:42.580+0000] {taskinstance.py:3280} INFO - 0 downstream tasks scheduled from follow-on schedule check
