[2026-09-06T17:00:01.083+0000] {taskinstance.py:1956} INFO - Dependencies all met for dep_context=non-requeueable deps ti=<TaskInstance: air_quality_ingestion.ingest_to_bronze scheduled__2026-09-06T16:00:00+00:00 [queued]>
[2026-09-06T17:00:01.089+0000] {taskinstance.py:1956} INFO - Dependencies all met for dep_context=requeueable deps ti=<TaskInstance: air_quality_ingestion.ingest_to_bronze scheduled__2026-09-06T16:00:00+00:00 [queued]>
[2026-09-06T17:00:01.090+0000] {taskinstance.py:2170} INFO - Starting attempt 1 of 4
[2026-09-06T17:00:01.100+0000] {taskinstance.py:2191} INFO - Executing <Task(PythonOperator): ingest_to_bronze> on 2026-09-06 16:00:00+00:00
[2026-09-06T17:00:01.103+0000] {standard_task_runner.py:60} INFO - Started process 80019 to run task
[2026-09-06T17:00:01.106+0000] {standard_task_runner.py:87} INFO - Running: ['***', 'tasks', 'run', 'air_quality_ingestion', 'ingest_to_bronze', 'scheduled__2026-09-06T16:00:00+00:00', '--job-id', '665', '--raw', '--subdir', 'DAGS_FOLDER/ingestion_dag.py', '--cfg-path', '/tmp/tmps2h_tzxe']
[2026-09-06T17:00:01.109+0000] {standard_task_runner.py:88} INFO - Job 665: Subtask ingest_to_bronze
[2026-09-06T17:00:01.176+0000] {task_command.py:423} INFO - Running <TaskInstance: air_quality_ingestion.ingest_to_bronze scheduled__2026-09-06T16:00:00+00:00 [running]> on host 6a0525c4c718
[2026-09-06T17:00:01.247+0000] {taskinstance.py:2480} INFO - Exporting env vars: AIRFLOW_CTX_DAG_OWNER='***' AIRFLOW_CTX_DAG_ID='air_quality_ingestion' AIRFLOW_CTX_TASK_ID='ingest_to_bronze' AIRFLOW_CTX_EXECUTION_DATE='2026-09-06T16:00:00+00:00' AIRFLOW_CTX_TRY_NUMBER='1' AIRFLOW_CTX_DAG_RUN_ID='scheduled__2026-09-06T16:00:00+00:00'
[2026-09-06T17:00:01.322+0000] {logging_mixin.py:188} INFO - Created bucket: bronze-air-quality
[2026-09-06T17:00:01.328+0000] {logging_mixin.py:188} INFO - Created bucket: silver-air-quality
[2026-09-06T17:00:01.333+0000] {logging_mixin.py:188} INFO - Created bucket: gold-air-quality
[2026-09-06T17:00:02.073+0000] {logging_mixin.py:188} INFO - ✓ new york: AQI=16
[2026-09-06T17:00:02.758+0000] {logging_mixin.py:188} INFO - ✓ london: AQI=42
[2026-09-06T17:00:03.526+0000] {logging_mixin.py:188} INFO - ✓ beijing: AQI=93
[2026-09-06T17:00:04.255+0000] {logging_mixin.py:188} INFO - ✓ delhi: AQI=59
[2026-09-06T17:00:05.028+0000] {logging_mixin.py:188} INFO - ✓ sydney: AQI=26
[2026-09-06T17:00:05.037+0000] {logging_mixin.py:188} INFO - Saved → s3://bronze-air-quality/year=2026/month=09/day=06/city=new_york/170001.json
[2026-09-06T17:00:05.046+0000] {logging_mixin.py:188} INFO - Saved → s3://bronze-air-quality/year=2026/month=09/day=06/city=london/170001.json
[2026-09-06T17:00:05.053+0000] {logging_mixin.py:188} INFO - Saved → s3://bronze-air-quality/year=2026/month=09/day=06/city=beijing/170001.json
[2026-09-06T17:00:05.058+0000] {logging_mixin.py:188} INFO - Saved → s3://bronze-air-quality/year=2026/month=09/day=06/city=delhi/170001.json
[2026-09-06T17:00:05.066+0000] {logging_mixin.py:188} INFO - Saved → s3://bronze-air-quality/year=2026/month=09/day=06/city=sydney/170001.json
[2026-09-06T17:00:05.066+0000] {logging_mixin.py:188} INFO - 
Total records ingested: 5
[2026-09-06T17:00:05.067+0000] {python.py:201} INFO - Done. Returned value was: None
[2026-09-06T17:00:05.076+0000] {taskinstance.py:1138} INFO - Marking task as SUCCESS. dag_id=air_quality_ingestion, task_id=ingest_to_bronze, execution_date=20260906T160000, start_date=20260906T170001, end_date=20260906T170005
[2026-09-06T17:00:05.122+0000] {local_task_job_runner.py:234} INFO - Task exited with return code 0
[2026-09-06T17:00:05.137+0000] {taskinstance.py:3280} INFO - 0 downstream tasks scheduled from follow-on schedule check
