[2026-09-03T22:00:02.408+0000] {taskinstance.py:1956} INFO - Dependencies all met for dep_context=non-requeueable deps ti=<TaskInstance: air_quality_ingestion.ingest_to_bronze scheduled__2026-09-03T21:00:00+00:00 [queued]>
[2026-09-03T22:00:02.414+0000] {taskinstance.py:1956} INFO - Dependencies all met for dep_context=requeueable deps ti=<TaskInstance: air_quality_ingestion.ingest_to_bronze scheduled__2026-09-03T21:00:00+00:00 [queued]>
[2026-09-03T22:00:02.415+0000] {taskinstance.py:2170} INFO - Starting attempt 1 of 4
[2026-09-03T22:00:02.426+0000] {taskinstance.py:2191} INFO - Executing <Task(PythonOperator): ingest_to_bronze> on 2026-09-03 21:00:00+00:00
[2026-09-03T22:00:02.430+0000] {standard_task_runner.py:60} INFO - Started process 51707 to run task
[2026-09-03T22:00:02.434+0000] {standard_task_runner.py:87} INFO - Running: ['***', 'tasks', 'run', 'air_quality_ingestion', 'ingest_to_bronze', 'scheduled__2026-09-03T21:00:00+00:00', '--job-id', '591', '--raw', '--subdir', 'DAGS_FOLDER/ingestion_dag.py', '--cfg-path', '/tmp/tmpio3581h5']
[2026-09-03T22:00:02.436+0000] {standard_task_runner.py:88} INFO - Job 591: Subtask ingest_to_bronze
[2026-09-03T22:00:02.494+0000] {task_command.py:423} INFO - Running <TaskInstance: air_quality_ingestion.ingest_to_bronze scheduled__2026-09-03T21:00:00+00:00 [running]> on host 6a0525c4c718
[2026-09-03T22:00:02.562+0000] {taskinstance.py:2480} INFO - Exporting env vars: AIRFLOW_CTX_DAG_OWNER='***' AIRFLOW_CTX_DAG_ID='air_quality_ingestion' AIRFLOW_CTX_TASK_ID='ingest_to_bronze' AIRFLOW_CTX_EXECUTION_DATE='2026-09-03T21:00:00+00:00' AIRFLOW_CTX_TRY_NUMBER='1' AIRFLOW_CTX_DAG_RUN_ID='scheduled__2026-09-03T21:00:00+00:00'
[2026-09-03T22:00:02.696+0000] {logging_mixin.py:188} INFO - Created bucket: bronze-air-quality
[2026-09-03T22:00:02.701+0000] {logging_mixin.py:188} INFO - Created bucket: silver-air-quality
[2026-09-03T22:00:02.706+0000] {logging_mixin.py:188} INFO - Created bucket: gold-air-quality
[2026-09-03T22:00:04.075+0000] {logging_mixin.py:188} INFO - ✓ new york: AQI=18
[2026-09-03T22:00:05.729+0000] {logging_mixin.py:188} INFO - ✓ london: AQI=21
[2026-09-03T22:00:06.872+0000] {logging_mixin.py:188} INFO - ✓ beijing: AQI=63
[2026-09-03T22:00:07.954+0000] {logging_mixin.py:188} INFO - ✓ delhi: AQI=23
[2026-09-03T22:00:09.268+0000] {logging_mixin.py:188} INFO - ✓ sydney: AQI=48
[2026-09-03T22:00:09.293+0000] {logging_mixin.py:188} INFO - Saved → s3://bronze-air-quality/year=2026/month=09/day=03/city=new_york/220002.json
[2026-09-03T22:00:09.330+0000] {logging_mixin.py:188} INFO - Saved → s3://bronze-air-quality/year=2026/month=09/day=03/city=london/220002.json
[2026-09-03T22:00:09.338+0000] {logging_mixin.py:188} INFO - Saved → s3://bronze-air-quality/year=2026/month=09/day=03/city=beijing/220002.json
[2026-09-03T22:00:09.376+0000] {logging_mixin.py:188} INFO - Saved → s3://bronze-air-quality/year=2026/month=09/day=03/city=delhi/220002.json
[2026-09-03T22:00:09.391+0000] {logging_mixin.py:188} INFO - Saved → s3://bronze-air-quality/year=2026/month=09/day=03/city=sydney/220002.json
[2026-09-03T22:00:09.392+0000] {logging_mixin.py:188} INFO - 
Total records ingested: 5
[2026-09-03T22:00:09.393+0000] {python.py:201} INFO - Done. Returned value was: None
[2026-09-03T22:00:09.402+0000] {taskinstance.py:1138} INFO - Marking task as SUCCESS. dag_id=air_quality_ingestion, task_id=ingest_to_bronze, execution_date=20260903T210000, start_date=20260903T220002, end_date=20260903T220009
[2026-09-03T22:00:09.419+0000] {local_task_job_runner.py:234} INFO - Task exited with return code 0
[2026-09-03T22:00:09.432+0000] {taskinstance.py:3280} INFO - 0 downstream tasks scheduled from follow-on schedule check
