[2026-09-09T15:00:01.391+0000] {taskinstance.py:1956} INFO - Dependencies all met for dep_context=non-requeueable deps ti=<TaskInstance: air_quality_ingestion.ingest_to_bronze scheduled__2026-09-09T14:00:00+00:00 [queued]>
[2026-09-09T15:00:01.398+0000] {taskinstance.py:1956} INFO - Dependencies all met for dep_context=requeueable deps ti=<TaskInstance: air_quality_ingestion.ingest_to_bronze scheduled__2026-09-09T14:00:00+00:00 [queued]>
[2026-09-09T15:00:01.398+0000] {taskinstance.py:2170} INFO - Starting attempt 1 of 4
[2026-09-09T15:00:01.414+0000] {taskinstance.py:2191} INFO - Executing <Task(PythonOperator): ingest_to_bronze> on 2026-09-09 14:00:00+00:00
[2026-09-09T15:00:01.418+0000] {standard_task_runner.py:60} INFO - Started process 5420 to run task
[2026-09-09T15:00:01.421+0000] {standard_task_runner.py:87} INFO - Running: ['***', 'tasks', 'run', 'air_quality_ingestion', 'ingest_to_bronze', 'scheduled__2026-09-09T14:00:00+00:00', '--job-id', '745', '--raw', '--subdir', 'DAGS_FOLDER/ingestion_dag.py', '--cfg-path', '/tmp/tmpkz6bc1xo']
[2026-09-09T15:00:01.425+0000] {standard_task_runner.py:88} INFO - Job 745: Subtask ingest_to_bronze
[2026-09-09T15:00:01.496+0000] {task_command.py:423} INFO - Running <TaskInstance: air_quality_ingestion.ingest_to_bronze scheduled__2026-09-09T14:00:00+00:00 [running]> on host 6a0525c4c718
[2026-09-09T15:00:01.582+0000] {taskinstance.py:2480} INFO - Exporting env vars: AIRFLOW_CTX_DAG_OWNER='***' AIRFLOW_CTX_DAG_ID='air_quality_ingestion' AIRFLOW_CTX_TASK_ID='ingest_to_bronze' AIRFLOW_CTX_EXECUTION_DATE='2026-09-09T14:00:00+00:00' AIRFLOW_CTX_TRY_NUMBER='1' AIRFLOW_CTX_DAG_RUN_ID='scheduled__2026-09-09T14:00:00+00:00'
[2026-09-09T15:00:01.762+0000] {logging_mixin.py:188} INFO - Created bucket: bronze-air-quality
[2026-09-09T15:00:01.769+0000] {logging_mixin.py:188} INFO - Created bucket: silver-air-quality
[2026-09-09T15:00:01.776+0000] {logging_mixin.py:188} INFO - Created bucket: gold-air-quality
[2026-09-09T15:00:02.668+0000] {logging_mixin.py:188} INFO - ✓ new york: AQI=36
[2026-09-09T15:00:03.379+0000] {logging_mixin.py:188} INFO - ✓ london: AQI=21
[2026-09-09T15:00:04.109+0000] {logging_mixin.py:188} INFO - ✓ beijing: AQI=30
[2026-09-09T15:00:04.854+0000] {logging_mixin.py:188} INFO - ✓ delhi: AQI=84
[2026-09-09T15:00:05.673+0000] {logging_mixin.py:188} INFO - ✓ sydney: AQI=23
[2026-09-09T15:00:05.697+0000] {logging_mixin.py:188} INFO - Saved → s3://bronze-air-quality/year=2026/month=09/day=09/city=new_york/150001.json
[2026-09-09T15:00:05.706+0000] {logging_mixin.py:188} INFO - Saved → s3://bronze-air-quality/year=2026/month=09/day=09/city=london/150001.json
[2026-09-09T15:00:05.715+0000] {logging_mixin.py:188} INFO - Saved → s3://bronze-air-quality/year=2026/month=09/day=09/city=beijing/150001.json
[2026-09-09T15:00:05.724+0000] {logging_mixin.py:188} INFO - Saved → s3://bronze-air-quality/year=2026/month=09/day=09/city=delhi/150001.json
[2026-09-09T15:00:05.733+0000] {logging_mixin.py:188} INFO - Saved → s3://bronze-air-quality/year=2026/month=09/day=09/city=sydney/150001.json
[2026-09-09T15:00:05.734+0000] {logging_mixin.py:188} INFO - 
Total records ingested: 5
[2026-09-09T15:00:05.735+0000] {python.py:201} INFO - Done. Returned value was: None
[2026-09-09T15:00:05.742+0000] {taskinstance.py:1138} INFO - Marking task as SUCCESS. dag_id=air_quality_ingestion, task_id=ingest_to_bronze, execution_date=20260909T140000, start_date=20260909T150001, end_date=20260909T150005
[2026-09-09T15:00:05.780+0000] {local_task_job_runner.py:234} INFO - Task exited with return code 0
[2026-09-09T15:00:05.795+0000] {taskinstance.py:3280} INFO - 0 downstream tasks scheduled from follow-on schedule check
