[2026-08-17T04:00:00.971+0000] {taskinstance.py:1956} INFO - Dependencies all met for dep_context=non-requeueable deps ti=<TaskInstance: air_quality_ingestion.ingest_to_bronze scheduled__2026-08-17T03:00:00+00:00 [queued]>
[2026-08-17T04:00:00.981+0000] {taskinstance.py:1956} INFO - Dependencies all met for dep_context=requeueable deps ti=<TaskInstance: air_quality_ingestion.ingest_to_bronze scheduled__2026-08-17T03:00:00+00:00 [queued]>
[2026-08-17T04:00:00.981+0000] {taskinstance.py:2170} INFO - Starting attempt 1 of 4
[2026-08-17T04:00:00.998+0000] {taskinstance.py:2191} INFO - Executing <Task(PythonOperator): ingest_to_bronze> on 2026-08-17 03:00:00+00:00
[2026-08-17T04:00:01.007+0000] {standard_task_runner.py:60} INFO - Started process 59787 to run task
[2026-08-17T04:00:01.010+0000] {standard_task_runner.py:87} INFO - Running: ['***', 'tasks', 'run', 'air_quality_ingestion', 'ingest_to_bronze', 'scheduled__2026-08-17T03:00:00+00:00', '--job-id', '353', '--raw', '--subdir', 'DAGS_FOLDER/ingestion_dag.py', '--cfg-path', '/tmp/tmpg8hzuju8']
[2026-08-17T04:00:01.012+0000] {standard_task_runner.py:88} INFO - Job 353: Subtask ingest_to_bronze
[2026-08-17T04:00:01.095+0000] {task_command.py:423} INFO - Running <TaskInstance: air_quality_ingestion.ingest_to_bronze scheduled__2026-08-17T03:00:00+00:00 [running]> on host 6a0525c4c718
[2026-08-17T04:00:01.194+0000] {taskinstance.py:2480} INFO - Exporting env vars: AIRFLOW_CTX_DAG_OWNER='***' AIRFLOW_CTX_DAG_ID='air_quality_ingestion' AIRFLOW_CTX_TASK_ID='ingest_to_bronze' AIRFLOW_CTX_EXECUTION_DATE='2026-08-17T03:00:00+00:00' AIRFLOW_CTX_TRY_NUMBER='1' AIRFLOW_CTX_DAG_RUN_ID='scheduled__2026-08-17T03:00:00+00:00'
[2026-08-17T04:00:01.360+0000] {logging_mixin.py:188} INFO - Created bucket: bronze-air-quality
[2026-08-17T04:00:01.368+0000] {logging_mixin.py:188} INFO - Created bucket: silver-air-quality
[2026-08-17T04:00:01.377+0000] {logging_mixin.py:188} INFO - Created bucket: gold-air-quality
[2026-08-17T04:00:02.688+0000] {logging_mixin.py:188} INFO - ✓ new york: AQI=31
[2026-08-17T04:00:03.874+0000] {logging_mixin.py:188} INFO - ✓ london: AQI=38
[2026-08-17T04:00:04.680+0000] {logging_mixin.py:188} INFO - ✓ beijing: AQI=29
[2026-08-17T04:00:05.501+0000] {logging_mixin.py:188} INFO - ✓ delhi: AQI=64
[2026-08-17T04:00:06.337+0000] {logging_mixin.py:188} INFO - ✓ sydney: AQI=14
[2026-08-17T04:00:06.355+0000] {logging_mixin.py:188} INFO - Saved → s3://bronze-air-quality/year=2026/month=08/day=17/city=new_york/040001.json
[2026-08-17T04:00:06.370+0000] {logging_mixin.py:188} INFO - Saved → s3://bronze-air-quality/year=2026/month=08/day=17/city=london/040001.json
[2026-08-17T04:00:06.386+0000] {logging_mixin.py:188} INFO - Saved → s3://bronze-air-quality/year=2026/month=08/day=17/city=beijing/040001.json
[2026-08-17T04:00:06.399+0000] {logging_mixin.py:188} INFO - Saved → s3://bronze-air-quality/year=2026/month=08/day=17/city=delhi/040001.json
[2026-08-17T04:00:06.421+0000] {logging_mixin.py:188} INFO - Saved → s3://bronze-air-quality/year=2026/month=08/day=17/city=sydney/040001.json
[2026-08-17T04:00:06.422+0000] {logging_mixin.py:188} INFO - 
Total records ingested: 5
[2026-08-17T04:00:06.424+0000] {python.py:201} INFO - Done. Returned value was: None
[2026-08-17T04:00:06.444+0000] {taskinstance.py:1138} INFO - Marking task as SUCCESS. dag_id=air_quality_ingestion, task_id=ingest_to_bronze, execution_date=20260817T030000, start_date=20260817T040000, end_date=20260817T040006
[2026-08-17T04:00:06.514+0000] {local_task_job_runner.py:234} INFO - Task exited with return code 0
[2026-08-17T04:00:06.541+0000] {taskinstance.py:3280} INFO - 0 downstream tasks scheduled from follow-on schedule check
