[2026-08-14T02:38:31.407+0000] {taskinstance.py:1956} INFO - Dependencies all met for dep_context=non-requeueable deps ti=<TaskInstance: air_quality_ingestion.ingest_to_bronze scheduled__2026-08-14T00:00:00+00:00 [queued]>
[2026-08-14T02:38:31.422+0000] {taskinstance.py:1956} INFO - Dependencies all met for dep_context=requeueable deps ti=<TaskInstance: air_quality_ingestion.ingest_to_bronze scheduled__2026-08-14T00:00:00+00:00 [queued]>
[2026-08-14T02:38:31.423+0000] {taskinstance.py:2170} INFO - Starting attempt 1 of 4
[2026-08-14T02:38:31.462+0000] {taskinstance.py:2191} INFO - Executing <Task(PythonOperator): ingest_to_bronze> on 2026-08-14 00:00:00+00:00
[2026-08-14T02:38:31.489+0000] {standard_task_runner.py:60} INFO - Started process 48986 to run task
[2026-08-14T02:38:31.498+0000] {standard_task_runner.py:87} INFO - Running: ['***', 'tasks', 'run', 'air_quality_ingestion', 'ingest_to_bronze', 'scheduled__2026-08-14T00:00:00+00:00', '--job-id', '296', '--raw', '--subdir', 'DAGS_FOLDER/ingestion_dag.py', '--cfg-path', '/tmp/tmpiwfliamq']
[2026-08-14T02:38:31.503+0000] {standard_task_runner.py:88} INFO - Job 296: Subtask ingest_to_bronze
[2026-08-14T02:38:31.644+0000] {task_command.py:423} INFO - Running <TaskInstance: air_quality_ingestion.ingest_to_bronze scheduled__2026-08-14T00:00:00+00:00 [running]> on host 6a0525c4c718
[2026-08-14T02:38:31.808+0000] {taskinstance.py:2480} INFO - Exporting env vars: AIRFLOW_CTX_DAG_OWNER='***' AIRFLOW_CTX_DAG_ID='air_quality_ingestion' AIRFLOW_CTX_TASK_ID='ingest_to_bronze' AIRFLOW_CTX_EXECUTION_DATE='2026-08-14T00:00:00+00:00' AIRFLOW_CTX_TRY_NUMBER='1' AIRFLOW_CTX_DAG_RUN_ID='scheduled__2026-08-14T00:00:00+00:00'
[2026-08-14T02:38:32.400+0000] {logging_mixin.py:188} INFO - Created bucket: bronze-air-quality
[2026-08-14T02:38:32.419+0000] {logging_mixin.py:188} INFO - Created bucket: silver-air-quality
[2026-08-14T02:38:32.437+0000] {logging_mixin.py:188} INFO - Created bucket: gold-air-quality
[2026-08-14T02:38:33.335+0000] {logging_mixin.py:188} INFO - ✓ new york: AQI=58
[2026-08-14T02:38:34.096+0000] {logging_mixin.py:188} INFO - ✓ london: AQI=53
[2026-08-14T02:38:34.888+0000] {logging_mixin.py:188} INFO - ✓ beijing: AQI=34
[2026-08-14T02:38:35.660+0000] {logging_mixin.py:188} INFO - ✓ delhi: AQI=61
[2026-08-14T02:38:36.468+0000] {logging_mixin.py:188} INFO - ✓ sydney: AQI=32
[2026-08-14T02:38:36.496+0000] {logging_mixin.py:188} INFO - Saved → s3://bronze-air-quality/year=2026/month=08/day=14/city=new_york/023832.json
[2026-08-14T02:38:36.520+0000] {logging_mixin.py:188} INFO - Saved → s3://bronze-air-quality/year=2026/month=08/day=14/city=london/023832.json
[2026-08-14T02:38:36.535+0000] {logging_mixin.py:188} INFO - Saved → s3://bronze-air-quality/year=2026/month=08/day=14/city=beijing/023832.json
[2026-08-14T02:38:36.550+0000] {logging_mixin.py:188} INFO - Saved → s3://bronze-air-quality/year=2026/month=08/day=14/city=delhi/023832.json
[2026-08-14T02:38:36.567+0000] {logging_mixin.py:188} INFO - Saved → s3://bronze-air-quality/year=2026/month=08/day=14/city=sydney/023832.json
[2026-08-14T02:38:36.568+0000] {logging_mixin.py:188} INFO - 
Total records ingested: 5
[2026-08-14T02:38:36.572+0000] {python.py:201} INFO - Done. Returned value was: None
[2026-08-14T02:38:36.601+0000] {taskinstance.py:1138} INFO - Marking task as SUCCESS. dag_id=air_quality_ingestion, task_id=ingest_to_bronze, execution_date=20260814T000000, start_date=20260814T023831, end_date=20260814T023836
[2026-08-14T02:38:36.671+0000] {local_task_job_runner.py:234} INFO - Task exited with return code 0
[2026-08-14T02:38:36.704+0000] {taskinstance.py:3280} INFO - 0 downstream tasks scheduled from follow-on schedule check
