[2026-08-07T17:00:00.634+0000] {taskinstance.py:1956} INFO - Dependencies all met for dep_context=non-requeueable deps ti=<TaskInstance: air_quality_ingestion.ingest_to_bronze scheduled__2026-08-07T16:00:00+00:00 [queued]>
[2026-08-07T17:00:00.641+0000] {taskinstance.py:1956} INFO - Dependencies all met for dep_context=requeueable deps ti=<TaskInstance: air_quality_ingestion.ingest_to_bronze scheduled__2026-08-07T16:00:00+00:00 [queued]>
[2026-08-07T17:00:00.642+0000] {taskinstance.py:2170} INFO - Starting attempt 1 of 4
[2026-08-07T17:00:00.653+0000] {taskinstance.py:2191} INFO - Executing <Task(PythonOperator): ingest_to_bronze> on 2026-08-07 16:00:00+00:00
[2026-08-07T17:00:00.657+0000] {standard_task_runner.py:60} INFO - Started process 13788 to run task
[2026-08-07T17:00:00.660+0000] {standard_task_runner.py:87} INFO - Running: ['***', 'tasks', 'run', 'air_quality_ingestion', 'ingest_to_bronze', 'scheduled__2026-08-07T16:00:00+00:00', '--job-id', '121', '--raw', '--subdir', 'DAGS_FOLDER/ingestion_dag.py', '--cfg-path', '/tmp/tmp1xp5nkcm']
[2026-08-07T17:00:00.663+0000] {standard_task_runner.py:88} INFO - Job 121: Subtask ingest_to_bronze
[2026-08-07T17:00:00.734+0000] {task_command.py:423} INFO - Running <TaskInstance: air_quality_ingestion.ingest_to_bronze scheduled__2026-08-07T16:00:00+00:00 [running]> on host 6a0525c4c718
[2026-08-07T17:00:00.807+0000] {taskinstance.py:2480} INFO - Exporting env vars: AIRFLOW_CTX_DAG_OWNER='***' AIRFLOW_CTX_DAG_ID='air_quality_ingestion' AIRFLOW_CTX_TASK_ID='ingest_to_bronze' AIRFLOW_CTX_EXECUTION_DATE='2026-08-07T16:00:00+00:00' AIRFLOW_CTX_TRY_NUMBER='1' AIRFLOW_CTX_DAG_RUN_ID='scheduled__2026-08-07T16:00:00+00:00'
[2026-08-07T17:00:00.953+0000] {logging_mixin.py:188} INFO - Created bucket: bronze-air-quality
[2026-08-07T17:00:00.973+0000] {logging_mixin.py:188} INFO - Created bucket: silver-air-quality
[2026-08-07T17:00:01.026+0000] {logging_mixin.py:188} INFO - Created bucket: gold-air-quality
[2026-08-07T17:00:01.987+0000] {logging_mixin.py:188} INFO - ✓ new york: AQI=46
[2026-08-07T17:00:04.170+0000] {logging_mixin.py:188} INFO - ✓ london: AQI=31
[2026-08-07T17:00:05.446+0000] {logging_mixin.py:188} INFO - ✓ beijing: AQI=55
[2026-08-07T17:00:06.182+0000] {logging_mixin.py:188} INFO - ✓ delhi: AQI=55
[2026-08-07T17:00:07.942+0000] {logging_mixin.py:188} INFO - ✓ sydney: AQI=51
[2026-08-07T17:00:07.960+0000] {logging_mixin.py:188} INFO - Saved → s3://bronze-air-quality/year=2026/month=08/day=07/city=new_york/170001.json
[2026-08-07T17:00:07.966+0000] {logging_mixin.py:188} INFO - Saved → s3://bronze-air-quality/year=2026/month=08/day=07/city=london/170001.json
[2026-08-07T17:00:07.974+0000] {logging_mixin.py:188} INFO - Saved → s3://bronze-air-quality/year=2026/month=08/day=07/city=beijing/170001.json
[2026-08-07T17:00:07.981+0000] {logging_mixin.py:188} INFO - Saved → s3://bronze-air-quality/year=2026/month=08/day=07/city=delhi/170001.json
[2026-08-07T17:00:07.988+0000] {logging_mixin.py:188} INFO - Saved → s3://bronze-air-quality/year=2026/month=08/day=07/city=sydney/170001.json
[2026-08-07T17:00:07.988+0000] {logging_mixin.py:188} INFO - 
Total records ingested: 5
[2026-08-07T17:00:07.989+0000] {python.py:201} INFO - Done. Returned value was: None
[2026-08-07T17:00:07.996+0000] {taskinstance.py:1138} INFO - Marking task as SUCCESS. dag_id=air_quality_ingestion, task_id=ingest_to_bronze, execution_date=20260807T160000, start_date=20260807T170000, end_date=20260807T170007
[2026-08-07T17:00:08.010+0000] {local_task_job_runner.py:234} INFO - Task exited with return code 0
[2026-08-07T17:00:08.022+0000] {taskinstance.py:3280} INFO - 0 downstream tasks scheduled from follow-on schedule check
