[2026-08-27T21:05:03.386+0000] {taskinstance.py:1956} INFO - Dependencies all met for dep_context=non-requeueable deps ti=<TaskInstance: air_quality_pipeline.wait_for_ingestion scheduled__2026-08-27T20:05:00+00:00 [queued]>
[2026-08-27T21:05:03.397+0000] {taskinstance.py:1956} INFO - Dependencies all met for dep_context=requeueable deps ti=<TaskInstance: air_quality_pipeline.wait_for_ingestion scheduled__2026-08-27T20:05:00+00:00 [queued]>
[2026-08-27T21:05:03.398+0000] {taskinstance.py:2170} INFO - Starting attempt 1 of 3
[2026-08-27T21:05:03.418+0000] {taskinstance.py:2191} INFO - Executing <Task(ExternalTaskSensor): wait_for_ingestion> on 2026-08-27 20:05:00+00:00
[2026-08-27T21:05:03.438+0000] {standard_task_runner.py:60} INFO - Started process 9699 to run task
[2026-08-27T21:05:03.445+0000] {standard_task_runner.py:87} INFO - Running: ['***', 'tasks', 'run', 'air_quality_pipeline', 'wait_for_ingestion', 'scheduled__2026-08-27T20:05:00+00:00', '--job-id', '410', '--raw', '--subdir', 'DAGS_FOLDER/spark_pipeline_dag.py', '--cfg-path', '/tmp/tmpuj5keuly']
[2026-08-27T21:05:03.453+0000] {standard_task_runner.py:88} INFO - Job 410: Subtask wait_for_ingestion
[2026-08-27T21:05:03.563+0000] {task_command.py:423} INFO - Running <TaskInstance: air_quality_pipeline.wait_for_ingestion scheduled__2026-08-27T20:05:00+00:00 [running]> on host 6a0525c4c718
[2026-08-27T21:05:03.680+0000] {taskinstance.py:2480} INFO - Exporting env vars: AIRFLOW_CTX_DAG_OWNER='***' AIRFLOW_CTX_DAG_ID='air_quality_pipeline' AIRFLOW_CTX_TASK_ID='wait_for_ingestion' AIRFLOW_CTX_EXECUTION_DATE='2026-08-27T20:05:00+00:00' AIRFLOW_CTX_TRY_NUMBER='1' AIRFLOW_CTX_DAG_RUN_ID='scheduled__2026-08-27T20:05:00+00:00'
[2026-08-27T21:05:03.681+0000] {external_task.py:244} INFO - Poking for tasks ['ingest_to_bronze'] in dag air_quality_ingestion on 2026-08-27T20:05:00+00:00 ... 
[2026-08-27T21:29:35.795+0000] {external_task.py:244} INFO - Poking for tasks ['ingest_to_bronze'] in dag air_quality_ingestion on 2026-08-27T20:05:00+00:00 ... 
[2026-08-27T21:30:05.813+0000] {external_task.py:244} INFO - Poking for tasks ['ingest_to_bronze'] in dag air_quality_ingestion on 2026-08-27T20:05:00+00:00 ... 
[2026-08-27T21:30:35.839+0000] {external_task.py:244} INFO - Poking for tasks ['ingest_to_bronze'] in dag air_quality_ingestion on 2026-08-27T20:05:00+00:00 ... 
[2026-08-27T21:31:05.847+0000] {external_task.py:244} INFO - Poking for tasks ['ingest_to_bronze'] in dag air_quality_ingestion on 2026-08-27T20:05:00+00:00 ... 
[2026-08-27T21:31:35.866+0000] {external_task.py:244} INFO - Poking for tasks ['ingest_to_bronze'] in dag air_quality_ingestion on 2026-08-27T20:05:00+00:00 ... 
[2026-08-27T21:32:05.884+0000] {external_task.py:244} INFO - Poking for tasks ['ingest_to_bronze'] in dag air_quality_ingestion on 2026-08-27T20:05:00+00:00 ... 
[2026-08-27T21:32:35.899+0000] {external_task.py:244} INFO - Poking for tasks ['ingest_to_bronze'] in dag air_quality_ingestion on 2026-08-27T20:05:00+00:00 ... 
[2026-08-27T21:33:05.907+0000] {external_task.py:244} INFO - Poking for tasks ['ingest_to_bronze'] in dag air_quality_ingestion on 2026-08-27T20:05:00+00:00 ... 
[2026-08-27T21:33:35.919+0000] {external_task.py:244} INFO - Poking for tasks ['ingest_to_bronze'] in dag air_quality_ingestion on 2026-08-27T20:05:00+00:00 ... 
[2026-08-27T21:34:05.930+0000] {external_task.py:244} INFO - Poking for tasks ['ingest_to_bronze'] in dag air_quality_ingestion on 2026-08-27T20:05:00+00:00 ... 
[2026-08-27T21:34:05.939+0000] {taskinstance.py:2698} ERROR - Task failed with exception
Traceback (most recent call last):
  File "/home/airflow/.local/lib/python3.11/site-packages/airflow/models/taskinstance.py", line 433, in _execute_task
    result = execute_callable(context=context, **execute_callable_kwargs)
             ^^^^^^^^^^^^^^^^^^^^^^^^^^^^^^^^^^^^^^^^^^^^^^^^^^^^^^^^^^^^
  File "/home/airflow/.local/lib/python3.11/site-packages/airflow/sensors/external_task.py", line 334, in execute
    super().execute(context)
  File "/home/airflow/.local/lib/python3.11/site-packages/airflow/sensors/base.py", line 282, in execute
    raise AirflowSensorTimeout(message)
airflow.exceptions.AirflowSensorTimeout: Sensor has timed out; run duration of 300.1732501160004 seconds exceeds the specified timeout of 300.0.
[2026-08-27T21:34:05.958+0000] {taskinstance.py:1138} INFO - Immediate failure requested. Marking task as FAILED. dag_id=air_quality_pipeline, task_id=wait_for_ingestion, execution_date=20260827T200500, start_date=20260827T210503, end_date=20260827T213405
[2026-08-27T21:34:05.977+0000] {standard_task_runner.py:107} ERROR - Failed to execute job 410 for task wait_for_ingestion (Sensor has timed out; run duration of 300.1732501160004 seconds exceeds the specified timeout of 300.0.; 9699)
[2026-08-27T21:34:06.026+0000] {local_task_job_runner.py:234} INFO - Task exited with return code 1
[2026-08-27T21:34:06.053+0000] {taskinstance.py:3280} INFO - 0 downstream tasks scheduled from follow-on schedule check
