[2026-08-15T15:08:46.690+0000] {taskinstance.py:1956} INFO - Dependencies all met for dep_context=non-requeueable deps ti=<TaskInstance: air_quality_ingestion.ingest_to_bronze scheduled__2026-08-15T06:00:00+00:00 [queued]>
[2026-08-15T15:08:46.735+0000] {taskinstance.py:1956} INFO - Dependencies all met for dep_context=requeueable deps ti=<TaskInstance: air_quality_ingestion.ingest_to_bronze scheduled__2026-08-15T06:00:00+00:00 [queued]>
[2026-08-15T15:08:46.747+0000] {taskinstance.py:2170} INFO - Starting attempt 1 of 4
[2026-08-15T15:08:47.282+0000] {taskinstance.py:2191} INFO - Executing <Task(PythonOperator): ingest_to_bronze> on 2026-08-15 06:00:00+00:00
[2026-08-15T15:08:47.303+0000] {standard_task_runner.py:60} INFO - Started process 58961 to run task
[2026-08-15T15:08:47.308+0000] {standard_task_runner.py:87} INFO - Running: ['***', 'tasks', 'run', 'air_quality_ingestion', 'ingest_to_bronze', 'scheduled__2026-08-15T06:00:00+00:00', '--job-id', '343', '--raw', '--subdir', 'DAGS_FOLDER/ingestion_dag.py', '--cfg-path', '/tmp/tmpul3w_7_g']
[2026-08-15T15:08:47.320+0000] {standard_task_runner.py:88} INFO - Job 343: Subtask ingest_to_bronze
[2026-08-15T15:08:47.617+0000] {task_command.py:423} INFO - Running <TaskInstance: air_quality_ingestion.ingest_to_bronze scheduled__2026-08-15T06:00:00+00:00 [running]> on host 6a0525c4c718
[2026-08-15T15:08:47.996+0000] {taskinstance.py:2480} INFO - Exporting env vars: AIRFLOW_CTX_DAG_OWNER='***' AIRFLOW_CTX_DAG_ID='air_quality_ingestion' AIRFLOW_CTX_TASK_ID='ingest_to_bronze' AIRFLOW_CTX_EXECUTION_DATE='2026-08-15T06:00:00+00:00' AIRFLOW_CTX_TRY_NUMBER='1' AIRFLOW_CTX_DAG_RUN_ID='scheduled__2026-08-15T06:00:00+00:00'
[2026-08-15T15:08:48.714+0000] {logging_mixin.py:188} INFO - Created bucket: bronze-air-quality
[2026-08-15T15:08:48.736+0000] {logging_mixin.py:188} INFO - Created bucket: silver-air-quality
[2026-08-15T15:08:48.768+0000] {logging_mixin.py:188} INFO - Created bucket: gold-air-quality
[2026-08-15T15:08:50.304+0000] {logging_mixin.py:188} INFO - ✓ new york: AQI=20
[2026-08-15T15:08:51.216+0000] {logging_mixin.py:188} INFO - ✓ london: AQI=38
[2026-08-15T15:08:52.085+0000] {logging_mixin.py:188} INFO - ✓ beijing: AQI=72
[2026-08-15T15:08:53.135+0000] {logging_mixin.py:188} INFO - ✓ delhi: AQI=78
[2026-08-17T02:22:21.843+0000] {logging_mixin.py:188} INFO - ✗ sydney: HTTPSConnectionPool(host='api.waqi.info', port=443): Max retries exceeded with url: /feed/sydney/?token=2cc5f2fc84f739a6377a29001c83fd1911c54797 (Caused by NewConnectionError('<urllib3.connection.HTTPSConnection object at 0x7d6db68d0cd0>: Failed to establish a new connection: [Errno 101] Network is unreachable'))
[2026-08-17T02:22:28.451+0000] {logging_mixin.py:188} INFO - Saved → s3://bronze-air-quality/year=2026/month=08/day=15/city=new_york/150848.json
[2026-08-17T02:22:29.531+0000] {logging_mixin.py:188} INFO - Saved → s3://bronze-air-quality/year=2026/month=08/day=15/city=london/150848.json
[2026-08-17T02:22:30.417+0000] {logging_mixin.py:188} INFO - Saved → s3://bronze-air-quality/year=2026/month=08/day=15/city=beijing/150848.json
[2026-08-17T02:22:31.377+0000] {logging_mixin.py:188} INFO - Saved → s3://bronze-air-quality/year=2026/month=08/day=15/city=delhi/150848.json
[2026-08-17T02:22:31.480+0000] {logging_mixin.py:188} INFO - 
Total records ingested: 4
[2026-08-17T02:22:31.508+0000] {python.py:201} INFO - Done. Returned value was: None
[2026-08-17T02:22:31.590+0000] {taskinstance.py:1138} INFO - Marking task as SUCCESS. dag_id=air_quality_ingestion, task_id=ingest_to_bronze, execution_date=20260815T060000, start_date=20260815T150846, end_date=20260817T022231
[2026-08-17T02:22:32.631+0000] {local_task_job_runner.py:234} INFO - Task exited with return code 0
[2026-08-17T02:22:33.531+0000] {taskinstance.py:3280} INFO - 0 downstream tasks scheduled from follow-on schedule check
