[2026-08-14T00:05:01.589+0000] {taskinstance.py:1956} INFO - Dependencies all met for dep_context=non-requeueable deps ti=<TaskInstance: air_quality_pipeline.wait_for_ingestion scheduled__2026-08-13T23:05:00+00:00 [queued]>
[2026-08-14T00:05:01.605+0000] {taskinstance.py:1956} INFO - Dependencies all met for dep_context=requeueable deps ti=<TaskInstance: air_quality_pipeline.wait_for_ingestion scheduled__2026-08-13T23:05:00+00:00 [queued]>
[2026-08-14T00:05:01.606+0000] {taskinstance.py:2170} INFO - Starting attempt 1 of 3
[2026-08-14T00:05:01.634+0000] {taskinstance.py:2191} INFO - Executing <Task(ExternalTaskSensor): wait_for_ingestion> on 2026-08-13 23:05:00+00:00
[2026-08-14T00:05:01.650+0000] {standard_task_runner.py:60} INFO - Started process 48234 to run task
[2026-08-14T00:05:01.656+0000] {standard_task_runner.py:87} INFO - Running: ['***', 'tasks', 'run', 'air_quality_pipeline', 'wait_for_ingestion', 'scheduled__2026-08-13T23:05:00+00:00', '--job-id', '292', '--raw', '--subdir', 'DAGS_FOLDER/spark_pipeline_dag.py', '--cfg-path', '/tmp/tmp2drgqn0q']
[2026-08-14T00:05:01.664+0000] {standard_task_runner.py:88} INFO - Job 292: Subtask wait_for_ingestion
[2026-08-14T00:05:01.814+0000] {task_command.py:423} INFO - Running <TaskInstance: air_quality_pipeline.wait_for_ingestion scheduled__2026-08-13T23:05:00+00:00 [running]> on host 6a0525c4c718
[2026-08-14T00:05:02.016+0000] {taskinstance.py:2480} INFO - Exporting env vars: AIRFLOW_CTX_DAG_OWNER='***' AIRFLOW_CTX_DAG_ID='air_quality_pipeline' AIRFLOW_CTX_TASK_ID='wait_for_ingestion' AIRFLOW_CTX_EXECUTION_DATE='2026-08-13T23:05:00+00:00' AIRFLOW_CTX_TRY_NUMBER='1' AIRFLOW_CTX_DAG_RUN_ID='scheduled__2026-08-13T23:05:00+00:00'
[2026-08-14T00:05:02.021+0000] {external_task.py:244} INFO - Poking for tasks ['ingest_to_bronze'] in dag air_quality_ingestion on 2026-08-13T23:05:00+00:00 ... 
[2026-08-14T00:05:32.050+0000] {external_task.py:244} INFO - Poking for tasks ['ingest_to_bronze'] in dag air_quality_ingestion on 2026-08-13T23:05:00+00:00 ... 
[2026-08-14T00:06:02.073+0000] {external_task.py:244} INFO - Poking for tasks ['ingest_to_bronze'] in dag air_quality_ingestion on 2026-08-13T23:05:00+00:00 ... 
[2026-08-14T00:06:32.086+0000] {external_task.py:244} INFO - Poking for tasks ['ingest_to_bronze'] in dag air_quality_ingestion on 2026-08-13T23:05:00+00:00 ... 
[2026-08-14T00:07:02.097+0000] {external_task.py:244} INFO - Poking for tasks ['ingest_to_bronze'] in dag air_quality_ingestion on 2026-08-13T23:05:00+00:00 ... 
[2026-08-14T00:07:32.108+0000] {external_task.py:244} INFO - Poking for tasks ['ingest_to_bronze'] in dag air_quality_ingestion on 2026-08-13T23:05:00+00:00 ... 
[2026-08-14T00:08:02.122+0000] {external_task.py:244} INFO - Poking for tasks ['ingest_to_bronze'] in dag air_quality_ingestion on 2026-08-13T23:05:00+00:00 ... 
[2026-08-14T00:08:32.132+0000] {external_task.py:244} INFO - Poking for tasks ['ingest_to_bronze'] in dag air_quality_ingestion on 2026-08-13T23:05:00+00:00 ... 
[2026-08-14T00:09:02.139+0000] {external_task.py:244} INFO - Poking for tasks ['ingest_to_bronze'] in dag air_quality_ingestion on 2026-08-13T23:05:00+00:00 ... 
[2026-08-14T00:09:32.165+0000] {external_task.py:244} INFO - Poking for tasks ['ingest_to_bronze'] in dag air_quality_ingestion on 2026-08-13T23:05:00+00:00 ... 
[2026-08-14T00:10:02.178+0000] {external_task.py:244} INFO - Poking for tasks ['ingest_to_bronze'] in dag air_quality_ingestion on 2026-08-13T23:05:00+00:00 ... 
[2026-08-14T00:10:02.197+0000] {taskinstance.py:2698} ERROR - Task failed with exception
Traceback (most recent call last):
  File "/home/airflow/.local/lib/python3.11/site-packages/airflow/models/taskinstance.py", line 433, in _execute_task
    result = execute_callable(context=context, **execute_callable_kwargs)
             ^^^^^^^^^^^^^^^^^^^^^^^^^^^^^^^^^^^^^^^^^^^^^^^^^^^^^^^^^^^^
  File "/home/airflow/.local/lib/python3.11/site-packages/airflow/sensors/external_task.py", line 334, in execute
    super().execute(context)
  File "/home/airflow/.local/lib/python3.11/site-packages/airflow/sensors/base.py", line 282, in execute
    raise AirflowSensorTimeout(message)
airflow.exceptions.AirflowSensorTimeout: Sensor has timed out; run duration of 300.2115749020013 seconds exceeds the specified timeout of 300.0.
[2026-08-14T00:10:02.209+0000] {taskinstance.py:1138} INFO - Immediate failure requested. Marking task as FAILED. dag_id=air_quality_pipeline, task_id=wait_for_ingestion, execution_date=20260813T230500, start_date=20260814T000501, end_date=20260814T001002
[2026-08-14T00:10:02.229+0000] {standard_task_runner.py:107} ERROR - Failed to execute job 292 for task wait_for_ingestion (Sensor has timed out; run duration of 300.2115749020013 seconds exceeds the specified timeout of 300.0.; 48234)
[2026-08-14T00:10:02.252+0000] {local_task_job_runner.py:234} INFO - Task exited with return code 1
[2026-08-14T00:10:02.282+0000] {taskinstance.py:3280} INFO - 0 downstream tasks scheduled from follow-on schedule check
