[2026-08-13T00:00:00.580+0000] {taskinstance.py:1956} INFO - Dependencies all met for dep_context=non-requeueable deps ti=<TaskInstance: air_quality_ingestion.ingest_to_bronze scheduled__2026-08-12T23:00:00+00:00 [queued]>
[2026-08-13T00:00:00.585+0000] {taskinstance.py:1956} INFO - Dependencies all met for dep_context=requeueable deps ti=<TaskInstance: air_quality_ingestion.ingest_to_bronze scheduled__2026-08-12T23:00:00+00:00 [queued]>
[2026-08-13T00:00:00.586+0000] {taskinstance.py:2170} INFO - Starting attempt 1 of 4
[2026-08-13T00:00:00.596+0000] {taskinstance.py:2191} INFO - Executing <Task(PythonOperator): ingest_to_bronze> on 2026-08-12 23:00:00+00:00
[2026-08-13T00:00:00.601+0000] {standard_task_runner.py:60} INFO - Started process 43372 to run task
[2026-08-13T00:00:00.604+0000] {standard_task_runner.py:87} INFO - Running: ['***', 'tasks', 'run', 'air_quality_ingestion', 'ingest_to_bronze', 'scheduled__2026-08-12T23:00:00+00:00', '--job-id', '267', '--raw', '--subdir', 'DAGS_FOLDER/ingestion_dag.py', '--cfg-path', '/tmp/tmpxita83oe']
[2026-08-13T00:00:00.606+0000] {standard_task_runner.py:88} INFO - Job 267: Subtask ingest_to_bronze
[2026-08-13T00:00:00.669+0000] {task_command.py:423} INFO - Running <TaskInstance: air_quality_ingestion.ingest_to_bronze scheduled__2026-08-12T23:00:00+00:00 [running]> on host 6a0525c4c718
[2026-08-13T00:00:00.773+0000] {taskinstance.py:2480} INFO - Exporting env vars: AIRFLOW_CTX_DAG_OWNER='***' AIRFLOW_CTX_DAG_ID='air_quality_ingestion' AIRFLOW_CTX_TASK_ID='ingest_to_bronze' AIRFLOW_CTX_EXECUTION_DATE='2026-08-12T23:00:00+00:00' AIRFLOW_CTX_TRY_NUMBER='1' AIRFLOW_CTX_DAG_RUN_ID='scheduled__2026-08-12T23:00:00+00:00'
[2026-08-13T00:00:00.923+0000] {logging_mixin.py:188} INFO - Created bucket: bronze-air-quality
[2026-08-13T00:00:00.930+0000] {logging_mixin.py:188} INFO - Created bucket: silver-air-quality
[2026-08-13T00:00:00.935+0000] {logging_mixin.py:188} INFO - Created bucket: gold-air-quality
[2026-08-13T00:00:01.858+0000] {logging_mixin.py:188} INFO - ✓ new york: AQI=33
[2026-08-13T00:00:02.714+0000] {logging_mixin.py:188} INFO - ✓ london: AQI=65
[2026-08-13T00:00:03.723+0000] {logging_mixin.py:188} INFO - ✓ beijing: AQI=21
[2026-08-13T00:00:04.579+0000] {logging_mixin.py:188} INFO - ✓ delhi: AQI=64
[2026-08-13T00:00:05.388+0000] {logging_mixin.py:188} INFO - ✓ sydney: AQI=17
[2026-08-13T00:00:05.401+0000] {logging_mixin.py:188} INFO - Saved → s3://bronze-air-quality/year=2026/month=08/day=13/city=new_york/000000.json
[2026-08-13T00:00:05.416+0000] {logging_mixin.py:188} INFO - Saved → s3://bronze-air-quality/year=2026/month=08/day=13/city=london/000000.json
[2026-08-13T00:00:05.425+0000] {logging_mixin.py:188} INFO - Saved → s3://bronze-air-quality/year=2026/month=08/day=13/city=beijing/000000.json
[2026-08-13T00:00:05.440+0000] {logging_mixin.py:188} INFO - Saved → s3://bronze-air-quality/year=2026/month=08/day=13/city=delhi/000000.json
[2026-08-13T00:00:05.454+0000] {logging_mixin.py:188} INFO - Saved → s3://bronze-air-quality/year=2026/month=08/day=13/city=sydney/000000.json
[2026-08-13T00:00:05.456+0000] {logging_mixin.py:188} INFO - 
Total records ingested: 5
[2026-08-13T00:00:05.458+0000] {python.py:201} INFO - Done. Returned value was: None
[2026-08-13T00:00:05.503+0000] {taskinstance.py:1138} INFO - Marking task as SUCCESS. dag_id=air_quality_ingestion, task_id=ingest_to_bronze, execution_date=20260812T230000, start_date=20260813T000000, end_date=20260813T000005
[2026-08-13T00:00:05.536+0000] {local_task_job_runner.py:234} INFO - Task exited with return code 0
[2026-08-13T00:00:05.594+0000] {taskinstance.py:3280} INFO - 0 downstream tasks scheduled from follow-on schedule check
