[2026-08-13T17:00:01.653+0000] {taskinstance.py:1956} INFO - Dependencies all met for dep_context=non-requeueable deps ti=<TaskInstance: air_quality_ingestion.ingest_to_bronze scheduled__2026-08-13T16:00:00+00:00 [queued]>
[2026-08-13T17:00:01.678+0000] {taskinstance.py:1956} INFO - Dependencies all met for dep_context=requeueable deps ti=<TaskInstance: air_quality_ingestion.ingest_to_bronze scheduled__2026-08-13T16:00:00+00:00 [queued]>
[2026-08-13T17:00:01.679+0000] {taskinstance.py:2170} INFO - Starting attempt 1 of 4
[2026-08-13T17:00:01.723+0000] {taskinstance.py:2191} INFO - Executing <Task(PythonOperator): ingest_to_bronze> on 2026-08-13 16:00:00+00:00
[2026-08-13T17:00:01.767+0000] {standard_task_runner.py:60} INFO - Started process 45088 to run task
[2026-08-13T17:00:01.777+0000] {standard_task_runner.py:87} INFO - Running: ['***', 'tasks', 'run', 'air_quality_ingestion', 'ingest_to_bronze', 'scheduled__2026-08-13T16:00:00+00:00', '--job-id', '279', '--raw', '--subdir', 'DAGS_FOLDER/ingestion_dag.py', '--cfg-path', '/tmp/tmpsm2cxc59']
[2026-08-13T17:00:01.781+0000] {standard_task_runner.py:88} INFO - Job 279: Subtask ingest_to_bronze
[2026-08-13T17:00:01.913+0000] {task_command.py:423} INFO - Running <TaskInstance: air_quality_ingestion.ingest_to_bronze scheduled__2026-08-13T16:00:00+00:00 [running]> on host 6a0525c4c718
[2026-08-13T17:00:02.056+0000] {taskinstance.py:2480} INFO - Exporting env vars: AIRFLOW_CTX_DAG_OWNER='***' AIRFLOW_CTX_DAG_ID='air_quality_ingestion' AIRFLOW_CTX_TASK_ID='ingest_to_bronze' AIRFLOW_CTX_EXECUTION_DATE='2026-08-13T16:00:00+00:00' AIRFLOW_CTX_TRY_NUMBER='1' AIRFLOW_CTX_DAG_RUN_ID='scheduled__2026-08-13T16:00:00+00:00'
[2026-08-13T17:00:02.423+0000] {logging_mixin.py:188} INFO - Created bucket: bronze-air-quality
[2026-08-13T17:00:02.432+0000] {logging_mixin.py:188} INFO - Created bucket: silver-air-quality
[2026-08-13T17:00:02.441+0000] {logging_mixin.py:188} INFO - Created bucket: gold-air-quality
[2026-08-13T17:00:03.633+0000] {logging_mixin.py:188} INFO - ✓ new york: AQI=58
[2026-08-13T17:00:04.420+0000] {logging_mixin.py:188} INFO - ✓ london: AQI=57
[2026-08-13T17:00:05.299+0000] {logging_mixin.py:188} INFO - ✓ beijing: AQI=46
[2026-08-13T17:00:06.136+0000] {logging_mixin.py:188} INFO - ✓ delhi: AQI=99
[2026-08-13T17:00:07.785+0000] {logging_mixin.py:188} INFO - ✓ sydney: AQI=22
[2026-08-13T17:00:07.830+0000] {logging_mixin.py:188} INFO - Saved → s3://bronze-air-quality/year=2026/month=08/day=13/city=new_york/170002.json
[2026-08-13T17:00:07.844+0000] {logging_mixin.py:188} INFO - Saved → s3://bronze-air-quality/year=2026/month=08/day=13/city=london/170002.json
[2026-08-13T17:00:07.858+0000] {logging_mixin.py:188} INFO - Saved → s3://bronze-air-quality/year=2026/month=08/day=13/city=beijing/170002.json
[2026-08-13T17:00:07.880+0000] {logging_mixin.py:188} INFO - Saved → s3://bronze-air-quality/year=2026/month=08/day=13/city=delhi/170002.json
[2026-08-13T17:00:07.897+0000] {logging_mixin.py:188} INFO - Saved → s3://bronze-air-quality/year=2026/month=08/day=13/city=sydney/170002.json
[2026-08-13T17:00:07.898+0000] {logging_mixin.py:188} INFO - 
Total records ingested: 5
[2026-08-13T17:00:07.899+0000] {python.py:201} INFO - Done. Returned value was: None
[2026-08-13T17:00:07.916+0000] {taskinstance.py:1138} INFO - Marking task as SUCCESS. dag_id=air_quality_ingestion, task_id=ingest_to_bronze, execution_date=20260813T160000, start_date=20260813T170001, end_date=20260813T170007
[2026-08-13T17:00:07.962+0000] {local_task_job_runner.py:234} INFO - Task exited with return code 0
[2026-08-13T17:00:07.980+0000] {taskinstance.py:3280} INFO - 0 downstream tasks scheduled from follow-on schedule check
