[2026-09-09T02:05:00.515+0000] {taskinstance.py:1956} INFO - Dependencies all met for dep_context=non-requeueable deps ti=<TaskInstance: air_quality_pipeline.wait_for_ingestion scheduled__2026-09-09T01:05:00+00:00 [queued]>
[2026-09-09T02:05:00.521+0000] {taskinstance.py:1956} INFO - Dependencies all met for dep_context=requeueable deps ti=<TaskInstance: air_quality_pipeline.wait_for_ingestion scheduled__2026-09-09T01:05:00+00:00 [queued]>
[2026-09-09T02:05:00.522+0000] {taskinstance.py:2170} INFO - Starting attempt 1 of 3
[2026-09-09T02:05:00.533+0000] {taskinstance.py:2191} INFO - Executing <Task(ExternalTaskSensor): wait_for_ingestion> on 2026-09-09 01:05:00+00:00
[2026-09-09T02:05:00.538+0000] {standard_task_runner.py:60} INFO - Started process 880 to run task
[2026-09-09T02:05:00.541+0000] {standard_task_runner.py:87} INFO - Running: ['***', 'tasks', 'run', 'air_quality_pipeline', 'wait_for_ingestion', 'scheduled__2026-09-09T01:05:00+00:00', '--job-id', '732', '--raw', '--subdir', 'DAGS_FOLDER/spark_pipeline_dag.py', '--cfg-path', '/tmp/tmpdwol1dkp']
[2026-09-09T02:05:00.543+0000] {standard_task_runner.py:88} INFO - Job 732: Subtask wait_for_ingestion
[2026-09-09T02:05:00.614+0000] {task_command.py:423} INFO - Running <TaskInstance: air_quality_pipeline.wait_for_ingestion scheduled__2026-09-09T01:05:00+00:00 [running]> on host 6a0525c4c718
[2026-09-09T02:05:00.680+0000] {taskinstance.py:2480} INFO - Exporting env vars: AIRFLOW_CTX_DAG_OWNER='***' AIRFLOW_CTX_DAG_ID='air_quality_pipeline' AIRFLOW_CTX_TASK_ID='wait_for_ingestion' AIRFLOW_CTX_EXECUTION_DATE='2026-09-09T01:05:00+00:00' AIRFLOW_CTX_TRY_NUMBER='1' AIRFLOW_CTX_DAG_RUN_ID='scheduled__2026-09-09T01:05:00+00:00'
[2026-09-09T02:05:00.682+0000] {external_task.py:244} INFO - Poking for tasks ['ingest_to_bronze'] in dag air_quality_ingestion on 2026-09-09T01:05:00+00:00 ... 
[2026-09-09T02:05:30.688+0000] {external_task.py:244} INFO - Poking for tasks ['ingest_to_bronze'] in dag air_quality_ingestion on 2026-09-09T01:05:00+00:00 ... 
[2026-09-09T02:06:00.701+0000] {external_task.py:244} INFO - Poking for tasks ['ingest_to_bronze'] in dag air_quality_ingestion on 2026-09-09T01:05:00+00:00 ... 
[2026-09-09T02:06:30.715+0000] {external_task.py:244} INFO - Poking for tasks ['ingest_to_bronze'] in dag air_quality_ingestion on 2026-09-09T01:05:00+00:00 ... 
[2026-09-09T02:07:00.728+0000] {external_task.py:244} INFO - Poking for tasks ['ingest_to_bronze'] in dag air_quality_ingestion on 2026-09-09T01:05:00+00:00 ... 
[2026-09-09T02:07:30.733+0000] {external_task.py:244} INFO - Poking for tasks ['ingest_to_bronze'] in dag air_quality_ingestion on 2026-09-09T01:05:00+00:00 ... 
[2026-09-09T02:08:00.743+0000] {external_task.py:244} INFO - Poking for tasks ['ingest_to_bronze'] in dag air_quality_ingestion on 2026-09-09T01:05:00+00:00 ... 
[2026-09-09T02:08:30.752+0000] {external_task.py:244} INFO - Poking for tasks ['ingest_to_bronze'] in dag air_quality_ingestion on 2026-09-09T01:05:00+00:00 ... 
[2026-09-09T02:09:00.761+0000] {external_task.py:244} INFO - Poking for tasks ['ingest_to_bronze'] in dag air_quality_ingestion on 2026-09-09T01:05:00+00:00 ... 
[2026-09-09T02:09:30.771+0000] {external_task.py:244} INFO - Poking for tasks ['ingest_to_bronze'] in dag air_quality_ingestion on 2026-09-09T01:05:00+00:00 ... 
[2026-09-09T02:10:00.779+0000] {external_task.py:244} INFO - Poking for tasks ['ingest_to_bronze'] in dag air_quality_ingestion on 2026-09-09T01:05:00+00:00 ... 
[2026-09-09T02:10:00.792+0000] {taskinstance.py:2698} ERROR - Task failed with exception
Traceback (most recent call last):
  File "/home/airflow/.local/lib/python3.11/site-packages/airflow/models/taskinstance.py", line 433, in _execute_task
    result = execute_callable(context=context, **execute_callable_kwargs)
             ^^^^^^^^^^^^^^^^^^^^^^^^^^^^^^^^^^^^^^^^^^^^^^^^^^^^^^^^^^^^
  File "/home/airflow/.local/lib/python3.11/site-packages/airflow/sensors/external_task.py", line 334, in execute
    super().execute(context)
  File "/home/airflow/.local/lib/python3.11/site-packages/airflow/sensors/base.py", line 282, in execute
    raise AirflowSensorTimeout(message)
airflow.exceptions.AirflowSensorTimeout: Sensor has timed out; run duration of 300.13666039099917 seconds exceeds the specified timeout of 300.0.
[2026-09-09T02:10:00.803+0000] {taskinstance.py:1138} INFO - Immediate failure requested. Marking task as FAILED. dag_id=air_quality_pipeline, task_id=wait_for_ingestion, execution_date=20260909T010500, start_date=20260909T020500, end_date=20260909T021000
[2026-09-09T02:10:00.820+0000] {standard_task_runner.py:107} ERROR - Failed to execute job 732 for task wait_for_ingestion (Sensor has timed out; run duration of 300.13666039099917 seconds exceeds the specified timeout of 300.0.; 880)
[2026-09-09T02:10:00.863+0000] {local_task_job_runner.py:234} INFO - Task exited with return code 1
[2026-09-09T02:10:00.887+0000] {taskinstance.py:3280} INFO - 0 downstream tasks scheduled from follow-on schedule check
