[2026-08-28T03:00:01.724+0000] {taskinstance.py:1956} INFO - Dependencies all met for dep_context=non-requeueable deps ti=<TaskInstance: air_quality_ingestion.ingest_to_bronze scheduled__2026-08-28T02:00:00+00:00 [queued]>
[2026-08-28T03:00:01.731+0000] {taskinstance.py:1956} INFO - Dependencies all met for dep_context=requeueable deps ti=<TaskInstance: air_quality_ingestion.ingest_to_bronze scheduled__2026-08-28T02:00:00+00:00 [queued]>
[2026-08-28T03:00:01.732+0000] {taskinstance.py:2170} INFO - Starting attempt 1 of 4
[2026-08-28T03:00:01.745+0000] {taskinstance.py:2191} INFO - Executing <Task(PythonOperator): ingest_to_bronze> on 2026-08-28 02:00:00+00:00
[2026-08-28T03:00:01.750+0000] {standard_task_runner.py:60} INFO - Started process 13281 to run task
[2026-08-28T03:00:01.754+0000] {standard_task_runner.py:87} INFO - Running: ['***', 'tasks', 'run', 'air_quality_ingestion', 'ingest_to_bronze', 'scheduled__2026-08-28T02:00:00+00:00', '--job-id', '421', '--raw', '--subdir', 'DAGS_FOLDER/ingestion_dag.py', '--cfg-path', '/tmp/tmpmmwhtzv_']
[2026-08-28T03:00:01.757+0000] {standard_task_runner.py:88} INFO - Job 421: Subtask ingest_to_bronze
[2026-08-28T03:00:01.849+0000] {task_command.py:423} INFO - Running <TaskInstance: air_quality_ingestion.ingest_to_bronze scheduled__2026-08-28T02:00:00+00:00 [running]> on host 6a0525c4c718
[2026-08-28T03:00:01.999+0000] {taskinstance.py:2480} INFO - Exporting env vars: AIRFLOW_CTX_DAG_OWNER='***' AIRFLOW_CTX_DAG_ID='air_quality_ingestion' AIRFLOW_CTX_TASK_ID='ingest_to_bronze' AIRFLOW_CTX_EXECUTION_DATE='2026-08-28T02:00:00+00:00' AIRFLOW_CTX_TRY_NUMBER='1' AIRFLOW_CTX_DAG_RUN_ID='scheduled__2026-08-28T02:00:00+00:00'
[2026-08-28T03:00:02.129+0000] {logging_mixin.py:188} INFO - Created bucket: bronze-air-quality
[2026-08-28T03:00:02.136+0000] {logging_mixin.py:188} INFO - Created bucket: silver-air-quality
[2026-08-28T03:00:02.143+0000] {logging_mixin.py:188} INFO - Created bucket: gold-air-quality
[2026-08-28T03:00:03.010+0000] {logging_mixin.py:188} INFO - ✓ new york: AQI=39
[2026-08-28T03:00:03.878+0000] {logging_mixin.py:188} INFO - ✓ london: AQI=30
[2026-08-28T03:00:04.901+0000] {logging_mixin.py:188} INFO - ✓ beijing: AQI=34
[2026-08-28T03:00:05.647+0000] {logging_mixin.py:188} INFO - ✓ delhi: AQI=78
[2026-08-28T03:00:06.426+0000] {logging_mixin.py:188} INFO - ✓ sydney: AQI=44
[2026-08-28T03:00:06.468+0000] {logging_mixin.py:188} INFO - Saved → s3://bronze-air-quality/year=2026/month=08/day=28/city=new_york/030002.json
[2026-08-28T03:00:06.480+0000] {logging_mixin.py:188} INFO - Saved → s3://bronze-air-quality/year=2026/month=08/day=28/city=london/030002.json
[2026-08-28T03:00:06.488+0000] {logging_mixin.py:188} INFO - Saved → s3://bronze-air-quality/year=2026/month=08/day=28/city=beijing/030002.json
[2026-08-28T03:00:06.496+0000] {logging_mixin.py:188} INFO - Saved → s3://bronze-air-quality/year=2026/month=08/day=28/city=delhi/030002.json
[2026-08-28T03:00:06.502+0000] {logging_mixin.py:188} INFO - Saved → s3://bronze-air-quality/year=2026/month=08/day=28/city=sydney/030002.json
[2026-08-28T03:00:06.503+0000] {logging_mixin.py:188} INFO - 
Total records ingested: 5
[2026-08-28T03:00:06.503+0000] {python.py:201} INFO - Done. Returned value was: None
[2026-08-28T03:00:06.512+0000] {taskinstance.py:1138} INFO - Marking task as SUCCESS. dag_id=air_quality_ingestion, task_id=ingest_to_bronze, execution_date=20260828T020000, start_date=20260828T030001, end_date=20260828T030006
[2026-08-28T03:00:06.564+0000] {local_task_job_runner.py:234} INFO - Task exited with return code 0
[2026-08-28T03:00:06.584+0000] {taskinstance.py:3280} INFO - 0 downstream tasks scheduled from follow-on schedule check
