[2026-08-08T20:58:30.637+0000] {taskinstance.py:1956} INFO - Dependencies all met for dep_context=non-requeueable deps ti=<TaskInstance: air_quality_pipeline.wait_for_ingestion scheduled__2026-08-08T19:05:00+00:00 [queued]>
[2026-08-08T20:58:30.685+0000] {taskinstance.py:1956} INFO - Dependencies all met for dep_context=requeueable deps ti=<TaskInstance: air_quality_pipeline.wait_for_ingestion scheduled__2026-08-08T19:05:00+00:00 [queued]>
[2026-08-08T20:58:30.690+0000] {taskinstance.py:2170} INFO - Starting attempt 1 of 3
[2026-08-08T20:58:30.764+0000] {taskinstance.py:2191} INFO - Executing <Task(ExternalTaskSensor): wait_for_ingestion> on 2026-08-08 19:05:00+00:00
[2026-08-08T20:58:30.799+0000] {standard_task_runner.py:60} INFO - Started process 19672 to run task
[2026-08-08T20:58:30.807+0000] {standard_task_runner.py:87} INFO - Running: ['***', 'tasks', 'run', 'air_quality_pipeline', 'wait_for_ingestion', 'scheduled__2026-08-08T19:05:00+00:00', '--job-id', '155', '--raw', '--subdir', 'DAGS_FOLDER/spark_pipeline_dag.py', '--cfg-path', '/tmp/tmpy55a3dki']
[2026-08-08T20:58:30.822+0000] {standard_task_runner.py:88} INFO - Job 155: Subtask wait_for_ingestion
[2026-08-08T20:58:31.146+0000] {task_command.py:423} INFO - Running <TaskInstance: air_quality_pipeline.wait_for_ingestion scheduled__2026-08-08T19:05:00+00:00 [running]> on host 6a0525c4c718
[2026-08-08T20:58:31.573+0000] {taskinstance.py:2480} INFO - Exporting env vars: AIRFLOW_CTX_DAG_OWNER='***' AIRFLOW_CTX_DAG_ID='air_quality_pipeline' AIRFLOW_CTX_TASK_ID='wait_for_ingestion' AIRFLOW_CTX_EXECUTION_DATE='2026-08-08T19:05:00+00:00' AIRFLOW_CTX_TRY_NUMBER='1' AIRFLOW_CTX_DAG_RUN_ID='scheduled__2026-08-08T19:05:00+00:00'
[2026-08-08T20:58:31.575+0000] {external_task.py:244} INFO - Poking for tasks ['ingest_to_bronze'] in dag air_quality_ingestion on 2026-08-08T19:05:00+00:00 ... 
[2026-08-09T02:29:24.410+0000] {external_task.py:244} INFO - Poking for tasks ['ingest_to_bronze'] in dag air_quality_ingestion on 2026-08-08T19:05:00+00:00 ... 
[2026-08-09T02:29:54.556+0000] {external_task.py:244} INFO - Poking for tasks ['ingest_to_bronze'] in dag air_quality_ingestion on 2026-08-08T19:05:00+00:00 ... 
[2026-08-09T02:30:24.571+0000] {external_task.py:244} INFO - Poking for tasks ['ingest_to_bronze'] in dag air_quality_ingestion on 2026-08-08T19:05:00+00:00 ... 
[2026-08-09T02:30:54.581+0000] {external_task.py:244} INFO - Poking for tasks ['ingest_to_bronze'] in dag air_quality_ingestion on 2026-08-08T19:05:00+00:00 ... 
[2026-08-09T02:31:24.601+0000] {external_task.py:244} INFO - Poking for tasks ['ingest_to_bronze'] in dag air_quality_ingestion on 2026-08-08T19:05:00+00:00 ... 
[2026-08-09T02:31:54.613+0000] {external_task.py:244} INFO - Poking for tasks ['ingest_to_bronze'] in dag air_quality_ingestion on 2026-08-08T19:05:00+00:00 ... 
[2026-08-09T02:32:24.626+0000] {external_task.py:244} INFO - Poking for tasks ['ingest_to_bronze'] in dag air_quality_ingestion on 2026-08-08T19:05:00+00:00 ... 
[2026-08-09T02:32:54.665+0000] {external_task.py:244} INFO - Poking for tasks ['ingest_to_bronze'] in dag air_quality_ingestion on 2026-08-08T19:05:00+00:00 ... 
[2026-08-09T02:33:24.677+0000] {external_task.py:244} INFO - Poking for tasks ['ingest_to_bronze'] in dag air_quality_ingestion on 2026-08-08T19:05:00+00:00 ... 
[2026-08-09T02:33:54.688+0000] {external_task.py:244} INFO - Poking for tasks ['ingest_to_bronze'] in dag air_quality_ingestion on 2026-08-08T19:05:00+00:00 ... 
[2026-08-09T02:33:54.707+0000] {taskinstance.py:2698} ERROR - Task failed with exception
Traceback (most recent call last):
  File "/home/airflow/.local/lib/python3.11/site-packages/airflow/models/taskinstance.py", line 433, in _execute_task
    result = execute_callable(context=context, **execute_callable_kwargs)
             ^^^^^^^^^^^^^^^^^^^^^^^^^^^^^^^^^^^^^^^^^^^^^^^^^^^^^^^^^^^^
  File "/home/airflow/.local/lib/python3.11/site-packages/airflow/sensors/external_task.py", line 334, in execute
    super().execute(context)
  File "/home/airflow/.local/lib/python3.11/site-packages/airflow/sensors/base.py", line 282, in execute
    raise AirflowSensorTimeout(message)
airflow.exceptions.AirflowSensorTimeout: Sensor has timed out; run duration of 300.2961181530263 seconds exceeds the specified timeout of 300.0.
[2026-08-09T02:33:54.721+0000] {taskinstance.py:1138} INFO - Immediate failure requested. Marking task as FAILED. dag_id=air_quality_pipeline, task_id=wait_for_ingestion, execution_date=20260808T190500, start_date=20260808T205830, end_date=20260809T023354
[2026-08-09T02:33:54.735+0000] {standard_task_runner.py:107} ERROR - Failed to execute job 155 for task wait_for_ingestion (Sensor has timed out; run duration of 300.2961181530263 seconds exceeds the specified timeout of 300.0.; 19672)
[2026-08-09T02:33:54.762+0000] {local_task_job_runner.py:234} INFO - Task exited with return code 1
[2026-08-09T02:33:54.812+0000] {taskinstance.py:3280} INFO - 0 downstream tasks scheduled from follow-on schedule check
