[2026-08-30T23:00:01.454+0000] {taskinstance.py:1956} INFO - Dependencies all met for dep_context=non-requeueable deps ti=<TaskInstance: air_quality_ingestion.ingest_to_bronze scheduled__2026-08-30T22:00:00+00:00 [queued]>
[2026-08-30T23:00:01.460+0000] {taskinstance.py:1956} INFO - Dependencies all met for dep_context=requeueable deps ti=<TaskInstance: air_quality_ingestion.ingest_to_bronze scheduled__2026-08-30T22:00:00+00:00 [queued]>
[2026-08-30T23:00:01.461+0000] {taskinstance.py:2170} INFO - Starting attempt 1 of 4
[2026-08-30T23:00:01.474+0000] {taskinstance.py:2191} INFO - Executing <Task(PythonOperator): ingest_to_bronze> on 2026-08-30 22:00:00+00:00
[2026-08-30T23:00:01.481+0000] {standard_task_runner.py:60} INFO - Started process 20850 to run task
[2026-08-30T23:00:01.484+0000] {standard_task_runner.py:87} INFO - Running: ['***', 'tasks', 'run', 'air_quality_ingestion', 'ingest_to_bronze', 'scheduled__2026-08-30T22:00:00+00:00', '--job-id', '473', '--raw', '--subdir', 'DAGS_FOLDER/ingestion_dag.py', '--cfg-path', '/tmp/tmpxo09u6f8']
[2026-08-30T23:00:01.487+0000] {standard_task_runner.py:88} INFO - Job 473: Subtask ingest_to_bronze
[2026-08-30T23:00:01.558+0000] {task_command.py:423} INFO - Running <TaskInstance: air_quality_ingestion.ingest_to_bronze scheduled__2026-08-30T22:00:00+00:00 [running]> on host 6a0525c4c718
[2026-08-30T23:00:01.639+0000] {taskinstance.py:2480} INFO - Exporting env vars: AIRFLOW_CTX_DAG_OWNER='***' AIRFLOW_CTX_DAG_ID='air_quality_ingestion' AIRFLOW_CTX_TASK_ID='ingest_to_bronze' AIRFLOW_CTX_EXECUTION_DATE='2026-08-30T22:00:00+00:00' AIRFLOW_CTX_TRY_NUMBER='1' AIRFLOW_CTX_DAG_RUN_ID='scheduled__2026-08-30T22:00:00+00:00'
[2026-08-30T23:00:01.765+0000] {logging_mixin.py:188} INFO - Created bucket: bronze-air-quality
[2026-08-30T23:00:01.771+0000] {logging_mixin.py:188} INFO - Created bucket: silver-air-quality
[2026-08-30T23:00:01.777+0000] {logging_mixin.py:188} INFO - Created bucket: gold-air-quality
[2026-08-30T23:00:02.696+0000] {logging_mixin.py:188} INFO - ✓ new york: AQI=44
[2026-08-30T23:00:03.574+0000] {logging_mixin.py:188} INFO - ✓ london: AQI=25
[2026-08-30T23:00:04.391+0000] {logging_mixin.py:188} INFO - ✓ beijing: AQI=16
[2026-08-30T23:00:05.241+0000] {logging_mixin.py:188} INFO - ✓ delhi: AQI=60
[2026-08-30T23:00:06.100+0000] {logging_mixin.py:188} INFO - ✓ sydney: AQI=60
[2026-08-30T23:00:06.121+0000] {logging_mixin.py:188} INFO - Saved → s3://bronze-air-quality/year=2026/month=08/day=30/city=new_york/230001.json
[2026-08-30T23:00:06.129+0000] {logging_mixin.py:188} INFO - Saved → s3://bronze-air-quality/year=2026/month=08/day=30/city=london/230001.json
[2026-08-30T23:00:06.136+0000] {logging_mixin.py:188} INFO - Saved → s3://bronze-air-quality/year=2026/month=08/day=30/city=beijing/230001.json
[2026-08-30T23:00:06.142+0000] {logging_mixin.py:188} INFO - Saved → s3://bronze-air-quality/year=2026/month=08/day=30/city=delhi/230001.json
[2026-08-30T23:00:06.148+0000] {logging_mixin.py:188} INFO - Saved → s3://bronze-air-quality/year=2026/month=08/day=30/city=sydney/230001.json
[2026-08-30T23:00:06.148+0000] {logging_mixin.py:188} INFO - 
Total records ingested: 5
[2026-08-30T23:00:06.149+0000] {python.py:201} INFO - Done. Returned value was: None
[2026-08-30T23:00:06.157+0000] {taskinstance.py:1138} INFO - Marking task as SUCCESS. dag_id=air_quality_ingestion, task_id=ingest_to_bronze, execution_date=20260830T220000, start_date=20260830T230001, end_date=20260830T230006
[2026-08-30T23:00:06.173+0000] {local_task_job_runner.py:234} INFO - Task exited with return code 0
[2026-08-30T23:00:06.186+0000] {taskinstance.py:3280} INFO - 0 downstream tasks scheduled from follow-on schedule check
