[2026-08-15T04:44:43.063+0000] {taskinstance.py:1956} INFO - Dependencies all met for dep_context=non-requeueable deps ti=<TaskInstance: air_quality_pipeline.wait_for_ingestion scheduled__2026-08-15T03:05:00+00:00 [queued]>
[2026-08-15T04:44:43.118+0000] {taskinstance.py:1956} INFO - Dependencies all met for dep_context=requeueable deps ti=<TaskInstance: air_quality_pipeline.wait_for_ingestion scheduled__2026-08-15T03:05:00+00:00 [queued]>
[2026-08-15T04:44:43.129+0000] {taskinstance.py:2170} INFO - Starting attempt 1 of 3
[2026-08-15T04:44:43.489+0000] {taskinstance.py:2191} INFO - Executing <Task(ExternalTaskSensor): wait_for_ingestion> on 2026-08-15 03:05:00+00:00
[2026-08-15T04:44:43.514+0000] {standard_task_runner.py:60} INFO - Started process 58099 to run task
[2026-08-15T04:44:43.531+0000] {standard_task_runner.py:87} INFO - Running: ['***', 'tasks', 'run', 'air_quality_pipeline', 'wait_for_ingestion', 'scheduled__2026-08-15T03:05:00+00:00', '--job-id', '337', '--raw', '--subdir', 'DAGS_FOLDER/spark_pipeline_dag.py', '--cfg-path', '/tmp/tmp5faefp7d']
[2026-08-15T04:44:43.546+0000] {standard_task_runner.py:88} INFO - Job 337: Subtask wait_for_ingestion
[2026-08-15T04:44:43.877+0000] {task_command.py:423} INFO - Running <TaskInstance: air_quality_pipeline.wait_for_ingestion scheduled__2026-08-15T03:05:00+00:00 [running]> on host 6a0525c4c718
[2026-08-15T04:44:44.302+0000] {taskinstance.py:2480} INFO - Exporting env vars: AIRFLOW_CTX_DAG_OWNER='***' AIRFLOW_CTX_DAG_ID='air_quality_pipeline' AIRFLOW_CTX_TASK_ID='wait_for_ingestion' AIRFLOW_CTX_EXECUTION_DATE='2026-08-15T03:05:00+00:00' AIRFLOW_CTX_TRY_NUMBER='1' AIRFLOW_CTX_DAG_RUN_ID='scheduled__2026-08-15T03:05:00+00:00'
[2026-08-15T04:44:44.313+0000] {external_task.py:244} INFO - Poking for tasks ['ingest_to_bronze'] in dag air_quality_ingestion on 2026-08-15T03:05:00+00:00 ... 
[2026-08-15T04:45:14.352+0000] {external_task.py:244} INFO - Poking for tasks ['ingest_to_bronze'] in dag air_quality_ingestion on 2026-08-15T03:05:00+00:00 ... 
[2026-08-15T04:45:44.374+0000] {external_task.py:244} INFO - Poking for tasks ['ingest_to_bronze'] in dag air_quality_ingestion on 2026-08-15T03:05:00+00:00 ... 
[2026-08-15T04:46:14.392+0000] {external_task.py:244} INFO - Poking for tasks ['ingest_to_bronze'] in dag air_quality_ingestion on 2026-08-15T03:05:00+00:00 ... 
[2026-08-15T04:46:44.413+0000] {external_task.py:244} INFO - Poking for tasks ['ingest_to_bronze'] in dag air_quality_ingestion on 2026-08-15T03:05:00+00:00 ... 
[2026-08-15T04:47:14.439+0000] {external_task.py:244} INFO - Poking for tasks ['ingest_to_bronze'] in dag air_quality_ingestion on 2026-08-15T03:05:00+00:00 ... 
[2026-08-15T04:47:44.450+0000] {external_task.py:244} INFO - Poking for tasks ['ingest_to_bronze'] in dag air_quality_ingestion on 2026-08-15T03:05:00+00:00 ... 
[2026-08-15T04:48:14.463+0000] {external_task.py:244} INFO - Poking for tasks ['ingest_to_bronze'] in dag air_quality_ingestion on 2026-08-15T03:05:00+00:00 ... 
[2026-08-15T04:48:44.486+0000] {external_task.py:244} INFO - Poking for tasks ['ingest_to_bronze'] in dag air_quality_ingestion on 2026-08-15T03:05:00+00:00 ... 
[2026-08-15T04:49:14.506+0000] {external_task.py:244} INFO - Poking for tasks ['ingest_to_bronze'] in dag air_quality_ingestion on 2026-08-15T03:05:00+00:00 ... 
[2026-08-15T04:49:44.521+0000] {external_task.py:244} INFO - Poking for tasks ['ingest_to_bronze'] in dag air_quality_ingestion on 2026-08-15T03:05:00+00:00 ... 
[2026-08-15T04:49:44.543+0000] {taskinstance.py:2698} ERROR - Task failed with exception
Traceback (most recent call last):
  File "/home/airflow/.local/lib/python3.11/site-packages/airflow/models/taskinstance.py", line 433, in _execute_task
    result = execute_callable(context=context, **execute_callable_kwargs)
             ^^^^^^^^^^^^^^^^^^^^^^^^^^^^^^^^^^^^^^^^^^^^^^^^^^^^^^^^^^^^
  File "/home/airflow/.local/lib/python3.11/site-packages/airflow/sensors/external_task.py", line 334, in execute
    super().execute(context)
  File "/home/airflow/.local/lib/python3.11/site-packages/airflow/sensors/base.py", line 282, in execute
    raise AirflowSensorTimeout(message)
airflow.exceptions.AirflowSensorTimeout: Sensor has timed out; run duration of 300.2503983830102 seconds exceeds the specified timeout of 300.0.
[2026-08-15T04:49:44.563+0000] {taskinstance.py:1138} INFO - Immediate failure requested. Marking task as FAILED. dag_id=air_quality_pipeline, task_id=wait_for_ingestion, execution_date=20260815T030500, start_date=20260815T044443, end_date=20260815T044944
[2026-08-15T04:49:44.594+0000] {standard_task_runner.py:107} ERROR - Failed to execute job 337 for task wait_for_ingestion (Sensor has timed out; run duration of 300.2503983830102 seconds exceeds the specified timeout of 300.0.; 58099)
[2026-08-15T04:49:44.607+0000] {local_task_job_runner.py:234} INFO - Task exited with return code 1
[2026-08-15T04:49:44.662+0000] {taskinstance.py:3280} INFO - 0 downstream tasks scheduled from follow-on schedule check
