[2026-08-12T15:25:16.389+0000] {taskinstance.py:1956} INFO - Dependencies all met for dep_context=non-requeueable deps ti=<TaskInstance: air_quality_pipeline.wait_for_ingestion scheduled__2026-08-12T12:05:00+00:00 [queued]>
[2026-08-12T15:25:16.445+0000] {taskinstance.py:1956} INFO - Dependencies all met for dep_context=requeueable deps ti=<TaskInstance: air_quality_pipeline.wait_for_ingestion scheduled__2026-08-12T12:05:00+00:00 [queued]>
[2026-08-12T15:25:16.447+0000] {taskinstance.py:2170} INFO - Starting attempt 1 of 3
[2026-08-12T15:25:16.560+0000] {taskinstance.py:2191} INFO - Executing <Task(ExternalTaskSensor): wait_for_ingestion> on 2026-08-12 12:05:00+00:00
[2026-08-12T15:25:16.610+0000] {standard_task_runner.py:60} INFO - Started process 36542 to run task
[2026-08-12T15:25:16.611+0000] {standard_task_runner.py:87} INFO - Running: ['***', 'tasks', 'run', 'air_quality_pipeline', 'wait_for_ingestion', 'scheduled__2026-08-12T12:05:00+00:00', '--job-id', '246', '--raw', '--subdir', 'DAGS_FOLDER/spark_pipeline_dag.py', '--cfg-path', '/tmp/tmp8yx9y1_j']
[2026-08-12T15:25:16.659+0000] {standard_task_runner.py:88} INFO - Job 246: Subtask wait_for_ingestion
[2026-08-12T15:25:17.405+0000] {task_command.py:423} INFO - Running <TaskInstance: air_quality_pipeline.wait_for_ingestion scheduled__2026-08-12T12:05:00+00:00 [running]> on host 6a0525c4c718
[2026-08-12T15:25:17.776+0000] {taskinstance.py:2480} INFO - Exporting env vars: AIRFLOW_CTX_DAG_OWNER='***' AIRFLOW_CTX_DAG_ID='air_quality_pipeline' AIRFLOW_CTX_TASK_ID='wait_for_ingestion' AIRFLOW_CTX_EXECUTION_DATE='2026-08-12T12:05:00+00:00' AIRFLOW_CTX_TRY_NUMBER='1' AIRFLOW_CTX_DAG_RUN_ID='scheduled__2026-08-12T12:05:00+00:00'
[2026-08-12T15:25:17.793+0000] {external_task.py:244} INFO - Poking for tasks ['ingest_to_bronze'] in dag air_quality_ingestion on 2026-08-12T12:05:00+00:00 ... 
[2026-08-12T15:25:47.833+0000] {external_task.py:244} INFO - Poking for tasks ['ingest_to_bronze'] in dag air_quality_ingestion on 2026-08-12T12:05:00+00:00 ... 
[2026-08-12T15:26:17.847+0000] {external_task.py:244} INFO - Poking for tasks ['ingest_to_bronze'] in dag air_quality_ingestion on 2026-08-12T12:05:00+00:00 ... 
[2026-08-12T15:26:47.856+0000] {external_task.py:244} INFO - Poking for tasks ['ingest_to_bronze'] in dag air_quality_ingestion on 2026-08-12T12:05:00+00:00 ... 
[2026-08-12T15:27:17.899+0000] {external_task.py:244} INFO - Poking for tasks ['ingest_to_bronze'] in dag air_quality_ingestion on 2026-08-12T12:05:00+00:00 ... 
[2026-08-12T15:27:47.916+0000] {external_task.py:244} INFO - Poking for tasks ['ingest_to_bronze'] in dag air_quality_ingestion on 2026-08-12T12:05:00+00:00 ... 
[2026-08-12T15:28:17.931+0000] {external_task.py:244} INFO - Poking for tasks ['ingest_to_bronze'] in dag air_quality_ingestion on 2026-08-12T12:05:00+00:00 ... 
[2026-08-12T15:28:47.940+0000] {external_task.py:244} INFO - Poking for tasks ['ingest_to_bronze'] in dag air_quality_ingestion on 2026-08-12T12:05:00+00:00 ... 
[2026-08-12T15:29:17.956+0000] {external_task.py:244} INFO - Poking for tasks ['ingest_to_bronze'] in dag air_quality_ingestion on 2026-08-12T12:05:00+00:00 ... 
[2026-08-12T15:29:47.968+0000] {external_task.py:244} INFO - Poking for tasks ['ingest_to_bronze'] in dag air_quality_ingestion on 2026-08-12T12:05:00+00:00 ... 
[2026-08-12T15:30:17.976+0000] {external_task.py:244} INFO - Poking for tasks ['ingest_to_bronze'] in dag air_quality_ingestion on 2026-08-12T12:05:00+00:00 ... 
[2026-08-12T15:30:17.992+0000] {taskinstance.py:2698} ERROR - Task failed with exception
Traceback (most recent call last):
  File "/home/airflow/.local/lib/python3.11/site-packages/airflow/models/taskinstance.py", line 433, in _execute_task
    result = execute_callable(context=context, **execute_callable_kwargs)
             ^^^^^^^^^^^^^^^^^^^^^^^^^^^^^^^^^^^^^^^^^^^^^^^^^^^^^^^^^^^^
  File "/home/airflow/.local/lib/python3.11/site-packages/airflow/sensors/external_task.py", line 334, in execute
    super().execute(context)
  File "/home/airflow/.local/lib/python3.11/site-packages/airflow/sensors/base.py", line 282, in execute
    raise AirflowSensorTimeout(message)
airflow.exceptions.AirflowSensorTimeout: Sensor has timed out; run duration of 300.23823162997724 seconds exceeds the specified timeout of 300.0.
[2026-08-12T15:30:18.008+0000] {taskinstance.py:1138} INFO - Immediate failure requested. Marking task as FAILED. dag_id=air_quality_pipeline, task_id=wait_for_ingestion, execution_date=20260812T120500, start_date=20260812T152516, end_date=20260812T153018
[2026-08-12T15:30:18.030+0000] {standard_task_runner.py:107} ERROR - Failed to execute job 246 for task wait_for_ingestion (Sensor has timed out; run duration of 300.23823162997724 seconds exceeds the specified timeout of 300.0.; 36542)
[2026-08-12T15:30:18.067+0000] {local_task_job_runner.py:234} INFO - Task exited with return code 1
[2026-08-12T15:30:18.100+0000] {taskinstance.py:3280} INFO - 0 downstream tasks scheduled from follow-on schedule check
