[2026-08-07T14:41:21.116+0000] {taskinstance.py:1956} INFO - Dependencies all met for dep_context=non-requeueable deps ti=<TaskInstance: air_quality_pipeline.wait_for_ingestion scheduled__2026-08-07T13:05:00+00:00 [queued]>
[2026-08-07T14:41:21.140+0000] {taskinstance.py:1956} INFO - Dependencies all met for dep_context=requeueable deps ti=<TaskInstance: air_quality_pipeline.wait_for_ingestion scheduled__2026-08-07T13:05:00+00:00 [queued]>
[2026-08-07T14:41:21.144+0000] {taskinstance.py:2170} INFO - Starting attempt 1 of 3
[2026-08-07T14:41:21.170+0000] {taskinstance.py:2191} INFO - Executing <Task(ExternalTaskSensor): wait_for_ingestion> on 2026-08-07 13:05:00+00:00
[2026-08-07T14:41:21.183+0000] {standard_task_runner.py:60} INFO - Started process 11125 to run task
[2026-08-07T14:41:21.187+0000] {standard_task_runner.py:87} INFO - Running: ['***', 'tasks', 'run', 'air_quality_pipeline', 'wait_for_ingestion', 'scheduled__2026-08-07T13:05:00+00:00', '--job-id', '115', '--raw', '--subdir', 'DAGS_FOLDER/spark_pipeline_dag.py', '--cfg-path', '/tmp/tmpsgknzzz0']
[2026-08-07T14:41:21.194+0000] {standard_task_runner.py:88} INFO - Job 115: Subtask wait_for_ingestion
[2026-08-07T14:41:21.313+0000] {task_command.py:423} INFO - Running <TaskInstance: air_quality_pipeline.wait_for_ingestion scheduled__2026-08-07T13:05:00+00:00 [running]> on host 6a0525c4c718
[2026-08-07T14:41:21.450+0000] {taskinstance.py:2480} INFO - Exporting env vars: AIRFLOW_CTX_DAG_OWNER='***' AIRFLOW_CTX_DAG_ID='air_quality_pipeline' AIRFLOW_CTX_TASK_ID='wait_for_ingestion' AIRFLOW_CTX_EXECUTION_DATE='2026-08-07T13:05:00+00:00' AIRFLOW_CTX_TRY_NUMBER='1' AIRFLOW_CTX_DAG_RUN_ID='scheduled__2026-08-07T13:05:00+00:00'
[2026-08-07T14:41:21.466+0000] {external_task.py:244} INFO - Poking for tasks ['ingest_to_bronze'] in dag air_quality_ingestion on 2026-08-07T13:05:00+00:00 ... 
[2026-08-07T14:41:51.487+0000] {external_task.py:244} INFO - Poking for tasks ['ingest_to_bronze'] in dag air_quality_ingestion on 2026-08-07T13:05:00+00:00 ... 
[2026-08-07T14:42:21.505+0000] {external_task.py:244} INFO - Poking for tasks ['ingest_to_bronze'] in dag air_quality_ingestion on 2026-08-07T13:05:00+00:00 ... 
[2026-08-07T14:42:51.518+0000] {external_task.py:244} INFO - Poking for tasks ['ingest_to_bronze'] in dag air_quality_ingestion on 2026-08-07T13:05:00+00:00 ... 
[2026-08-07T14:43:21.528+0000] {external_task.py:244} INFO - Poking for tasks ['ingest_to_bronze'] in dag air_quality_ingestion on 2026-08-07T13:05:00+00:00 ... 
[2026-08-07T14:43:51.556+0000] {external_task.py:244} INFO - Poking for tasks ['ingest_to_bronze'] in dag air_quality_ingestion on 2026-08-07T13:05:00+00:00 ... 
[2026-08-07T14:44:21.566+0000] {external_task.py:244} INFO - Poking for tasks ['ingest_to_bronze'] in dag air_quality_ingestion on 2026-08-07T13:05:00+00:00 ... 
[2026-08-07T14:44:51.568+0000] {external_task.py:244} INFO - Poking for tasks ['ingest_to_bronze'] in dag air_quality_ingestion on 2026-08-07T13:05:00+00:00 ... 
[2026-08-07T14:45:21.577+0000] {external_task.py:244} INFO - Poking for tasks ['ingest_to_bronze'] in dag air_quality_ingestion on 2026-08-07T13:05:00+00:00 ... 
[2026-08-07T14:45:51.590+0000] {external_task.py:244} INFO - Poking for tasks ['ingest_to_bronze'] in dag air_quality_ingestion on 2026-08-07T13:05:00+00:00 ... 
[2026-08-07T14:46:21.604+0000] {external_task.py:244} INFO - Poking for tasks ['ingest_to_bronze'] in dag air_quality_ingestion on 2026-08-07T13:05:00+00:00 ... 
[2026-08-07T14:46:21.618+0000] {taskinstance.py:2698} ERROR - Task failed with exception
Traceback (most recent call last):
  File "/home/airflow/.local/lib/python3.11/site-packages/airflow/models/taskinstance.py", line 433, in _execute_task
    result = execute_callable(context=context, **execute_callable_kwargs)
             ^^^^^^^^^^^^^^^^^^^^^^^^^^^^^^^^^^^^^^^^^^^^^^^^^^^^^^^^^^^^
  File "/home/airflow/.local/lib/python3.11/site-packages/airflow/sensors/external_task.py", line 334, in execute
    super().execute(context)
  File "/home/airflow/.local/lib/python3.11/site-packages/airflow/sensors/base.py", line 282, in execute
    raise AirflowSensorTimeout(message)
airflow.exceptions.AirflowSensorTimeout: Sensor has timed out; run duration of 300.182746905004 seconds exceeds the specified timeout of 300.0.
[2026-08-07T14:46:21.627+0000] {taskinstance.py:1138} INFO - Immediate failure requested. Marking task as FAILED. dag_id=air_quality_pipeline, task_id=wait_for_ingestion, execution_date=20260807T130500, start_date=20260807T144121, end_date=20260807T144621
[2026-08-07T14:46:21.636+0000] {standard_task_runner.py:107} ERROR - Failed to execute job 115 for task wait_for_ingestion (Sensor has timed out; run duration of 300.182746905004 seconds exceeds the specified timeout of 300.0.; 11125)
[2026-08-07T14:46:21.654+0000] {local_task_job_runner.py:234} INFO - Task exited with return code 1
[2026-08-07T14:46:21.674+0000] {taskinstance.py:3280} INFO - 0 downstream tasks scheduled from follow-on schedule check
