[2026-08-15T01:00:01.457+0000] {taskinstance.py:1956} INFO - Dependencies all met for dep_context=non-requeueable deps ti=<TaskInstance: air_quality_ingestion.ingest_to_bronze scheduled__2026-08-15T00:00:00+00:00 [queued]>
[2026-08-15T01:00:01.467+0000] {taskinstance.py:1956} INFO - Dependencies all met for dep_context=requeueable deps ti=<TaskInstance: air_quality_ingestion.ingest_to_bronze scheduled__2026-08-15T00:00:00+00:00 [queued]>
[2026-08-15T01:00:01.468+0000] {taskinstance.py:2170} INFO - Starting attempt 1 of 4
[2026-08-15T01:00:01.485+0000] {taskinstance.py:2191} INFO - Executing <Task(PythonOperator): ingest_to_bronze> on 2026-08-15 00:00:00+00:00
[2026-08-15T01:00:01.491+0000] {standard_task_runner.py:60} INFO - Started process 55262 to run task
[2026-08-15T01:00:01.494+0000] {standard_task_runner.py:87} INFO - Running: ['***', 'tasks', 'run', 'air_quality_ingestion', 'ingest_to_bronze', 'scheduled__2026-08-15T00:00:00+00:00', '--job-id', '331', '--raw', '--subdir', 'DAGS_FOLDER/ingestion_dag.py', '--cfg-path', '/tmp/tmpfblnetx_']
[2026-08-15T01:00:01.498+0000] {standard_task_runner.py:88} INFO - Job 331: Subtask ingest_to_bronze
[2026-08-15T01:00:01.578+0000] {task_command.py:423} INFO - Running <TaskInstance: air_quality_ingestion.ingest_to_bronze scheduled__2026-08-15T00:00:00+00:00 [running]> on host 6a0525c4c718
[2026-08-15T01:00:01.658+0000] {taskinstance.py:2480} INFO - Exporting env vars: AIRFLOW_CTX_DAG_OWNER='***' AIRFLOW_CTX_DAG_ID='air_quality_ingestion' AIRFLOW_CTX_TASK_ID='ingest_to_bronze' AIRFLOW_CTX_EXECUTION_DATE='2026-08-15T00:00:00+00:00' AIRFLOW_CTX_TRY_NUMBER='1' AIRFLOW_CTX_DAG_RUN_ID='scheduled__2026-08-15T00:00:00+00:00'
[2026-08-15T01:00:01.823+0000] {logging_mixin.py:188} INFO - Created bucket: bronze-air-quality
[2026-08-15T01:00:01.831+0000] {logging_mixin.py:188} INFO - Created bucket: silver-air-quality
[2026-08-15T01:00:01.839+0000] {logging_mixin.py:188} INFO - Created bucket: gold-air-quality
[2026-08-15T01:00:02.683+0000] {logging_mixin.py:188} INFO - ✓ new york: AQI=43
[2026-08-15T01:00:03.457+0000] {logging_mixin.py:188} INFO - ✓ london: AQI=42
[2026-08-15T01:00:04.209+0000] {logging_mixin.py:188} INFO - ✓ beijing: AQI=78
[2026-08-15T01:00:05.075+0000] {logging_mixin.py:188} INFO - ✓ delhi: AQI=78
[2026-08-15T01:00:05.835+0000] {logging_mixin.py:188} INFO - ✓ sydney: AQI=41
[2026-08-15T01:00:05.851+0000] {logging_mixin.py:188} INFO - Saved → s3://bronze-air-quality/year=2026/month=08/day=15/city=new_york/010001.json
[2026-08-15T01:00:05.860+0000] {logging_mixin.py:188} INFO - Saved → s3://bronze-air-quality/year=2026/month=08/day=15/city=london/010001.json
[2026-08-15T01:00:05.868+0000] {logging_mixin.py:188} INFO - Saved → s3://bronze-air-quality/year=2026/month=08/day=15/city=beijing/010001.json
[2026-08-15T01:00:05.878+0000] {logging_mixin.py:188} INFO - Saved → s3://bronze-air-quality/year=2026/month=08/day=15/city=delhi/010001.json
[2026-08-15T01:00:05.887+0000] {logging_mixin.py:188} INFO - Saved → s3://bronze-air-quality/year=2026/month=08/day=15/city=sydney/010001.json
[2026-08-15T01:00:05.888+0000] {logging_mixin.py:188} INFO - 
Total records ingested: 5
[2026-08-15T01:00:05.889+0000] {python.py:201} INFO - Done. Returned value was: None
[2026-08-15T01:00:05.898+0000] {taskinstance.py:1138} INFO - Marking task as SUCCESS. dag_id=air_quality_ingestion, task_id=ingest_to_bronze, execution_date=20260815T000000, start_date=20260815T010001, end_date=20260815T010005
[2026-08-15T01:00:05.935+0000] {local_task_job_runner.py:234} INFO - Task exited with return code 0
[2026-08-15T01:00:05.949+0000] {taskinstance.py:3280} INFO - 0 downstream tasks scheduled from follow-on schedule check
