[2026-09-04T17:05:01.401+0000] {taskinstance.py:1956} INFO - Dependencies all met for dep_context=non-requeueable deps ti=<TaskInstance: air_quality_pipeline.wait_for_ingestion scheduled__2026-09-04T16:05:00+00:00 [queued]>
[2026-09-04T17:05:01.407+0000] {taskinstance.py:1956} INFO - Dependencies all met for dep_context=requeueable deps ti=<TaskInstance: air_quality_pipeline.wait_for_ingestion scheduled__2026-09-04T16:05:00+00:00 [queued]>
[2026-09-04T17:05:01.408+0000] {taskinstance.py:2170} INFO - Starting attempt 1 of 3
[2026-09-04T17:05:01.419+0000] {taskinstance.py:2191} INFO - Executing <Task(ExternalTaskSensor): wait_for_ingestion> on 2026-09-04 16:05:00+00:00
[2026-09-04T17:05:01.423+0000] {standard_task_runner.py:60} INFO - Started process 58809 to run task
[2026-09-04T17:05:01.426+0000] {standard_task_runner.py:87} INFO - Running: ['***', 'tasks', 'run', 'air_quality_pipeline', 'wait_for_ingestion', 'scheduled__2026-09-04T16:05:00+00:00', '--job-id', '613', '--raw', '--subdir', 'DAGS_FOLDER/spark_pipeline_dag.py', '--cfg-path', '/tmp/tmph7s48l_r']
[2026-09-04T17:05:01.474+0000] {standard_task_runner.py:88} INFO - Job 613: Subtask wait_for_ingestion
[2026-09-04T17:05:01.542+0000] {task_command.py:423} INFO - Running <TaskInstance: air_quality_pipeline.wait_for_ingestion scheduled__2026-09-04T16:05:00+00:00 [running]> on host 6a0525c4c718
[2026-09-04T17:05:01.604+0000] {taskinstance.py:2480} INFO - Exporting env vars: AIRFLOW_CTX_DAG_OWNER='***' AIRFLOW_CTX_DAG_ID='air_quality_pipeline' AIRFLOW_CTX_TASK_ID='wait_for_ingestion' AIRFLOW_CTX_EXECUTION_DATE='2026-09-04T16:05:00+00:00' AIRFLOW_CTX_TRY_NUMBER='1' AIRFLOW_CTX_DAG_RUN_ID='scheduled__2026-09-04T16:05:00+00:00'
[2026-09-04T17:05:01.605+0000] {external_task.py:244} INFO - Poking for tasks ['ingest_to_bronze'] in dag air_quality_ingestion on 2026-09-04T16:05:00+00:00 ... 
[2026-09-04T17:05:31.611+0000] {external_task.py:244} INFO - Poking for tasks ['ingest_to_bronze'] in dag air_quality_ingestion on 2026-09-04T16:05:00+00:00 ... 
[2026-09-04T17:06:01.626+0000] {external_task.py:244} INFO - Poking for tasks ['ingest_to_bronze'] in dag air_quality_ingestion on 2026-09-04T16:05:00+00:00 ... 
[2026-09-04T17:06:31.630+0000] {external_task.py:244} INFO - Poking for tasks ['ingest_to_bronze'] in dag air_quality_ingestion on 2026-09-04T16:05:00+00:00 ... 
[2026-09-04T17:07:01.642+0000] {external_task.py:244} INFO - Poking for tasks ['ingest_to_bronze'] in dag air_quality_ingestion on 2026-09-04T16:05:00+00:00 ... 
[2026-09-04T17:07:31.647+0000] {external_task.py:244} INFO - Poking for tasks ['ingest_to_bronze'] in dag air_quality_ingestion on 2026-09-04T16:05:00+00:00 ... 
[2026-09-04T17:08:01.656+0000] {external_task.py:244} INFO - Poking for tasks ['ingest_to_bronze'] in dag air_quality_ingestion on 2026-09-04T16:05:00+00:00 ... 
[2026-09-04T17:08:31.664+0000] {external_task.py:244} INFO - Poking for tasks ['ingest_to_bronze'] in dag air_quality_ingestion on 2026-09-04T16:05:00+00:00 ... 
[2026-09-04T17:09:01.671+0000] {external_task.py:244} INFO - Poking for tasks ['ingest_to_bronze'] in dag air_quality_ingestion on 2026-09-04T16:05:00+00:00 ... 
[2026-09-04T17:09:31.676+0000] {external_task.py:244} INFO - Poking for tasks ['ingest_to_bronze'] in dag air_quality_ingestion on 2026-09-04T16:05:00+00:00 ... 
[2026-09-04T17:10:01.685+0000] {external_task.py:244} INFO - Poking for tasks ['ingest_to_bronze'] in dag air_quality_ingestion on 2026-09-04T16:05:00+00:00 ... 
[2026-09-04T17:10:01.694+0000] {taskinstance.py:2698} ERROR - Task failed with exception
Traceback (most recent call last):
  File "/home/airflow/.local/lib/python3.11/site-packages/airflow/models/taskinstance.py", line 433, in _execute_task
    result = execute_callable(context=context, **execute_callable_kwargs)
             ^^^^^^^^^^^^^^^^^^^^^^^^^^^^^^^^^^^^^^^^^^^^^^^^^^^^^^^^^^^^
  File "/home/airflow/.local/lib/python3.11/site-packages/airflow/sensors/external_task.py", line 334, in execute
    super().execute(context)
  File "/home/airflow/.local/lib/python3.11/site-packages/airflow/sensors/base.py", line 282, in execute
    raise AirflowSensorTimeout(message)
airflow.exceptions.AirflowSensorTimeout: Sensor has timed out; run duration of 300.1209998310078 seconds exceeds the specified timeout of 300.0.
[2026-09-04T17:10:01.703+0000] {taskinstance.py:1138} INFO - Immediate failure requested. Marking task as FAILED. dag_id=air_quality_pipeline, task_id=wait_for_ingestion, execution_date=20260904T160500, start_date=20260904T170501, end_date=20260904T171001
[2026-09-04T17:10:01.718+0000] {standard_task_runner.py:107} ERROR - Failed to execute job 613 for task wait_for_ingestion (Sensor has timed out; run duration of 300.1209998310078 seconds exceeds the specified timeout of 300.0.; 58809)
[2026-09-04T17:10:01.763+0000] {local_task_job_runner.py:234} INFO - Task exited with return code 1
[2026-09-04T17:10:01.786+0000] {taskinstance.py:3280} INFO - 0 downstream tasks scheduled from follow-on schedule check
