[2026-09-06T18:00:00.983+0000] {taskinstance.py:1956} INFO - Dependencies all met for dep_context=non-requeueable deps ti=<TaskInstance: air_quality_ingestion.ingest_to_bronze scheduled__2026-09-06T17:00:00+00:00 [queued]>
[2026-09-06T18:00:00.988+0000] {taskinstance.py:1956} INFO - Dependencies all met for dep_context=requeueable deps ti=<TaskInstance: air_quality_ingestion.ingest_to_bronze scheduled__2026-09-06T17:00:00+00:00 [queued]>
[2026-09-06T18:00:00.989+0000] {taskinstance.py:2170} INFO - Starting attempt 1 of 4
[2026-09-06T18:00:00.998+0000] {taskinstance.py:2191} INFO - Executing <Task(PythonOperator): ingest_to_bronze> on 2026-09-06 17:00:00+00:00
[2026-09-06T18:00:01.001+0000] {standard_task_runner.py:60} INFO - Started process 81203 to run task
[2026-09-06T18:00:01.004+0000] {standard_task_runner.py:87} INFO - Running: ['***', 'tasks', 'run', 'air_quality_ingestion', 'ingest_to_bronze', 'scheduled__2026-09-06T17:00:00+00:00', '--job-id', '667', '--raw', '--subdir', 'DAGS_FOLDER/ingestion_dag.py', '--cfg-path', '/tmp/tmpy08nenrl']
[2026-09-06T18:00:01.006+0000] {standard_task_runner.py:88} INFO - Job 667: Subtask ingest_to_bronze
[2026-09-06T18:00:01.061+0000] {task_command.py:423} INFO - Running <TaskInstance: air_quality_ingestion.ingest_to_bronze scheduled__2026-09-06T17:00:00+00:00 [running]> on host 6a0525c4c718
[2026-09-06T18:00:01.124+0000] {taskinstance.py:2480} INFO - Exporting env vars: AIRFLOW_CTX_DAG_OWNER='***' AIRFLOW_CTX_DAG_ID='air_quality_ingestion' AIRFLOW_CTX_TASK_ID='ingest_to_bronze' AIRFLOW_CTX_EXECUTION_DATE='2026-09-06T17:00:00+00:00' AIRFLOW_CTX_TRY_NUMBER='1' AIRFLOW_CTX_DAG_RUN_ID='scheduled__2026-09-06T17:00:00+00:00'
[2026-09-06T18:00:01.192+0000] {logging_mixin.py:188} INFO - Created bucket: bronze-air-quality
[2026-09-06T18:00:01.198+0000] {logging_mixin.py:188} INFO - Created bucket: silver-air-quality
[2026-09-06T18:00:01.204+0000] {logging_mixin.py:188} INFO - Created bucket: gold-air-quality
[2026-09-06T18:00:01.931+0000] {logging_mixin.py:188} INFO - ✓ new york: AQI=18
[2026-09-06T18:00:02.709+0000] {logging_mixin.py:188} INFO - ✓ london: AQI=38
[2026-09-06T18:00:03.463+0000] {logging_mixin.py:188} INFO - ✓ beijing: AQI=70
[2026-09-06T18:00:04.193+0000] {logging_mixin.py:188} INFO - ✓ delhi: AQI=53
[2026-09-06T18:00:04.971+0000] {logging_mixin.py:188} INFO - ✓ sydney: AQI=16
[2026-09-06T18:00:05.010+0000] {logging_mixin.py:188} INFO - Saved → s3://bronze-air-quality/year=2026/month=09/day=06/city=new_york/180001.json
[2026-09-06T18:00:05.055+0000] {logging_mixin.py:188} INFO - Saved → s3://bronze-air-quality/year=2026/month=09/day=06/city=london/180001.json
[2026-09-06T18:00:05.071+0000] {logging_mixin.py:188} INFO - Saved → s3://bronze-air-quality/year=2026/month=09/day=06/city=beijing/180001.json
[2026-09-06T18:00:05.084+0000] {logging_mixin.py:188} INFO - Saved → s3://bronze-air-quality/year=2026/month=09/day=06/city=delhi/180001.json
[2026-09-06T18:00:05.091+0000] {logging_mixin.py:188} INFO - Saved → s3://bronze-air-quality/year=2026/month=09/day=06/city=sydney/180001.json
[2026-09-06T18:00:05.093+0000] {logging_mixin.py:188} INFO - 
Total records ingested: 5
[2026-09-06T18:00:05.093+0000] {python.py:201} INFO - Done. Returned value was: None
[2026-09-06T18:00:05.106+0000] {taskinstance.py:1138} INFO - Marking task as SUCCESS. dag_id=air_quality_ingestion, task_id=ingest_to_bronze, execution_date=20260906T170000, start_date=20260906T180000, end_date=20260906T180005
[2026-09-06T18:00:05.130+0000] {local_task_job_runner.py:234} INFO - Task exited with return code 0
[2026-09-06T18:00:05.143+0000] {taskinstance.py:3280} INFO - 0 downstream tasks scheduled from follow-on schedule check
