[2026-09-06T16:00:00.446+0000] {taskinstance.py:1956} INFO - Dependencies all met for dep_context=non-requeueable deps ti=<TaskInstance: air_quality_ingestion.ingest_to_bronze scheduled__2026-09-06T15:00:00+00:00 [queued]>
[2026-09-06T16:00:00.454+0000] {taskinstance.py:1956} INFO - Dependencies all met for dep_context=requeueable deps ti=<TaskInstance: air_quality_ingestion.ingest_to_bronze scheduled__2026-09-06T15:00:00+00:00 [queued]>
[2026-09-06T16:00:00.455+0000] {taskinstance.py:2170} INFO - Starting attempt 1 of 4
[2026-09-06T16:00:00.466+0000] {taskinstance.py:2191} INFO - Executing <Task(PythonOperator): ingest_to_bronze> on 2026-09-06 15:00:00+00:00
[2026-09-06T16:00:00.470+0000] {standard_task_runner.py:60} INFO - Started process 78835 to run task
[2026-09-06T16:00:00.472+0000] {standard_task_runner.py:87} INFO - Running: ['***', 'tasks', 'run', 'air_quality_ingestion', 'ingest_to_bronze', 'scheduled__2026-09-06T15:00:00+00:00', '--job-id', '663', '--raw', '--subdir', 'DAGS_FOLDER/ingestion_dag.py', '--cfg-path', '/tmp/tmp0exed4hl']
[2026-09-06T16:00:00.474+0000] {standard_task_runner.py:88} INFO - Job 663: Subtask ingest_to_bronze
[2026-09-06T16:00:00.527+0000] {task_command.py:423} INFO - Running <TaskInstance: air_quality_ingestion.ingest_to_bronze scheduled__2026-09-06T15:00:00+00:00 [running]> on host 6a0525c4c718
[2026-09-06T16:00:00.588+0000] {taskinstance.py:2480} INFO - Exporting env vars: AIRFLOW_CTX_DAG_OWNER='***' AIRFLOW_CTX_DAG_ID='air_quality_ingestion' AIRFLOW_CTX_TASK_ID='ingest_to_bronze' AIRFLOW_CTX_EXECUTION_DATE='2026-09-06T15:00:00+00:00' AIRFLOW_CTX_TRY_NUMBER='1' AIRFLOW_CTX_DAG_RUN_ID='scheduled__2026-09-06T15:00:00+00:00'
[2026-09-06T16:00:00.656+0000] {logging_mixin.py:188} INFO - Created bucket: bronze-air-quality
[2026-09-06T16:00:00.660+0000] {logging_mixin.py:188} INFO - Created bucket: silver-air-quality
[2026-09-06T16:00:00.665+0000] {logging_mixin.py:188} INFO - Created bucket: gold-air-quality
[2026-09-06T16:00:01.427+0000] {logging_mixin.py:188} INFO - ✓ new york: AQI=13
[2026-09-06T16:00:02.173+0000] {logging_mixin.py:188} INFO - ✓ london: AQI=55
[2026-09-06T16:00:02.882+0000] {logging_mixin.py:188} INFO - ✓ beijing: AQI=89
[2026-09-06T16:00:03.736+0000] {logging_mixin.py:188} INFO - ✓ delhi: AQI=30
[2026-09-06T16:00:04.504+0000] {logging_mixin.py:188} INFO - ✓ sydney: AQI=20
[2026-09-06T16:00:04.516+0000] {logging_mixin.py:188} INFO - Saved → s3://bronze-air-quality/year=2026/month=09/day=06/city=new_york/160000.json
[2026-09-06T16:00:04.524+0000] {logging_mixin.py:188} INFO - Saved → s3://bronze-air-quality/year=2026/month=09/day=06/city=london/160000.json
[2026-09-06T16:00:04.531+0000] {logging_mixin.py:188} INFO - Saved → s3://bronze-air-quality/year=2026/month=09/day=06/city=beijing/160000.json
[2026-09-06T16:00:04.538+0000] {logging_mixin.py:188} INFO - Saved → s3://bronze-air-quality/year=2026/month=09/day=06/city=delhi/160000.json
[2026-09-06T16:00:04.543+0000] {logging_mixin.py:188} INFO - Saved → s3://bronze-air-quality/year=2026/month=09/day=06/city=sydney/160000.json
[2026-09-06T16:00:04.544+0000] {logging_mixin.py:188} INFO - 
Total records ingested: 5
[2026-09-06T16:00:04.544+0000] {python.py:201} INFO - Done. Returned value was: None
[2026-09-06T16:00:04.552+0000] {taskinstance.py:1138} INFO - Marking task as SUCCESS. dag_id=air_quality_ingestion, task_id=ingest_to_bronze, execution_date=20260906T150000, start_date=20260906T160000, end_date=20260906T160004
[2026-09-06T16:00:04.640+0000] {local_task_job_runner.py:234} INFO - Task exited with return code 0
[2026-09-06T16:00:04.659+0000] {taskinstance.py:3280} INFO - 0 downstream tasks scheduled from follow-on schedule check
