[2026-08-31T00:00:03.070+0000] {taskinstance.py:1956} INFO - Dependencies all met for dep_context=non-requeueable deps ti=<TaskInstance: air_quality_ingestion.ingest_to_bronze scheduled__2026-08-30T23:00:00+00:00 [queued]>
[2026-08-31T00:00:03.081+0000] {taskinstance.py:1956} INFO - Dependencies all met for dep_context=requeueable deps ti=<TaskInstance: air_quality_ingestion.ingest_to_bronze scheduled__2026-08-30T23:00:00+00:00 [queued]>
[2026-08-31T00:00:03.082+0000] {taskinstance.py:2170} INFO - Starting attempt 1 of 4
[2026-08-31T00:00:03.106+0000] {taskinstance.py:2191} INFO - Executing <Task(PythonOperator): ingest_to_bronze> on 2026-08-30 23:00:00+00:00
[2026-08-31T00:00:03.117+0000] {standard_task_runner.py:60} INFO - Started process 21908 to run task
[2026-08-31T00:00:03.121+0000] {standard_task_runner.py:87} INFO - Running: ['***', 'tasks', 'run', 'air_quality_ingestion', 'ingest_to_bronze', 'scheduled__2026-08-30T23:00:00+00:00', '--job-id', '475', '--raw', '--subdir', 'DAGS_FOLDER/ingestion_dag.py', '--cfg-path', '/tmp/tmpahj62bsc']
[2026-08-31T00:00:03.125+0000] {standard_task_runner.py:88} INFO - Job 475: Subtask ingest_to_bronze
[2026-08-31T00:00:03.254+0000] {task_command.py:423} INFO - Running <TaskInstance: air_quality_ingestion.ingest_to_bronze scheduled__2026-08-30T23:00:00+00:00 [running]> on host 6a0525c4c718
[2026-08-31T00:00:03.394+0000] {taskinstance.py:2480} INFO - Exporting env vars: AIRFLOW_CTX_DAG_OWNER='***' AIRFLOW_CTX_DAG_ID='air_quality_ingestion' AIRFLOW_CTX_TASK_ID='ingest_to_bronze' AIRFLOW_CTX_EXECUTION_DATE='2026-08-30T23:00:00+00:00' AIRFLOW_CTX_TRY_NUMBER='1' AIRFLOW_CTX_DAG_RUN_ID='scheduled__2026-08-30T23:00:00+00:00'
[2026-08-31T00:00:03.852+0000] {logging_mixin.py:188} INFO - Created bucket: bronze-air-quality
[2026-08-31T00:00:03.874+0000] {logging_mixin.py:188} INFO - Created bucket: silver-air-quality
[2026-08-31T00:00:03.890+0000] {logging_mixin.py:188} INFO - Created bucket: gold-air-quality
[2026-08-31T00:00:05.054+0000] {logging_mixin.py:188} INFO - ✓ new york: AQI=44
[2026-08-31T00:00:06.064+0000] {logging_mixin.py:188} INFO - ✓ london: AQI=50
[2026-08-31T00:00:07.055+0000] {logging_mixin.py:188} INFO - ✓ beijing: AQI=17
[2026-08-31T00:00:07.927+0000] {logging_mixin.py:188} INFO - ✓ delhi: AQI=68
[2026-08-31T00:00:08.747+0000] {logging_mixin.py:188} INFO - ✓ sydney: AQI=59
[2026-08-31T00:00:08.780+0000] {logging_mixin.py:188} INFO - Saved → s3://bronze-air-quality/year=2026/month=08/day=31/city=new_york/000003.json
[2026-08-31T00:00:08.789+0000] {logging_mixin.py:188} INFO - Saved → s3://bronze-air-quality/year=2026/month=08/day=31/city=london/000003.json
[2026-08-31T00:00:08.798+0000] {logging_mixin.py:188} INFO - Saved → s3://bronze-air-quality/year=2026/month=08/day=31/city=beijing/000003.json
[2026-08-31T00:00:08.807+0000] {logging_mixin.py:188} INFO - Saved → s3://bronze-air-quality/year=2026/month=08/day=31/city=delhi/000003.json
[2026-08-31T00:00:08.820+0000] {logging_mixin.py:188} INFO - Saved → s3://bronze-air-quality/year=2026/month=08/day=31/city=sydney/000003.json
[2026-08-31T00:00:08.820+0000] {logging_mixin.py:188} INFO - 
Total records ingested: 5
[2026-08-31T00:00:08.821+0000] {python.py:201} INFO - Done. Returned value was: None
[2026-08-31T00:00:08.833+0000] {taskinstance.py:1138} INFO - Marking task as SUCCESS. dag_id=air_quality_ingestion, task_id=ingest_to_bronze, execution_date=20260830T230000, start_date=20260831T000003, end_date=20260831T000008
[2026-08-31T00:00:08.892+0000] {local_task_job_runner.py:234} INFO - Task exited with return code 0
[2026-08-31T00:00:08.910+0000] {taskinstance.py:3280} INFO - 0 downstream tasks scheduled from follow-on schedule check
