[2026-09-08T16:00:00.646+0000] {taskinstance.py:1956} INFO - Dependencies all met for dep_context=non-requeueable deps ti=<TaskInstance: air_quality_ingestion.ingest_to_bronze scheduled__2026-09-08T15:00:00+00:00 [queued]>
[2026-09-08T16:00:00.655+0000] {taskinstance.py:1956} INFO - Dependencies all met for dep_context=requeueable deps ti=<TaskInstance: air_quality_ingestion.ingest_to_bronze scheduled__2026-09-08T15:00:00+00:00 [queued]>
[2026-09-08T16:00:00.656+0000] {taskinstance.py:2170} INFO - Starting attempt 1 of 4
[2026-09-08T16:00:00.671+0000] {taskinstance.py:2191} INFO - Executing <Task(PythonOperator): ingest_to_bronze> on 2026-09-08 15:00:00+00:00
[2026-09-08T16:00:00.676+0000] {standard_task_runner.py:60} INFO - Started process 98091 to run task
[2026-09-08T16:00:00.680+0000] {standard_task_runner.py:87} INFO - Running: ['***', 'tasks', 'run', 'air_quality_ingestion', 'ingest_to_bronze', 'scheduled__2026-09-08T15:00:00+00:00', '--job-id', '720', '--raw', '--subdir', 'DAGS_FOLDER/ingestion_dag.py', '--cfg-path', '/tmp/tmpm2ccrht3']
[2026-09-08T16:00:00.683+0000] {standard_task_runner.py:88} INFO - Job 720: Subtask ingest_to_bronze
[2026-09-08T16:00:00.749+0000] {task_command.py:423} INFO - Running <TaskInstance: air_quality_ingestion.ingest_to_bronze scheduled__2026-09-08T15:00:00+00:00 [running]> on host 6a0525c4c718
[2026-09-08T16:00:00.817+0000] {taskinstance.py:2480} INFO - Exporting env vars: AIRFLOW_CTX_DAG_OWNER='***' AIRFLOW_CTX_DAG_ID='air_quality_ingestion' AIRFLOW_CTX_TASK_ID='ingest_to_bronze' AIRFLOW_CTX_EXECUTION_DATE='2026-09-08T15:00:00+00:00' AIRFLOW_CTX_TRY_NUMBER='1' AIRFLOW_CTX_DAG_RUN_ID='scheduled__2026-09-08T15:00:00+00:00'
[2026-09-08T16:00:00.891+0000] {logging_mixin.py:188} INFO - Created bucket: bronze-air-quality
[2026-09-08T16:00:00.897+0000] {logging_mixin.py:188} INFO - Created bucket: silver-air-quality
[2026-09-08T16:00:00.902+0000] {logging_mixin.py:188} INFO - Created bucket: gold-air-quality
[2026-09-08T16:00:01.886+0000] {logging_mixin.py:188} INFO - ✓ new york: AQI=29
[2026-09-08T16:00:02.814+0000] {logging_mixin.py:188} INFO - ✓ london: AQI=20
[2026-09-08T16:00:03.592+0000] {logging_mixin.py:188} INFO - ✓ beijing: AQI=34
[2026-09-08T16:00:04.651+0000] {logging_mixin.py:188} INFO - ✓ delhi: AQI=97
[2026-09-08T16:00:05.545+0000] {logging_mixin.py:188} INFO - ✓ sydney: AQI=16
[2026-09-08T16:00:05.585+0000] {logging_mixin.py:188} INFO - Saved → s3://bronze-air-quality/year=2026/month=09/day=08/city=new_york/160000.json
[2026-09-08T16:00:05.592+0000] {logging_mixin.py:188} INFO - Saved → s3://bronze-air-quality/year=2026/month=09/day=08/city=london/160000.json
[2026-09-08T16:00:05.600+0000] {logging_mixin.py:188} INFO - Saved → s3://bronze-air-quality/year=2026/month=09/day=08/city=beijing/160000.json
[2026-09-08T16:00:05.608+0000] {logging_mixin.py:188} INFO - Saved → s3://bronze-air-quality/year=2026/month=09/day=08/city=delhi/160000.json
[2026-09-08T16:00:05.616+0000] {logging_mixin.py:188} INFO - Saved → s3://bronze-air-quality/year=2026/month=09/day=08/city=sydney/160000.json
[2026-09-08T16:00:05.617+0000] {logging_mixin.py:188} INFO - 
Total records ingested: 5
[2026-09-08T16:00:05.617+0000] {python.py:201} INFO - Done. Returned value was: None
[2026-09-08T16:00:05.627+0000] {taskinstance.py:1138} INFO - Marking task as SUCCESS. dag_id=air_quality_ingestion, task_id=ingest_to_bronze, execution_date=20260908T150000, start_date=20260908T160000, end_date=20260908T160005
[2026-09-08T16:00:05.652+0000] {local_task_job_runner.py:234} INFO - Task exited with return code 0
[2026-09-08T16:00:05.666+0000] {taskinstance.py:3280} INFO - 0 downstream tasks scheduled from follow-on schedule check
