[2026-08-11T02:00:00.869+0000] {taskinstance.py:1956} INFO - Dependencies all met for dep_context=non-requeueable deps ti=<TaskInstance: air_quality_ingestion.ingest_to_bronze scheduled__2026-08-11T01:00:00+00:00 [queued]>
[2026-08-11T02:00:00.880+0000] {taskinstance.py:1956} INFO - Dependencies all met for dep_context=requeueable deps ti=<TaskInstance: air_quality_ingestion.ingest_to_bronze scheduled__2026-08-11T01:00:00+00:00 [queued]>
[2026-08-11T02:00:00.880+0000] {taskinstance.py:2170} INFO - Starting attempt 1 of 4
[2026-08-11T02:00:00.892+0000] {taskinstance.py:2191} INFO - Executing <Task(PythonOperator): ingest_to_bronze> on 2026-08-11 01:00:00+00:00
[2026-08-11T02:00:00.896+0000] {standard_task_runner.py:60} INFO - Started process 26675 to run task
[2026-08-11T02:00:00.898+0000] {standard_task_runner.py:87} INFO - Running: ['***', 'tasks', 'run', 'air_quality_ingestion', 'ingest_to_bronze', 'scheduled__2026-08-11T01:00:00+00:00', '--job-id', '202', '--raw', '--subdir', 'DAGS_FOLDER/ingestion_dag.py', '--cfg-path', '/tmp/tmpoi3_k8dx']
[2026-08-11T02:00:00.901+0000] {standard_task_runner.py:88} INFO - Job 202: Subtask ingest_to_bronze
[2026-08-11T02:00:00.963+0000] {task_command.py:423} INFO - Running <TaskInstance: air_quality_ingestion.ingest_to_bronze scheduled__2026-08-11T01:00:00+00:00 [running]> on host 6a0525c4c718
[2026-08-11T02:00:01.029+0000] {taskinstance.py:2480} INFO - Exporting env vars: AIRFLOW_CTX_DAG_OWNER='***' AIRFLOW_CTX_DAG_ID='air_quality_ingestion' AIRFLOW_CTX_TASK_ID='ingest_to_bronze' AIRFLOW_CTX_EXECUTION_DATE='2026-08-11T01:00:00+00:00' AIRFLOW_CTX_TRY_NUMBER='1' AIRFLOW_CTX_DAG_RUN_ID='scheduled__2026-08-11T01:00:00+00:00'
[2026-08-11T02:00:01.110+0000] {logging_mixin.py:188} INFO - Created bucket: bronze-air-quality
[2026-08-11T02:00:01.116+0000] {logging_mixin.py:188} INFO - Created bucket: silver-air-quality
[2026-08-11T02:00:01.121+0000] {logging_mixin.py:188} INFO - Created bucket: gold-air-quality
[2026-08-11T02:00:01.906+0000] {logging_mixin.py:188} INFO - ✓ new york: AQI=55
[2026-08-11T02:00:02.672+0000] {logging_mixin.py:188} INFO - ✓ london: AQI=30
[2026-08-11T02:00:03.438+0000] {logging_mixin.py:188} INFO - ✓ beijing: AQI=82
[2026-08-11T02:00:04.206+0000] {logging_mixin.py:188} INFO - ✓ delhi: AQI=67
[2026-08-11T02:00:04.977+0000] {logging_mixin.py:188} INFO - ✓ sydney: AQI=13
[2026-08-11T02:00:04.986+0000] {logging_mixin.py:188} INFO - Saved → s3://bronze-air-quality/year=2026/month=08/day=11/city=new_york/020001.json
[2026-08-11T02:00:04.993+0000] {logging_mixin.py:188} INFO - Saved → s3://bronze-air-quality/year=2026/month=08/day=11/city=london/020001.json
[2026-08-11T02:00:05.000+0000] {logging_mixin.py:188} INFO - Saved → s3://bronze-air-quality/year=2026/month=08/day=11/city=beijing/020001.json
[2026-08-11T02:00:05.006+0000] {logging_mixin.py:188} INFO - Saved → s3://bronze-air-quality/year=2026/month=08/day=11/city=delhi/020001.json
[2026-08-11T02:00:05.013+0000] {logging_mixin.py:188} INFO - Saved → s3://bronze-air-quality/year=2026/month=08/day=11/city=sydney/020001.json
[2026-08-11T02:00:05.014+0000] {logging_mixin.py:188} INFO - 
Total records ingested: 5
[2026-08-11T02:00:05.014+0000] {python.py:201} INFO - Done. Returned value was: None
[2026-08-11T02:00:05.022+0000] {taskinstance.py:1138} INFO - Marking task as SUCCESS. dag_id=air_quality_ingestion, task_id=ingest_to_bronze, execution_date=20260811T010000, start_date=20260811T020000, end_date=20260811T020005
[2026-08-11T02:00:05.056+0000] {local_task_job_runner.py:234} INFO - Task exited with return code 0
[2026-08-11T02:00:05.073+0000] {taskinstance.py:3280} INFO - 0 downstream tasks scheduled from follow-on schedule check
