[2026-09-09T02:00:00.896+0000] {taskinstance.py:1956} INFO - Dependencies all met for dep_context=non-requeueable deps ti=<TaskInstance: air_quality_ingestion.ingest_to_bronze scheduled__2026-09-09T01:00:00+00:00 [queued]>
[2026-09-09T02:00:00.902+0000] {taskinstance.py:1956} INFO - Dependencies all met for dep_context=requeueable deps ti=<TaskInstance: air_quality_ingestion.ingest_to_bronze scheduled__2026-09-09T01:00:00+00:00 [queued]>
[2026-09-09T02:00:00.903+0000] {taskinstance.py:2170} INFO - Starting attempt 1 of 4
[2026-09-09T02:00:00.912+0000] {taskinstance.py:2191} INFO - Executing <Task(PythonOperator): ingest_to_bronze> on 2026-09-09 01:00:00+00:00
[2026-09-09T02:00:00.915+0000] {standard_task_runner.py:60} INFO - Started process 778 to run task
[2026-09-09T02:00:00.919+0000] {standard_task_runner.py:87} INFO - Running: ['***', 'tasks', 'run', 'air_quality_ingestion', 'ingest_to_bronze', 'scheduled__2026-09-09T01:00:00+00:00', '--job-id', '731', '--raw', '--subdir', 'DAGS_FOLDER/ingestion_dag.py', '--cfg-path', '/tmp/tmp8s9ywqcp']
[2026-09-09T02:00:00.922+0000] {standard_task_runner.py:88} INFO - Job 731: Subtask ingest_to_bronze
[2026-09-09T02:00:00.983+0000] {task_command.py:423} INFO - Running <TaskInstance: air_quality_ingestion.ingest_to_bronze scheduled__2026-09-09T01:00:00+00:00 [running]> on host 6a0525c4c718
[2026-09-09T02:00:01.055+0000] {taskinstance.py:2480} INFO - Exporting env vars: AIRFLOW_CTX_DAG_OWNER='***' AIRFLOW_CTX_DAG_ID='air_quality_ingestion' AIRFLOW_CTX_TASK_ID='ingest_to_bronze' AIRFLOW_CTX_EXECUTION_DATE='2026-09-09T01:00:00+00:00' AIRFLOW_CTX_TRY_NUMBER='1' AIRFLOW_CTX_DAG_RUN_ID='scheduled__2026-09-09T01:00:00+00:00'
[2026-09-09T02:00:01.140+0000] {logging_mixin.py:188} INFO - Created bucket: bronze-air-quality
[2026-09-09T02:00:01.146+0000] {logging_mixin.py:188} INFO - Created bucket: silver-air-quality
[2026-09-09T02:00:01.153+0000] {logging_mixin.py:188} INFO - Created bucket: gold-air-quality
[2026-09-09T02:00:01.940+0000] {logging_mixin.py:188} INFO - ✓ new york: AQI=38
[2026-09-09T02:00:02.688+0000] {logging_mixin.py:188} INFO - ✓ london: AQI=46
[2026-09-09T02:00:04.290+0000] {logging_mixin.py:188} INFO - ✓ beijing: AQI=21
[2026-09-09T02:00:05.165+0000] {logging_mixin.py:188} INFO - ✓ delhi: AQI=55
[2026-09-09T02:00:05.967+0000] {logging_mixin.py:188} INFO - ✓ sydney: AQI=26
[2026-09-09T02:00:05.976+0000] {logging_mixin.py:188} INFO - Saved → s3://bronze-air-quality/year=2026/month=09/day=09/city=new_york/020001.json
[2026-09-09T02:00:05.983+0000] {logging_mixin.py:188} INFO - Saved → s3://bronze-air-quality/year=2026/month=09/day=09/city=london/020001.json
[2026-09-09T02:00:05.990+0000] {logging_mixin.py:188} INFO - Saved → s3://bronze-air-quality/year=2026/month=09/day=09/city=beijing/020001.json
[2026-09-09T02:00:05.996+0000] {logging_mixin.py:188} INFO - Saved → s3://bronze-air-quality/year=2026/month=09/day=09/city=delhi/020001.json
[2026-09-09T02:00:06.005+0000] {logging_mixin.py:188} INFO - Saved → s3://bronze-air-quality/year=2026/month=09/day=09/city=sydney/020001.json
[2026-09-09T02:00:06.006+0000] {logging_mixin.py:188} INFO - 
Total records ingested: 5
[2026-09-09T02:00:06.006+0000] {python.py:201} INFO - Done. Returned value was: None
[2026-09-09T02:00:06.014+0000] {taskinstance.py:1138} INFO - Marking task as SUCCESS. dag_id=air_quality_ingestion, task_id=ingest_to_bronze, execution_date=20260909T010000, start_date=20260909T020000, end_date=20260909T020006
[2026-09-09T02:00:06.048+0000] {local_task_job_runner.py:234} INFO - Task exited with return code 0
[2026-09-09T02:00:06.061+0000] {taskinstance.py:3280} INFO - 0 downstream tasks scheduled from follow-on schedule check
