[2026-09-07T16:00:01.665+0000] {taskinstance.py:1956} INFO - Dependencies all met for dep_context=non-requeueable deps ti=<TaskInstance: air_quality_ingestion.ingest_to_bronze scheduled__2026-09-07T15:00:00+00:00 [queued]>
[2026-09-07T16:00:01.672+0000] {taskinstance.py:1956} INFO - Dependencies all met for dep_context=requeueable deps ti=<TaskInstance: air_quality_ingestion.ingest_to_bronze scheduled__2026-09-07T15:00:00+00:00 [queued]>
[2026-09-07T16:00:01.673+0000] {taskinstance.py:2170} INFO - Starting attempt 1 of 4
[2026-09-07T16:00:01.686+0000] {taskinstance.py:2191} INFO - Executing <Task(PythonOperator): ingest_to_bronze> on 2026-09-07 15:00:00+00:00
[2026-09-07T16:00:01.694+0000] {standard_task_runner.py:60} INFO - Started process 94114 to run task
[2026-09-07T16:00:01.698+0000] {standard_task_runner.py:87} INFO - Running: ['***', 'tasks', 'run', 'air_quality_ingestion', 'ingest_to_bronze', 'scheduled__2026-09-07T15:00:00+00:00', '--job-id', '700', '--raw', '--subdir', 'DAGS_FOLDER/ingestion_dag.py', '--cfg-path', '/tmp/tmpy28urt7q']
[2026-09-07T16:00:01.701+0000] {standard_task_runner.py:88} INFO - Job 700: Subtask ingest_to_bronze
[2026-09-07T16:00:01.778+0000] {task_command.py:423} INFO - Running <TaskInstance: air_quality_ingestion.ingest_to_bronze scheduled__2026-09-07T15:00:00+00:00 [running]> on host 6a0525c4c718
[2026-09-07T16:00:01.867+0000] {taskinstance.py:2480} INFO - Exporting env vars: AIRFLOW_CTX_DAG_OWNER='***' AIRFLOW_CTX_DAG_ID='air_quality_ingestion' AIRFLOW_CTX_TASK_ID='ingest_to_bronze' AIRFLOW_CTX_EXECUTION_DATE='2026-09-07T15:00:00+00:00' AIRFLOW_CTX_TRY_NUMBER='1' AIRFLOW_CTX_DAG_RUN_ID='scheduled__2026-09-07T15:00:00+00:00'
[2026-09-07T16:00:02.014+0000] {logging_mixin.py:188} INFO - Created bucket: bronze-air-quality
[2026-09-07T16:00:02.020+0000] {logging_mixin.py:188} INFO - Created bucket: silver-air-quality
[2026-09-07T16:00:02.027+0000] {logging_mixin.py:188} INFO - Created bucket: gold-air-quality
[2026-09-07T16:00:03.172+0000] {logging_mixin.py:188} INFO - ✓ new york: AQI=25
[2026-09-07T16:00:03.986+0000] {logging_mixin.py:188} INFO - ✓ london: AQI=42
[2026-09-07T16:00:04.858+0000] {logging_mixin.py:188} INFO - ✓ beijing: AQI=21
[2026-09-07T16:00:05.618+0000] {logging_mixin.py:188} INFO - ✓ delhi: AQI=97
[2026-09-07T16:00:06.400+0000] {logging_mixin.py:188} INFO - ✓ sydney: AQI=18
[2026-09-07T16:00:06.431+0000] {logging_mixin.py:188} INFO - Saved → s3://bronze-air-quality/year=2026/month=09/day=07/city=new_york/160002.json
[2026-09-07T16:00:06.438+0000] {logging_mixin.py:188} INFO - Saved → s3://bronze-air-quality/year=2026/month=09/day=07/city=london/160002.json
[2026-09-07T16:00:06.447+0000] {logging_mixin.py:188} INFO - Saved → s3://bronze-air-quality/year=2026/month=09/day=07/city=beijing/160002.json
[2026-09-07T16:00:06.454+0000] {logging_mixin.py:188} INFO - Saved → s3://bronze-air-quality/year=2026/month=09/day=07/city=delhi/160002.json
[2026-09-07T16:00:06.463+0000] {logging_mixin.py:188} INFO - Saved → s3://bronze-air-quality/year=2026/month=09/day=07/city=sydney/160002.json
[2026-09-07T16:00:06.464+0000] {logging_mixin.py:188} INFO - 
Total records ingested: 5
[2026-09-07T16:00:06.465+0000] {python.py:201} INFO - Done. Returned value was: None
[2026-09-07T16:00:06.474+0000] {taskinstance.py:1138} INFO - Marking task as SUCCESS. dag_id=air_quality_ingestion, task_id=ingest_to_bronze, execution_date=20260907T150000, start_date=20260907T160001, end_date=20260907T160006
[2026-09-07T16:00:06.504+0000] {local_task_job_runner.py:234} INFO - Task exited with return code 0
[2026-09-07T16:00:06.518+0000] {taskinstance.py:3280} INFO - 0 downstream tasks scheduled from follow-on schedule check
