[2026-08-14T17:05:01.051+0000] {taskinstance.py:1956} INFO - Dependencies all met for dep_context=non-requeueable deps ti=<TaskInstance: air_quality_pipeline.wait_for_ingestion scheduled__2026-08-14T16:05:00+00:00 [queued]>
[2026-08-14T17:05:01.058+0000] {taskinstance.py:1956} INFO - Dependencies all met for dep_context=requeueable deps ti=<TaskInstance: air_quality_pipeline.wait_for_ingestion scheduled__2026-08-14T16:05:00+00:00 [queued]>
[2026-08-14T17:05:01.059+0000] {taskinstance.py:2170} INFO - Starting attempt 1 of 3
[2026-08-14T17:05:01.070+0000] {taskinstance.py:2191} INFO - Executing <Task(ExternalTaskSensor): wait_for_ingestion> on 2026-08-14 16:05:00+00:00
[2026-08-14T17:05:01.075+0000] {standard_task_runner.py:60} INFO - Started process 51990 to run task
[2026-08-14T17:05:01.077+0000] {standard_task_runner.py:87} INFO - Running: ['***', 'tasks', 'run', 'air_quality_pipeline', 'wait_for_ingestion', 'scheduled__2026-08-14T16:05:00+00:00', '--job-id', '316', '--raw', '--subdir', 'DAGS_FOLDER/spark_pipeline_dag.py', '--cfg-path', '/tmp/tmp4mt1suo6']
[2026-08-14T17:05:01.080+0000] {standard_task_runner.py:88} INFO - Job 316: Subtask wait_for_ingestion
[2026-08-14T17:05:01.167+0000] {task_command.py:423} INFO - Running <TaskInstance: air_quality_pipeline.wait_for_ingestion scheduled__2026-08-14T16:05:00+00:00 [running]> on host 6a0525c4c718
[2026-08-14T17:05:01.245+0000] {taskinstance.py:2480} INFO - Exporting env vars: AIRFLOW_CTX_DAG_OWNER='***' AIRFLOW_CTX_DAG_ID='air_quality_pipeline' AIRFLOW_CTX_TASK_ID='wait_for_ingestion' AIRFLOW_CTX_EXECUTION_DATE='2026-08-14T16:05:00+00:00' AIRFLOW_CTX_TRY_NUMBER='1' AIRFLOW_CTX_DAG_RUN_ID='scheduled__2026-08-14T16:05:00+00:00'
[2026-08-14T17:05:01.247+0000] {external_task.py:244} INFO - Poking for tasks ['ingest_to_bronze'] in dag air_quality_ingestion on 2026-08-14T16:05:00+00:00 ... 
[2026-08-14T17:05:31.257+0000] {external_task.py:244} INFO - Poking for tasks ['ingest_to_bronze'] in dag air_quality_ingestion on 2026-08-14T16:05:00+00:00 ... 
[2026-08-14T17:06:01.265+0000] {external_task.py:244} INFO - Poking for tasks ['ingest_to_bronze'] in dag air_quality_ingestion on 2026-08-14T16:05:00+00:00 ... 
[2026-08-14T17:06:31.275+0000] {external_task.py:244} INFO - Poking for tasks ['ingest_to_bronze'] in dag air_quality_ingestion on 2026-08-14T16:05:00+00:00 ... 
[2026-08-14T17:07:01.285+0000] {external_task.py:244} INFO - Poking for tasks ['ingest_to_bronze'] in dag air_quality_ingestion on 2026-08-14T16:05:00+00:00 ... 
[2026-08-14T17:07:31.296+0000] {external_task.py:244} INFO - Poking for tasks ['ingest_to_bronze'] in dag air_quality_ingestion on 2026-08-14T16:05:00+00:00 ... 
[2026-08-14T17:08:01.304+0000] {external_task.py:244} INFO - Poking for tasks ['ingest_to_bronze'] in dag air_quality_ingestion on 2026-08-14T16:05:00+00:00 ... 
[2026-08-14T17:08:31.306+0000] {external_task.py:244} INFO - Poking for tasks ['ingest_to_bronze'] in dag air_quality_ingestion on 2026-08-14T16:05:00+00:00 ... 
[2026-08-14T17:09:01.315+0000] {external_task.py:244} INFO - Poking for tasks ['ingest_to_bronze'] in dag air_quality_ingestion on 2026-08-14T16:05:00+00:00 ... 
[2026-08-14T17:09:31.326+0000] {external_task.py:244} INFO - Poking for tasks ['ingest_to_bronze'] in dag air_quality_ingestion on 2026-08-14T16:05:00+00:00 ... 
[2026-08-14T17:10:01.336+0000] {external_task.py:244} INFO - Poking for tasks ['ingest_to_bronze'] in dag air_quality_ingestion on 2026-08-14T16:05:00+00:00 ... 
[2026-08-14T17:10:01.355+0000] {taskinstance.py:2698} ERROR - Task failed with exception
Traceback (most recent call last):
  File "/home/airflow/.local/lib/python3.11/site-packages/airflow/models/taskinstance.py", line 433, in _execute_task
    result = execute_callable(context=context, **execute_callable_kwargs)
             ^^^^^^^^^^^^^^^^^^^^^^^^^^^^^^^^^^^^^^^^^^^^^^^^^^^^^^^^^^^^
  File "/home/airflow/.local/lib/python3.11/site-packages/airflow/sensors/external_task.py", line 334, in execute
    super().execute(context)
  File "/home/airflow/.local/lib/python3.11/site-packages/airflow/sensors/base.py", line 282, in execute
    raise AirflowSensorTimeout(message)
airflow.exceptions.AirflowSensorTimeout: Sensor has timed out; run duration of 300.1386748389923 seconds exceeds the specified timeout of 300.0.
[2026-08-14T17:10:01.369+0000] {taskinstance.py:1138} INFO - Immediate failure requested. Marking task as FAILED. dag_id=air_quality_pipeline, task_id=wait_for_ingestion, execution_date=20260814T160500, start_date=20260814T170501, end_date=20260814T171001
[2026-08-14T17:10:01.388+0000] {standard_task_runner.py:107} ERROR - Failed to execute job 316 for task wait_for_ingestion (Sensor has timed out; run duration of 300.1386748389923 seconds exceeds the specified timeout of 300.0.; 51990)
[2026-08-14T17:10:01.406+0000] {local_task_job_runner.py:234} INFO - Task exited with return code 1
[2026-08-14T17:10:01.432+0000] {taskinstance.py:3280} INFO - 0 downstream tasks scheduled from follow-on schedule check
