[2026-08-08T00:00:36.463+0000] {taskinstance.py:1956} INFO - Dependencies all met for dep_context=non-requeueable deps ti=<TaskInstance: air_quality_pipeline.wait_for_ingestion scheduled__2026-08-07T22:05:00+00:00 [queued]>
[2026-08-08T00:00:36.512+0000] {taskinstance.py:1956} INFO - Dependencies all met for dep_context=requeueable deps ti=<TaskInstance: air_quality_pipeline.wait_for_ingestion scheduled__2026-08-07T22:05:00+00:00 [queued]>
[2026-08-08T00:00:36.521+0000] {taskinstance.py:2170} INFO - Starting attempt 1 of 3
[2026-08-08T00:00:36.586+0000] {taskinstance.py:2191} INFO - Executing <Task(ExternalTaskSensor): wait_for_ingestion> on 2026-08-07 22:05:00+00:00
[2026-08-08T00:00:36.644+0000] {standard_task_runner.py:60} INFO - Started process 17470 to run task
[2026-08-08T00:00:36.673+0000] {standard_task_runner.py:87} INFO - Running: ['***', 'tasks', 'run', 'air_quality_pipeline', 'wait_for_ingestion', 'scheduled__2026-08-07T22:05:00+00:00', '--job-id', '132', '--raw', '--subdir', 'DAGS_FOLDER/spark_pipeline_dag.py', '--cfg-path', '/tmp/tmpzjoruu10']
[2026-08-08T00:00:36.696+0000] {standard_task_runner.py:88} INFO - Job 132: Subtask wait_for_ingestion
[2026-08-08T00:00:37.075+0000] {task_command.py:423} INFO - Running <TaskInstance: air_quality_pipeline.wait_for_ingestion scheduled__2026-08-07T22:05:00+00:00 [running]> on host 6a0525c4c718
[2026-08-08T00:00:37.493+0000] {taskinstance.py:2480} INFO - Exporting env vars: AIRFLOW_CTX_DAG_OWNER='***' AIRFLOW_CTX_DAG_ID='air_quality_pipeline' AIRFLOW_CTX_TASK_ID='wait_for_ingestion' AIRFLOW_CTX_EXECUTION_DATE='2026-08-07T22:05:00+00:00' AIRFLOW_CTX_TRY_NUMBER='1' AIRFLOW_CTX_DAG_RUN_ID='scheduled__2026-08-07T22:05:00+00:00'
[2026-08-08T00:00:37.495+0000] {external_task.py:244} INFO - Poking for tasks ['ingest_to_bronze'] in dag air_quality_ingestion on 2026-08-07T22:05:00+00:00 ... 
[2026-08-08T00:01:07.543+0000] {external_task.py:244} INFO - Poking for tasks ['ingest_to_bronze'] in dag air_quality_ingestion on 2026-08-07T22:05:00+00:00 ... 
[2026-08-08T00:01:37.553+0000] {external_task.py:244} INFO - Poking for tasks ['ingest_to_bronze'] in dag air_quality_ingestion on 2026-08-07T22:05:00+00:00 ... 
[2026-08-08T00:02:07.564+0000] {external_task.py:244} INFO - Poking for tasks ['ingest_to_bronze'] in dag air_quality_ingestion on 2026-08-07T22:05:00+00:00 ... 
[2026-08-08T00:02:37.576+0000] {external_task.py:244} INFO - Poking for tasks ['ingest_to_bronze'] in dag air_quality_ingestion on 2026-08-07T22:05:00+00:00 ... 
[2026-08-08T00:03:07.584+0000] {external_task.py:244} INFO - Poking for tasks ['ingest_to_bronze'] in dag air_quality_ingestion on 2026-08-07T22:05:00+00:00 ... 
[2026-08-08T00:03:37.598+0000] {external_task.py:244} INFO - Poking for tasks ['ingest_to_bronze'] in dag air_quality_ingestion on 2026-08-07T22:05:00+00:00 ... 
[2026-08-08T00:04:07.614+0000] {external_task.py:244} INFO - Poking for tasks ['ingest_to_bronze'] in dag air_quality_ingestion on 2026-08-07T22:05:00+00:00 ... 
[2026-08-08T00:04:37.628+0000] {external_task.py:244} INFO - Poking for tasks ['ingest_to_bronze'] in dag air_quality_ingestion on 2026-08-07T22:05:00+00:00 ... 
[2026-08-08T00:05:07.676+0000] {external_task.py:244} INFO - Poking for tasks ['ingest_to_bronze'] in dag air_quality_ingestion on 2026-08-07T22:05:00+00:00 ... 
[2026-08-08T00:05:37.687+0000] {external_task.py:244} INFO - Poking for tasks ['ingest_to_bronze'] in dag air_quality_ingestion on 2026-08-07T22:05:00+00:00 ... 
[2026-08-08T00:05:37.702+0000] {taskinstance.py:2698} ERROR - Task failed with exception
Traceback (most recent call last):
  File "/home/airflow/.local/lib/python3.11/site-packages/airflow/models/taskinstance.py", line 433, in _execute_task
    result = execute_callable(context=context, **execute_callable_kwargs)
             ^^^^^^^^^^^^^^^^^^^^^^^^^^^^^^^^^^^^^^^^^^^^^^^^^^^^^^^^^^^^
  File "/home/airflow/.local/lib/python3.11/site-packages/airflow/sensors/external_task.py", line 334, in execute
    super().execute(context)
  File "/home/airflow/.local/lib/python3.11/site-packages/airflow/sensors/base.py", line 282, in execute
    raise AirflowSensorTimeout(message)
airflow.exceptions.AirflowSensorTimeout: Sensor has timed out; run duration of 300.22711790702306 seconds exceeds the specified timeout of 300.0.
[2026-08-08T00:05:37.717+0000] {taskinstance.py:1138} INFO - Immediate failure requested. Marking task as FAILED. dag_id=air_quality_pipeline, task_id=wait_for_ingestion, execution_date=20260807T220500, start_date=20260808T000036, end_date=20260808T000537
[2026-08-08T00:05:37.746+0000] {standard_task_runner.py:107} ERROR - Failed to execute job 132 for task wait_for_ingestion (Sensor has timed out; run duration of 300.22711790702306 seconds exceeds the specified timeout of 300.0.; 17470)
[2026-08-08T00:05:37.774+0000] {local_task_job_runner.py:234} INFO - Task exited with return code 1
[2026-08-08T00:05:37.824+0000] {taskinstance.py:3280} INFO - 0 downstream tasks scheduled from follow-on schedule check
