[2026-08-11T17:00:00.900+0000] {taskinstance.py:1956} INFO - Dependencies all met for dep_context=non-requeueable deps ti=<TaskInstance: air_quality_ingestion.ingest_to_bronze scheduled__2026-08-11T16:00:00+00:00 [queued]>
[2026-08-11T17:00:00.905+0000] {taskinstance.py:1956} INFO - Dependencies all met for dep_context=requeueable deps ti=<TaskInstance: air_quality_ingestion.ingest_to_bronze scheduled__2026-08-11T16:00:00+00:00 [queued]>
[2026-08-11T17:00:00.906+0000] {taskinstance.py:2170} INFO - Starting attempt 1 of 4
[2026-08-11T17:00:00.919+0000] {taskinstance.py:2191} INFO - Executing <Task(PythonOperator): ingest_to_bronze> on 2026-08-11 16:00:00+00:00
[2026-08-11T17:00:00.924+0000] {standard_task_runner.py:60} INFO - Started process 30447 to run task
[2026-08-11T17:00:00.927+0000] {standard_task_runner.py:87} INFO - Running: ['***', 'tasks', 'run', 'air_quality_ingestion', 'ingest_to_bronze', 'scheduled__2026-08-11T16:00:00+00:00', '--job-id', '218', '--raw', '--subdir', 'DAGS_FOLDER/ingestion_dag.py', '--cfg-path', '/tmp/tmp_fncjjro']
[2026-08-11T17:00:00.930+0000] {standard_task_runner.py:88} INFO - Job 218: Subtask ingest_to_bronze
[2026-08-11T17:00:01.002+0000] {task_command.py:423} INFO - Running <TaskInstance: air_quality_ingestion.ingest_to_bronze scheduled__2026-08-11T16:00:00+00:00 [running]> on host 6a0525c4c718
[2026-08-11T17:00:01.066+0000] {taskinstance.py:2480} INFO - Exporting env vars: AIRFLOW_CTX_DAG_OWNER='***' AIRFLOW_CTX_DAG_ID='air_quality_ingestion' AIRFLOW_CTX_TASK_ID='ingest_to_bronze' AIRFLOW_CTX_EXECUTION_DATE='2026-08-11T16:00:00+00:00' AIRFLOW_CTX_TRY_NUMBER='1' AIRFLOW_CTX_DAG_RUN_ID='scheduled__2026-08-11T16:00:00+00:00'
[2026-08-11T17:00:01.198+0000] {logging_mixin.py:188} INFO - Created bucket: bronze-air-quality
[2026-08-11T17:00:01.205+0000] {logging_mixin.py:188} INFO - Created bucket: silver-air-quality
[2026-08-11T17:00:01.210+0000] {logging_mixin.py:188} INFO - Created bucket: gold-air-quality
[2026-08-11T17:00:02.157+0000] {logging_mixin.py:188} INFO - ✓ new york: AQI=53
[2026-08-11T17:00:02.963+0000] {logging_mixin.py:188} INFO - ✓ london: AQI=50
[2026-08-11T17:00:03.736+0000] {logging_mixin.py:188} INFO - ✓ beijing: AQI=38
[2026-08-11T17:00:04.548+0000] {logging_mixin.py:188} INFO - ✓ delhi: AQI=72
[2026-08-11T17:00:05.273+0000] {logging_mixin.py:188} INFO - ✓ sydney: AQI=25
[2026-08-11T17:00:05.289+0000] {logging_mixin.py:188} INFO - Saved → s3://bronze-air-quality/year=2026/month=08/day=11/city=new_york/170001.json
[2026-08-11T17:00:05.296+0000] {logging_mixin.py:188} INFO - Saved → s3://bronze-air-quality/year=2026/month=08/day=11/city=london/170001.json
[2026-08-11T17:00:05.303+0000] {logging_mixin.py:188} INFO - Saved → s3://bronze-air-quality/year=2026/month=08/day=11/city=beijing/170001.json
[2026-08-11T17:00:05.311+0000] {logging_mixin.py:188} INFO - Saved → s3://bronze-air-quality/year=2026/month=08/day=11/city=delhi/170001.json
[2026-08-11T17:00:05.318+0000] {logging_mixin.py:188} INFO - Saved → s3://bronze-air-quality/year=2026/month=08/day=11/city=sydney/170001.json
[2026-08-11T17:00:05.319+0000] {logging_mixin.py:188} INFO - 
Total records ingested: 5
[2026-08-11T17:00:05.320+0000] {python.py:201} INFO - Done. Returned value was: None
[2026-08-11T17:00:05.327+0000] {taskinstance.py:1138} INFO - Marking task as SUCCESS. dag_id=air_quality_ingestion, task_id=ingest_to_bronze, execution_date=20260811T160000, start_date=20260811T170000, end_date=20260811T170005
[2026-08-11T17:00:05.378+0000] {local_task_job_runner.py:234} INFO - Task exited with return code 0
[2026-08-11T17:00:05.391+0000] {taskinstance.py:3280} INFO - 0 downstream tasks scheduled from follow-on schedule check
