[2026-09-03T16:05:00.550+0000] {taskinstance.py:1956} INFO - Dependencies all met for dep_context=non-requeueable deps ti=<TaskInstance: air_quality_pipeline.wait_for_ingestion scheduled__2026-09-03T15:05:00+00:00 [queued]>
[2026-09-03T16:05:00.556+0000] {taskinstance.py:1956} INFO - Dependencies all met for dep_context=requeueable deps ti=<TaskInstance: air_quality_pipeline.wait_for_ingestion scheduled__2026-09-03T15:05:00+00:00 [queued]>
[2026-09-03T16:05:00.557+0000] {taskinstance.py:2170} INFO - Starting attempt 1 of 3
[2026-09-03T16:05:00.566+0000] {taskinstance.py:2191} INFO - Executing <Task(ExternalTaskSensor): wait_for_ingestion> on 2026-09-03 15:05:00+00:00
[2026-09-03T16:05:00.570+0000] {standard_task_runner.py:60} INFO - Started process 48162 to run task
[2026-09-03T16:05:00.573+0000] {standard_task_runner.py:87} INFO - Running: ['***', 'tasks', 'run', 'air_quality_pipeline', 'wait_for_ingestion', 'scheduled__2026-09-03T15:05:00+00:00', '--job-id', '580', '--raw', '--subdir', 'DAGS_FOLDER/spark_pipeline_dag.py', '--cfg-path', '/tmp/tmp5lc85ffo']
[2026-09-03T16:05:00.575+0000] {standard_task_runner.py:88} INFO - Job 580: Subtask wait_for_ingestion
[2026-09-03T16:05:00.634+0000] {task_command.py:423} INFO - Running <TaskInstance: air_quality_pipeline.wait_for_ingestion scheduled__2026-09-03T15:05:00+00:00 [running]> on host 6a0525c4c718
[2026-09-03T16:05:00.695+0000] {taskinstance.py:2480} INFO - Exporting env vars: AIRFLOW_CTX_DAG_OWNER='***' AIRFLOW_CTX_DAG_ID='air_quality_pipeline' AIRFLOW_CTX_TASK_ID='wait_for_ingestion' AIRFLOW_CTX_EXECUTION_DATE='2026-09-03T15:05:00+00:00' AIRFLOW_CTX_TRY_NUMBER='1' AIRFLOW_CTX_DAG_RUN_ID='scheduled__2026-09-03T15:05:00+00:00'
[2026-09-03T16:05:00.696+0000] {external_task.py:244} INFO - Poking for tasks ['ingest_to_bronze'] in dag air_quality_ingestion on 2026-09-03T15:05:00+00:00 ... 
[2026-09-03T16:05:30.700+0000] {external_task.py:244} INFO - Poking for tasks ['ingest_to_bronze'] in dag air_quality_ingestion on 2026-09-03T15:05:00+00:00 ... 
[2026-09-03T16:06:00.711+0000] {external_task.py:244} INFO - Poking for tasks ['ingest_to_bronze'] in dag air_quality_ingestion on 2026-09-03T15:05:00+00:00 ... 
[2026-09-03T16:06:30.722+0000] {external_task.py:244} INFO - Poking for tasks ['ingest_to_bronze'] in dag air_quality_ingestion on 2026-09-03T15:05:00+00:00 ... 
[2026-09-03T16:07:00.736+0000] {external_task.py:244} INFO - Poking for tasks ['ingest_to_bronze'] in dag air_quality_ingestion on 2026-09-03T15:05:00+00:00 ... 
[2026-09-03T16:07:30.745+0000] {external_task.py:244} INFO - Poking for tasks ['ingest_to_bronze'] in dag air_quality_ingestion on 2026-09-03T15:05:00+00:00 ... 
[2026-09-03T16:08:00.752+0000] {external_task.py:244} INFO - Poking for tasks ['ingest_to_bronze'] in dag air_quality_ingestion on 2026-09-03T15:05:00+00:00 ... 
[2026-09-03T16:08:30.760+0000] {external_task.py:244} INFO - Poking for tasks ['ingest_to_bronze'] in dag air_quality_ingestion on 2026-09-03T15:05:00+00:00 ... 
[2026-09-03T16:09:00.778+0000] {external_task.py:244} INFO - Poking for tasks ['ingest_to_bronze'] in dag air_quality_ingestion on 2026-09-03T15:05:00+00:00 ... 
[2026-09-03T16:09:30.786+0000] {external_task.py:244} INFO - Poking for tasks ['ingest_to_bronze'] in dag air_quality_ingestion on 2026-09-03T15:05:00+00:00 ... 
[2026-09-03T16:10:00.797+0000] {external_task.py:244} INFO - Poking for tasks ['ingest_to_bronze'] in dag air_quality_ingestion on 2026-09-03T15:05:00+00:00 ... 
[2026-09-03T16:10:00.807+0000] {taskinstance.py:2698} ERROR - Task failed with exception
Traceback (most recent call last):
  File "/home/airflow/.local/lib/python3.11/site-packages/airflow/models/taskinstance.py", line 433, in _execute_task
    result = execute_callable(context=context, **execute_callable_kwargs)
             ^^^^^^^^^^^^^^^^^^^^^^^^^^^^^^^^^^^^^^^^^^^^^^^^^^^^^^^^^^^^
  File "/home/airflow/.local/lib/python3.11/site-packages/airflow/sensors/external_task.py", line 334, in execute
    super().execute(context)
  File "/home/airflow/.local/lib/python3.11/site-packages/airflow/sensors/base.py", line 282, in execute
    raise AirflowSensorTimeout(message)
airflow.exceptions.AirflowSensorTimeout: Sensor has timed out; run duration of 300.1340393440332 seconds exceeds the specified timeout of 300.0.
[2026-09-03T16:10:00.818+0000] {taskinstance.py:1138} INFO - Immediate failure requested. Marking task as FAILED. dag_id=air_quality_pipeline, task_id=wait_for_ingestion, execution_date=20260903T150500, start_date=20260903T160500, end_date=20260903T161000
[2026-09-03T16:10:00.832+0000] {standard_task_runner.py:107} ERROR - Failed to execute job 580 for task wait_for_ingestion (Sensor has timed out; run duration of 300.1340393440332 seconds exceeds the specified timeout of 300.0.; 48162)
[2026-09-03T16:10:00.858+0000] {local_task_job_runner.py:234} INFO - Task exited with return code 1
[2026-09-03T16:10:00.880+0000] {taskinstance.py:3280} INFO - 0 downstream tasks scheduled from follow-on schedule check
