[2026-08-27T00:00:02.036+0000] {taskinstance.py:1956} INFO - Dependencies all met for dep_context=non-requeueable deps ti=<TaskInstance: air_quality_ingestion.ingest_to_bronze scheduled__2026-08-26T23:00:00+00:00 [queued]>
[2026-08-27T00:00:02.055+0000] {taskinstance.py:1956} INFO - Dependencies all met for dep_context=requeueable deps ti=<TaskInstance: air_quality_ingestion.ingest_to_bronze scheduled__2026-08-26T23:00:00+00:00 [queued]>
[2026-08-27T00:00:02.056+0000] {taskinstance.py:2170} INFO - Starting attempt 1 of 4
[2026-08-27T00:00:02.076+0000] {taskinstance.py:2191} INFO - Executing <Task(PythonOperator): ingest_to_bronze> on 2026-08-26 23:00:00+00:00
[2026-08-27T00:00:02.080+0000] {standard_task_runner.py:60} INFO - Started process 5071 to run task
[2026-08-27T00:00:02.084+0000] {standard_task_runner.py:87} INFO - Running: ['***', 'tasks', 'run', 'air_quality_ingestion', 'ingest_to_bronze', 'scheduled__2026-08-26T23:00:00+00:00', '--job-id', '383', '--raw', '--subdir', 'DAGS_FOLDER/ingestion_dag.py', '--cfg-path', '/tmp/tmpd5mx_crc']
[2026-08-27T00:00:02.088+0000] {standard_task_runner.py:88} INFO - Job 383: Subtask ingest_to_bronze
[2026-08-27T00:00:02.165+0000] {task_command.py:423} INFO - Running <TaskInstance: air_quality_ingestion.ingest_to_bronze scheduled__2026-08-26T23:00:00+00:00 [running]> on host 6a0525c4c718
[2026-08-27T00:00:02.273+0000] {taskinstance.py:2480} INFO - Exporting env vars: AIRFLOW_CTX_DAG_OWNER='***' AIRFLOW_CTX_DAG_ID='air_quality_ingestion' AIRFLOW_CTX_TASK_ID='ingest_to_bronze' AIRFLOW_CTX_EXECUTION_DATE='2026-08-26T23:00:00+00:00' AIRFLOW_CTX_TRY_NUMBER='1' AIRFLOW_CTX_DAG_RUN_ID='scheduled__2026-08-26T23:00:00+00:00'
[2026-08-27T00:00:02.490+0000] {logging_mixin.py:188} INFO - Created bucket: bronze-air-quality
[2026-08-27T00:00:02.496+0000] {logging_mixin.py:188} INFO - Created bucket: silver-air-quality
[2026-08-27T00:00:02.502+0000] {logging_mixin.py:188} INFO - Created bucket: gold-air-quality
[2026-08-27T00:00:03.583+0000] {logging_mixin.py:188} INFO - ✓ new york: AQI=25
[2026-08-27T00:00:04.679+0000] {logging_mixin.py:188} INFO - ✓ london: AQI=59
[2026-08-27T00:00:05.708+0000] {logging_mixin.py:188} INFO - ✓ beijing: AQI=46
[2026-08-27T00:00:06.784+0000] {logging_mixin.py:188} INFO - ✓ delhi: AQI=102
[2026-08-27T00:00:08.726+0000] {logging_mixin.py:188} INFO - ✓ sydney: AQI=26
[2026-08-27T00:00:08.756+0000] {logging_mixin.py:188} INFO - Saved → s3://bronze-air-quality/year=2026/month=08/day=27/city=new_york/000002.json
[2026-08-27T00:00:08.763+0000] {logging_mixin.py:188} INFO - Saved → s3://bronze-air-quality/year=2026/month=08/day=27/city=london/000002.json
[2026-08-27T00:00:08.773+0000] {logging_mixin.py:188} INFO - Saved → s3://bronze-air-quality/year=2026/month=08/day=27/city=beijing/000002.json
[2026-08-27T00:00:08.784+0000] {logging_mixin.py:188} INFO - Saved → s3://bronze-air-quality/year=2026/month=08/day=27/city=delhi/000002.json
[2026-08-27T00:00:08.793+0000] {logging_mixin.py:188} INFO - Saved → s3://bronze-air-quality/year=2026/month=08/day=27/city=sydney/000002.json
[2026-08-27T00:00:08.793+0000] {logging_mixin.py:188} INFO - 
Total records ingested: 5
[2026-08-27T00:00:08.794+0000] {python.py:201} INFO - Done. Returned value was: None
[2026-08-27T00:00:08.804+0000] {taskinstance.py:1138} INFO - Marking task as SUCCESS. dag_id=air_quality_ingestion, task_id=ingest_to_bronze, execution_date=20260826T230000, start_date=20260827T000002, end_date=20260827T000008
[2026-08-27T00:00:08.835+0000] {local_task_job_runner.py:234} INFO - Task exited with return code 0
[2026-08-27T00:00:08.852+0000] {taskinstance.py:3280} INFO - 0 downstream tasks scheduled from follow-on schedule check
