[2026-08-26T18:00:01.735+0000] {taskinstance.py:1956} INFO - Dependencies all met for dep_context=non-requeueable deps ti=<TaskInstance: air_quality_ingestion.ingest_to_bronze scheduled__2026-08-26T17:00:00+00:00 [queued]>
[2026-08-26T18:00:01.744+0000] {taskinstance.py:1956} INFO - Dependencies all met for dep_context=requeueable deps ti=<TaskInstance: air_quality_ingestion.ingest_to_bronze scheduled__2026-08-26T17:00:00+00:00 [queued]>
[2026-08-26T18:00:01.745+0000] {taskinstance.py:2170} INFO - Starting attempt 1 of 4
[2026-08-26T18:00:01.764+0000] {taskinstance.py:2191} INFO - Executing <Task(PythonOperator): ingest_to_bronze> on 2026-08-26 17:00:00+00:00
[2026-08-26T18:00:01.770+0000] {standard_task_runner.py:60} INFO - Started process 259 to run task
[2026-08-26T18:00:01.777+0000] {standard_task_runner.py:87} INFO - Running: ['***', 'tasks', 'run', 'air_quality_ingestion', 'ingest_to_bronze', 'scheduled__2026-08-26T17:00:00+00:00', '--job-id', '371', '--raw', '--subdir', 'DAGS_FOLDER/ingestion_dag.py', '--cfg-path', '/tmp/tmpgqlfcxc9']
[2026-08-26T18:00:01.784+0000] {standard_task_runner.py:88} INFO - Job 371: Subtask ingest_to_bronze
[2026-08-26T18:00:01.901+0000] {task_command.py:423} INFO - Running <TaskInstance: air_quality_ingestion.ingest_to_bronze scheduled__2026-08-26T17:00:00+00:00 [running]> on host 6a0525c4c718
[2026-08-26T18:00:02.036+0000] {taskinstance.py:2480} INFO - Exporting env vars: AIRFLOW_CTX_DAG_OWNER='***' AIRFLOW_CTX_DAG_ID='air_quality_ingestion' AIRFLOW_CTX_TASK_ID='ingest_to_bronze' AIRFLOW_CTX_EXECUTION_DATE='2026-08-26T17:00:00+00:00' AIRFLOW_CTX_TRY_NUMBER='1' AIRFLOW_CTX_DAG_RUN_ID='scheduled__2026-08-26T17:00:00+00:00'
[2026-08-26T18:00:02.243+0000] {logging_mixin.py:188} INFO - Created bucket: bronze-air-quality
[2026-08-26T18:00:02.250+0000] {logging_mixin.py:188} INFO - Created bucket: silver-air-quality
[2026-08-26T18:00:02.257+0000] {logging_mixin.py:188} INFO - Created bucket: gold-air-quality
[2026-08-26T18:00:03.036+0000] {logging_mixin.py:188} INFO - ✓ new york: AQI=26
[2026-08-26T18:00:03.798+0000] {logging_mixin.py:188} INFO - ✓ london: AQI=57
[2026-08-26T18:00:04.521+0000] {logging_mixin.py:188} INFO - ✓ beijing: AQI=74
[2026-08-26T18:00:05.271+0000] {logging_mixin.py:188} INFO - ✓ delhi: AQI=157
[2026-08-26T18:00:06.026+0000] {logging_mixin.py:188} INFO - ✓ sydney: AQI=18
[2026-08-26T18:00:06.035+0000] {logging_mixin.py:188} INFO - Saved → s3://bronze-air-quality/year=2026/month=08/day=26/city=new_york/180002.json
[2026-08-26T18:00:06.044+0000] {logging_mixin.py:188} INFO - Saved → s3://bronze-air-quality/year=2026/month=08/day=26/city=london/180002.json
[2026-08-26T18:00:06.050+0000] {logging_mixin.py:188} INFO - Saved → s3://bronze-air-quality/year=2026/month=08/day=26/city=beijing/180002.json
[2026-08-26T18:00:06.056+0000] {logging_mixin.py:188} INFO - Saved → s3://bronze-air-quality/year=2026/month=08/day=26/city=delhi/180002.json
[2026-08-26T18:00:06.063+0000] {logging_mixin.py:188} INFO - Saved → s3://bronze-air-quality/year=2026/month=08/day=26/city=sydney/180002.json
[2026-08-26T18:00:06.064+0000] {logging_mixin.py:188} INFO - 
Total records ingested: 5
[2026-08-26T18:00:06.065+0000] {python.py:201} INFO - Done. Returned value was: None
[2026-08-26T18:00:06.073+0000] {taskinstance.py:1138} INFO - Marking task as SUCCESS. dag_id=air_quality_ingestion, task_id=ingest_to_bronze, execution_date=20260826T170000, start_date=20260826T180001, end_date=20260826T180006
[2026-08-26T18:00:06.137+0000] {local_task_job_runner.py:234} INFO - Task exited with return code 0
[2026-08-26T18:00:06.163+0000] {taskinstance.py:3280} INFO - 0 downstream tasks scheduled from follow-on schedule check
