[2026-08-07T02:29:17.258+0000] {taskinstance.py:1956} INFO - Dependencies all met for dep_context=non-requeueable deps ti=<TaskInstance: air_quality_pipeline.wait_for_ingestion scheduled__2026-08-07T01:05:00+00:00 [queued]>
[2026-08-07T02:29:17.292+0000] {taskinstance.py:1956} INFO - Dependencies all met for dep_context=requeueable deps ti=<TaskInstance: air_quality_pipeline.wait_for_ingestion scheduled__2026-08-07T01:05:00+00:00 [queued]>
[2026-08-07T02:29:17.319+0000] {taskinstance.py:2170} INFO - Starting attempt 1 of 3
[2026-08-07T02:29:17.362+0000] {taskinstance.py:2191} INFO - Executing <Task(ExternalTaskSensor): wait_for_ingestion> on 2026-08-07 01:05:00+00:00
[2026-08-07T02:29:17.392+0000] {standard_task_runner.py:60} INFO - Started process 7025 to run task
[2026-08-07T02:29:17.398+0000] {standard_task_runner.py:87} INFO - Running: ['***', 'tasks', 'run', 'air_quality_pipeline', 'wait_for_ingestion', 'scheduled__2026-08-07T01:05:00+00:00', '--job-id', '101', '--raw', '--subdir', 'DAGS_FOLDER/spark_pipeline_dag.py', '--cfg-path', '/tmp/tmp7cpw3e8n']
[2026-08-07T02:29:17.415+0000] {standard_task_runner.py:88} INFO - Job 101: Subtask wait_for_ingestion
[2026-08-07T02:29:17.569+0000] {task_command.py:423} INFO - Running <TaskInstance: air_quality_pipeline.wait_for_ingestion scheduled__2026-08-07T01:05:00+00:00 [running]> on host 6a0525c4c718
[2026-08-07T02:29:17.738+0000] {taskinstance.py:2480} INFO - Exporting env vars: AIRFLOW_CTX_DAG_OWNER='***' AIRFLOW_CTX_DAG_ID='air_quality_pipeline' AIRFLOW_CTX_TASK_ID='wait_for_ingestion' AIRFLOW_CTX_EXECUTION_DATE='2026-08-07T01:05:00+00:00' AIRFLOW_CTX_TRY_NUMBER='1' AIRFLOW_CTX_DAG_RUN_ID='scheduled__2026-08-07T01:05:00+00:00'
[2026-08-07T02:29:17.741+0000] {external_task.py:244} INFO - Poking for tasks ['ingest_to_bronze'] in dag air_quality_ingestion on 2026-08-07T01:05:00+00:00 ... 
[2026-08-07T02:29:47.758+0000] {external_task.py:244} INFO - Poking for tasks ['ingest_to_bronze'] in dag air_quality_ingestion on 2026-08-07T01:05:00+00:00 ... 
[2026-08-07T02:30:17.766+0000] {external_task.py:244} INFO - Poking for tasks ['ingest_to_bronze'] in dag air_quality_ingestion on 2026-08-07T01:05:00+00:00 ... 
[2026-08-07T02:30:47.774+0000] {external_task.py:244} INFO - Poking for tasks ['ingest_to_bronze'] in dag air_quality_ingestion on 2026-08-07T01:05:00+00:00 ... 
[2026-08-07T02:31:17.787+0000] {external_task.py:244} INFO - Poking for tasks ['ingest_to_bronze'] in dag air_quality_ingestion on 2026-08-07T01:05:00+00:00 ... 
[2026-08-07T02:31:47.805+0000] {external_task.py:244} INFO - Poking for tasks ['ingest_to_bronze'] in dag air_quality_ingestion on 2026-08-07T01:05:00+00:00 ... 
[2026-08-07T02:32:17.814+0000] {external_task.py:244} INFO - Poking for tasks ['ingest_to_bronze'] in dag air_quality_ingestion on 2026-08-07T01:05:00+00:00 ... 
[2026-08-07T02:32:47.820+0000] {external_task.py:244} INFO - Poking for tasks ['ingest_to_bronze'] in dag air_quality_ingestion on 2026-08-07T01:05:00+00:00 ... 
[2026-08-07T02:33:17.832+0000] {external_task.py:244} INFO - Poking for tasks ['ingest_to_bronze'] in dag air_quality_ingestion on 2026-08-07T01:05:00+00:00 ... 
[2026-08-07T02:33:47.842+0000] {external_task.py:244} INFO - Poking for tasks ['ingest_to_bronze'] in dag air_quality_ingestion on 2026-08-07T01:05:00+00:00 ... 
[2026-08-07T02:34:17.851+0000] {external_task.py:244} INFO - Poking for tasks ['ingest_to_bronze'] in dag air_quality_ingestion on 2026-08-07T01:05:00+00:00 ... 
[2026-08-07T02:34:17.863+0000] {taskinstance.py:2698} ERROR - Task failed with exception
Traceback (most recent call last):
  File "/home/airflow/.local/lib/python3.11/site-packages/airflow/models/taskinstance.py", line 433, in _execute_task
    result = execute_callable(context=context, **execute_callable_kwargs)
             ^^^^^^^^^^^^^^^^^^^^^^^^^^^^^^^^^^^^^^^^^^^^^^^^^^^^^^^^^^^^
  File "/home/airflow/.local/lib/python3.11/site-packages/airflow/sensors/external_task.py", line 334, in execute
    super().execute(context)
  File "/home/airflow/.local/lib/python3.11/site-packages/airflow/sensors/base.py", line 282, in execute
    raise AirflowSensorTimeout(message)
airflow.exceptions.AirflowSensorTimeout: Sensor has timed out; run duration of 300.13959893801075 seconds exceeds the specified timeout of 300.0.
[2026-08-07T02:34:17.873+0000] {taskinstance.py:1138} INFO - Immediate failure requested. Marking task as FAILED. dag_id=air_quality_pipeline, task_id=wait_for_ingestion, execution_date=20260807T010500, start_date=20260807T022917, end_date=20260807T023417
[2026-08-07T02:34:17.887+0000] {standard_task_runner.py:107} ERROR - Failed to execute job 101 for task wait_for_ingestion (Sensor has timed out; run duration of 300.13959893801075 seconds exceeds the specified timeout of 300.0.; 7025)
[2026-08-07T02:34:17.903+0000] {local_task_job_runner.py:234} INFO - Task exited with return code 1
[2026-08-07T02:34:17.928+0000] {taskinstance.py:3280} INFO - 0 downstream tasks scheduled from follow-on schedule check
