[2026-09-03T18:00:00.684+0000] {taskinstance.py:1956} INFO - Dependencies all met for dep_context=non-requeueable deps ti=<TaskInstance: air_quality_ingestion.ingest_to_bronze scheduled__2026-09-03T17:00:00+00:00 [queued]>
[2026-09-03T18:00:00.693+0000] {taskinstance.py:1956} INFO - Dependencies all met for dep_context=requeueable deps ti=<TaskInstance: air_quality_ingestion.ingest_to_bronze scheduled__2026-09-03T17:00:00+00:00 [queued]>
[2026-09-03T18:00:00.694+0000] {taskinstance.py:2170} INFO - Starting attempt 1 of 4
[2026-09-03T18:00:00.714+0000] {taskinstance.py:2191} INFO - Executing <Task(PythonOperator): ingest_to_bronze> on 2026-09-03 17:00:00+00:00
[2026-09-03T18:00:00.724+0000] {standard_task_runner.py:60} INFO - Started process 48699 to run task
[2026-09-03T18:00:00.728+0000] {standard_task_runner.py:87} INFO - Running: ['***', 'tasks', 'run', 'air_quality_ingestion', 'ingest_to_bronze', 'scheduled__2026-09-03T17:00:00+00:00', '--job-id', '583', '--raw', '--subdir', 'DAGS_FOLDER/ingestion_dag.py', '--cfg-path', '/tmp/tmp_bir09qm']
[2026-09-03T18:00:00.732+0000] {standard_task_runner.py:88} INFO - Job 583: Subtask ingest_to_bronze
[2026-09-03T18:00:00.820+0000] {task_command.py:423} INFO - Running <TaskInstance: air_quality_ingestion.ingest_to_bronze scheduled__2026-09-03T17:00:00+00:00 [running]> on host 6a0525c4c718
[2026-09-03T18:00:00.894+0000] {taskinstance.py:2480} INFO - Exporting env vars: AIRFLOW_CTX_DAG_OWNER='***' AIRFLOW_CTX_DAG_ID='air_quality_ingestion' AIRFLOW_CTX_TASK_ID='ingest_to_bronze' AIRFLOW_CTX_EXECUTION_DATE='2026-09-03T17:00:00+00:00' AIRFLOW_CTX_TRY_NUMBER='1' AIRFLOW_CTX_DAG_RUN_ID='scheduled__2026-09-03T17:00:00+00:00'
[2026-09-03T18:00:00.976+0000] {logging_mixin.py:188} INFO - Created bucket: bronze-air-quality
[2026-09-03T18:00:00.982+0000] {logging_mixin.py:188} INFO - Created bucket: silver-air-quality
[2026-09-03T18:00:00.987+0000] {logging_mixin.py:188} INFO - Created bucket: gold-air-quality
[2026-09-03T18:00:02.704+0000] {logging_mixin.py:188} INFO - ✓ new york: AQI=13
[2026-09-03T18:00:04.074+0000] {logging_mixin.py:188} INFO - ✓ london: AQI=17
[2026-09-03T18:00:05.241+0000] {logging_mixin.py:188} INFO - ✓ beijing: AQI=74
[2026-09-03T18:00:06.133+0000] {logging_mixin.py:188} INFO - ✓ delhi: AQI=37
[2026-09-03T18:00:06.948+0000] {logging_mixin.py:188} INFO - ✓ sydney: AQI=48
[2026-09-03T18:00:06.968+0000] {logging_mixin.py:188} INFO - Saved → s3://bronze-air-quality/year=2026/month=09/day=03/city=new_york/180000.json
[2026-09-03T18:00:06.979+0000] {logging_mixin.py:188} INFO - Saved → s3://bronze-air-quality/year=2026/month=09/day=03/city=london/180000.json
[2026-09-03T18:00:06.990+0000] {logging_mixin.py:188} INFO - Saved → s3://bronze-air-quality/year=2026/month=09/day=03/city=beijing/180000.json
[2026-09-03T18:00:07.001+0000] {logging_mixin.py:188} INFO - Saved → s3://bronze-air-quality/year=2026/month=09/day=03/city=delhi/180000.json
[2026-09-03T18:00:07.010+0000] {logging_mixin.py:188} INFO - Saved → s3://bronze-air-quality/year=2026/month=09/day=03/city=sydney/180000.json
[2026-09-03T18:00:07.010+0000] {logging_mixin.py:188} INFO - 
Total records ingested: 5
[2026-09-03T18:00:07.011+0000] {python.py:201} INFO - Done. Returned value was: None
[2026-09-03T18:00:07.022+0000] {taskinstance.py:1138} INFO - Marking task as SUCCESS. dag_id=air_quality_ingestion, task_id=ingest_to_bronze, execution_date=20260903T170000, start_date=20260903T180000, end_date=20260903T180007
[2026-09-03T18:00:07.054+0000] {local_task_job_runner.py:234} INFO - Task exited with return code 0
[2026-09-03T18:00:07.077+0000] {taskinstance.py:3280} INFO - 0 downstream tasks scheduled from follow-on schedule check
