[2026-09-04T09:51:40.209+0000] {taskinstance.py:1956} INFO - Dependencies all met for dep_context=non-requeueable deps ti=<TaskInstance: air_quality_pipeline.wait_for_ingestion scheduled__2026-09-04T08:05:00+00:00 [queued]>
[2026-09-04T09:51:40.256+0000] {taskinstance.py:1956} INFO - Dependencies all met for dep_context=requeueable deps ti=<TaskInstance: air_quality_pipeline.wait_for_ingestion scheduled__2026-09-04T08:05:00+00:00 [queued]>
[2026-09-04T09:51:40.263+0000] {taskinstance.py:2170} INFO - Starting attempt 1 of 3
[2026-09-04T09:51:40.332+0000] {taskinstance.py:2191} INFO - Executing <Task(ExternalTaskSensor): wait_for_ingestion> on 2026-09-04 08:05:00+00:00
[2026-09-04T09:51:40.358+0000] {standard_task_runner.py:60} INFO - Started process 54122 to run task
[2026-09-04T09:51:40.373+0000] {standard_task_runner.py:87} INFO - Running: ['***', 'tasks', 'run', 'air_quality_pipeline', 'wait_for_ingestion', 'scheduled__2026-09-04T08:05:00+00:00', '--job-id', '599', '--raw', '--subdir', 'DAGS_FOLDER/spark_pipeline_dag.py', '--cfg-path', '/tmp/tmp9cmh288d']
[2026-09-04T09:51:40.409+0000] {standard_task_runner.py:88} INFO - Job 599: Subtask wait_for_ingestion
[2026-09-04T09:51:40.906+0000] {task_command.py:423} INFO - Running <TaskInstance: air_quality_pipeline.wait_for_ingestion scheduled__2026-09-04T08:05:00+00:00 [running]> on host 6a0525c4c718
[2026-09-04T09:51:41.318+0000] {taskinstance.py:2480} INFO - Exporting env vars: AIRFLOW_CTX_DAG_OWNER='***' AIRFLOW_CTX_DAG_ID='air_quality_pipeline' AIRFLOW_CTX_TASK_ID='wait_for_ingestion' AIRFLOW_CTX_EXECUTION_DATE='2026-09-04T08:05:00+00:00' AIRFLOW_CTX_TRY_NUMBER='1' AIRFLOW_CTX_DAG_RUN_ID='scheduled__2026-09-04T08:05:00+00:00'
[2026-09-04T09:51:41.321+0000] {external_task.py:244} INFO - Poking for tasks ['ingest_to_bronze'] in dag air_quality_ingestion on 2026-09-04T08:05:00+00:00 ... 
[2026-09-04T13:08:41.499+0000] {external_task.py:244} INFO - Poking for tasks ['ingest_to_bronze'] in dag air_quality_ingestion on 2026-09-04T08:05:00+00:00 ... 
[2026-09-04T13:09:11.520+0000] {external_task.py:244} INFO - Poking for tasks ['ingest_to_bronze'] in dag air_quality_ingestion on 2026-09-04T08:05:00+00:00 ... 
[2026-09-04T13:09:41.529+0000] {external_task.py:244} INFO - Poking for tasks ['ingest_to_bronze'] in dag air_quality_ingestion on 2026-09-04T08:05:00+00:00 ... 
[2026-09-04T13:10:11.536+0000] {external_task.py:244} INFO - Poking for tasks ['ingest_to_bronze'] in dag air_quality_ingestion on 2026-09-04T08:05:00+00:00 ... 
[2026-09-04T13:10:41.543+0000] {external_task.py:244} INFO - Poking for tasks ['ingest_to_bronze'] in dag air_quality_ingestion on 2026-09-04T08:05:00+00:00 ... 
[2026-09-04T13:11:11.545+0000] {external_task.py:244} INFO - Poking for tasks ['ingest_to_bronze'] in dag air_quality_ingestion on 2026-09-04T08:05:00+00:00 ... 
[2026-09-04T13:11:41.556+0000] {external_task.py:244} INFO - Poking for tasks ['ingest_to_bronze'] in dag air_quality_ingestion on 2026-09-04T08:05:00+00:00 ... 
[2026-09-04T13:12:11.567+0000] {external_task.py:244} INFO - Poking for tasks ['ingest_to_bronze'] in dag air_quality_ingestion on 2026-09-04T08:05:00+00:00 ... 
[2026-09-04T13:12:41.574+0000] {external_task.py:244} INFO - Poking for tasks ['ingest_to_bronze'] in dag air_quality_ingestion on 2026-09-04T08:05:00+00:00 ... 
[2026-09-04T13:13:11.585+0000] {external_task.py:244} INFO - Poking for tasks ['ingest_to_bronze'] in dag air_quality_ingestion on 2026-09-04T08:05:00+00:00 ... 
[2026-09-04T13:13:11.593+0000] {taskinstance.py:2698} ERROR - Task failed with exception
Traceback (most recent call last):
  File "/home/airflow/.local/lib/python3.11/site-packages/airflow/models/taskinstance.py", line 433, in _execute_task
    result = execute_callable(context=context, **execute_callable_kwargs)
             ^^^^^^^^^^^^^^^^^^^^^^^^^^^^^^^^^^^^^^^^^^^^^^^^^^^^^^^^^^^^
  File "/home/airflow/.local/lib/python3.11/site-packages/airflow/sensors/external_task.py", line 334, in execute
    super().execute(context)
  File "/home/airflow/.local/lib/python3.11/site-packages/airflow/sensors/base.py", line 282, in execute
    raise AirflowSensorTimeout(message)
airflow.exceptions.AirflowSensorTimeout: Sensor has timed out; run duration of 300.17725029803114 seconds exceeds the specified timeout of 300.0.
[2026-09-04T13:13:11.602+0000] {taskinstance.py:1138} INFO - Immediate failure requested. Marking task as FAILED. dag_id=air_quality_pipeline, task_id=wait_for_ingestion, execution_date=20260904T080500, start_date=20260904T095140, end_date=20260904T131311
[2026-09-04T13:13:11.615+0000] {standard_task_runner.py:107} ERROR - Failed to execute job 599 for task wait_for_ingestion (Sensor has timed out; run duration of 300.17725029803114 seconds exceeds the specified timeout of 300.0.; 54122)
[2026-09-04T13:13:11.625+0000] {local_task_job_runner.py:234} INFO - Task exited with return code 1
[2026-09-04T13:13:11.650+0000] {taskinstance.py:3280} INFO - 0 downstream tasks scheduled from follow-on schedule check
