[2026-08-31T03:25:16.586+0000] {taskinstance.py:1956} INFO - Dependencies all met for dep_context=non-requeueable deps ti=<TaskInstance: air_quality_pipeline.wait_for_ingestion scheduled__2026-08-31T02:05:00+00:00 [queued]>
[2026-08-31T03:25:16.621+0000] {taskinstance.py:1956} INFO - Dependencies all met for dep_context=requeueable deps ti=<TaskInstance: air_quality_pipeline.wait_for_ingestion scheduled__2026-08-31T02:05:00+00:00 [queued]>
[2026-08-31T03:25:16.624+0000] {taskinstance.py:2170} INFO - Starting attempt 1 of 3
[2026-08-31T03:25:16.690+0000] {taskinstance.py:2191} INFO - Executing <Task(ExternalTaskSensor): wait_for_ingestion> on 2026-08-31 02:05:00+00:00
[2026-08-31T03:25:16.713+0000] {standard_task_runner.py:60} INFO - Started process 23189 to run task
[2026-08-31T03:25:16.719+0000] {standard_task_runner.py:87} INFO - Running: ['***', 'tasks', 'run', 'air_quality_pipeline', 'wait_for_ingestion', 'scheduled__2026-08-31T02:05:00+00:00', '--job-id', '478', '--raw', '--subdir', 'DAGS_FOLDER/spark_pipeline_dag.py', '--cfg-path', '/tmp/tmplfgevfk0']
[2026-08-31T03:25:16.735+0000] {standard_task_runner.py:88} INFO - Job 478: Subtask wait_for_ingestion
[2026-08-31T03:25:17.003+0000] {task_command.py:423} INFO - Running <TaskInstance: air_quality_pipeline.wait_for_ingestion scheduled__2026-08-31T02:05:00+00:00 [running]> on host 6a0525c4c718
[2026-08-31T03:25:17.451+0000] {taskinstance.py:2480} INFO - Exporting env vars: AIRFLOW_CTX_DAG_OWNER='***' AIRFLOW_CTX_DAG_ID='air_quality_pipeline' AIRFLOW_CTX_TASK_ID='wait_for_ingestion' AIRFLOW_CTX_EXECUTION_DATE='2026-08-31T02:05:00+00:00' AIRFLOW_CTX_TRY_NUMBER='1' AIRFLOW_CTX_DAG_RUN_ID='scheduled__2026-08-31T02:05:00+00:00'
[2026-08-31T03:25:17.467+0000] {external_task.py:244} INFO - Poking for tasks ['ingest_to_bronze'] in dag air_quality_ingestion on 2026-08-31T02:05:00+00:00 ... 
[2026-08-31T03:25:47.510+0000] {external_task.py:244} INFO - Poking for tasks ['ingest_to_bronze'] in dag air_quality_ingestion on 2026-08-31T02:05:00+00:00 ... 
[2026-08-31T03:26:17.521+0000] {external_task.py:244} INFO - Poking for tasks ['ingest_to_bronze'] in dag air_quality_ingestion on 2026-08-31T02:05:00+00:00 ... 
[2026-08-31T03:26:47.534+0000] {external_task.py:244} INFO - Poking for tasks ['ingest_to_bronze'] in dag air_quality_ingestion on 2026-08-31T02:05:00+00:00 ... 
[2026-08-31T03:27:17.544+0000] {external_task.py:244} INFO - Poking for tasks ['ingest_to_bronze'] in dag air_quality_ingestion on 2026-08-31T02:05:00+00:00 ... 
[2026-08-31T03:27:47.560+0000] {external_task.py:244} INFO - Poking for tasks ['ingest_to_bronze'] in dag air_quality_ingestion on 2026-08-31T02:05:00+00:00 ... 
[2026-08-31T03:28:17.572+0000] {external_task.py:244} INFO - Poking for tasks ['ingest_to_bronze'] in dag air_quality_ingestion on 2026-08-31T02:05:00+00:00 ... 
[2026-08-31T03:28:47.583+0000] {external_task.py:244} INFO - Poking for tasks ['ingest_to_bronze'] in dag air_quality_ingestion on 2026-08-31T02:05:00+00:00 ... 
[2026-08-31T03:29:17.595+0000] {external_task.py:244} INFO - Poking for tasks ['ingest_to_bronze'] in dag air_quality_ingestion on 2026-08-31T02:05:00+00:00 ... 
[2026-08-31T03:29:47.610+0000] {external_task.py:244} INFO - Poking for tasks ['ingest_to_bronze'] in dag air_quality_ingestion on 2026-08-31T02:05:00+00:00 ... 
[2026-08-31T03:30:17.624+0000] {external_task.py:244} INFO - Poking for tasks ['ingest_to_bronze'] in dag air_quality_ingestion on 2026-08-31T02:05:00+00:00 ... 
[2026-08-31T03:30:17.638+0000] {taskinstance.py:2698} ERROR - Task failed with exception
Traceback (most recent call last):
  File "/home/airflow/.local/lib/python3.11/site-packages/airflow/models/taskinstance.py", line 433, in _execute_task
    result = execute_callable(context=context, **execute_callable_kwargs)
             ^^^^^^^^^^^^^^^^^^^^^^^^^^^^^^^^^^^^^^^^^^^^^^^^^^^^^^^^^^^^
  File "/home/airflow/.local/lib/python3.11/site-packages/airflow/sensors/external_task.py", line 334, in execute
    super().execute(context)
  File "/home/airflow/.local/lib/python3.11/site-packages/airflow/sensors/base.py", line 282, in execute
    raise AirflowSensorTimeout(message)
airflow.exceptions.AirflowSensorTimeout: Sensor has timed out; run duration of 300.1900372719974 seconds exceeds the specified timeout of 300.0.
[2026-08-31T03:30:17.653+0000] {taskinstance.py:1138} INFO - Immediate failure requested. Marking task as FAILED. dag_id=air_quality_pipeline, task_id=wait_for_ingestion, execution_date=20260831T020500, start_date=20260831T032516, end_date=20260831T033017
[2026-08-31T03:30:17.679+0000] {standard_task_runner.py:107} ERROR - Failed to execute job 478 for task wait_for_ingestion (Sensor has timed out; run duration of 300.1900372719974 seconds exceeds the specified timeout of 300.0.; 23189)
[2026-08-31T03:30:17.716+0000] {local_task_job_runner.py:234} INFO - Task exited with return code 1
[2026-08-31T03:30:17.742+0000] {taskinstance.py:3280} INFO - 0 downstream tasks scheduled from follow-on schedule check
