[2026-08-31T18:05:00.697+0000] {taskinstance.py:1956} INFO - Dependencies all met for dep_context=non-requeueable deps ti=<TaskInstance: air_quality_pipeline.wait_for_ingestion scheduled__2026-08-31T17:05:00+00:00 [queued]>
[2026-08-31T18:05:00.703+0000] {taskinstance.py:1956} INFO - Dependencies all met for dep_context=requeueable deps ti=<TaskInstance: air_quality_pipeline.wait_for_ingestion scheduled__2026-08-31T17:05:00+00:00 [queued]>
[2026-08-31T18:05:00.703+0000] {taskinstance.py:2170} INFO - Starting attempt 1 of 3
[2026-08-31T18:05:00.714+0000] {taskinstance.py:2191} INFO - Executing <Task(ExternalTaskSensor): wait_for_ingestion> on 2026-08-31 17:05:00+00:00
[2026-08-31T18:05:00.717+0000] {standard_task_runner.py:60} INFO - Started process 29289 to run task
[2026-08-31T18:05:00.720+0000] {standard_task_runner.py:87} INFO - Running: ['***', 'tasks', 'run', 'air_quality_pipeline', 'wait_for_ingestion', 'scheduled__2026-08-31T17:05:00+00:00', '--job-id', '497', '--raw', '--subdir', 'DAGS_FOLDER/spark_pipeline_dag.py', '--cfg-path', '/tmp/tmp0r14bvqa']
[2026-08-31T18:05:00.722+0000] {standard_task_runner.py:88} INFO - Job 497: Subtask wait_for_ingestion
[2026-08-31T18:05:00.783+0000] {task_command.py:423} INFO - Running <TaskInstance: air_quality_pipeline.wait_for_ingestion scheduled__2026-08-31T17:05:00+00:00 [running]> on host 6a0525c4c718
[2026-08-31T18:05:00.843+0000] {taskinstance.py:2480} INFO - Exporting env vars: AIRFLOW_CTX_DAG_OWNER='***' AIRFLOW_CTX_DAG_ID='air_quality_pipeline' AIRFLOW_CTX_TASK_ID='wait_for_ingestion' AIRFLOW_CTX_EXECUTION_DATE='2026-08-31T17:05:00+00:00' AIRFLOW_CTX_TRY_NUMBER='1' AIRFLOW_CTX_DAG_RUN_ID='scheduled__2026-08-31T17:05:00+00:00'
[2026-08-31T18:05:00.844+0000] {external_task.py:244} INFO - Poking for tasks ['ingest_to_bronze'] in dag air_quality_ingestion on 2026-08-31T17:05:00+00:00 ... 
[2026-08-31T18:05:30.849+0000] {external_task.py:244} INFO - Poking for tasks ['ingest_to_bronze'] in dag air_quality_ingestion on 2026-08-31T17:05:00+00:00 ... 
[2026-08-31T18:06:00.866+0000] {external_task.py:244} INFO - Poking for tasks ['ingest_to_bronze'] in dag air_quality_ingestion on 2026-08-31T17:05:00+00:00 ... 
[2026-08-31T18:06:30.871+0000] {external_task.py:244} INFO - Poking for tasks ['ingest_to_bronze'] in dag air_quality_ingestion on 2026-08-31T17:05:00+00:00 ... 
[2026-08-31T18:07:00.877+0000] {external_task.py:244} INFO - Poking for tasks ['ingest_to_bronze'] in dag air_quality_ingestion on 2026-08-31T17:05:00+00:00 ... 
[2026-08-31T18:07:30.887+0000] {external_task.py:244} INFO - Poking for tasks ['ingest_to_bronze'] in dag air_quality_ingestion on 2026-08-31T17:05:00+00:00 ... 
[2026-08-31T18:08:00.893+0000] {external_task.py:244} INFO - Poking for tasks ['ingest_to_bronze'] in dag air_quality_ingestion on 2026-08-31T17:05:00+00:00 ... 
[2026-08-31T18:08:30.905+0000] {external_task.py:244} INFO - Poking for tasks ['ingest_to_bronze'] in dag air_quality_ingestion on 2026-08-31T17:05:00+00:00 ... 
[2026-08-31T18:09:00.914+0000] {external_task.py:244} INFO - Poking for tasks ['ingest_to_bronze'] in dag air_quality_ingestion on 2026-08-31T17:05:00+00:00 ... 
[2026-08-31T18:09:30.965+0000] {external_task.py:244} INFO - Poking for tasks ['ingest_to_bronze'] in dag air_quality_ingestion on 2026-08-31T17:05:00+00:00 ... 
[2026-08-31T18:10:00.980+0000] {external_task.py:244} INFO - Poking for tasks ['ingest_to_bronze'] in dag air_quality_ingestion on 2026-08-31T17:05:00+00:00 ... 
[2026-08-31T18:10:00.996+0000] {taskinstance.py:2698} ERROR - Task failed with exception
Traceback (most recent call last):
  File "/home/airflow/.local/lib/python3.11/site-packages/airflow/models/taskinstance.py", line 433, in _execute_task
    result = execute_callable(context=context, **execute_callable_kwargs)
             ^^^^^^^^^^^^^^^^^^^^^^^^^^^^^^^^^^^^^^^^^^^^^^^^^^^^^^^^^^^^
  File "/home/airflow/.local/lib/python3.11/site-packages/airflow/sensors/external_task.py", line 334, in execute
    super().execute(context)
  File "/home/airflow/.local/lib/python3.11/site-packages/airflow/sensors/base.py", line 282, in execute
    raise AirflowSensorTimeout(message)
airflow.exceptions.AirflowSensorTimeout: Sensor has timed out; run duration of 300.17713667600765 seconds exceeds the specified timeout of 300.0.
[2026-08-31T18:10:01.007+0000] {taskinstance.py:1138} INFO - Immediate failure requested. Marking task as FAILED. dag_id=air_quality_pipeline, task_id=wait_for_ingestion, execution_date=20260831T170500, start_date=20260831T180500, end_date=20260831T181001
[2026-08-31T18:10:01.021+0000] {standard_task_runner.py:107} ERROR - Failed to execute job 497 for task wait_for_ingestion (Sensor has timed out; run duration of 300.17713667600765 seconds exceeds the specified timeout of 300.0.; 29289)
[2026-08-31T18:10:01.049+0000] {local_task_job_runner.py:234} INFO - Task exited with return code 1
[2026-08-31T18:10:01.087+0000] {taskinstance.py:3280} INFO - 0 downstream tasks scheduled from follow-on schedule check
