[2026-09-08T15:14:43.588+0000] {taskinstance.py:1956} INFO - Dependencies all met for dep_context=non-requeueable deps ti=<TaskInstance: air_quality_pipeline.wait_for_ingestion scheduled__2026-09-07T21:05:00+00:00 [queued]>
[2026-09-08T15:14:43.675+0000] {taskinstance.py:1956} INFO - Dependencies all met for dep_context=requeueable deps ti=<TaskInstance: air_quality_pipeline.wait_for_ingestion scheduled__2026-09-07T21:05:00+00:00 [queued]>
[2026-09-08T15:14:43.676+0000] {taskinstance.py:2170} INFO - Starting attempt 1 of 3
[2026-09-08T15:14:43.766+0000] {taskinstance.py:2191} INFO - Executing <Task(ExternalTaskSensor): wait_for_ingestion> on 2026-09-07 21:05:00+00:00
[2026-09-08T15:14:43.972+0000] {standard_task_runner.py:60} INFO - Started process 97192 to run task
[2026-09-08T15:14:43.994+0000] {standard_task_runner.py:87} INFO - Running: ['***', 'tasks', 'run', 'air_quality_pipeline', 'wait_for_ingestion', 'scheduled__2026-09-07T21:05:00+00:00', '--job-id', '710', '--raw', '--subdir', 'DAGS_FOLDER/spark_pipeline_dag.py', '--cfg-path', '/tmp/tmpbxqx36h4']
[2026-09-08T15:14:44.062+0000] {standard_task_runner.py:88} INFO - Job 710: Subtask wait_for_ingestion
[2026-09-08T15:14:44.949+0000] {task_command.py:423} INFO - Running <TaskInstance: air_quality_pipeline.wait_for_ingestion scheduled__2026-09-07T21:05:00+00:00 [running]> on host 6a0525c4c718
[2026-09-08T15:14:45.823+0000] {taskinstance.py:2480} INFO - Exporting env vars: AIRFLOW_CTX_DAG_OWNER='***' AIRFLOW_CTX_DAG_ID='air_quality_pipeline' AIRFLOW_CTX_TASK_ID='wait_for_ingestion' AIRFLOW_CTX_EXECUTION_DATE='2026-09-07T21:05:00+00:00' AIRFLOW_CTX_TRY_NUMBER='1' AIRFLOW_CTX_DAG_RUN_ID='scheduled__2026-09-07T21:05:00+00:00'
[2026-09-08T15:14:45.886+0000] {external_task.py:244} INFO - Poking for tasks ['ingest_to_bronze'] in dag air_quality_ingestion on 2026-09-07T21:05:00+00:00 ... 
[2026-09-08T15:15:16.097+0000] {external_task.py:244} INFO - Poking for tasks ['ingest_to_bronze'] in dag air_quality_ingestion on 2026-09-07T21:05:00+00:00 ... 
[2026-09-08T15:15:46.108+0000] {external_task.py:244} INFO - Poking for tasks ['ingest_to_bronze'] in dag air_quality_ingestion on 2026-09-07T21:05:00+00:00 ... 
[2026-09-08T15:16:16.114+0000] {external_task.py:244} INFO - Poking for tasks ['ingest_to_bronze'] in dag air_quality_ingestion on 2026-09-07T21:05:00+00:00 ... 
[2026-09-08T15:16:46.122+0000] {external_task.py:244} INFO - Poking for tasks ['ingest_to_bronze'] in dag air_quality_ingestion on 2026-09-07T21:05:00+00:00 ... 
[2026-09-08T15:17:16.133+0000] {external_task.py:244} INFO - Poking for tasks ['ingest_to_bronze'] in dag air_quality_ingestion on 2026-09-07T21:05:00+00:00 ... 
[2026-09-08T15:17:46.146+0000] {external_task.py:244} INFO - Poking for tasks ['ingest_to_bronze'] in dag air_quality_ingestion on 2026-09-07T21:05:00+00:00 ... 
[2026-09-08T15:18:16.177+0000] {external_task.py:244} INFO - Poking for tasks ['ingest_to_bronze'] in dag air_quality_ingestion on 2026-09-07T21:05:00+00:00 ... 
[2026-09-08T15:18:46.188+0000] {external_task.py:244} INFO - Poking for tasks ['ingest_to_bronze'] in dag air_quality_ingestion on 2026-09-07T21:05:00+00:00 ... 
[2026-09-08T15:19:16.195+0000] {external_task.py:244} INFO - Poking for tasks ['ingest_to_bronze'] in dag air_quality_ingestion on 2026-09-07T21:05:00+00:00 ... 
[2026-09-08T15:19:46.204+0000] {external_task.py:244} INFO - Poking for tasks ['ingest_to_bronze'] in dag air_quality_ingestion on 2026-09-07T21:05:00+00:00 ... 
[2026-09-08T15:19:46.216+0000] {taskinstance.py:2698} ERROR - Task failed with exception
Traceback (most recent call last):
  File "/home/airflow/.local/lib/python3.11/site-packages/airflow/models/taskinstance.py", line 433, in _execute_task
    result = execute_callable(context=context, **execute_callable_kwargs)
             ^^^^^^^^^^^^^^^^^^^^^^^^^^^^^^^^^^^^^^^^^^^^^^^^^^^^^^^^^^^^
  File "/home/airflow/.local/lib/python3.11/site-packages/airflow/sensors/external_task.py", line 334, in execute
    super().execute(context)
  File "/home/airflow/.local/lib/python3.11/site-packages/airflow/sensors/base.py", line 282, in execute
    raise AirflowSensorTimeout(message)
airflow.exceptions.AirflowSensorTimeout: Sensor has timed out; run duration of 300.3614558050176 seconds exceeds the specified timeout of 300.0.
[2026-09-08T15:19:46.226+0000] {taskinstance.py:1138} INFO - Immediate failure requested. Marking task as FAILED. dag_id=air_quality_pipeline, task_id=wait_for_ingestion, execution_date=20260907T210500, start_date=20260908T151443, end_date=20260908T151946
[2026-09-08T15:19:46.244+0000] {standard_task_runner.py:107} ERROR - Failed to execute job 710 for task wait_for_ingestion (Sensor has timed out; run duration of 300.3614558050176 seconds exceeds the specified timeout of 300.0.; 97192)
[2026-09-08T15:19:46.261+0000] {local_task_job_runner.py:234} INFO - Task exited with return code 1
[2026-09-08T15:19:46.287+0000] {taskinstance.py:3280} INFO - 0 downstream tasks scheduled from follow-on schedule check
