[2026-08-30T15:31:45.033+0000] {taskinstance.py:1956} INFO - Dependencies all met for dep_context=non-requeueable deps ti=<TaskInstance: air_quality_ingestion.ingest_to_bronze scheduled__2026-08-30T11:00:00+00:00 [queued]>
[2026-08-30T15:31:45.074+0000] {taskinstance.py:1956} INFO - Dependencies all met for dep_context=requeueable deps ti=<TaskInstance: air_quality_ingestion.ingest_to_bronze scheduled__2026-08-30T11:00:00+00:00 [queued]>
[2026-08-30T15:31:45.090+0000] {taskinstance.py:2170} INFO - Starting attempt 1 of 4
[2026-08-30T15:31:45.329+0000] {taskinstance.py:2191} INFO - Executing <Task(PythonOperator): ingest_to_bronze> on 2026-08-30 11:00:00+00:00
[2026-08-30T15:31:45.408+0000] {standard_task_runner.py:60} INFO - Started process 14075 to run task
[2026-08-30T15:31:45.418+0000] {standard_task_runner.py:87} INFO - Running: ['***', 'tasks', 'run', 'air_quality_ingestion', 'ingest_to_bronze', 'scheduled__2026-08-30T11:00:00+00:00', '--job-id', '452', '--raw', '--subdir', 'DAGS_FOLDER/ingestion_dag.py', '--cfg-path', '/tmp/tmpixir1uyw']
[2026-08-30T15:31:45.441+0000] {standard_task_runner.py:88} INFO - Job 452: Subtask ingest_to_bronze
[2026-08-30T15:31:45.669+0000] {task_command.py:423} INFO - Running <TaskInstance: air_quality_ingestion.ingest_to_bronze scheduled__2026-08-30T11:00:00+00:00 [running]> on host 6a0525c4c718
[2026-08-30T15:31:45.885+0000] {taskinstance.py:2480} INFO - Exporting env vars: AIRFLOW_CTX_DAG_OWNER='***' AIRFLOW_CTX_DAG_ID='air_quality_ingestion' AIRFLOW_CTX_TASK_ID='ingest_to_bronze' AIRFLOW_CTX_EXECUTION_DATE='2026-08-30T11:00:00+00:00' AIRFLOW_CTX_TRY_NUMBER='1' AIRFLOW_CTX_DAG_RUN_ID='scheduled__2026-08-30T11:00:00+00:00'
[2026-08-30T15:31:46.102+0000] {logging_mixin.py:188} INFO - Created bucket: bronze-air-quality
[2026-08-30T15:31:46.119+0000] {logging_mixin.py:188} INFO - Created bucket: silver-air-quality
[2026-08-30T15:31:46.130+0000] {logging_mixin.py:188} INFO - Created bucket: gold-air-quality
[2026-08-30T15:31:48.463+0000] {logging_mixin.py:188} INFO - ✓ new york: AQI=24
[2026-08-30T15:31:49.435+0000] {logging_mixin.py:188} INFO - ✓ london: AQI=22
[2026-08-30T15:31:50.243+0000] {logging_mixin.py:188} INFO - ✓ beijing: AQI=38
[2026-08-30T15:31:51.063+0000] {logging_mixin.py:188} INFO - ✓ delhi: AQI=87
[2026-08-30T15:31:52.022+0000] {logging_mixin.py:188} INFO - ✓ sydney: AQI=57
[2026-08-30T15:31:52.050+0000] {logging_mixin.py:188} INFO - Saved → s3://bronze-air-quality/year=2026/month=08/day=30/city=new_york/153146.json
[2026-08-30T15:31:52.067+0000] {logging_mixin.py:188} INFO - Saved → s3://bronze-air-quality/year=2026/month=08/day=30/city=london/153146.json
[2026-08-30T15:31:52.087+0000] {logging_mixin.py:188} INFO - Saved → s3://bronze-air-quality/year=2026/month=08/day=30/city=beijing/153146.json
[2026-08-30T15:31:52.108+0000] {logging_mixin.py:188} INFO - Saved → s3://bronze-air-quality/year=2026/month=08/day=30/city=delhi/153146.json
[2026-08-30T15:31:52.135+0000] {logging_mixin.py:188} INFO - Saved → s3://bronze-air-quality/year=2026/month=08/day=30/city=sydney/153146.json
[2026-08-30T15:31:52.136+0000] {logging_mixin.py:188} INFO - 
Total records ingested: 5
[2026-08-30T15:31:52.141+0000] {python.py:201} INFO - Done. Returned value was: None
[2026-08-30T15:31:52.165+0000] {taskinstance.py:1138} INFO - Marking task as SUCCESS. dag_id=air_quality_ingestion, task_id=ingest_to_bronze, execution_date=20260830T110000, start_date=20260830T153145, end_date=20260830T153152
[2026-08-30T15:31:52.265+0000] {local_task_job_runner.py:234} INFO - Task exited with return code 0
[2026-08-30T15:31:52.308+0000] {taskinstance.py:3280} INFO - 0 downstream tasks scheduled from follow-on schedule check
