[2026-09-06T09:00:01.266+0000] {taskinstance.py:1956} INFO - Dependencies all met for dep_context=non-requeueable deps ti=<TaskInstance: air_quality_ingestion.ingest_to_bronze scheduled__2026-09-06T08:00:00+00:00 [queued]>
[2026-09-06T09:00:01.271+0000] {taskinstance.py:1956} INFO - Dependencies all met for dep_context=requeueable deps ti=<TaskInstance: air_quality_ingestion.ingest_to_bronze scheduled__2026-09-06T08:00:00+00:00 [queued]>
[2026-09-06T09:00:01.272+0000] {taskinstance.py:2170} INFO - Starting attempt 1 of 4
[2026-09-06T09:00:01.281+0000] {taskinstance.py:2191} INFO - Executing <Task(PythonOperator): ingest_to_bronze> on 2026-09-06 08:00:00+00:00
[2026-09-06T09:00:01.284+0000] {standard_task_runner.py:60} INFO - Started process 70557 to run task
[2026-09-06T09:00:01.287+0000] {standard_task_runner.py:87} INFO - Running: ['***', 'tasks', 'run', 'air_quality_ingestion', 'ingest_to_bronze', 'scheduled__2026-09-06T08:00:00+00:00', '--job-id', '649', '--raw', '--subdir', 'DAGS_FOLDER/ingestion_dag.py', '--cfg-path', '/tmp/tmp6soa5zii']
[2026-09-06T09:00:01.289+0000] {standard_task_runner.py:88} INFO - Job 649: Subtask ingest_to_bronze
[2026-09-06T09:00:01.377+0000] {task_command.py:423} INFO - Running <TaskInstance: air_quality_ingestion.ingest_to_bronze scheduled__2026-09-06T08:00:00+00:00 [running]> on host 6a0525c4c718
[2026-09-06T09:00:01.448+0000] {taskinstance.py:2480} INFO - Exporting env vars: AIRFLOW_CTX_DAG_OWNER='***' AIRFLOW_CTX_DAG_ID='air_quality_ingestion' AIRFLOW_CTX_TASK_ID='ingest_to_bronze' AIRFLOW_CTX_EXECUTION_DATE='2026-09-06T08:00:00+00:00' AIRFLOW_CTX_TRY_NUMBER='1' AIRFLOW_CTX_DAG_RUN_ID='scheduled__2026-09-06T08:00:00+00:00'
[2026-09-06T09:00:01.526+0000] {logging_mixin.py:188} INFO - Created bucket: bronze-air-quality
[2026-09-06T09:00:01.532+0000] {logging_mixin.py:188} INFO - Created bucket: silver-air-quality
[2026-09-06T09:00:01.538+0000] {logging_mixin.py:188} INFO - Created bucket: gold-air-quality
[2026-09-06T09:00:02.340+0000] {logging_mixin.py:188} INFO - ✓ new york: AQI=26
[2026-09-06T09:00:03.152+0000] {logging_mixin.py:188} INFO - ✓ london: AQI=30
[2026-09-06T09:00:03.893+0000] {logging_mixin.py:188} INFO - ✓ beijing: AQI=92
[2026-09-06T09:00:04.640+0000] {logging_mixin.py:188} INFO - ✓ delhi: AQI=2
[2026-09-06T09:00:05.392+0000] {logging_mixin.py:188} INFO - ✓ sydney: AQI=23
[2026-09-06T09:00:05.399+0000] {logging_mixin.py:188} INFO - Saved → s3://bronze-air-quality/year=2026/month=09/day=06/city=new_york/090001.json
[2026-09-06T09:00:05.407+0000] {logging_mixin.py:188} INFO - Saved → s3://bronze-air-quality/year=2026/month=09/day=06/city=london/090001.json
[2026-09-06T09:00:05.414+0000] {logging_mixin.py:188} INFO - Saved → s3://bronze-air-quality/year=2026/month=09/day=06/city=beijing/090001.json
[2026-09-06T09:00:05.421+0000] {logging_mixin.py:188} INFO - Saved → s3://bronze-air-quality/year=2026/month=09/day=06/city=delhi/090001.json
[2026-09-06T09:00:05.429+0000] {logging_mixin.py:188} INFO - Saved → s3://bronze-air-quality/year=2026/month=09/day=06/city=sydney/090001.json
[2026-09-06T09:00:05.430+0000] {logging_mixin.py:188} INFO - 
Total records ingested: 5
[2026-09-06T09:00:05.431+0000] {python.py:201} INFO - Done. Returned value was: None
[2026-09-06T09:00:05.440+0000] {taskinstance.py:1138} INFO - Marking task as SUCCESS. dag_id=air_quality_ingestion, task_id=ingest_to_bronze, execution_date=20260906T080000, start_date=20260906T090001, end_date=20260906T090005
[2026-09-06T09:00:05.453+0000] {local_task_job_runner.py:234} INFO - Task exited with return code 0
[2026-09-06T09:00:05.465+0000] {taskinstance.py:3280} INFO - 0 downstream tasks scheduled from follow-on schedule check
