[2026-08-30T15:31:44.010+0000] {taskinstance.py:1956} INFO - Dependencies all met for dep_context=non-requeueable deps ti=<TaskInstance: air_quality_pipeline.wait_for_ingestion scheduled__2026-08-30T11:05:00+00:00 [queued]>
[2026-08-30T15:31:44.053+0000] {taskinstance.py:1956} INFO - Dependencies all met for dep_context=requeueable deps ti=<TaskInstance: air_quality_pipeline.wait_for_ingestion scheduled__2026-08-30T11:05:00+00:00 [queued]>
[2026-08-30T15:31:44.060+0000] {taskinstance.py:2170} INFO - Starting attempt 1 of 3
[2026-08-30T15:31:44.211+0000] {taskinstance.py:2191} INFO - Executing <Task(ExternalTaskSensor): wait_for_ingestion> on 2026-08-30 11:05:00+00:00
[2026-08-30T15:31:44.380+0000] {standard_task_runner.py:60} INFO - Started process 14072 to run task
[2026-08-30T15:31:44.437+0000] {standard_task_runner.py:87} INFO - Running: ['***', 'tasks', 'run', 'air_quality_pipeline', 'wait_for_ingestion', 'scheduled__2026-08-30T11:05:00+00:00', '--job-id', '451', '--raw', '--subdir', 'DAGS_FOLDER/spark_pipeline_dag.py', '--cfg-path', '/tmp/tmpax6wylkg']
[2026-08-30T15:31:44.474+0000] {standard_task_runner.py:88} INFO - Job 451: Subtask wait_for_ingestion
[2026-08-30T15:31:45.177+0000] {task_command.py:423} INFO - Running <TaskInstance: air_quality_pipeline.wait_for_ingestion scheduled__2026-08-30T11:05:00+00:00 [running]> on host 6a0525c4c718
[2026-08-30T15:31:45.572+0000] {taskinstance.py:2480} INFO - Exporting env vars: AIRFLOW_CTX_DAG_OWNER='***' AIRFLOW_CTX_DAG_ID='air_quality_pipeline' AIRFLOW_CTX_TASK_ID='wait_for_ingestion' AIRFLOW_CTX_EXECUTION_DATE='2026-08-30T11:05:00+00:00' AIRFLOW_CTX_TRY_NUMBER='1' AIRFLOW_CTX_DAG_RUN_ID='scheduled__2026-08-30T11:05:00+00:00'
[2026-08-30T15:31:45.576+0000] {external_task.py:244} INFO - Poking for tasks ['ingest_to_bronze'] in dag air_quality_ingestion on 2026-08-30T11:05:00+00:00 ... 
[2026-08-30T15:32:15.617+0000] {external_task.py:244} INFO - Poking for tasks ['ingest_to_bronze'] in dag air_quality_ingestion on 2026-08-30T11:05:00+00:00 ... 
[2026-08-30T15:32:45.665+0000] {external_task.py:244} INFO - Poking for tasks ['ingest_to_bronze'] in dag air_quality_ingestion on 2026-08-30T11:05:00+00:00 ... 
[2026-08-30T15:33:15.694+0000] {external_task.py:244} INFO - Poking for tasks ['ingest_to_bronze'] in dag air_quality_ingestion on 2026-08-30T11:05:00+00:00 ... 
[2026-08-30T15:33:45.703+0000] {external_task.py:244} INFO - Poking for tasks ['ingest_to_bronze'] in dag air_quality_ingestion on 2026-08-30T11:05:00+00:00 ... 
[2026-08-30T15:34:15.711+0000] {external_task.py:244} INFO - Poking for tasks ['ingest_to_bronze'] in dag air_quality_ingestion on 2026-08-30T11:05:00+00:00 ... 
[2026-08-30T15:34:45.719+0000] {external_task.py:244} INFO - Poking for tasks ['ingest_to_bronze'] in dag air_quality_ingestion on 2026-08-30T11:05:00+00:00 ... 
[2026-08-30T15:35:15.728+0000] {external_task.py:244} INFO - Poking for tasks ['ingest_to_bronze'] in dag air_quality_ingestion on 2026-08-30T11:05:00+00:00 ... 
[2026-08-30T15:35:45.737+0000] {external_task.py:244} INFO - Poking for tasks ['ingest_to_bronze'] in dag air_quality_ingestion on 2026-08-30T11:05:00+00:00 ... 
[2026-08-30T15:36:15.746+0000] {external_task.py:244} INFO - Poking for tasks ['ingest_to_bronze'] in dag air_quality_ingestion on 2026-08-30T11:05:00+00:00 ... 
[2026-08-30T15:36:45.759+0000] {external_task.py:244} INFO - Poking for tasks ['ingest_to_bronze'] in dag air_quality_ingestion on 2026-08-30T11:05:00+00:00 ... 
[2026-08-30T15:36:45.778+0000] {taskinstance.py:2698} ERROR - Task failed with exception
Traceback (most recent call last):
  File "/home/airflow/.local/lib/python3.11/site-packages/airflow/models/taskinstance.py", line 433, in _execute_task
    result = execute_callable(context=context, **execute_callable_kwargs)
             ^^^^^^^^^^^^^^^^^^^^^^^^^^^^^^^^^^^^^^^^^^^^^^^^^^^^^^^^^^^^
  File "/home/airflow/.local/lib/python3.11/site-packages/airflow/sensors/external_task.py", line 334, in execute
    super().execute(context)
  File "/home/airflow/.local/lib/python3.11/site-packages/airflow/sensors/base.py", line 282, in execute
    raise AirflowSensorTimeout(message)
airflow.exceptions.AirflowSensorTimeout: Sensor has timed out; run duration of 300.23471416099346 seconds exceeds the specified timeout of 300.0.
[2026-08-30T15:36:45.802+0000] {taskinstance.py:1138} INFO - Immediate failure requested. Marking task as FAILED. dag_id=air_quality_pipeline, task_id=wait_for_ingestion, execution_date=20260830T110500, start_date=20260830T153144, end_date=20260830T153645
[2026-08-30T15:36:45.846+0000] {standard_task_runner.py:107} ERROR - Failed to execute job 451 for task wait_for_ingestion (Sensor has timed out; run duration of 300.23471416099346 seconds exceeds the specified timeout of 300.0.; 14072)
[2026-08-30T15:36:45.880+0000] {local_task_job_runner.py:234} INFO - Task exited with return code 1
[2026-08-30T15:36:45.925+0000] {taskinstance.py:3280} INFO - 0 downstream tasks scheduled from follow-on schedule check
