[2026-08-17T03:15:29.666+0000] {taskinstance.py:1956} INFO - Dependencies all met for dep_context=non-requeueable deps ti=<TaskInstance: air_quality_pipeline.wait_for_ingestion scheduled__2026-08-17T02:05:00+00:00 [queued]>
[2026-08-17T03:15:29.705+0000] {taskinstance.py:1956} INFO - Dependencies all met for dep_context=requeueable deps ti=<TaskInstance: air_quality_pipeline.wait_for_ingestion scheduled__2026-08-17T02:05:00+00:00 [queued]>
[2026-08-17T03:15:29.717+0000] {taskinstance.py:2170} INFO - Starting attempt 1 of 3
[2026-08-17T03:15:29.801+0000] {taskinstance.py:2191} INFO - Executing <Task(ExternalTaskSensor): wait_for_ingestion> on 2026-08-17 02:05:00+00:00
[2026-08-17T03:15:29.825+0000] {standard_task_runner.py:60} INFO - Started process 59473 to run task
[2026-08-17T03:15:29.856+0000] {standard_task_runner.py:87} INFO - Running: ['***', 'tasks', 'run', 'air_quality_pipeline', 'wait_for_ingestion', 'scheduled__2026-08-17T02:05:00+00:00', '--job-id', '351', '--raw', '--subdir', 'DAGS_FOLDER/spark_pipeline_dag.py', '--cfg-path', '/tmp/tmppnqnbvwa']
[2026-08-17T03:15:29.888+0000] {standard_task_runner.py:88} INFO - Job 351: Subtask wait_for_ingestion
[2026-08-17T03:15:30.356+0000] {task_command.py:423} INFO - Running <TaskInstance: air_quality_pipeline.wait_for_ingestion scheduled__2026-08-17T02:05:00+00:00 [running]> on host 6a0525c4c718
[2026-08-17T03:15:30.775+0000] {taskinstance.py:2480} INFO - Exporting env vars: AIRFLOW_CTX_DAG_OWNER='***' AIRFLOW_CTX_DAG_ID='air_quality_pipeline' AIRFLOW_CTX_TASK_ID='wait_for_ingestion' AIRFLOW_CTX_EXECUTION_DATE='2026-08-17T02:05:00+00:00' AIRFLOW_CTX_TRY_NUMBER='1' AIRFLOW_CTX_DAG_RUN_ID='scheduled__2026-08-17T02:05:00+00:00'
[2026-08-17T03:15:30.782+0000] {external_task.py:244} INFO - Poking for tasks ['ingest_to_bronze'] in dag air_quality_ingestion on 2026-08-17T02:05:00+00:00 ... 
[2026-08-17T03:16:00.831+0000] {external_task.py:244} INFO - Poking for tasks ['ingest_to_bronze'] in dag air_quality_ingestion on 2026-08-17T02:05:00+00:00 ... 
[2026-08-17T03:16:30.855+0000] {external_task.py:244} INFO - Poking for tasks ['ingest_to_bronze'] in dag air_quality_ingestion on 2026-08-17T02:05:00+00:00 ... 
[2026-08-17T03:17:00.868+0000] {external_task.py:244} INFO - Poking for tasks ['ingest_to_bronze'] in dag air_quality_ingestion on 2026-08-17T02:05:00+00:00 ... 
[2026-08-17T03:23:12.411+0000] {external_task.py:244} INFO - Poking for tasks ['ingest_to_bronze'] in dag air_quality_ingestion on 2026-08-17T02:05:00+00:00 ... 
[2026-08-17T03:23:42.461+0000] {external_task.py:244} INFO - Poking for tasks ['ingest_to_bronze'] in dag air_quality_ingestion on 2026-08-17T02:05:00+00:00 ... 
[2026-08-17T03:24:12.497+0000] {external_task.py:244} INFO - Poking for tasks ['ingest_to_bronze'] in dag air_quality_ingestion on 2026-08-17T02:05:00+00:00 ... 
[2026-08-17T03:24:42.526+0000] {external_task.py:244} INFO - Poking for tasks ['ingest_to_bronze'] in dag air_quality_ingestion on 2026-08-17T02:05:00+00:00 ... 
[2026-08-17T03:25:12.555+0000] {external_task.py:244} INFO - Poking for tasks ['ingest_to_bronze'] in dag air_quality_ingestion on 2026-08-17T02:05:00+00:00 ... 
[2026-08-17T03:49:32.855+0000] {external_task.py:244} INFO - Poking for tasks ['ingest_to_bronze'] in dag air_quality_ingestion on 2026-08-17T02:05:00+00:00 ... 
[2026-08-17T03:50:02.868+0000] {external_task.py:244} INFO - Poking for tasks ['ingest_to_bronze'] in dag air_quality_ingestion on 2026-08-17T02:05:00+00:00 ... 
[2026-08-17T03:50:02.881+0000] {taskinstance.py:2698} ERROR - Task failed with exception
Traceback (most recent call last):
  File "/home/airflow/.local/lib/python3.11/site-packages/airflow/models/taskinstance.py", line 433, in _execute_task
    result = execute_callable(context=context, **execute_callable_kwargs)
             ^^^^^^^^^^^^^^^^^^^^^^^^^^^^^^^^^^^^^^^^^^^^^^^^^^^^^^^^^^^^
  File "/home/airflow/.local/lib/python3.11/site-packages/airflow/sensors/external_task.py", line 334, in execute
    super().execute(context)
  File "/home/airflow/.local/lib/python3.11/site-packages/airflow/sensors/base.py", line 282, in execute
    raise AirflowSensorTimeout(message)
airflow.exceptions.AirflowSensorTimeout: Sensor has timed out; run duration of 300.3045870400383 seconds exceeds the specified timeout of 300.0.
[2026-08-17T03:50:02.896+0000] {taskinstance.py:1138} INFO - Immediate failure requested. Marking task as FAILED. dag_id=air_quality_pipeline, task_id=wait_for_ingestion, execution_date=20260817T020500, start_date=20260817T031529, end_date=20260817T035002
[2026-08-17T03:50:02.925+0000] {standard_task_runner.py:107} ERROR - Failed to execute job 351 for task wait_for_ingestion (Sensor has timed out; run duration of 300.3045870400383 seconds exceeds the specified timeout of 300.0.; 59473)
[2026-08-17T03:50:02.961+0000] {local_task_job_runner.py:234} INFO - Task exited with return code 1
[2026-08-17T03:50:02.996+0000] {taskinstance.py:3280} INFO - 0 downstream tasks scheduled from follow-on schedule check
