[2026-08-31T16:00:00.569+0000] {taskinstance.py:1956} INFO - Dependencies all met for dep_context=non-requeueable deps ti=<TaskInstance: air_quality_ingestion.ingest_to_bronze scheduled__2026-08-31T15:00:00+00:00 [queued]>
[2026-08-31T16:00:00.574+0000] {taskinstance.py:1956} INFO - Dependencies all met for dep_context=requeueable deps ti=<TaskInstance: air_quality_ingestion.ingest_to_bronze scheduled__2026-08-31T15:00:00+00:00 [queued]>
[2026-08-31T16:00:00.575+0000] {taskinstance.py:2170} INFO - Starting attempt 1 of 4
[2026-08-31T16:00:00.584+0000] {taskinstance.py:2191} INFO - Executing <Task(PythonOperator): ingest_to_bronze> on 2026-08-31 15:00:00+00:00
[2026-08-31T16:00:00.588+0000] {standard_task_runner.py:60} INFO - Started process 26819 to run task
[2026-08-31T16:00:00.590+0000] {standard_task_runner.py:87} INFO - Running: ['***', 'tasks', 'run', 'air_quality_ingestion', 'ingest_to_bronze', 'scheduled__2026-08-31T15:00:00+00:00', '--job-id', '492', '--raw', '--subdir', 'DAGS_FOLDER/ingestion_dag.py', '--cfg-path', '/tmp/tmp7o5ed5rv']
[2026-08-31T16:00:00.592+0000] {standard_task_runner.py:88} INFO - Job 492: Subtask ingest_to_bronze
[2026-08-31T16:00:00.725+0000] {task_command.py:423} INFO - Running <TaskInstance: air_quality_ingestion.ingest_to_bronze scheduled__2026-08-31T15:00:00+00:00 [running]> on host 6a0525c4c718
[2026-08-31T16:00:00.799+0000] {taskinstance.py:2480} INFO - Exporting env vars: AIRFLOW_CTX_DAG_OWNER='***' AIRFLOW_CTX_DAG_ID='air_quality_ingestion' AIRFLOW_CTX_TASK_ID='ingest_to_bronze' AIRFLOW_CTX_EXECUTION_DATE='2026-08-31T15:00:00+00:00' AIRFLOW_CTX_TRY_NUMBER='1' AIRFLOW_CTX_DAG_RUN_ID='scheduled__2026-08-31T15:00:00+00:00'
[2026-08-31T16:00:00.881+0000] {logging_mixin.py:188} INFO - Created bucket: bronze-air-quality
[2026-08-31T16:00:00.886+0000] {logging_mixin.py:188} INFO - Created bucket: silver-air-quality
[2026-08-31T16:00:00.891+0000] {logging_mixin.py:188} INFO - Created bucket: gold-air-quality
[2026-08-31T16:00:01.686+0000] {logging_mixin.py:188} INFO - ✓ new york: AQI=28
[2026-08-31T16:00:02.441+0000] {logging_mixin.py:188} INFO - ✓ london: AQI=38
[2026-08-31T16:00:03.251+0000] {logging_mixin.py:188} INFO - ✓ beijing: AQI=42
[2026-08-31T16:00:03.999+0000] {logging_mixin.py:188} INFO - ✓ delhi: AQI=88
[2026-08-31T16:00:04.763+0000] {logging_mixin.py:188} INFO - ✓ sydney: AQI=31
[2026-08-31T16:00:04.775+0000] {logging_mixin.py:188} INFO - Saved → s3://bronze-air-quality/year=2026/month=08/day=31/city=new_york/160000.json
[2026-08-31T16:00:04.783+0000] {logging_mixin.py:188} INFO - Saved → s3://bronze-air-quality/year=2026/month=08/day=31/city=london/160000.json
[2026-08-31T16:00:04.790+0000] {logging_mixin.py:188} INFO - Saved → s3://bronze-air-quality/year=2026/month=08/day=31/city=beijing/160000.json
[2026-08-31T16:00:04.797+0000] {logging_mixin.py:188} INFO - Saved → s3://bronze-air-quality/year=2026/month=08/day=31/city=delhi/160000.json
[2026-08-31T16:00:04.802+0000] {logging_mixin.py:188} INFO - Saved → s3://bronze-air-quality/year=2026/month=08/day=31/city=sydney/160000.json
[2026-08-31T16:00:04.802+0000] {logging_mixin.py:188} INFO - 
Total records ingested: 5
[2026-08-31T16:00:04.803+0000] {python.py:201} INFO - Done. Returned value was: None
[2026-08-31T16:00:04.811+0000] {taskinstance.py:1138} INFO - Marking task as SUCCESS. dag_id=air_quality_ingestion, task_id=ingest_to_bronze, execution_date=20260831T150000, start_date=20260831T160000, end_date=20260831T160004
[2026-08-31T16:00:04.840+0000] {local_task_job_runner.py:234} INFO - Task exited with return code 0
[2026-08-31T16:00:04.857+0000] {taskinstance.py:3280} INFO - 0 downstream tasks scheduled from follow-on schedule check
