[2026-08-28T11:32:21.830+0000] {taskinstance.py:1956} INFO - Dependencies all met for dep_context=non-requeueable deps ti=<TaskInstance: air_quality_pipeline.wait_for_ingestion scheduled__2026-08-28T10:05:00+00:00 [queued]>
[2026-08-28T11:32:21.855+0000] {taskinstance.py:1956} INFO - Dependencies all met for dep_context=requeueable deps ti=<TaskInstance: air_quality_pipeline.wait_for_ingestion scheduled__2026-08-28T10:05:00+00:00 [queued]>
[2026-08-28T11:32:21.856+0000] {taskinstance.py:2170} INFO - Starting attempt 1 of 3
[2026-08-28T11:32:21.915+0000] {taskinstance.py:2191} INFO - Executing <Task(ExternalTaskSensor): wait_for_ingestion> on 2026-08-28 10:05:00+00:00
[2026-08-28T11:32:21.933+0000] {standard_task_runner.py:60} INFO - Started process 13607 to run task
[2026-08-28T11:32:21.940+0000] {standard_task_runner.py:87} INFO - Running: ['***', 'tasks', 'run', 'air_quality_pipeline', 'wait_for_ingestion', 'scheduled__2026-08-28T10:05:00+00:00', '--job-id', '423', '--raw', '--subdir', 'DAGS_FOLDER/spark_pipeline_dag.py', '--cfg-path', '/tmp/tmpbrm5zro5']
[2026-08-28T11:32:21.953+0000] {standard_task_runner.py:88} INFO - Job 423: Subtask wait_for_ingestion
[2026-08-28T11:32:22.269+0000] {task_command.py:423} INFO - Running <TaskInstance: air_quality_pipeline.wait_for_ingestion scheduled__2026-08-28T10:05:00+00:00 [running]> on host 6a0525c4c718
[2026-08-28T11:32:22.613+0000] {taskinstance.py:2480} INFO - Exporting env vars: AIRFLOW_CTX_DAG_OWNER='***' AIRFLOW_CTX_DAG_ID='air_quality_pipeline' AIRFLOW_CTX_TASK_ID='wait_for_ingestion' AIRFLOW_CTX_EXECUTION_DATE='2026-08-28T10:05:00+00:00' AIRFLOW_CTX_TRY_NUMBER='1' AIRFLOW_CTX_DAG_RUN_ID='scheduled__2026-08-28T10:05:00+00:00'
[2026-08-28T11:32:22.616+0000] {external_task.py:244} INFO - Poking for tasks ['ingest_to_bronze'] in dag air_quality_ingestion on 2026-08-28T10:05:00+00:00 ... 
[2026-08-29T05:05:55.349+0000] {external_task.py:244} INFO - Poking for tasks ['ingest_to_bronze'] in dag air_quality_ingestion on 2026-08-28T10:05:00+00:00 ... 
[2026-08-29T05:06:25.491+0000] {external_task.py:244} INFO - Poking for tasks ['ingest_to_bronze'] in dag air_quality_ingestion on 2026-08-28T10:05:00+00:00 ... 
[2026-08-29T05:06:55.595+0000] {external_task.py:244} INFO - Poking for tasks ['ingest_to_bronze'] in dag air_quality_ingestion on 2026-08-28T10:05:00+00:00 ... 
[2026-08-29T05:07:25.604+0000] {external_task.py:244} INFO - Poking for tasks ['ingest_to_bronze'] in dag air_quality_ingestion on 2026-08-28T10:05:00+00:00 ... 
[2026-08-29T05:07:55.627+0000] {external_task.py:244} INFO - Poking for tasks ['ingest_to_bronze'] in dag air_quality_ingestion on 2026-08-28T10:05:00+00:00 ... 
[2026-08-29T05:16:59.182+0000] {external_task.py:244} INFO - Poking for tasks ['ingest_to_bronze'] in dag air_quality_ingestion on 2026-08-28T10:05:00+00:00 ... 
[2026-08-29T05:17:29.234+0000] {external_task.py:244} INFO - Poking for tasks ['ingest_to_bronze'] in dag air_quality_ingestion on 2026-08-28T10:05:00+00:00 ... 
[2026-08-29T05:17:59.255+0000] {external_task.py:244} INFO - Poking for tasks ['ingest_to_bronze'] in dag air_quality_ingestion on 2026-08-28T10:05:00+00:00 ... 
[2026-08-29T05:18:29.270+0000] {external_task.py:244} INFO - Poking for tasks ['ingest_to_bronze'] in dag air_quality_ingestion on 2026-08-28T10:05:00+00:00 ... 
[2026-08-29T05:18:59.286+0000] {external_task.py:244} INFO - Poking for tasks ['ingest_to_bronze'] in dag air_quality_ingestion on 2026-08-28T10:05:00+00:00 ... 
[2026-08-29T05:18:59.342+0000] {taskinstance.py:2698} ERROR - Task failed with exception
Traceback (most recent call last):
  File "/home/airflow/.local/lib/python3.11/site-packages/airflow/models/taskinstance.py", line 433, in _execute_task
    result = execute_callable(context=context, **execute_callable_kwargs)
             ^^^^^^^^^^^^^^^^^^^^^^^^^^^^^^^^^^^^^^^^^^^^^^^^^^^^^^^^^^^^
  File "/home/airflow/.local/lib/python3.11/site-packages/airflow/sensors/external_task.py", line 334, in execute
    super().execute(context)
  File "/home/airflow/.local/lib/python3.11/site-packages/airflow/sensors/base.py", line 282, in execute
    raise AirflowSensorTimeout(message)
airflow.exceptions.AirflowSensorTimeout: Sensor has timed out; run duration of 300.5068369729852 seconds exceeds the specified timeout of 300.0.
[2026-08-29T05:18:59.417+0000] {taskinstance.py:1138} INFO - Immediate failure requested. Marking task as FAILED. dag_id=air_quality_pipeline, task_id=wait_for_ingestion, execution_date=20260828T100500, start_date=20260828T113221, end_date=20260829T051859
[2026-08-29T05:18:59.522+0000] {standard_task_runner.py:107} ERROR - Failed to execute job 423 for task wait_for_ingestion (Sensor has timed out; run duration of 300.5068369729852 seconds exceeds the specified timeout of 300.0.; 13607)
[2026-08-29T05:18:59.587+0000] {local_task_job_runner.py:234} INFO - Task exited with return code 1
[2026-08-29T05:18:59.794+0000] {taskinstance.py:3280} INFO - 0 downstream tasks scheduled from follow-on schedule check
