[2026-08-06T18:00:40.760+0000] {taskinstance.py:1956} INFO - Dependencies all met for dep_context=non-requeueable deps ti=<TaskInstance: air_quality_pipeline.wait_for_ingestion scheduled__2026-08-06T16:05:00+00:00 [queued]>
[2026-08-06T18:00:40.770+0000] {taskinstance.py:1956} INFO - Dependencies all met for dep_context=requeueable deps ti=<TaskInstance: air_quality_pipeline.wait_for_ingestion scheduled__2026-08-06T16:05:00+00:00 [queued]>
[2026-08-06T18:00:40.771+0000] {taskinstance.py:2170} INFO - Starting attempt 1 of 3
[2026-08-06T18:00:40.781+0000] {taskinstance.py:2191} INFO - Executing <Task(ExternalTaskSensor): wait_for_ingestion> on 2026-08-06 16:05:00+00:00
[2026-08-06T18:00:40.786+0000] {standard_task_runner.py:60} INFO - Started process 649 to run task
[2026-08-06T18:00:40.789+0000] {standard_task_runner.py:87} INFO - Running: ['***', 'tasks', 'run', 'air_quality_pipeline', 'wait_for_ingestion', 'scheduled__2026-08-06T16:05:00+00:00', '--job-id', '85', '--raw', '--subdir', 'DAGS_FOLDER/spark_pipeline_dag.py', '--cfg-path', '/tmp/tmpggwewag7']
[2026-08-06T18:00:40.792+0000] {standard_task_runner.py:88} INFO - Job 85: Subtask wait_for_ingestion
[2026-08-06T18:00:40.867+0000] {task_command.py:423} INFO - Running <TaskInstance: air_quality_pipeline.wait_for_ingestion scheduled__2026-08-06T16:05:00+00:00 [running]> on host 6a0525c4c718
[2026-08-06T18:00:40.944+0000] {taskinstance.py:2480} INFO - Exporting env vars: AIRFLOW_CTX_DAG_OWNER='***' AIRFLOW_CTX_DAG_ID='air_quality_pipeline' AIRFLOW_CTX_TASK_ID='wait_for_ingestion' AIRFLOW_CTX_EXECUTION_DATE='2026-08-06T16:05:00+00:00' AIRFLOW_CTX_TRY_NUMBER='1' AIRFLOW_CTX_DAG_RUN_ID='scheduled__2026-08-06T16:05:00+00:00'
[2026-08-06T18:00:40.948+0000] {external_task.py:244} INFO - Poking for tasks ['ingest_to_bronze'] in dag air_quality_ingestion on 2026-08-06T16:05:00+00:00 ... 
[2026-08-06T18:01:10.957+0000] {external_task.py:244} INFO - Poking for tasks ['ingest_to_bronze'] in dag air_quality_ingestion on 2026-08-06T16:05:00+00:00 ... 
[2026-08-06T18:01:40.966+0000] {external_task.py:244} INFO - Poking for tasks ['ingest_to_bronze'] in dag air_quality_ingestion on 2026-08-06T16:05:00+00:00 ... 
[2026-08-06T18:02:10.984+0000] {external_task.py:244} INFO - Poking for tasks ['ingest_to_bronze'] in dag air_quality_ingestion on 2026-08-06T16:05:00+00:00 ... 
[2026-08-06T18:02:41.004+0000] {external_task.py:244} INFO - Poking for tasks ['ingest_to_bronze'] in dag air_quality_ingestion on 2026-08-06T16:05:00+00:00 ... 
[2026-08-06T18:03:11.029+0000] {external_task.py:244} INFO - Poking for tasks ['ingest_to_bronze'] in dag air_quality_ingestion on 2026-08-06T16:05:00+00:00 ... 
[2026-08-06T18:03:41.054+0000] {external_task.py:244} INFO - Poking for tasks ['ingest_to_bronze'] in dag air_quality_ingestion on 2026-08-06T16:05:00+00:00 ... 
[2026-08-06T18:04:11.086+0000] {external_task.py:244} INFO - Poking for tasks ['ingest_to_bronze'] in dag air_quality_ingestion on 2026-08-06T16:05:00+00:00 ... 
[2026-08-06T18:04:41.128+0000] {external_task.py:244} INFO - Poking for tasks ['ingest_to_bronze'] in dag air_quality_ingestion on 2026-08-06T16:05:00+00:00 ... 
[2026-08-06T18:05:11.135+0000] {external_task.py:244} INFO - Poking for tasks ['ingest_to_bronze'] in dag air_quality_ingestion on 2026-08-06T16:05:00+00:00 ... 
[2026-08-06T18:05:41.161+0000] {external_task.py:244} INFO - Poking for tasks ['ingest_to_bronze'] in dag air_quality_ingestion on 2026-08-06T16:05:00+00:00 ... 
[2026-08-06T18:05:41.179+0000] {taskinstance.py:2698} ERROR - Task failed with exception
Traceback (most recent call last):
  File "/home/airflow/.local/lib/python3.11/site-packages/airflow/models/taskinstance.py", line 433, in _execute_task
    result = execute_callable(context=context, **execute_callable_kwargs)
             ^^^^^^^^^^^^^^^^^^^^^^^^^^^^^^^^^^^^^^^^^^^^^^^^^^^^^^^^^^^^
  File "/home/airflow/.local/lib/python3.11/site-packages/airflow/sensors/external_task.py", line 334, in execute
    super().execute(context)
  File "/home/airflow/.local/lib/python3.11/site-packages/airflow/sensors/base.py", line 282, in execute
    raise AirflowSensorTimeout(message)
airflow.exceptions.AirflowSensorTimeout: Sensor has timed out; run duration of 300.26755011299974 seconds exceeds the specified timeout of 300.0.
[2026-08-06T18:05:41.193+0000] {taskinstance.py:1138} INFO - Immediate failure requested. Marking task as FAILED. dag_id=air_quality_pipeline, task_id=wait_for_ingestion, execution_date=20260806T160500, start_date=20260806T180040, end_date=20260806T180541
[2026-08-06T18:05:41.215+0000] {standard_task_runner.py:107} ERROR - Failed to execute job 85 for task wait_for_ingestion (Sensor has timed out; run duration of 300.26755011299974 seconds exceeds the specified timeout of 300.0.; 649)
[2026-08-06T18:05:41.243+0000] {local_task_job_runner.py:234} INFO - Task exited with return code 1
[2026-08-06T18:05:41.277+0000] {taskinstance.py:3280} INFO - 0 downstream tasks scheduled from follow-on schedule check
