[2026-09-01T01:05:01.049+0000] {taskinstance.py:1956} INFO - Dependencies all met for dep_context=non-requeueable deps ti=<TaskInstance: air_quality_pipeline.wait_for_ingestion scheduled__2026-09-01T00:05:00+00:00 [queued]>
[2026-09-01T01:05:01.056+0000] {taskinstance.py:1956} INFO - Dependencies all met for dep_context=requeueable deps ti=<TaskInstance: air_quality_pipeline.wait_for_ingestion scheduled__2026-09-01T00:05:00+00:00 [queued]>
[2026-09-01T01:05:01.057+0000] {taskinstance.py:2170} INFO - Starting attempt 1 of 3
[2026-09-01T01:05:01.069+0000] {taskinstance.py:2191} INFO - Executing <Task(ExternalTaskSensor): wait_for_ingestion> on 2026-09-01 00:05:00+00:00
[2026-09-01T01:05:01.073+0000] {standard_task_runner.py:60} INFO - Started process 32845 to run task
[2026-09-01T01:05:01.076+0000] {standard_task_runner.py:87} INFO - Running: ['***', 'tasks', 'run', 'air_quality_pipeline', 'wait_for_ingestion', 'scheduled__2026-09-01T00:05:00+00:00', '--job-id', '508', '--raw', '--subdir', 'DAGS_FOLDER/spark_pipeline_dag.py', '--cfg-path', '/tmp/tmpsi0cn6bd']
[2026-09-01T01:05:01.078+0000] {standard_task_runner.py:88} INFO - Job 508: Subtask wait_for_ingestion
[2026-09-01T01:05:01.140+0000] {task_command.py:423} INFO - Running <TaskInstance: air_quality_pipeline.wait_for_ingestion scheduled__2026-09-01T00:05:00+00:00 [running]> on host 6a0525c4c718
[2026-09-01T01:05:01.201+0000] {taskinstance.py:2480} INFO - Exporting env vars: AIRFLOW_CTX_DAG_OWNER='***' AIRFLOW_CTX_DAG_ID='air_quality_pipeline' AIRFLOW_CTX_TASK_ID='wait_for_ingestion' AIRFLOW_CTX_EXECUTION_DATE='2026-09-01T00:05:00+00:00' AIRFLOW_CTX_TRY_NUMBER='1' AIRFLOW_CTX_DAG_RUN_ID='scheduled__2026-09-01T00:05:00+00:00'
[2026-09-01T01:05:01.202+0000] {external_task.py:244} INFO - Poking for tasks ['ingest_to_bronze'] in dag air_quality_ingestion on 2026-09-01T00:05:00+00:00 ... 
[2026-09-01T01:05:31.208+0000] {external_task.py:244} INFO - Poking for tasks ['ingest_to_bronze'] in dag air_quality_ingestion on 2026-09-01T00:05:00+00:00 ... 
[2026-09-01T01:06:01.218+0000] {external_task.py:244} INFO - Poking for tasks ['ingest_to_bronze'] in dag air_quality_ingestion on 2026-09-01T00:05:00+00:00 ... 
[2026-09-01T01:06:31.223+0000] {external_task.py:244} INFO - Poking for tasks ['ingest_to_bronze'] in dag air_quality_ingestion on 2026-09-01T00:05:00+00:00 ... 
[2026-09-01T01:07:01.238+0000] {external_task.py:244} INFO - Poking for tasks ['ingest_to_bronze'] in dag air_quality_ingestion on 2026-09-01T00:05:00+00:00 ... 
[2026-09-01T01:07:31.258+0000] {external_task.py:244} INFO - Poking for tasks ['ingest_to_bronze'] in dag air_quality_ingestion on 2026-09-01T00:05:00+00:00 ... 
[2026-09-01T01:08:01.269+0000] {external_task.py:244} INFO - Poking for tasks ['ingest_to_bronze'] in dag air_quality_ingestion on 2026-09-01T00:05:00+00:00 ... 
[2026-09-01T01:08:31.285+0000] {external_task.py:244} INFO - Poking for tasks ['ingest_to_bronze'] in dag air_quality_ingestion on 2026-09-01T00:05:00+00:00 ... 
[2026-09-01T01:09:01.293+0000] {external_task.py:244} INFO - Poking for tasks ['ingest_to_bronze'] in dag air_quality_ingestion on 2026-09-01T00:05:00+00:00 ... 
[2026-09-01T01:09:31.306+0000] {external_task.py:244} INFO - Poking for tasks ['ingest_to_bronze'] in dag air_quality_ingestion on 2026-09-01T00:05:00+00:00 ... 
[2026-09-01T05:01:35.377+0000] {external_task.py:244} INFO - Poking for tasks ['ingest_to_bronze'] in dag air_quality_ingestion on 2026-09-01T00:05:00+00:00 ... 
[2026-09-01T05:01:35.426+0000] {taskinstance.py:2698} ERROR - Task failed with exception
Traceback (most recent call last):
  File "/home/airflow/.local/lib/python3.11/site-packages/airflow/models/taskinstance.py", line 433, in _execute_task
    result = execute_callable(context=context, **execute_callable_kwargs)
             ^^^^^^^^^^^^^^^^^^^^^^^^^^^^^^^^^^^^^^^^^^^^^^^^^^^^^^^^^^^^
  File "/home/airflow/.local/lib/python3.11/site-packages/airflow/sensors/external_task.py", line 334, in execute
    super().execute(context)
  File "/home/airflow/.local/lib/python3.11/site-packages/airflow/sensors/base.py", line 282, in execute
    raise AirflowSensorTimeout(message)
airflow.exceptions.AirflowSensorTimeout: Sensor has timed out; run duration of 300.1966952040093 seconds exceeds the specified timeout of 300.0.
[2026-09-01T05:01:35.486+0000] {taskinstance.py:1138} INFO - Immediate failure requested. Marking task as FAILED. dag_id=air_quality_pipeline, task_id=wait_for_ingestion, execution_date=20260901T000500, start_date=20260901T010501, end_date=20260901T050135
[2026-09-01T05:01:35.536+0000] {standard_task_runner.py:107} ERROR - Failed to execute job 508 for task wait_for_ingestion (Sensor has timed out; run duration of 300.1966952040093 seconds exceeds the specified timeout of 300.0.; 32845)
[2026-09-01T05:01:35.598+0000] {local_task_job_runner.py:234} INFO - Task exited with return code 1
[2026-09-01T05:01:35.724+0000] {taskinstance.py:3280} INFO - 0 downstream tasks scheduled from follow-on schedule check
