[2026-09-03T02:31:27.732+0000] {taskinstance.py:1956} INFO - Dependencies all met for dep_context=non-requeueable deps ti=<TaskInstance: air_quality_pipeline.wait_for_ingestion scheduled__2026-09-03T01:05:00+00:00 [queued]>
[2026-09-03T02:31:27.752+0000] {taskinstance.py:1956} INFO - Dependencies all met for dep_context=requeueable deps ti=<TaskInstance: air_quality_pipeline.wait_for_ingestion scheduled__2026-09-03T01:05:00+00:00 [queued]>
[2026-09-03T02:31:27.760+0000] {taskinstance.py:2170} INFO - Starting attempt 1 of 3
[2026-09-03T02:31:27.812+0000] {taskinstance.py:2191} INFO - Executing <Task(ExternalTaskSensor): wait_for_ingestion> on 2026-09-03 01:05:00+00:00
[2026-09-03T02:31:27.832+0000] {standard_task_runner.py:60} INFO - Started process 45991 to run task
[2026-09-03T02:31:27.840+0000] {standard_task_runner.py:87} INFO - Running: ['***', 'tasks', 'run', 'air_quality_pipeline', 'wait_for_ingestion', 'scheduled__2026-09-03T01:05:00+00:00', '--job-id', '566', '--raw', '--subdir', 'DAGS_FOLDER/spark_pipeline_dag.py', '--cfg-path', '/tmp/tmpmoeecs04']
[2026-09-03T02:31:27.857+0000] {standard_task_runner.py:88} INFO - Job 566: Subtask wait_for_ingestion
[2026-09-03T02:31:28.070+0000] {task_command.py:423} INFO - Running <TaskInstance: air_quality_pipeline.wait_for_ingestion scheduled__2026-09-03T01:05:00+00:00 [running]> on host 6a0525c4c718
[2026-09-03T02:31:28.339+0000] {taskinstance.py:2480} INFO - Exporting env vars: AIRFLOW_CTX_DAG_OWNER='***' AIRFLOW_CTX_DAG_ID='air_quality_pipeline' AIRFLOW_CTX_TASK_ID='wait_for_ingestion' AIRFLOW_CTX_EXECUTION_DATE='2026-09-03T01:05:00+00:00' AIRFLOW_CTX_TRY_NUMBER='1' AIRFLOW_CTX_DAG_RUN_ID='scheduled__2026-09-03T01:05:00+00:00'
[2026-09-03T02:31:28.344+0000] {external_task.py:244} INFO - Poking for tasks ['ingest_to_bronze'] in dag air_quality_ingestion on 2026-09-03T01:05:00+00:00 ... 
[2026-09-03T02:31:58.372+0000] {external_task.py:244} INFO - Poking for tasks ['ingest_to_bronze'] in dag air_quality_ingestion on 2026-09-03T01:05:00+00:00 ... 
[2026-09-03T02:32:28.383+0000] {external_task.py:244} INFO - Poking for tasks ['ingest_to_bronze'] in dag air_quality_ingestion on 2026-09-03T01:05:00+00:00 ... 
[2026-09-03T02:32:58.421+0000] {external_task.py:244} INFO - Poking for tasks ['ingest_to_bronze'] in dag air_quality_ingestion on 2026-09-03T01:05:00+00:00 ... 
[2026-09-03T10:58:26.052+0000] {local_task_job_runner.py:211} ERROR - Heartbeat time limit exceeded!
[2026-09-03T10:58:26.371+0000] {process_utils.py:131} INFO - Sending 15 to group 45991. PIDs of all processes in the group: [45991]
[2026-09-03T10:58:26.382+0000] {process_utils.py:86} INFO - Sending the signal 15 to group 45991
[2026-09-03T10:58:26.393+0000] {taskinstance.py:2450} ERROR - Received SIGTERM. Terminating subprocesses.
[2026-09-03T10:58:26.442+0000] {taskinstance.py:2698} ERROR - Task failed with exception
Traceback (most recent call last):
  File "/home/airflow/.local/lib/python3.11/site-packages/airflow/models/taskinstance.py", line 433, in _execute_task
    result = execute_callable(context=context, **execute_callable_kwargs)
             ^^^^^^^^^^^^^^^^^^^^^^^^^^^^^^^^^^^^^^^^^^^^^^^^^^^^^^^^^^^^
  File "/home/airflow/.local/lib/python3.11/site-packages/airflow/sensors/external_task.py", line 334, in execute
    super().execute(context)
  File "/home/airflow/.local/lib/python3.11/site-packages/airflow/sensors/base.py", line 293, in execute
    time.sleep(self._get_next_poke_interval(started_at, run_duration, try_number))
  File "/home/airflow/.local/lib/python3.11/site-packages/airflow/models/taskinstance.py", line 2452, in signal_handler
    raise AirflowException("Task received SIGTERM signal")
airflow.exceptions.AirflowException: Task received SIGTERM signal
[2026-09-03T10:58:26.488+0000] {taskinstance.py:1138} INFO - Marking task as UP_FOR_RETRY. dag_id=air_quality_pipeline, task_id=wait_for_ingestion, execution_date=20260903T010500, start_date=20260903T023127, end_date=20260903T105826
[2026-09-03T10:58:26.669+0000] {standard_task_runner.py:107} ERROR - Failed to execute job 566 for task wait_for_ingestion (Task received SIGTERM signal; 45991)
[2026-09-03T10:58:26.933+0000] {process_utils.py:79} INFO - Process psutil.Process(pid=45991, status='terminated', exitcode=1, started='02:31:27') (45991) terminated with exit code 1
