[2026-09-03T14:18:43.217+0000] {taskinstance.py:1956} INFO - Dependencies all met for dep_context=non-requeueable deps ti=<TaskInstance: air_quality_pipeline.wait_for_ingestion scheduled__2026-09-03T01:05:00+00:00 [queued]>
[2026-09-03T14:18:43.241+0000] {taskinstance.py:1956} INFO - Dependencies all met for dep_context=requeueable deps ti=<TaskInstance: air_quality_pipeline.wait_for_ingestion scheduled__2026-09-03T01:05:00+00:00 [queued]>
[2026-09-03T14:18:43.259+0000] {taskinstance.py:2170} INFO - Starting attempt 2 of 3
[2026-09-03T14:18:43.306+0000] {taskinstance.py:2191} INFO - Executing <Task(ExternalTaskSensor): wait_for_ingestion> on 2026-09-03 01:05:00+00:00
[2026-09-03T14:18:43.323+0000] {standard_task_runner.py:60} INFO - Started process 46059 to run task
[2026-09-03T14:18:43.329+0000] {standard_task_runner.py:87} INFO - Running: ['***', 'tasks', 'run', 'air_quality_pipeline', 'wait_for_ingestion', 'scheduled__2026-09-03T01:05:00+00:00', '--job-id', '573', '--raw', '--subdir', 'DAGS_FOLDER/spark_pipeline_dag.py', '--cfg-path', '/tmp/tmp9ldcofxa']
[2026-09-03T14:18:43.349+0000] {standard_task_runner.py:88} INFO - Job 573: Subtask wait_for_ingestion
[2026-09-03T14:18:43.721+0000] {task_command.py:423} INFO - Running <TaskInstance: air_quality_pipeline.wait_for_ingestion scheduled__2026-09-03T01:05:00+00:00 [running]> on host 6a0525c4c718
[2026-09-03T14:18:43.933+0000] {taskinstance.py:2480} INFO - Exporting env vars: AIRFLOW_CTX_DAG_OWNER='***' AIRFLOW_CTX_DAG_ID='air_quality_pipeline' AIRFLOW_CTX_TASK_ID='wait_for_ingestion' AIRFLOW_CTX_EXECUTION_DATE='2026-09-03T01:05:00+00:00' AIRFLOW_CTX_TRY_NUMBER='2' AIRFLOW_CTX_DAG_RUN_ID='scheduled__2026-09-03T01:05:00+00:00'
[2026-09-03T14:18:43.940+0000] {external_task.py:244} INFO - Poking for tasks ['ingest_to_bronze'] in dag air_quality_ingestion on 2026-09-03T01:05:00+00:00 ... 
[2026-09-03T14:19:13.973+0000] {external_task.py:244} INFO - Poking for tasks ['ingest_to_bronze'] in dag air_quality_ingestion on 2026-09-03T01:05:00+00:00 ... 
[2026-09-03T14:19:43.993+0000] {external_task.py:244} INFO - Poking for tasks ['ingest_to_bronze'] in dag air_quality_ingestion on 2026-09-03T01:05:00+00:00 ... 
[2026-09-03T14:20:14.008+0000] {external_task.py:244} INFO - Poking for tasks ['ingest_to_bronze'] in dag air_quality_ingestion on 2026-09-03T01:05:00+00:00 ... 
[2026-09-03T14:20:44.017+0000] {external_task.py:244} INFO - Poking for tasks ['ingest_to_bronze'] in dag air_quality_ingestion on 2026-09-03T01:05:00+00:00 ... 
[2026-09-03T14:21:14.028+0000] {external_task.py:244} INFO - Poking for tasks ['ingest_to_bronze'] in dag air_quality_ingestion on 2026-09-03T01:05:00+00:00 ... 
[2026-09-03T14:21:44.035+0000] {external_task.py:244} INFO - Poking for tasks ['ingest_to_bronze'] in dag air_quality_ingestion on 2026-09-03T01:05:00+00:00 ... 
[2026-09-03T14:22:14.042+0000] {external_task.py:244} INFO - Poking for tasks ['ingest_to_bronze'] in dag air_quality_ingestion on 2026-09-03T01:05:00+00:00 ... 
[2026-09-03T14:22:44.048+0000] {external_task.py:244} INFO - Poking for tasks ['ingest_to_bronze'] in dag air_quality_ingestion on 2026-09-03T01:05:00+00:00 ... 
[2026-09-03T14:23:14.059+0000] {external_task.py:244} INFO - Poking for tasks ['ingest_to_bronze'] in dag air_quality_ingestion on 2026-09-03T01:05:00+00:00 ... 
[2026-09-03T14:23:44.066+0000] {external_task.py:244} INFO - Poking for tasks ['ingest_to_bronze'] in dag air_quality_ingestion on 2026-09-03T01:05:00+00:00 ... 
[2026-09-03T14:23:44.085+0000] {taskinstance.py:2698} ERROR - Task failed with exception
Traceback (most recent call last):
  File "/home/airflow/.local/lib/python3.11/site-packages/airflow/models/taskinstance.py", line 433, in _execute_task
    result = execute_callable(context=context, **execute_callable_kwargs)
             ^^^^^^^^^^^^^^^^^^^^^^^^^^^^^^^^^^^^^^^^^^^^^^^^^^^^^^^^^^^^
  File "/home/airflow/.local/lib/python3.11/site-packages/airflow/sensors/external_task.py", line 334, in execute
    super().execute(context)
  File "/home/airflow/.local/lib/python3.11/site-packages/airflow/sensors/base.py", line 282, in execute
    raise AirflowSensorTimeout(message)
airflow.exceptions.AirflowSensorTimeout: Sensor has timed out; run duration of 300.1678234990104 seconds exceeds the specified timeout of 300.0.
[2026-09-03T14:23:44.100+0000] {taskinstance.py:1138} INFO - Immediate failure requested. Marking task as FAILED. dag_id=air_quality_pipeline, task_id=wait_for_ingestion, execution_date=20260903T010500, start_date=20260903T141843, end_date=20260903T142344
[2026-09-03T14:23:44.114+0000] {standard_task_runner.py:107} ERROR - Failed to execute job 573 for task wait_for_ingestion (Sensor has timed out; run duration of 300.1678234990104 seconds exceeds the specified timeout of 300.0.; 46059)
[2026-09-03T14:23:44.159+0000] {local_task_job_runner.py:234} INFO - Task exited with return code 1
[2026-09-03T14:23:44.189+0000] {taskinstance.py:3280} INFO - 0 downstream tasks scheduled from follow-on schedule check
