[2026-08-04T00:12:52.694+0000] {taskinstance.py:1956} INFO - Dependencies all met for dep_context=non-requeueable deps ti=<TaskInstance: air_quality_ingestion.ingest_to_bronze scheduled__2026-08-03T23:00:00+00:00 [queued]>
[2026-08-04T00:12:52.717+0000] {taskinstance.py:1956} INFO - Dependencies all met for dep_context=requeueable deps ti=<TaskInstance: air_quality_ingestion.ingest_to_bronze scheduled__2026-08-03T23:00:00+00:00 [queued]>
[2026-08-04T00:12:52.723+0000] {taskinstance.py:2170} INFO - Starting attempt 1 of 4
[2026-08-04T00:12:52.767+0000] {taskinstance.py:2191} INFO - Executing <Task(PythonOperator): ingest_to_bronze> on 2026-08-03 23:00:00+00:00
[2026-08-04T00:12:52.781+0000] {standard_task_runner.py:60} INFO - Started process 6163 to run task
[2026-08-04T00:12:52.786+0000] {standard_task_runner.py:87} INFO - Running: ['***', 'tasks', 'run', 'air_quality_ingestion', 'ingest_to_bronze', 'scheduled__2026-08-03T23:00:00+00:00', '--job-id', '47', '--raw', '--subdir', 'DAGS_FOLDER/ingestion_dag.py', '--cfg-path', '/tmp/tmp7_3uenxz']
[2026-08-04T00:12:52.798+0000] {standard_task_runner.py:88} INFO - Job 47: Subtask ingest_to_bronze
[2026-08-04T00:12:52.959+0000] {task_command.py:423} INFO - Running <TaskInstance: air_quality_ingestion.ingest_to_bronze scheduled__2026-08-03T23:00:00+00:00 [running]> on host cd53ba4eefa8
[2026-08-04T00:55:50.409+0000] {taskinstance.py:2480} INFO - Exporting env vars: AIRFLOW_CTX_DAG_OWNER='***' AIRFLOW_CTX_DAG_ID='air_quality_ingestion' AIRFLOW_CTX_TASK_ID='ingest_to_bronze' AIRFLOW_CTX_EXECUTION_DATE='2026-08-03T23:00:00+00:00' AIRFLOW_CTX_TRY_NUMBER='1' AIRFLOW_CTX_DAG_RUN_ID='scheduled__2026-08-03T23:00:00+00:00'
[2026-08-04T00:55:50.768+0000] {logging_mixin.py:188} INFO - Created bucket: bronze-air-quality
[2026-08-04T00:55:50.782+0000] {logging_mixin.py:188} INFO - Created bucket: silver-air-quality
[2026-08-04T00:55:50.798+0000] {logging_mixin.py:188} INFO - Created bucket: gold-air-quality
[2026-08-04T00:55:50.892+0000] {logging_mixin.py:188} INFO - ✗ new york: HTTPSConnectionPool(host='api.waqi.info', port=443): Max retries exceeded with url: /feed/new%20york/?token=your_aqicn_key_here (Caused by NewConnectionError('<urllib3.connection.HTTPSConnection object at 0x7c1f08299bd0>: Failed to establish a new connection: [Errno 111] Connection refused'))
[2026-08-04T00:55:50.964+0000] {logging_mixin.py:188} INFO - ✗ london: HTTPSConnectionPool(host='api.waqi.info', port=443): Max retries exceeded with url: /feed/london/?token=your_aqicn_key_here (Caused by NewConnectionError('<urllib3.connection.HTTPSConnection object at 0x7c1f20aacad0>: Failed to establish a new connection: [Errno 111] Connection refused'))
[2026-08-04T00:55:51.007+0000] {logging_mixin.py:188} INFO - ✗ beijing: HTTPSConnectionPool(host='api.waqi.info', port=443): Max retries exceeded with url: /feed/beijing/?token=your_aqicn_key_here (Caused by NewConnectionError('<urllib3.connection.HTTPSConnection object at 0x7c1f20aaefd0>: Failed to establish a new connection: [Errno 111] Connection refused'))
[2026-08-04T00:55:51.040+0000] {logging_mixin.py:188} INFO - ✗ delhi: HTTPSConnectionPool(host='api.waqi.info', port=443): Max retries exceeded with url: /feed/delhi/?token=your_aqicn_key_here (Caused by NewConnectionError('<urllib3.connection.HTTPSConnection object at 0x7c1f2351b490>: Failed to establish a new connection: [Errno 111] Connection refused'))
[2026-08-04T00:55:51.069+0000] {logging_mixin.py:188} INFO - ✗ sydney: HTTPSConnectionPool(host='api.waqi.info', port=443): Max retries exceeded with url: /feed/sydney/?token=your_aqicn_key_here (Caused by NewConnectionError('<urllib3.connection.HTTPSConnection object at 0x7c1f20ab41d0>: Failed to establish a new connection: [Errno 111] Connection refused'))
[2026-08-04T00:55:51.071+0000] {logging_mixin.py:188} INFO - 
Total records ingested: 0
[2026-08-04T00:55:51.073+0000] {python.py:201} INFO - Done. Returned value was: None
[2026-08-04T00:55:51.165+0000] {taskinstance.py:1138} INFO - Marking task as SUCCESS. dag_id=air_quality_ingestion, task_id=ingest_to_bronze, execution_date=20260803T230000, start_date=20260804T001252, end_date=20260804T005551
[2026-08-04T00:55:51.280+0000] {local_task_job_runner.py:234} INFO - Task exited with return code 0
[2026-08-04T00:55:51.505+0000] {taskinstance.py:3280} INFO - 0 downstream tasks scheduled from follow-on schedule check
