[2026-08-14T16:30:35.891+0000] {taskinstance.py:1956} INFO - Dependencies all met for dep_context=non-requeueable deps ti=<TaskInstance: air_quality_pipeline.wait_for_ingestion scheduled__2026-08-14T14:05:00+00:00 [queued]>
[2026-08-14T16:30:35.947+0000] {taskinstance.py:1956} INFO - Dependencies all met for dep_context=requeueable deps ti=<TaskInstance: air_quality_pipeline.wait_for_ingestion scheduled__2026-08-14T14:05:00+00:00 [queued]>
[2026-08-14T16:30:35.971+0000] {taskinstance.py:2170} INFO - Starting attempt 1 of 3
[2026-08-14T16:30:36.037+0000] {taskinstance.py:2191} INFO - Executing <Task(ExternalTaskSensor): wait_for_ingestion> on 2026-08-14 14:05:00+00:00
[2026-08-14T16:30:36.081+0000] {standard_task_runner.py:60} INFO - Started process 51302 to run task
[2026-08-14T16:30:36.088+0000] {standard_task_runner.py:87} INFO - Running: ['***', 'tasks', 'run', 'air_quality_pipeline', 'wait_for_ingestion', 'scheduled__2026-08-14T14:05:00+00:00', '--job-id', '309', '--raw', '--subdir', 'DAGS_FOLDER/spark_pipeline_dag.py', '--cfg-path', '/tmp/tmp2iyg509q']
[2026-08-14T16:30:36.131+0000] {standard_task_runner.py:88} INFO - Job 309: Subtask wait_for_ingestion
[2026-08-14T16:30:36.500+0000] {task_command.py:423} INFO - Running <TaskInstance: air_quality_pipeline.wait_for_ingestion scheduled__2026-08-14T14:05:00+00:00 [running]> on host 6a0525c4c718
[2026-08-14T16:30:36.768+0000] {taskinstance.py:2480} INFO - Exporting env vars: AIRFLOW_CTX_DAG_OWNER='***' AIRFLOW_CTX_DAG_ID='air_quality_pipeline' AIRFLOW_CTX_TASK_ID='wait_for_ingestion' AIRFLOW_CTX_EXECUTION_DATE='2026-08-14T14:05:00+00:00' AIRFLOW_CTX_TRY_NUMBER='1' AIRFLOW_CTX_DAG_RUN_ID='scheduled__2026-08-14T14:05:00+00:00'
[2026-08-14T16:30:36.826+0000] {external_task.py:244} INFO - Poking for tasks ['ingest_to_bronze'] in dag air_quality_ingestion on 2026-08-14T14:05:00+00:00 ... 
[2026-08-14T16:31:06.907+0000] {external_task.py:244} INFO - Poking for tasks ['ingest_to_bronze'] in dag air_quality_ingestion on 2026-08-14T14:05:00+00:00 ... 
[2026-08-14T16:31:36.922+0000] {external_task.py:244} INFO - Poking for tasks ['ingest_to_bronze'] in dag air_quality_ingestion on 2026-08-14T14:05:00+00:00 ... 
[2026-08-14T16:32:06.930+0000] {external_task.py:244} INFO - Poking for tasks ['ingest_to_bronze'] in dag air_quality_ingestion on 2026-08-14T14:05:00+00:00 ... 
[2026-08-14T16:32:36.939+0000] {external_task.py:244} INFO - Poking for tasks ['ingest_to_bronze'] in dag air_quality_ingestion on 2026-08-14T14:05:00+00:00 ... 
[2026-08-14T16:33:06.948+0000] {external_task.py:244} INFO - Poking for tasks ['ingest_to_bronze'] in dag air_quality_ingestion on 2026-08-14T14:05:00+00:00 ... 
[2026-08-14T16:33:36.958+0000] {external_task.py:244} INFO - Poking for tasks ['ingest_to_bronze'] in dag air_quality_ingestion on 2026-08-14T14:05:00+00:00 ... 
[2026-08-14T16:34:06.965+0000] {external_task.py:244} INFO - Poking for tasks ['ingest_to_bronze'] in dag air_quality_ingestion on 2026-08-14T14:05:00+00:00 ... 
[2026-08-14T16:34:36.973+0000] {external_task.py:244} INFO - Poking for tasks ['ingest_to_bronze'] in dag air_quality_ingestion on 2026-08-14T14:05:00+00:00 ... 
[2026-08-14T16:35:06.987+0000] {external_task.py:244} INFO - Poking for tasks ['ingest_to_bronze'] in dag air_quality_ingestion on 2026-08-14T14:05:00+00:00 ... 
[2026-08-14T16:35:37.012+0000] {external_task.py:244} INFO - Poking for tasks ['ingest_to_bronze'] in dag air_quality_ingestion on 2026-08-14T14:05:00+00:00 ... 
[2026-08-14T16:35:37.033+0000] {taskinstance.py:2698} ERROR - Task failed with exception
Traceback (most recent call last):
  File "/home/airflow/.local/lib/python3.11/site-packages/airflow/models/taskinstance.py", line 433, in _execute_task
    result = execute_callable(context=context, **execute_callable_kwargs)
             ^^^^^^^^^^^^^^^^^^^^^^^^^^^^^^^^^^^^^^^^^^^^^^^^^^^^^^^^^^^^
  File "/home/airflow/.local/lib/python3.11/site-packages/airflow/sensors/external_task.py", line 334, in execute
    super().execute(context)
  File "/home/airflow/.local/lib/python3.11/site-packages/airflow/sensors/base.py", line 282, in execute
    raise AirflowSensorTimeout(message)
airflow.exceptions.AirflowSensorTimeout: Sensor has timed out; run duration of 300.223763062997 seconds exceeds the specified timeout of 300.0.
[2026-08-14T16:35:37.053+0000] {taskinstance.py:1138} INFO - Immediate failure requested. Marking task as FAILED. dag_id=air_quality_pipeline, task_id=wait_for_ingestion, execution_date=20260814T140500, start_date=20260814T163035, end_date=20260814T163537
[2026-08-14T16:35:37.072+0000] {standard_task_runner.py:107} ERROR - Failed to execute job 309 for task wait_for_ingestion (Sensor has timed out; run duration of 300.223763062997 seconds exceeds the specified timeout of 300.0.; 51302)
[2026-08-14T16:35:37.123+0000] {local_task_job_runner.py:234} INFO - Task exited with return code 1
[2026-08-14T16:35:37.173+0000] {taskinstance.py:3280} INFO - 0 downstream tasks scheduled from follow-on schedule check
