[2026-08-07T02:29:17.334+0000] {taskinstance.py:1956} INFO - Dependencies all met for dep_context=non-requeueable deps ti=<TaskInstance: air_quality_ingestion.ingest_to_bronze scheduled__2026-08-07T01:00:00+00:00 [queued]>
[2026-08-07T02:29:17.361+0000] {taskinstance.py:1956} INFO - Dependencies all met for dep_context=requeueable deps ti=<TaskInstance: air_quality_ingestion.ingest_to_bronze scheduled__2026-08-07T01:00:00+00:00 [queued]>
[2026-08-07T02:29:17.388+0000] {taskinstance.py:2170} INFO - Starting attempt 1 of 4
[2026-08-07T02:29:17.433+0000] {taskinstance.py:2191} INFO - Executing <Task(PythonOperator): ingest_to_bronze> on 2026-08-07 01:00:00+00:00
[2026-08-07T02:29:17.464+0000] {standard_task_runner.py:60} INFO - Started process 7026 to run task
[2026-08-07T02:29:17.471+0000] {standard_task_runner.py:87} INFO - Running: ['***', 'tasks', 'run', 'air_quality_ingestion', 'ingest_to_bronze', 'scheduled__2026-08-07T01:00:00+00:00', '--job-id', '102', '--raw', '--subdir', 'DAGS_FOLDER/ingestion_dag.py', '--cfg-path', '/tmp/tmppm94qecm']
[2026-08-07T02:29:17.476+0000] {standard_task_runner.py:88} INFO - Job 102: Subtask ingest_to_bronze
[2026-08-07T02:29:17.596+0000] {task_command.py:423} INFO - Running <TaskInstance: air_quality_ingestion.ingest_to_bronze scheduled__2026-08-07T01:00:00+00:00 [running]> on host 6a0525c4c718
[2026-08-07T02:29:17.756+0000] {taskinstance.py:2480} INFO - Exporting env vars: AIRFLOW_CTX_DAG_OWNER='***' AIRFLOW_CTX_DAG_ID='air_quality_ingestion' AIRFLOW_CTX_TASK_ID='ingest_to_bronze' AIRFLOW_CTX_EXECUTION_DATE='2026-08-07T01:00:00+00:00' AIRFLOW_CTX_TRY_NUMBER='1' AIRFLOW_CTX_DAG_RUN_ID='scheduled__2026-08-07T01:00:00+00:00'
[2026-08-07T02:29:17.911+0000] {logging_mixin.py:188} INFO - Created bucket: bronze-air-quality
[2026-08-07T02:29:17.952+0000] {logging_mixin.py:188} INFO - Created bucket: silver-air-quality
[2026-08-07T02:29:17.981+0000] {logging_mixin.py:188} INFO - Created bucket: gold-air-quality
[2026-08-07T02:29:18.919+0000] {logging_mixin.py:188} INFO - ✓ new york: AQI=49
[2026-08-07T02:29:19.710+0000] {logging_mixin.py:188} INFO - ✓ london: AQI=34
[2026-08-07T02:29:20.455+0000] {logging_mixin.py:188} INFO - ✓ beijing: AQI=63
[2026-08-07T02:29:21.240+0000] {logging_mixin.py:188} INFO - ✓ delhi: AQI=99
[2026-08-07T02:29:21.998+0000] {logging_mixin.py:188} INFO - ✓ sydney: AQI=51
[2026-08-07T02:29:22.009+0000] {logging_mixin.py:188} INFO - Saved → s3://bronze-air-quality/year=2026/month=08/day=07/city=new_york/022918.json
[2026-08-07T02:29:22.019+0000] {logging_mixin.py:188} INFO - Saved → s3://bronze-air-quality/year=2026/month=08/day=07/city=london/022918.json
[2026-08-07T02:29:22.028+0000] {logging_mixin.py:188} INFO - Saved → s3://bronze-air-quality/year=2026/month=08/day=07/city=beijing/022918.json
[2026-08-07T02:29:22.041+0000] {logging_mixin.py:188} INFO - Saved → s3://bronze-air-quality/year=2026/month=08/day=07/city=delhi/022918.json
[2026-08-07T02:29:22.052+0000] {logging_mixin.py:188} INFO - Saved → s3://bronze-air-quality/year=2026/month=08/day=07/city=sydney/022918.json
[2026-08-07T02:29:22.053+0000] {logging_mixin.py:188} INFO - 
Total records ingested: 5
[2026-08-07T02:29:22.054+0000] {python.py:201} INFO - Done. Returned value was: None
[2026-08-07T02:29:22.070+0000] {taskinstance.py:1138} INFO - Marking task as SUCCESS. dag_id=air_quality_ingestion, task_id=ingest_to_bronze, execution_date=20260807T010000, start_date=20260807T022917, end_date=20260807T022922
[2026-08-07T02:29:22.109+0000] {local_task_job_runner.py:234} INFO - Task exited with return code 0
[2026-08-07T02:29:22.129+0000] {taskinstance.py:3280} INFO - 0 downstream tasks scheduled from follow-on schedule check
