[2026-09-02T23:00:00.760+0000] {taskinstance.py:1956} INFO - Dependencies all met for dep_context=non-requeueable deps ti=<TaskInstance: air_quality_ingestion.ingest_to_bronze scheduled__2026-09-02T22:00:00+00:00 [queued]>
[2026-09-02T23:00:00.766+0000] {taskinstance.py:1956} INFO - Dependencies all met for dep_context=requeueable deps ti=<TaskInstance: air_quality_ingestion.ingest_to_bronze scheduled__2026-09-02T22:00:00+00:00 [queued]>
[2026-09-02T23:00:00.766+0000] {taskinstance.py:2170} INFO - Starting attempt 1 of 4
[2026-09-02T23:00:00.776+0000] {taskinstance.py:2191} INFO - Executing <Task(PythonOperator): ingest_to_bronze> on 2026-09-02 22:00:00+00:00
[2026-09-02T23:00:00.780+0000] {standard_task_runner.py:60} INFO - Started process 44130 to run task
[2026-09-02T23:00:00.784+0000] {standard_task_runner.py:87} INFO - Running: ['***', 'tasks', 'run', 'air_quality_ingestion', 'ingest_to_bronze', 'scheduled__2026-09-02T22:00:00+00:00', '--job-id', '560', '--raw', '--subdir', 'DAGS_FOLDER/ingestion_dag.py', '--cfg-path', '/tmp/tmpxn8f693n']
[2026-09-02T23:00:00.787+0000] {standard_task_runner.py:88} INFO - Job 560: Subtask ingest_to_bronze
[2026-09-02T23:00:00.844+0000] {task_command.py:423} INFO - Running <TaskInstance: air_quality_ingestion.ingest_to_bronze scheduled__2026-09-02T22:00:00+00:00 [running]> on host 6a0525c4c718
[2026-09-02T23:00:00.910+0000] {taskinstance.py:2480} INFO - Exporting env vars: AIRFLOW_CTX_DAG_OWNER='***' AIRFLOW_CTX_DAG_ID='air_quality_ingestion' AIRFLOW_CTX_TASK_ID='ingest_to_bronze' AIRFLOW_CTX_EXECUTION_DATE='2026-09-02T22:00:00+00:00' AIRFLOW_CTX_TRY_NUMBER='1' AIRFLOW_CTX_DAG_RUN_ID='scheduled__2026-09-02T22:00:00+00:00'
[2026-09-02T23:00:00.983+0000] {logging_mixin.py:188} INFO - Created bucket: bronze-air-quality
[2026-09-02T23:00:00.991+0000] {logging_mixin.py:188} INFO - Created bucket: silver-air-quality
[2026-09-02T23:00:00.997+0000] {logging_mixin.py:188} INFO - Created bucket: gold-air-quality
[2026-09-02T23:00:02.158+0000] {logging_mixin.py:188} INFO - ✓ new york: AQI=20
[2026-09-02T23:00:03.214+0000] {logging_mixin.py:188} INFO - ✓ london: AQI=42
[2026-09-02T23:00:04.318+0000] {logging_mixin.py:188} INFO - ✓ beijing: AQI=57
[2026-09-02T23:00:05.354+0000] {logging_mixin.py:188} INFO - ✓ delhi: AQI=22
[2026-09-02T23:00:06.434+0000] {logging_mixin.py:188} INFO - ✓ sydney: AQI=48
[2026-09-02T23:00:06.448+0000] {logging_mixin.py:188} INFO - Saved → s3://bronze-air-quality/year=2026/month=09/day=02/city=new_york/230001.json
[2026-09-02T23:00:06.464+0000] {logging_mixin.py:188} INFO - Saved → s3://bronze-air-quality/year=2026/month=09/day=02/city=london/230001.json
[2026-09-02T23:00:06.476+0000] {logging_mixin.py:188} INFO - Saved → s3://bronze-air-quality/year=2026/month=09/day=02/city=beijing/230001.json
[2026-09-02T23:00:06.488+0000] {logging_mixin.py:188} INFO - Saved → s3://bronze-air-quality/year=2026/month=09/day=02/city=delhi/230001.json
[2026-09-02T23:00:06.497+0000] {logging_mixin.py:188} INFO - Saved → s3://bronze-air-quality/year=2026/month=09/day=02/city=sydney/230001.json
[2026-09-02T23:00:06.499+0000] {logging_mixin.py:188} INFO - 
Total records ingested: 5
[2026-09-02T23:00:06.499+0000] {python.py:201} INFO - Done. Returned value was: None
[2026-09-02T23:00:06.510+0000] {taskinstance.py:1138} INFO - Marking task as SUCCESS. dag_id=air_quality_ingestion, task_id=ingest_to_bronze, execution_date=20260902T220000, start_date=20260902T230000, end_date=20260902T230006
[2026-09-02T23:00:06.563+0000] {local_task_job_runner.py:234} INFO - Task exited with return code 0
[2026-09-02T23:00:06.578+0000] {taskinstance.py:3280} INFO - 0 downstream tasks scheduled from follow-on schedule check
