[2026-09-06T08:05:01.076+0000] {taskinstance.py:1956} INFO - Dependencies all met for dep_context=non-requeueable deps ti=<TaskInstance: air_quality_pipeline.wait_for_ingestion scheduled__2026-09-06T07:05:00+00:00 [queued]>
[2026-09-06T08:05:01.081+0000] {taskinstance.py:1956} INFO - Dependencies all met for dep_context=requeueable deps ti=<TaskInstance: air_quality_pipeline.wait_for_ingestion scheduled__2026-09-06T07:05:00+00:00 [queued]>
[2026-09-06T08:05:01.082+0000] {taskinstance.py:2170} INFO - Starting attempt 1 of 3
[2026-09-06T08:05:01.090+0000] {taskinstance.py:2191} INFO - Executing <Task(ExternalTaskSensor): wait_for_ingestion> on 2026-09-06 07:05:00+00:00
[2026-09-06T08:05:01.094+0000] {standard_task_runner.py:60} INFO - Started process 69475 to run task
[2026-09-06T08:05:01.097+0000] {standard_task_runner.py:87} INFO - Running: ['***', 'tasks', 'run', 'air_quality_pipeline', 'wait_for_ingestion', 'scheduled__2026-09-06T07:05:00+00:00', '--job-id', '648', '--raw', '--subdir', 'DAGS_FOLDER/spark_pipeline_dag.py', '--cfg-path', '/tmp/tmpjob8tbt5']
[2026-09-06T08:05:01.099+0000] {standard_task_runner.py:88} INFO - Job 648: Subtask wait_for_ingestion
[2026-09-06T08:05:01.157+0000] {task_command.py:423} INFO - Running <TaskInstance: air_quality_pipeline.wait_for_ingestion scheduled__2026-09-06T07:05:00+00:00 [running]> on host 6a0525c4c718
[2026-09-06T08:05:01.217+0000] {taskinstance.py:2480} INFO - Exporting env vars: AIRFLOW_CTX_DAG_OWNER='***' AIRFLOW_CTX_DAG_ID='air_quality_pipeline' AIRFLOW_CTX_TASK_ID='wait_for_ingestion' AIRFLOW_CTX_EXECUTION_DATE='2026-09-06T07:05:00+00:00' AIRFLOW_CTX_TRY_NUMBER='1' AIRFLOW_CTX_DAG_RUN_ID='scheduled__2026-09-06T07:05:00+00:00'
[2026-09-06T08:05:01.218+0000] {external_task.py:244} INFO - Poking for tasks ['ingest_to_bronze'] in dag air_quality_ingestion on 2026-09-06T07:05:00+00:00 ... 
[2026-09-06T08:05:31.224+0000] {external_task.py:244} INFO - Poking for tasks ['ingest_to_bronze'] in dag air_quality_ingestion on 2026-09-06T07:05:00+00:00 ... 
[2026-09-06T08:06:01.234+0000] {external_task.py:244} INFO - Poking for tasks ['ingest_to_bronze'] in dag air_quality_ingestion on 2026-09-06T07:05:00+00:00 ... 
[2026-09-06T08:06:31.253+0000] {external_task.py:244} INFO - Poking for tasks ['ingest_to_bronze'] in dag air_quality_ingestion on 2026-09-06T07:05:00+00:00 ... 
[2026-09-06T08:07:01.268+0000] {external_task.py:244} INFO - Poking for tasks ['ingest_to_bronze'] in dag air_quality_ingestion on 2026-09-06T07:05:00+00:00 ... 
[2026-09-06T08:07:31.282+0000] {external_task.py:244} INFO - Poking for tasks ['ingest_to_bronze'] in dag air_quality_ingestion on 2026-09-06T07:05:00+00:00 ... 
[2026-09-06T08:08:01.293+0000] {external_task.py:244} INFO - Poking for tasks ['ingest_to_bronze'] in dag air_quality_ingestion on 2026-09-06T07:05:00+00:00 ... 
[2026-09-06T08:08:31.305+0000] {external_task.py:244} INFO - Poking for tasks ['ingest_to_bronze'] in dag air_quality_ingestion on 2026-09-06T07:05:00+00:00 ... 
[2026-09-06T08:09:01.320+0000] {external_task.py:244} INFO - Poking for tasks ['ingest_to_bronze'] in dag air_quality_ingestion on 2026-09-06T07:05:00+00:00 ... 
[2026-09-06T08:09:31.326+0000] {external_task.py:244} INFO - Poking for tasks ['ingest_to_bronze'] in dag air_quality_ingestion on 2026-09-06T07:05:00+00:00 ... 
[2026-09-06T08:10:01.347+0000] {external_task.py:244} INFO - Poking for tasks ['ingest_to_bronze'] in dag air_quality_ingestion on 2026-09-06T07:05:00+00:00 ... 
[2026-09-06T08:10:01.359+0000] {taskinstance.py:2698} ERROR - Task failed with exception
Traceback (most recent call last):
  File "/home/airflow/.local/lib/python3.11/site-packages/airflow/models/taskinstance.py", line 433, in _execute_task
    result = execute_callable(context=context, **execute_callable_kwargs)
             ^^^^^^^^^^^^^^^^^^^^^^^^^^^^^^^^^^^^^^^^^^^^^^^^^^^^^^^^^^^^
  File "/home/airflow/.local/lib/python3.11/site-packages/airflow/sensors/external_task.py", line 334, in execute
    super().execute(context)
  File "/home/airflow/.local/lib/python3.11/site-packages/airflow/sensors/base.py", line 282, in execute
    raise AirflowSensorTimeout(message)
airflow.exceptions.AirflowSensorTimeout: Sensor has timed out; run duration of 300.1578111000126 seconds exceeds the specified timeout of 300.0.
[2026-09-06T08:10:01.371+0000] {taskinstance.py:1138} INFO - Immediate failure requested. Marking task as FAILED. dag_id=air_quality_pipeline, task_id=wait_for_ingestion, execution_date=20260906T070500, start_date=20260906T080501, end_date=20260906T081001
[2026-09-06T08:10:01.386+0000] {standard_task_runner.py:107} ERROR - Failed to execute job 648 for task wait_for_ingestion (Sensor has timed out; run duration of 300.1578111000126 seconds exceeds the specified timeout of 300.0.; 69475)
[2026-09-06T08:10:01.421+0000] {local_task_job_runner.py:234} INFO - Task exited with return code 1
[2026-09-06T08:10:01.440+0000] {taskinstance.py:3280} INFO - 0 downstream tasks scheduled from follow-on schedule check
