[2026-09-04T16:00:00.987+0000] {taskinstance.py:1956} INFO - Dependencies all met for dep_context=non-requeueable deps ti=<TaskInstance: air_quality_ingestion.ingest_to_bronze scheduled__2026-09-04T15:00:00+00:00 [queued]>
[2026-09-04T16:00:00.992+0000] {taskinstance.py:1956} INFO - Dependencies all met for dep_context=requeueable deps ti=<TaskInstance: air_quality_ingestion.ingest_to_bronze scheduled__2026-09-04T15:00:00+00:00 [queued]>
[2026-09-04T16:00:00.993+0000] {taskinstance.py:2170} INFO - Starting attempt 1 of 4
[2026-09-04T16:00:01.006+0000] {taskinstance.py:2191} INFO - Executing <Task(PythonOperator): ingest_to_bronze> on 2026-09-04 15:00:00+00:00
[2026-09-04T16:00:01.009+0000] {standard_task_runner.py:60} INFO - Started process 57523 to run task
[2026-09-04T16:00:01.013+0000] {standard_task_runner.py:87} INFO - Running: ['***', 'tasks', 'run', 'air_quality_ingestion', 'ingest_to_bronze', 'scheduled__2026-09-04T15:00:00+00:00', '--job-id', '610', '--raw', '--subdir', 'DAGS_FOLDER/ingestion_dag.py', '--cfg-path', '/tmp/tmpmnjze_85']
[2026-09-04T16:00:01.016+0000] {standard_task_runner.py:88} INFO - Job 610: Subtask ingest_to_bronze
[2026-09-04T16:00:01.080+0000] {task_command.py:423} INFO - Running <TaskInstance: air_quality_ingestion.ingest_to_bronze scheduled__2026-09-04T15:00:00+00:00 [running]> on host 6a0525c4c718
[2026-09-04T16:00:01.164+0000] {taskinstance.py:2480} INFO - Exporting env vars: AIRFLOW_CTX_DAG_OWNER='***' AIRFLOW_CTX_DAG_ID='air_quality_ingestion' AIRFLOW_CTX_TASK_ID='ingest_to_bronze' AIRFLOW_CTX_EXECUTION_DATE='2026-09-04T15:00:00+00:00' AIRFLOW_CTX_TRY_NUMBER='1' AIRFLOW_CTX_DAG_RUN_ID='scheduled__2026-09-04T15:00:00+00:00'
[2026-09-04T16:00:01.293+0000] {logging_mixin.py:188} INFO - Created bucket: bronze-air-quality
[2026-09-04T16:00:01.302+0000] {logging_mixin.py:188} INFO - Created bucket: silver-air-quality
[2026-09-04T16:00:01.309+0000] {logging_mixin.py:188} INFO - Created bucket: gold-air-quality
[2026-09-04T16:00:02.191+0000] {logging_mixin.py:188} INFO - ✓ new york: AQI=28
[2026-09-04T16:00:03.028+0000] {logging_mixin.py:188} INFO - ✓ london: AQI=25
[2026-09-04T16:00:03.836+0000] {logging_mixin.py:188} INFO - ✓ beijing: AQI=63
[2026-09-04T16:00:04.575+0000] {logging_mixin.py:188} INFO - ✓ delhi: AQI=11
[2026-09-04T16:00:05.343+0000] {logging_mixin.py:188} INFO - ✓ sydney: AQI=33
[2026-09-04T16:00:05.360+0000] {logging_mixin.py:188} INFO - Saved → s3://bronze-air-quality/year=2026/month=09/day=04/city=new_york/160001.json
[2026-09-04T16:00:05.371+0000] {logging_mixin.py:188} INFO - Saved → s3://bronze-air-quality/year=2026/month=09/day=04/city=london/160001.json
[2026-09-04T16:00:05.380+0000] {logging_mixin.py:188} INFO - Saved → s3://bronze-air-quality/year=2026/month=09/day=04/city=beijing/160001.json
[2026-09-04T16:00:05.389+0000] {logging_mixin.py:188} INFO - Saved → s3://bronze-air-quality/year=2026/month=09/day=04/city=delhi/160001.json
[2026-09-04T16:00:05.399+0000] {logging_mixin.py:188} INFO - Saved → s3://bronze-air-quality/year=2026/month=09/day=04/city=sydney/160001.json
[2026-09-04T16:00:05.400+0000] {logging_mixin.py:188} INFO - 
Total records ingested: 5
[2026-09-04T16:00:05.401+0000] {python.py:201} INFO - Done. Returned value was: None
[2026-09-04T16:00:05.410+0000] {taskinstance.py:1138} INFO - Marking task as SUCCESS. dag_id=air_quality_ingestion, task_id=ingest_to_bronze, execution_date=20260904T150000, start_date=20260904T160000, end_date=20260904T160005
[2026-09-04T16:00:05.449+0000] {local_task_job_runner.py:234} INFO - Task exited with return code 0
[2026-09-04T16:00:05.464+0000] {taskinstance.py:3280} INFO - 0 downstream tasks scheduled from follow-on schedule check
