[2026-08-11T19:16:39.162+0000] {taskinstance.py:1956} INFO - Dependencies all met for dep_context=non-requeueable deps ti=<TaskInstance: air_quality_pipeline.wait_for_ingestion scheduled__2026-08-11T18:05:00+00:00 [queued]>
[2026-08-11T19:16:39.197+0000] {taskinstance.py:1956} INFO - Dependencies all met for dep_context=requeueable deps ti=<TaskInstance: air_quality_pipeline.wait_for_ingestion scheduled__2026-08-11T18:05:00+00:00 [queued]>
[2026-08-11T19:16:39.198+0000] {taskinstance.py:2170} INFO - Starting attempt 1 of 3
[2026-08-11T19:16:39.260+0000] {taskinstance.py:2191} INFO - Executing <Task(ExternalTaskSensor): wait_for_ingestion> on 2026-08-11 18:05:00+00:00
[2026-08-11T19:16:39.282+0000] {standard_task_runner.py:60} INFO - Started process 32312 to run task
[2026-08-11T19:16:39.290+0000] {standard_task_runner.py:87} INFO - Running: ['***', 'tasks', 'run', 'air_quality_pipeline', 'wait_for_ingestion', 'scheduled__2026-08-11T18:05:00+00:00', '--job-id', '222', '--raw', '--subdir', 'DAGS_FOLDER/spark_pipeline_dag.py', '--cfg-path', '/tmp/tmp33bpowu8']
[2026-08-11T19:16:39.308+0000] {standard_task_runner.py:88} INFO - Job 222: Subtask wait_for_ingestion
[2026-08-11T19:16:39.560+0000] {task_command.py:423} INFO - Running <TaskInstance: air_quality_pipeline.wait_for_ingestion scheduled__2026-08-11T18:05:00+00:00 [running]> on host 6a0525c4c718
[2026-08-11T19:16:39.890+0000] {taskinstance.py:2480} INFO - Exporting env vars: AIRFLOW_CTX_DAG_OWNER='***' AIRFLOW_CTX_DAG_ID='air_quality_pipeline' AIRFLOW_CTX_TASK_ID='wait_for_ingestion' AIRFLOW_CTX_EXECUTION_DATE='2026-08-11T18:05:00+00:00' AIRFLOW_CTX_TRY_NUMBER='1' AIRFLOW_CTX_DAG_RUN_ID='scheduled__2026-08-11T18:05:00+00:00'
[2026-08-11T19:16:39.895+0000] {external_task.py:244} INFO - Poking for tasks ['ingest_to_bronze'] in dag air_quality_ingestion on 2026-08-11T18:05:00+00:00 ... 
[2026-08-11T19:17:09.931+0000] {external_task.py:244} INFO - Poking for tasks ['ingest_to_bronze'] in dag air_quality_ingestion on 2026-08-11T18:05:00+00:00 ... 
[2026-08-11T19:17:39.951+0000] {external_task.py:244} INFO - Poking for tasks ['ingest_to_bronze'] in dag air_quality_ingestion on 2026-08-11T18:05:00+00:00 ... 
[2026-08-11T19:18:09.964+0000] {external_task.py:244} INFO - Poking for tasks ['ingest_to_bronze'] in dag air_quality_ingestion on 2026-08-11T18:05:00+00:00 ... 
[2026-08-11T19:18:39.978+0000] {external_task.py:244} INFO - Poking for tasks ['ingest_to_bronze'] in dag air_quality_ingestion on 2026-08-11T18:05:00+00:00 ... 
[2026-08-11T19:19:10.001+0000] {external_task.py:244} INFO - Poking for tasks ['ingest_to_bronze'] in dag air_quality_ingestion on 2026-08-11T18:05:00+00:00 ... 
[2026-08-11T19:19:40.011+0000] {external_task.py:244} INFO - Poking for tasks ['ingest_to_bronze'] in dag air_quality_ingestion on 2026-08-11T18:05:00+00:00 ... 
[2026-08-11T19:20:10.023+0000] {external_task.py:244} INFO - Poking for tasks ['ingest_to_bronze'] in dag air_quality_ingestion on 2026-08-11T18:05:00+00:00 ... 
[2026-08-11T19:20:40.044+0000] {external_task.py:244} INFO - Poking for tasks ['ingest_to_bronze'] in dag air_quality_ingestion on 2026-08-11T18:05:00+00:00 ... 
[2026-08-11T19:21:10.058+0000] {external_task.py:244} INFO - Poking for tasks ['ingest_to_bronze'] in dag air_quality_ingestion on 2026-08-11T18:05:00+00:00 ... 
[2026-08-11T19:21:40.066+0000] {external_task.py:244} INFO - Poking for tasks ['ingest_to_bronze'] in dag air_quality_ingestion on 2026-08-11T18:05:00+00:00 ... 
[2026-08-11T19:21:40.077+0000] {taskinstance.py:2698} ERROR - Task failed with exception
Traceback (most recent call last):
  File "/home/airflow/.local/lib/python3.11/site-packages/airflow/models/taskinstance.py", line 433, in _execute_task
    result = execute_callable(context=context, **execute_callable_kwargs)
             ^^^^^^^^^^^^^^^^^^^^^^^^^^^^^^^^^^^^^^^^^^^^^^^^^^^^^^^^^^^^
  File "/home/airflow/.local/lib/python3.11/site-packages/airflow/sensors/external_task.py", line 334, in execute
    super().execute(context)
  File "/home/airflow/.local/lib/python3.11/site-packages/airflow/sensors/base.py", line 282, in execute
    raise AirflowSensorTimeout(message)
airflow.exceptions.AirflowSensorTimeout: Sensor has timed out; run duration of 300.19644481901196 seconds exceeds the specified timeout of 300.0.
[2026-08-11T19:21:40.088+0000] {taskinstance.py:1138} INFO - Immediate failure requested. Marking task as FAILED. dag_id=air_quality_pipeline, task_id=wait_for_ingestion, execution_date=20260811T180500, start_date=20260811T191639, end_date=20260811T192140
[2026-08-11T19:21:40.109+0000] {standard_task_runner.py:107} ERROR - Failed to execute job 222 for task wait_for_ingestion (Sensor has timed out; run duration of 300.19644481901196 seconds exceeds the specified timeout of 300.0.; 32312)
[2026-08-11T19:21:40.151+0000] {local_task_job_runner.py:234} INFO - Task exited with return code 1
[2026-08-11T19:21:40.194+0000] {taskinstance.py:3280} INFO - 0 downstream tasks scheduled from follow-on schedule check
