[2026-08-17T15:00:52.101+0000] {taskinstance.py:1956} INFO - Dependencies all met for dep_context=non-requeueable deps ti=<TaskInstance: air_quality_pipeline.wait_for_ingestion scheduled__2026-08-17T13:05:00+00:00 [queued]>
[2026-08-17T15:00:52.257+0000] {taskinstance.py:1956} INFO - Dependencies all met for dep_context=requeueable deps ti=<TaskInstance: air_quality_pipeline.wait_for_ingestion scheduled__2026-08-17T13:05:00+00:00 [queued]>
[2026-08-17T15:00:52.261+0000] {taskinstance.py:2170} INFO - Starting attempt 1 of 3
[2026-08-17T15:00:52.691+0000] {taskinstance.py:2191} INFO - Executing <Task(ExternalTaskSensor): wait_for_ingestion> on 2026-08-17 13:05:00+00:00
[2026-08-17T15:00:52.715+0000] {standard_task_runner.py:60} INFO - Started process 60378 to run task
[2026-08-17T15:00:52.728+0000] {standard_task_runner.py:87} INFO - Running: ['***', 'tasks', 'run', 'air_quality_pipeline', 'wait_for_ingestion', 'scheduled__2026-08-17T13:05:00+00:00', '--job-id', '362', '--raw', '--subdir', 'DAGS_FOLDER/spark_pipeline_dag.py', '--cfg-path', '/tmp/tmp9xzxyh9l']
[2026-08-17T15:00:52.786+0000] {standard_task_runner.py:88} INFO - Job 362: Subtask wait_for_ingestion
[2026-08-17T15:00:53.773+0000] {task_command.py:423} INFO - Running <TaskInstance: air_quality_pipeline.wait_for_ingestion scheduled__2026-08-17T13:05:00+00:00 [running]> on host 6a0525c4c718
[2026-08-17T15:00:55.683+0000] {taskinstance.py:2480} INFO - Exporting env vars: AIRFLOW_CTX_DAG_OWNER='***' AIRFLOW_CTX_DAG_ID='air_quality_pipeline' AIRFLOW_CTX_TASK_ID='wait_for_ingestion' AIRFLOW_CTX_EXECUTION_DATE='2026-08-17T13:05:00+00:00' AIRFLOW_CTX_TRY_NUMBER='1' AIRFLOW_CTX_DAG_RUN_ID='scheduled__2026-08-17T13:05:00+00:00'
[2026-08-17T15:00:55.688+0000] {external_task.py:244} INFO - Poking for tasks ['ingest_to_bronze'] in dag air_quality_ingestion on 2026-08-17T13:05:00+00:00 ... 
[2026-08-17T15:01:25.743+0000] {external_task.py:244} INFO - Poking for tasks ['ingest_to_bronze'] in dag air_quality_ingestion on 2026-08-17T13:05:00+00:00 ... 
[2026-08-17T15:01:55.805+0000] {external_task.py:244} INFO - Poking for tasks ['ingest_to_bronze'] in dag air_quality_ingestion on 2026-08-17T13:05:00+00:00 ... 
[2026-08-17T15:02:25.823+0000] {external_task.py:244} INFO - Poking for tasks ['ingest_to_bronze'] in dag air_quality_ingestion on 2026-08-17T13:05:00+00:00 ... 
[2026-08-17T15:02:55.849+0000] {external_task.py:244} INFO - Poking for tasks ['ingest_to_bronze'] in dag air_quality_ingestion on 2026-08-17T13:05:00+00:00 ... 
[2026-08-17T15:03:25.871+0000] {external_task.py:244} INFO - Poking for tasks ['ingest_to_bronze'] in dag air_quality_ingestion on 2026-08-17T13:05:00+00:00 ... 
[2026-08-17T15:03:55.892+0000] {external_task.py:244} INFO - Poking for tasks ['ingest_to_bronze'] in dag air_quality_ingestion on 2026-08-17T13:05:00+00:00 ... 
[2026-08-17T15:04:25.908+0000] {external_task.py:244} INFO - Poking for tasks ['ingest_to_bronze'] in dag air_quality_ingestion on 2026-08-17T13:05:00+00:00 ... 
[2026-08-17T15:04:55.968+0000] {external_task.py:244} INFO - Poking for tasks ['ingest_to_bronze'] in dag air_quality_ingestion on 2026-08-17T13:05:00+00:00 ... 
[2026-08-17T15:05:26.082+0000] {external_task.py:244} INFO - Poking for tasks ['ingest_to_bronze'] in dag air_quality_ingestion on 2026-08-17T13:05:00+00:00 ... 
[2026-08-17T15:05:56.110+0000] {external_task.py:244} INFO - Poking for tasks ['ingest_to_bronze'] in dag air_quality_ingestion on 2026-08-17T13:05:00+00:00 ... 
[2026-08-17T15:05:56.146+0000] {taskinstance.py:2698} ERROR - Task failed with exception
Traceback (most recent call last):
  File "/home/airflow/.local/lib/python3.11/site-packages/airflow/models/taskinstance.py", line 433, in _execute_task
    result = execute_callable(context=context, **execute_callable_kwargs)
             ^^^^^^^^^^^^^^^^^^^^^^^^^^^^^^^^^^^^^^^^^^^^^^^^^^^^^^^^^^^^
  File "/home/airflow/.local/lib/python3.11/site-packages/airflow/sensors/external_task.py", line 334, in execute
    super().execute(context)
  File "/home/airflow/.local/lib/python3.11/site-packages/airflow/sensors/base.py", line 282, in execute
    raise AirflowSensorTimeout(message)
airflow.exceptions.AirflowSensorTimeout: Sensor has timed out; run duration of 300.4633825260098 seconds exceeds the specified timeout of 300.0.
[2026-08-17T15:05:56.166+0000] {taskinstance.py:1138} INFO - Immediate failure requested. Marking task as FAILED. dag_id=air_quality_pipeline, task_id=wait_for_ingestion, execution_date=20260817T130500, start_date=20260817T150052, end_date=20260817T150556
[2026-08-17T15:05:56.191+0000] {standard_task_runner.py:107} ERROR - Failed to execute job 362 for task wait_for_ingestion (Sensor has timed out; run duration of 300.4633825260098 seconds exceeds the specified timeout of 300.0.; 60378)
[2026-08-17T15:05:56.219+0000] {local_task_job_runner.py:234} INFO - Task exited with return code 1
[2026-08-17T15:05:56.273+0000] {taskinstance.py:3280} INFO - 0 downstream tasks scheduled from follow-on schedule check
