[2026-08-12T19:59:07.068+0000] {taskinstance.py:1956} INFO - Dependencies all met for dep_context=non-requeueable deps ti=<TaskInstance: air_quality_pipeline.wait_for_ingestion scheduled__2026-08-12T18:05:00+00:00 [queued]>
[2026-08-12T19:59:07.077+0000] {taskinstance.py:1956} INFO - Dependencies all met for dep_context=requeueable deps ti=<TaskInstance: air_quality_pipeline.wait_for_ingestion scheduled__2026-08-12T18:05:00+00:00 [queued]>
[2026-08-12T19:59:07.078+0000] {taskinstance.py:2170} INFO - Starting attempt 2 of 3
[2026-08-12T19:59:07.094+0000] {taskinstance.py:2191} INFO - Executing <Task(ExternalTaskSensor): wait_for_ingestion> on 2026-08-12 18:05:00+00:00
[2026-08-12T19:59:07.101+0000] {standard_task_runner.py:60} INFO - Started process 39628 to run task
[2026-08-12T19:59:07.109+0000] {standard_task_runner.py:87} INFO - Running: ['***', 'tasks', 'run', 'air_quality_pipeline', 'wait_for_ingestion', 'scheduled__2026-08-12T18:05:00+00:00', '--job-id', '258', '--raw', '--subdir', 'DAGS_FOLDER/spark_pipeline_dag.py', '--cfg-path', '/tmp/tmp4je1adsh']
[2026-08-12T19:59:07.112+0000] {standard_task_runner.py:88} INFO - Job 258: Subtask wait_for_ingestion
[2026-08-12T19:59:07.180+0000] {task_command.py:423} INFO - Running <TaskInstance: air_quality_pipeline.wait_for_ingestion scheduled__2026-08-12T18:05:00+00:00 [running]> on host 6a0525c4c718
[2026-08-12T19:59:07.240+0000] {taskinstance.py:2480} INFO - Exporting env vars: AIRFLOW_CTX_DAG_OWNER='***' AIRFLOW_CTX_DAG_ID='air_quality_pipeline' AIRFLOW_CTX_TASK_ID='wait_for_ingestion' AIRFLOW_CTX_EXECUTION_DATE='2026-08-12T18:05:00+00:00' AIRFLOW_CTX_TRY_NUMBER='2' AIRFLOW_CTX_DAG_RUN_ID='scheduled__2026-08-12T18:05:00+00:00'
[2026-08-12T19:59:07.241+0000] {external_task.py:244} INFO - Poking for tasks ['ingest_to_bronze'] in dag air_quality_ingestion on 2026-08-12T18:05:00+00:00 ... 
[2026-08-12T19:59:37.248+0000] {external_task.py:244} INFO - Poking for tasks ['ingest_to_bronze'] in dag air_quality_ingestion on 2026-08-12T18:05:00+00:00 ... 
[2026-08-12T20:00:07.256+0000] {external_task.py:244} INFO - Poking for tasks ['ingest_to_bronze'] in dag air_quality_ingestion on 2026-08-12T18:05:00+00:00 ... 
[2026-08-12T20:00:37.272+0000] {external_task.py:244} INFO - Poking for tasks ['ingest_to_bronze'] in dag air_quality_ingestion on 2026-08-12T18:05:00+00:00 ... 
[2026-08-12T20:01:07.286+0000] {external_task.py:244} INFO - Poking for tasks ['ingest_to_bronze'] in dag air_quality_ingestion on 2026-08-12T18:05:00+00:00 ... 
[2026-08-12T20:01:37.304+0000] {external_task.py:244} INFO - Poking for tasks ['ingest_to_bronze'] in dag air_quality_ingestion on 2026-08-12T18:05:00+00:00 ... 
[2026-08-12T20:02:07.314+0000] {external_task.py:244} INFO - Poking for tasks ['ingest_to_bronze'] in dag air_quality_ingestion on 2026-08-12T18:05:00+00:00 ... 
[2026-08-12T20:02:37.347+0000] {external_task.py:244} INFO - Poking for tasks ['ingest_to_bronze'] in dag air_quality_ingestion on 2026-08-12T18:05:00+00:00 ... 
[2026-08-12T20:03:07.358+0000] {external_task.py:244} INFO - Poking for tasks ['ingest_to_bronze'] in dag air_quality_ingestion on 2026-08-12T18:05:00+00:00 ... 
[2026-08-12T20:03:37.390+0000] {external_task.py:244} INFO - Poking for tasks ['ingest_to_bronze'] in dag air_quality_ingestion on 2026-08-12T18:05:00+00:00 ... 
[2026-08-12T20:04:07.408+0000] {external_task.py:244} INFO - Poking for tasks ['ingest_to_bronze'] in dag air_quality_ingestion on 2026-08-12T18:05:00+00:00 ... 
[2026-08-12T20:04:07.423+0000] {taskinstance.py:2698} ERROR - Task failed with exception
Traceback (most recent call last):
  File "/home/airflow/.local/lib/python3.11/site-packages/airflow/models/taskinstance.py", line 433, in _execute_task
    result = execute_callable(context=context, **execute_callable_kwargs)
             ^^^^^^^^^^^^^^^^^^^^^^^^^^^^^^^^^^^^^^^^^^^^^^^^^^^^^^^^^^^^
  File "/home/airflow/.local/lib/python3.11/site-packages/airflow/sensors/external_task.py", line 334, in execute
    super().execute(context)
  File "/home/airflow/.local/lib/python3.11/site-packages/airflow/sensors/base.py", line 282, in execute
    raise AirflowSensorTimeout(message)
airflow.exceptions.AirflowSensorTimeout: Sensor has timed out; run duration of 300.21017426799517 seconds exceeds the specified timeout of 300.0.
[2026-08-12T20:04:07.435+0000] {taskinstance.py:1138} INFO - Immediate failure requested. Marking task as FAILED. dag_id=air_quality_pipeline, task_id=wait_for_ingestion, execution_date=20260812T180500, start_date=20260812T195907, end_date=20260812T200407
[2026-08-12T20:04:07.489+0000] {standard_task_runner.py:107} ERROR - Failed to execute job 258 for task wait_for_ingestion (Sensor has timed out; run duration of 300.21017426799517 seconds exceeds the specified timeout of 300.0.; 39628)
[2026-08-12T20:04:07.517+0000] {local_task_job_runner.py:234} INFO - Task exited with return code 1
[2026-08-12T20:04:07.538+0000] {taskinstance.py:3280} INFO - 0 downstream tasks scheduled from follow-on schedule check
