[2026-09-06T14:05:01.138+0000] {taskinstance.py:1956} INFO - Dependencies all met for dep_context=non-requeueable deps ti=<TaskInstance: air_quality_pipeline.wait_for_ingestion scheduled__2026-09-06T13:05:00+00:00 [queued]>
[2026-09-06T14:05:01.144+0000] {taskinstance.py:1956} INFO - Dependencies all met for dep_context=requeueable deps ti=<TaskInstance: air_quality_pipeline.wait_for_ingestion scheduled__2026-09-06T13:05:00+00:00 [queued]>
[2026-09-06T14:05:01.145+0000] {taskinstance.py:2170} INFO - Starting attempt 1 of 3
[2026-09-06T14:05:01.154+0000] {taskinstance.py:2191} INFO - Executing <Task(ExternalTaskSensor): wait_for_ingestion> on 2026-09-06 13:05:00+00:00
[2026-09-06T14:05:01.157+0000] {standard_task_runner.py:60} INFO - Started process 76569 to run task
[2026-09-06T14:05:01.160+0000] {standard_task_runner.py:87} INFO - Running: ['***', 'tasks', 'run', 'air_quality_pipeline', 'wait_for_ingestion', 'scheduled__2026-09-06T13:05:00+00:00', '--job-id', '660', '--raw', '--subdir', 'DAGS_FOLDER/spark_pipeline_dag.py', '--cfg-path', '/tmp/tmpr_pih9ix']
[2026-09-06T14:05:01.162+0000] {standard_task_runner.py:88} INFO - Job 660: Subtask wait_for_ingestion
[2026-09-06T14:05:01.221+0000] {task_command.py:423} INFO - Running <TaskInstance: air_quality_pipeline.wait_for_ingestion scheduled__2026-09-06T13:05:00+00:00 [running]> on host 6a0525c4c718
[2026-09-06T14:05:01.282+0000] {taskinstance.py:2480} INFO - Exporting env vars: AIRFLOW_CTX_DAG_OWNER='***' AIRFLOW_CTX_DAG_ID='air_quality_pipeline' AIRFLOW_CTX_TASK_ID='wait_for_ingestion' AIRFLOW_CTX_EXECUTION_DATE='2026-09-06T13:05:00+00:00' AIRFLOW_CTX_TRY_NUMBER='1' AIRFLOW_CTX_DAG_RUN_ID='scheduled__2026-09-06T13:05:00+00:00'
[2026-09-06T14:05:01.283+0000] {external_task.py:244} INFO - Poking for tasks ['ingest_to_bronze'] in dag air_quality_ingestion on 2026-09-06T13:05:00+00:00 ... 
[2026-09-06T14:05:31.289+0000] {external_task.py:244} INFO - Poking for tasks ['ingest_to_bronze'] in dag air_quality_ingestion on 2026-09-06T13:05:00+00:00 ... 
[2026-09-06T14:06:01.304+0000] {external_task.py:244} INFO - Poking for tasks ['ingest_to_bronze'] in dag air_quality_ingestion on 2026-09-06T13:05:00+00:00 ... 
[2026-09-06T14:06:31.309+0000] {external_task.py:244} INFO - Poking for tasks ['ingest_to_bronze'] in dag air_quality_ingestion on 2026-09-06T13:05:00+00:00 ... 
[2026-09-06T14:07:01.326+0000] {external_task.py:244} INFO - Poking for tasks ['ingest_to_bronze'] in dag air_quality_ingestion on 2026-09-06T13:05:00+00:00 ... 
[2026-09-06T14:07:31.330+0000] {external_task.py:244} INFO - Poking for tasks ['ingest_to_bronze'] in dag air_quality_ingestion on 2026-09-06T13:05:00+00:00 ... 
[2026-09-06T14:08:01.342+0000] {external_task.py:244} INFO - Poking for tasks ['ingest_to_bronze'] in dag air_quality_ingestion on 2026-09-06T13:05:00+00:00 ... 
[2026-09-06T14:08:31.354+0000] {external_task.py:244} INFO - Poking for tasks ['ingest_to_bronze'] in dag air_quality_ingestion on 2026-09-06T13:05:00+00:00 ... 
[2026-09-06T14:09:01.368+0000] {external_task.py:244} INFO - Poking for tasks ['ingest_to_bronze'] in dag air_quality_ingestion on 2026-09-06T13:05:00+00:00 ... 
[2026-09-06T14:09:31.379+0000] {external_task.py:244} INFO - Poking for tasks ['ingest_to_bronze'] in dag air_quality_ingestion on 2026-09-06T13:05:00+00:00 ... 
[2026-09-06T14:10:01.395+0000] {external_task.py:244} INFO - Poking for tasks ['ingest_to_bronze'] in dag air_quality_ingestion on 2026-09-06T13:05:00+00:00 ... 
[2026-09-06T14:10:01.404+0000] {taskinstance.py:2698} ERROR - Task failed with exception
Traceback (most recent call last):
  File "/home/airflow/.local/lib/python3.11/site-packages/airflow/models/taskinstance.py", line 433, in _execute_task
    result = execute_callable(context=context, **execute_callable_kwargs)
             ^^^^^^^^^^^^^^^^^^^^^^^^^^^^^^^^^^^^^^^^^^^^^^^^^^^^^^^^^^^^
  File "/home/airflow/.local/lib/python3.11/site-packages/airflow/sensors/external_task.py", line 334, in execute
    super().execute(context)
  File "/home/airflow/.local/lib/python3.11/site-packages/airflow/sensors/base.py", line 282, in execute
    raise AirflowSensorTimeout(message)
airflow.exceptions.AirflowSensorTimeout: Sensor has timed out; run duration of 300.1531521960278 seconds exceeds the specified timeout of 300.0.
[2026-09-06T14:10:01.413+0000] {taskinstance.py:1138} INFO - Immediate failure requested. Marking task as FAILED. dag_id=air_quality_pipeline, task_id=wait_for_ingestion, execution_date=20260906T130500, start_date=20260906T140501, end_date=20260906T141001
[2026-09-06T14:10:01.437+0000] {standard_task_runner.py:107} ERROR - Failed to execute job 660 for task wait_for_ingestion (Sensor has timed out; run duration of 300.1531521960278 seconds exceeds the specified timeout of 300.0.; 76569)
[2026-09-06T14:10:01.476+0000] {local_task_job_runner.py:234} INFO - Task exited with return code 1
[2026-09-06T14:10:01.502+0000] {taskinstance.py:3280} INFO - 0 downstream tasks scheduled from follow-on schedule check
