[2026-08-10T02:19:37.844+0000] {taskinstance.py:1946} INFO - Dependencies not met for <TaskInstance: air_quality_pipeline.wait_for_ingestion scheduled__2026-08-09T02:05:00+00:00 [up_for_retry]>, dependency 'Not In Retry Period' FAILED: Task is not ready for retry yet but will be retried automatically. Current date is 2026-08-10T02:19:37.843936+00:00 and task will be retried at 2026-08-10T02:24:31.518727+00:00.
[2026-08-10T02:19:37.874+0000] {local_task_job_runner.py:160} INFO - Task is not able to be run
[2026-08-10T02:24:31.977+0000] {taskinstance.py:1956} INFO - Dependencies all met for dep_context=non-requeueable deps ti=<TaskInstance: air_quality_pipeline.wait_for_ingestion scheduled__2026-08-09T02:05:00+00:00 [queued]>
[2026-08-10T02:24:31.994+0000] {taskinstance.py:1956} INFO - Dependencies all met for dep_context=requeueable deps ti=<TaskInstance: air_quality_pipeline.wait_for_ingestion scheduled__2026-08-09T02:05:00+00:00 [queued]>
[2026-08-10T02:24:31.995+0000] {taskinstance.py:2170} INFO - Starting attempt 3 of 3
[2026-08-10T02:24:32.007+0000] {taskinstance.py:2191} INFO - Executing <Task(ExternalTaskSensor): wait_for_ingestion> on 2026-08-09 02:05:00+00:00
[2026-08-10T02:24:32.012+0000] {standard_task_runner.py:60} INFO - Started process 20283 to run task
[2026-08-10T02:24:32.019+0000] {standard_task_runner.py:87} INFO - Running: ['***', 'tasks', 'run', 'air_quality_pipeline', 'wait_for_ingestion', 'scheduled__2026-08-09T02:05:00+00:00', '--job-id', '171', '--raw', '--subdir', 'DAGS_FOLDER/spark_pipeline_dag.py', '--cfg-path', '/tmp/tmp98kdfq9a']
[2026-08-10T02:24:32.023+0000] {standard_task_runner.py:88} INFO - Job 171: Subtask wait_for_ingestion
[2026-08-10T02:24:32.114+0000] {task_command.py:423} INFO - Running <TaskInstance: air_quality_pipeline.wait_for_ingestion scheduled__2026-08-09T02:05:00+00:00 [running]> on host 6a0525c4c718
[2026-08-10T02:24:32.204+0000] {taskinstance.py:2480} INFO - Exporting env vars: AIRFLOW_CTX_DAG_OWNER='***' AIRFLOW_CTX_DAG_ID='air_quality_pipeline' AIRFLOW_CTX_TASK_ID='wait_for_ingestion' AIRFLOW_CTX_EXECUTION_DATE='2026-08-09T02:05:00+00:00' AIRFLOW_CTX_TRY_NUMBER='3' AIRFLOW_CTX_DAG_RUN_ID='scheduled__2026-08-09T02:05:00+00:00'
[2026-08-10T02:24:32.205+0000] {external_task.py:244} INFO - Poking for tasks ['ingest_to_bronze'] in dag air_quality_ingestion on 2026-08-09T02:05:00+00:00 ... 
[2026-08-10T02:25:02.217+0000] {external_task.py:244} INFO - Poking for tasks ['ingest_to_bronze'] in dag air_quality_ingestion on 2026-08-09T02:05:00+00:00 ... 
[2026-08-10T02:25:32.229+0000] {external_task.py:244} INFO - Poking for tasks ['ingest_to_bronze'] in dag air_quality_ingestion on 2026-08-09T02:05:00+00:00 ... 
[2026-08-10T02:26:02.238+0000] {external_task.py:244} INFO - Poking for tasks ['ingest_to_bronze'] in dag air_quality_ingestion on 2026-08-09T02:05:00+00:00 ... 
[2026-08-10T02:26:32.256+0000] {external_task.py:244} INFO - Poking for tasks ['ingest_to_bronze'] in dag air_quality_ingestion on 2026-08-09T02:05:00+00:00 ... 
[2026-08-10T02:27:02.270+0000] {external_task.py:244} INFO - Poking for tasks ['ingest_to_bronze'] in dag air_quality_ingestion on 2026-08-09T02:05:00+00:00 ... 
[2026-08-10T02:27:32.286+0000] {external_task.py:244} INFO - Poking for tasks ['ingest_to_bronze'] in dag air_quality_ingestion on 2026-08-09T02:05:00+00:00 ... 
[2026-08-10T02:28:02.298+0000] {external_task.py:244} INFO - Poking for tasks ['ingest_to_bronze'] in dag air_quality_ingestion on 2026-08-09T02:05:00+00:00 ... 
[2026-08-10T02:28:32.314+0000] {external_task.py:244} INFO - Poking for tasks ['ingest_to_bronze'] in dag air_quality_ingestion on 2026-08-09T02:05:00+00:00 ... 
[2026-08-10T02:29:02.337+0000] {external_task.py:244} INFO - Poking for tasks ['ingest_to_bronze'] in dag air_quality_ingestion on 2026-08-09T02:05:00+00:00 ... 
[2026-08-10T02:29:32.356+0000] {external_task.py:244} INFO - Poking for tasks ['ingest_to_bronze'] in dag air_quality_ingestion on 2026-08-09T02:05:00+00:00 ... 
[2026-08-10T02:29:32.368+0000] {taskinstance.py:2698} ERROR - Task failed with exception
Traceback (most recent call last):
  File "/home/airflow/.local/lib/python3.11/site-packages/airflow/models/taskinstance.py", line 433, in _execute_task
    result = execute_callable(context=context, **execute_callable_kwargs)
             ^^^^^^^^^^^^^^^^^^^^^^^^^^^^^^^^^^^^^^^^^^^^^^^^^^^^^^^^^^^^
  File "/home/airflow/.local/lib/python3.11/site-packages/airflow/sensors/external_task.py", line 334, in execute
    super().execute(context)
  File "/home/airflow/.local/lib/python3.11/site-packages/airflow/sensors/base.py", line 282, in execute
    raise AirflowSensorTimeout(message)
airflow.exceptions.AirflowSensorTimeout: Sensor has timed out; run duration of 300.18647410400445 seconds exceeds the specified timeout of 300.0.
[2026-08-10T02:29:32.383+0000] {taskinstance.py:1138} INFO - Immediate failure requested. Marking task as FAILED. dag_id=air_quality_pipeline, task_id=wait_for_ingestion, execution_date=20260809T020500, start_date=20260810T022431, end_date=20260810T022932
[2026-08-10T02:29:32.406+0000] {standard_task_runner.py:107} ERROR - Failed to execute job 171 for task wait_for_ingestion (Sensor has timed out; run duration of 300.18647410400445 seconds exceeds the specified timeout of 300.0.; 20283)
[2026-08-10T02:29:32.439+0000] {local_task_job_runner.py:234} INFO - Task exited with return code 1
[2026-08-10T02:29:32.470+0000] {taskinstance.py:3280} INFO - 0 downstream tasks scheduled from follow-on schedule check
