[2026-08-11T01:26:14.107+0000] {taskinstance.py:1956} INFO - Dependencies all met for dep_context=non-requeueable deps ti=<TaskInstance: air_quality_pipeline.wait_for_ingestion scheduled__2026-08-11T00:05:00+00:00 [queued]>
[2026-08-11T01:26:14.147+0000] {taskinstance.py:1956} INFO - Dependencies all met for dep_context=requeueable deps ti=<TaskInstance: air_quality_pipeline.wait_for_ingestion scheduled__2026-08-11T00:05:00+00:00 [queued]>
[2026-08-11T01:26:14.163+0000] {taskinstance.py:2170} INFO - Starting attempt 1 of 3
[2026-08-11T01:26:14.220+0000] {taskinstance.py:2191} INFO - Executing <Task(ExternalTaskSensor): wait_for_ingestion> on 2026-08-11 00:05:00+00:00
[2026-08-11T01:26:14.232+0000] {standard_task_runner.py:60} INFO - Started process 26007 to run task
[2026-08-11T01:26:14.236+0000] {standard_task_runner.py:87} INFO - Running: ['***', 'tasks', 'run', 'air_quality_pipeline', 'wait_for_ingestion', 'scheduled__2026-08-11T00:05:00+00:00', '--job-id', '198', '--raw', '--subdir', 'DAGS_FOLDER/spark_pipeline_dag.py', '--cfg-path', '/tmp/tmpdan4ta9k']
[2026-08-11T01:26:14.240+0000] {standard_task_runner.py:88} INFO - Job 198: Subtask wait_for_ingestion
[2026-08-11T01:26:14.843+0000] {task_command.py:423} INFO - Running <TaskInstance: air_quality_pipeline.wait_for_ingestion scheduled__2026-08-11T00:05:00+00:00 [running]> on host 6a0525c4c718
[2026-08-11T01:26:15.612+0000] {taskinstance.py:2480} INFO - Exporting env vars: AIRFLOW_CTX_DAG_OWNER='***' AIRFLOW_CTX_DAG_ID='air_quality_pipeline' AIRFLOW_CTX_TASK_ID='wait_for_ingestion' AIRFLOW_CTX_EXECUTION_DATE='2026-08-11T00:05:00+00:00' AIRFLOW_CTX_TRY_NUMBER='1' AIRFLOW_CTX_DAG_RUN_ID='scheduled__2026-08-11T00:05:00+00:00'
[2026-08-11T01:26:15.620+0000] {external_task.py:244} INFO - Poking for tasks ['ingest_to_bronze'] in dag air_quality_ingestion on 2026-08-11T00:05:00+00:00 ... 
[2026-08-11T01:26:45.652+0000] {external_task.py:244} INFO - Poking for tasks ['ingest_to_bronze'] in dag air_quality_ingestion on 2026-08-11T00:05:00+00:00 ... 
[2026-08-11T01:27:15.668+0000] {external_task.py:244} INFO - Poking for tasks ['ingest_to_bronze'] in dag air_quality_ingestion on 2026-08-11T00:05:00+00:00 ... 
[2026-08-11T01:27:45.677+0000] {external_task.py:244} INFO - Poking for tasks ['ingest_to_bronze'] in dag air_quality_ingestion on 2026-08-11T00:05:00+00:00 ... 
[2026-08-11T01:28:15.686+0000] {external_task.py:244} INFO - Poking for tasks ['ingest_to_bronze'] in dag air_quality_ingestion on 2026-08-11T00:05:00+00:00 ... 
[2026-08-11T01:28:45.694+0000] {external_task.py:244} INFO - Poking for tasks ['ingest_to_bronze'] in dag air_quality_ingestion on 2026-08-11T00:05:00+00:00 ... 
[2026-08-11T01:29:15.702+0000] {external_task.py:244} INFO - Poking for tasks ['ingest_to_bronze'] in dag air_quality_ingestion on 2026-08-11T00:05:00+00:00 ... 
[2026-08-11T01:29:45.709+0000] {external_task.py:244} INFO - Poking for tasks ['ingest_to_bronze'] in dag air_quality_ingestion on 2026-08-11T00:05:00+00:00 ... 
[2026-08-11T01:30:15.718+0000] {external_task.py:244} INFO - Poking for tasks ['ingest_to_bronze'] in dag air_quality_ingestion on 2026-08-11T00:05:00+00:00 ... 
[2026-08-11T01:30:45.725+0000] {external_task.py:244} INFO - Poking for tasks ['ingest_to_bronze'] in dag air_quality_ingestion on 2026-08-11T00:05:00+00:00 ... 
[2026-08-11T01:31:15.734+0000] {external_task.py:244} INFO - Poking for tasks ['ingest_to_bronze'] in dag air_quality_ingestion on 2026-08-11T00:05:00+00:00 ... 
[2026-08-11T01:31:15.742+0000] {taskinstance.py:2698} ERROR - Task failed with exception
Traceback (most recent call last):
  File "/home/airflow/.local/lib/python3.11/site-packages/airflow/models/taskinstance.py", line 433, in _execute_task
    result = execute_callable(context=context, **execute_callable_kwargs)
             ^^^^^^^^^^^^^^^^^^^^^^^^^^^^^^^^^^^^^^^^^^^^^^^^^^^^^^^^^^^^
  File "/home/airflow/.local/lib/python3.11/site-packages/airflow/sensors/external_task.py", line 334, in execute
    super().execute(context)
  File "/home/airflow/.local/lib/python3.11/site-packages/airflow/sensors/base.py", line 282, in execute
    raise AirflowSensorTimeout(message)
airflow.exceptions.AirflowSensorTimeout: Sensor has timed out; run duration of 300.1450028149993 seconds exceeds the specified timeout of 300.0.
[2026-08-11T01:31:15.752+0000] {taskinstance.py:1138} INFO - Immediate failure requested. Marking task as FAILED. dag_id=air_quality_pipeline, task_id=wait_for_ingestion, execution_date=20260811T000500, start_date=20260811T012614, end_date=20260811T013115
[2026-08-11T01:31:15.761+0000] {standard_task_runner.py:107} ERROR - Failed to execute job 198 for task wait_for_ingestion (Sensor has timed out; run duration of 300.1450028149993 seconds exceeds the specified timeout of 300.0.; 26007)
[2026-08-11T01:31:15.778+0000] {local_task_job_runner.py:234} INFO - Task exited with return code 1
[2026-08-11T01:31:15.799+0000] {taskinstance.py:3280} INFO - 0 downstream tasks scheduled from follow-on schedule check
