[2026-09-03T01:22:43.856+0000] {taskinstance.py:1956} INFO - Dependencies all met for dep_context=non-requeueable deps ti=<TaskInstance: air_quality_ingestion.ingest_to_bronze scheduled__2026-09-03T00:00:00+00:00 [queued]>
[2026-09-03T01:22:43.896+0000] {taskinstance.py:1956} INFO - Dependencies all met for dep_context=requeueable deps ti=<TaskInstance: air_quality_ingestion.ingest_to_bronze scheduled__2026-09-03T00:00:00+00:00 [queued]>
[2026-09-03T01:22:43.898+0000] {taskinstance.py:2170} INFO - Starting attempt 1 of 4
[2026-09-03T01:22:43.952+0000] {taskinstance.py:2191} INFO - Executing <Task(PythonOperator): ingest_to_bronze> on 2026-09-03 00:00:00+00:00
[2026-09-03T01:22:43.974+0000] {standard_task_runner.py:60} INFO - Started process 45326 to run task
[2026-09-03T01:22:43.982+0000] {standard_task_runner.py:87} INFO - Running: ['***', 'tasks', 'run', 'air_quality_ingestion', 'ingest_to_bronze', 'scheduled__2026-09-03T00:00:00+00:00', '--job-id', '565', '--raw', '--subdir', 'DAGS_FOLDER/ingestion_dag.py', '--cfg-path', '/tmp/tmpth36kjh8']
[2026-09-03T01:22:43.987+0000] {standard_task_runner.py:88} INFO - Job 565: Subtask ingest_to_bronze
[2026-09-03T01:22:44.204+0000] {task_command.py:423} INFO - Running <TaskInstance: air_quality_ingestion.ingest_to_bronze scheduled__2026-09-03T00:00:00+00:00 [running]> on host 6a0525c4c718
[2026-09-03T01:22:44.549+0000] {taskinstance.py:2480} INFO - Exporting env vars: AIRFLOW_CTX_DAG_OWNER='***' AIRFLOW_CTX_DAG_ID='air_quality_ingestion' AIRFLOW_CTX_TASK_ID='ingest_to_bronze' AIRFLOW_CTX_EXECUTION_DATE='2026-09-03T00:00:00+00:00' AIRFLOW_CTX_TRY_NUMBER='1' AIRFLOW_CTX_DAG_RUN_ID='scheduled__2026-09-03T00:00:00+00:00'
[2026-09-03T01:22:45.131+0000] {logging_mixin.py:188} INFO - Created bucket: bronze-air-quality
[2026-09-03T01:22:45.155+0000] {logging_mixin.py:188} INFO - Created bucket: silver-air-quality
[2026-09-03T01:22:45.186+0000] {logging_mixin.py:188} INFO - Created bucket: gold-air-quality
[2026-09-03T01:22:45.297+0000] {logging_mixin.py:188} INFO - ✗ new york: HTTPSConnectionPool(host='api.waqi.info', port=443): Max retries exceeded with url: /feed/new%20york/?token=2cc5f2fc84f739a6377a29001c83fd1911c54797 (Caused by NameResolutionError("<urllib3.connection.HTTPSConnection object at 0x70c3bd32b690>: Failed to resolve 'api.waqi.info' ([Errno -2] Name or service not known)"))
[2026-09-03T01:22:45.308+0000] {logging_mixin.py:188} INFO - ✗ london: HTTPSConnectionPool(host='api.waqi.info', port=443): Max retries exceeded with url: /feed/london/?token=2cc5f2fc84f739a6377a29001c83fd1911c54797 (Caused by NameResolutionError("<urllib3.connection.HTTPSConnection object at 0x70c3bd331350>: Failed to resolve 'api.waqi.info' ([Errno -2] Name or service not known)"))
[2026-09-03T01:22:45.320+0000] {logging_mixin.py:188} INFO - ✗ beijing: HTTPSConnectionPool(host='api.waqi.info', port=443): Max retries exceeded with url: /feed/beijing/?token=2cc5f2fc84f739a6377a29001c83fd1911c54797 (Caused by NameResolutionError("<urllib3.connection.HTTPSConnection object at 0x70c3bd333650>: Failed to resolve 'api.waqi.info' ([Errno -2] Name or service not known)"))
[2026-09-03T01:22:45.330+0000] {logging_mixin.py:188} INFO - ✗ delhi: HTTPSConnectionPool(host='api.waqi.info', port=443): Max retries exceeded with url: /feed/delhi/?token=2cc5f2fc84f739a6377a29001c83fd1911c54797 (Caused by NameResolutionError("<urllib3.connection.HTTPSConnection object at 0x70c3bd333250>: Failed to resolve 'api.waqi.info' ([Errno -2] Name or service not known)"))
[2026-09-03T01:22:45.341+0000] {logging_mixin.py:188} INFO - ✗ sydney: HTTPSConnectionPool(host='api.waqi.info', port=443): Max retries exceeded with url: /feed/sydney/?token=2cc5f2fc84f739a6377a29001c83fd1911c54797 (Caused by NameResolutionError("<urllib3.connection.HTTPSConnection object at 0x70c3bd2f8ed0>: Failed to resolve 'api.waqi.info' ([Errno -2] Name or service not known)"))
[2026-09-03T01:22:45.342+0000] {logging_mixin.py:188} INFO - 
Total records ingested: 0
[2026-09-03T01:22:45.343+0000] {python.py:201} INFO - Done. Returned value was: None
[2026-09-03T01:22:45.376+0000] {taskinstance.py:1138} INFO - Marking task as SUCCESS. dag_id=air_quality_ingestion, task_id=ingest_to_bronze, execution_date=20260903T000000, start_date=20260903T012243, end_date=20260903T012245
[2026-09-03T01:22:45.443+0000] {local_task_job_runner.py:234} INFO - Task exited with return code 0
[2026-09-03T01:22:45.499+0000] {taskinstance.py:3280} INFO - 0 downstream tasks scheduled from follow-on schedule check
