[2026-09-06T05:00:01.011+0000] {taskinstance.py:1956} INFO - Dependencies all met for dep_context=non-requeueable deps ti=<TaskInstance: air_quality_ingestion.ingest_to_bronze scheduled__2026-09-06T04:00:00+00:00 [queued]>
[2026-09-06T05:00:01.016+0000] {taskinstance.py:1956} INFO - Dependencies all met for dep_context=requeueable deps ti=<TaskInstance: air_quality_ingestion.ingest_to_bronze scheduled__2026-09-06T04:00:00+00:00 [queued]>
[2026-09-06T05:00:01.017+0000] {taskinstance.py:2170} INFO - Starting attempt 1 of 4
[2026-09-06T05:00:01.027+0000] {taskinstance.py:2191} INFO - Executing <Task(PythonOperator): ingest_to_bronze> on 2026-09-06 04:00:00+00:00
[2026-09-06T05:00:01.030+0000] {standard_task_runner.py:60} INFO - Started process 65821 to run task
[2026-09-06T05:00:01.033+0000] {standard_task_runner.py:87} INFO - Running: ['***', 'tasks', 'run', 'air_quality_ingestion', 'ingest_to_bronze', 'scheduled__2026-09-06T04:00:00+00:00', '--job-id', '641', '--raw', '--subdir', 'DAGS_FOLDER/ingestion_dag.py', '--cfg-path', '/tmp/tmpy5yn4rjl']
[2026-09-06T05:00:01.036+0000] {standard_task_runner.py:88} INFO - Job 641: Subtask ingest_to_bronze
[2026-09-06T05:00:01.113+0000] {task_command.py:423} INFO - Running <TaskInstance: air_quality_ingestion.ingest_to_bronze scheduled__2026-09-06T04:00:00+00:00 [running]> on host 6a0525c4c718
[2026-09-06T05:00:01.194+0000] {taskinstance.py:2480} INFO - Exporting env vars: AIRFLOW_CTX_DAG_OWNER='***' AIRFLOW_CTX_DAG_ID='air_quality_ingestion' AIRFLOW_CTX_TASK_ID='ingest_to_bronze' AIRFLOW_CTX_EXECUTION_DATE='2026-09-06T04:00:00+00:00' AIRFLOW_CTX_TRY_NUMBER='1' AIRFLOW_CTX_DAG_RUN_ID='scheduled__2026-09-06T04:00:00+00:00'
[2026-09-06T05:00:01.264+0000] {logging_mixin.py:188} INFO - Created bucket: bronze-air-quality
[2026-09-06T05:00:01.269+0000] {logging_mixin.py:188} INFO - Created bucket: silver-air-quality
[2026-09-06T05:00:01.274+0000] {logging_mixin.py:188} INFO - Created bucket: gold-air-quality
[2026-09-06T05:00:02.027+0000] {logging_mixin.py:188} INFO - ✓ new york: AQI=21
[2026-09-06T05:00:02.784+0000] {logging_mixin.py:188} INFO - ✓ london: AQI=42
[2026-09-06T05:00:03.497+0000] {logging_mixin.py:188} INFO - ✓ beijing: AQI=70
[2026-09-06T05:00:04.297+0000] {logging_mixin.py:188} INFO - ✓ delhi: AQI=43
[2026-09-06T05:00:05.063+0000] {logging_mixin.py:188} INFO - ✓ sydney: AQI=24
[2026-09-06T05:00:05.075+0000] {logging_mixin.py:188} INFO - Saved → s3://bronze-air-quality/year=2026/month=09/day=06/city=new_york/050001.json
[2026-09-06T05:00:05.081+0000] {logging_mixin.py:188} INFO - Saved → s3://bronze-air-quality/year=2026/month=09/day=06/city=london/050001.json
[2026-09-06T05:00:05.088+0000] {logging_mixin.py:188} INFO - Saved → s3://bronze-air-quality/year=2026/month=09/day=06/city=beijing/050001.json
[2026-09-06T05:00:05.094+0000] {logging_mixin.py:188} INFO - Saved → s3://bronze-air-quality/year=2026/month=09/day=06/city=delhi/050001.json
[2026-09-06T05:00:05.100+0000] {logging_mixin.py:188} INFO - Saved → s3://bronze-air-quality/year=2026/month=09/day=06/city=sydney/050001.json
[2026-09-06T05:00:05.101+0000] {logging_mixin.py:188} INFO - 
Total records ingested: 5
[2026-09-06T05:00:05.102+0000] {python.py:201} INFO - Done. Returned value was: None
[2026-09-06T05:00:05.109+0000] {taskinstance.py:1138} INFO - Marking task as SUCCESS. dag_id=air_quality_ingestion, task_id=ingest_to_bronze, execution_date=20260906T040000, start_date=20260906T050001, end_date=20260906T050005
[2026-09-06T05:00:05.160+0000] {local_task_job_runner.py:234} INFO - Task exited with return code 0
[2026-09-06T05:00:05.175+0000] {taskinstance.py:3280} INFO - 0 downstream tasks scheduled from follow-on schedule check
