[2026-08-06T23:07:23.216+0000] {taskinstance.py:1956} INFO - Dependencies all met for dep_context=non-requeueable deps ti=<TaskInstance: air_quality_ingestion.ingest_to_bronze scheduled__2026-08-06T22:00:00+00:00 [queued]>
[2026-08-06T23:07:23.254+0000] {taskinstance.py:1956} INFO - Dependencies all met for dep_context=requeueable deps ti=<TaskInstance: air_quality_ingestion.ingest_to_bronze scheduled__2026-08-06T22:00:00+00:00 [queued]>
[2026-08-06T23:07:23.279+0000] {taskinstance.py:2170} INFO - Starting attempt 1 of 4
[2026-08-06T23:07:23.363+0000] {taskinstance.py:2191} INFO - Executing <Task(PythonOperator): ingest_to_bronze> on 2026-08-06 22:00:00+00:00
[2026-08-06T23:07:23.492+0000] {standard_task_runner.py:60} INFO - Started process 4987 to run task
[2026-08-06T23:07:23.515+0000] {standard_task_runner.py:87} INFO - Running: ['***', 'tasks', 'run', 'air_quality_ingestion', 'ingest_to_bronze', 'scheduled__2026-08-06T22:00:00+00:00', '--job-id', '96', '--raw', '--subdir', 'DAGS_FOLDER/ingestion_dag.py', '--cfg-path', '/tmp/tmpfn8mb02g']
[2026-08-06T23:07:23.569+0000] {standard_task_runner.py:88} INFO - Job 96: Subtask ingest_to_bronze
[2026-08-06T23:07:23.961+0000] {task_command.py:423} INFO - Running <TaskInstance: air_quality_ingestion.ingest_to_bronze scheduled__2026-08-06T22:00:00+00:00 [running]> on host 6a0525c4c718
[2026-08-06T23:07:24.336+0000] {taskinstance.py:2480} INFO - Exporting env vars: AIRFLOW_CTX_DAG_OWNER='***' AIRFLOW_CTX_DAG_ID='air_quality_ingestion' AIRFLOW_CTX_TASK_ID='ingest_to_bronze' AIRFLOW_CTX_EXECUTION_DATE='2026-08-06T22:00:00+00:00' AIRFLOW_CTX_TRY_NUMBER='1' AIRFLOW_CTX_DAG_RUN_ID='scheduled__2026-08-06T22:00:00+00:00'
[2026-08-06T23:07:25.549+0000] {logging_mixin.py:188} INFO - Created bucket: bronze-air-quality
[2026-08-06T23:07:25.566+0000] {logging_mixin.py:188} INFO - Created bucket: silver-air-quality
[2026-08-06T23:07:25.583+0000] {logging_mixin.py:188} INFO - Created bucket: gold-air-quality
[2026-08-06T23:07:26.552+0000] {logging_mixin.py:188} INFO - ✓ new york: AQI=49
[2026-08-06T23:07:27.319+0000] {logging_mixin.py:188} INFO - ✓ london: AQI=34
[2026-08-06T23:07:28.076+0000] {logging_mixin.py:188} INFO - ✓ beijing: AQI=63
[2026-08-06T23:07:28.852+0000] {logging_mixin.py:188} INFO - ✓ delhi: AQI=99
[2026-08-06T23:07:29.629+0000] {logging_mixin.py:188} INFO - ✓ sydney: AQI=51
[2026-08-06T23:07:29.655+0000] {logging_mixin.py:188} INFO - Saved → s3://bronze-air-quality/year=2026/month=08/day=06/city=new_york/230725.json
[2026-08-06T23:07:29.666+0000] {logging_mixin.py:188} INFO - Saved → s3://bronze-air-quality/year=2026/month=08/day=06/city=london/230725.json
[2026-08-06T23:07:29.677+0000] {logging_mixin.py:188} INFO - Saved → s3://bronze-air-quality/year=2026/month=08/day=06/city=beijing/230725.json
[2026-08-06T23:07:29.689+0000] {logging_mixin.py:188} INFO - Saved → s3://bronze-air-quality/year=2026/month=08/day=06/city=delhi/230725.json
[2026-08-06T23:07:29.702+0000] {logging_mixin.py:188} INFO - Saved → s3://bronze-air-quality/year=2026/month=08/day=06/city=sydney/230725.json
[2026-08-06T23:07:29.703+0000] {logging_mixin.py:188} INFO - 
Total records ingested: 5
[2026-08-06T23:07:29.704+0000] {python.py:201} INFO - Done. Returned value was: None
[2026-08-06T23:07:29.722+0000] {taskinstance.py:1138} INFO - Marking task as SUCCESS. dag_id=air_quality_ingestion, task_id=ingest_to_bronze, execution_date=20260806T220000, start_date=20260806T230723, end_date=20260806T230729
[2026-08-06T23:07:29.777+0000] {local_task_job_runner.py:234} INFO - Task exited with return code 0
[2026-08-06T23:07:29.796+0000] {taskinstance.py:3280} INFO - 0 downstream tasks scheduled from follow-on schedule check
