[2026-08-12T18:00:01.747+0000] {taskinstance.py:1956} INFO - Dependencies all met for dep_context=non-requeueable deps ti=<TaskInstance: air_quality_ingestion.ingest_to_bronze scheduled__2026-08-12T17:00:00+00:00 [queued]>
[2026-08-12T18:00:01.765+0000] {taskinstance.py:1956} INFO - Dependencies all met for dep_context=requeueable deps ti=<TaskInstance: air_quality_ingestion.ingest_to_bronze scheduled__2026-08-12T17:00:00+00:00 [queued]>
[2026-08-12T18:00:01.766+0000] {taskinstance.py:2170} INFO - Starting attempt 1 of 4
[2026-08-12T18:00:01.783+0000] {taskinstance.py:2191} INFO - Executing <Task(PythonOperator): ingest_to_bronze> on 2026-08-12 17:00:00+00:00
[2026-08-12T18:00:01.792+0000] {standard_task_runner.py:60} INFO - Started process 39007 to run task
[2026-08-12T18:00:01.796+0000] {standard_task_runner.py:87} INFO - Running: ['***', 'tasks', 'run', 'air_quality_ingestion', 'ingest_to_bronze', 'scheduled__2026-08-12T17:00:00+00:00', '--job-id', '254', '--raw', '--subdir', 'DAGS_FOLDER/ingestion_dag.py', '--cfg-path', '/tmp/tmpk3tskwc1']
[2026-08-12T18:00:01.798+0000] {standard_task_runner.py:88} INFO - Job 254: Subtask ingest_to_bronze
[2026-08-12T18:00:01.884+0000] {task_command.py:423} INFO - Running <TaskInstance: air_quality_ingestion.ingest_to_bronze scheduled__2026-08-12T17:00:00+00:00 [running]> on host 6a0525c4c718
[2026-08-12T18:00:01.981+0000] {taskinstance.py:2480} INFO - Exporting env vars: AIRFLOW_CTX_DAG_OWNER='***' AIRFLOW_CTX_DAG_ID='air_quality_ingestion' AIRFLOW_CTX_TASK_ID='ingest_to_bronze' AIRFLOW_CTX_EXECUTION_DATE='2026-08-12T17:00:00+00:00' AIRFLOW_CTX_TRY_NUMBER='1' AIRFLOW_CTX_DAG_RUN_ID='scheduled__2026-08-12T17:00:00+00:00'
[2026-08-12T18:00:02.144+0000] {logging_mixin.py:188} INFO - Created bucket: bronze-air-quality
[2026-08-12T18:00:02.153+0000] {logging_mixin.py:188} INFO - Created bucket: silver-air-quality
[2026-08-12T18:00:02.162+0000] {logging_mixin.py:188} INFO - Created bucket: gold-air-quality
[2026-08-12T18:00:03.041+0000] {logging_mixin.py:188} INFO - ✓ new york: AQI=30
[2026-08-12T18:00:03.841+0000] {logging_mixin.py:188} INFO - ✓ london: AQI=46
[2026-08-12T18:00:04.609+0000] {logging_mixin.py:188} INFO - ✓ beijing: AQI=30
[2026-08-12T18:00:05.432+0000] {logging_mixin.py:188} INFO - ✓ delhi: AQI=154
[2026-08-12T18:00:06.200+0000] {logging_mixin.py:188} INFO - ✓ sydney: AQI=17
[2026-08-12T18:00:06.222+0000] {logging_mixin.py:188} INFO - Saved → s3://bronze-air-quality/year=2026/month=08/day=12/city=new_york/180002.json
[2026-08-12T18:00:06.231+0000] {logging_mixin.py:188} INFO - Saved → s3://bronze-air-quality/year=2026/month=08/day=12/city=london/180002.json
[2026-08-12T18:00:06.241+0000] {logging_mixin.py:188} INFO - Saved → s3://bronze-air-quality/year=2026/month=08/day=12/city=beijing/180002.json
[2026-08-12T18:00:06.250+0000] {logging_mixin.py:188} INFO - Saved → s3://bronze-air-quality/year=2026/month=08/day=12/city=delhi/180002.json
[2026-08-12T18:00:06.258+0000] {logging_mixin.py:188} INFO - Saved → s3://bronze-air-quality/year=2026/month=08/day=12/city=sydney/180002.json
[2026-08-12T18:00:06.259+0000] {logging_mixin.py:188} INFO - 
Total records ingested: 5
[2026-08-12T18:00:06.259+0000] {python.py:201} INFO - Done. Returned value was: None
[2026-08-12T18:00:06.269+0000] {taskinstance.py:1138} INFO - Marking task as SUCCESS. dag_id=air_quality_ingestion, task_id=ingest_to_bronze, execution_date=20260812T170000, start_date=20260812T180001, end_date=20260812T180006
[2026-08-12T18:00:06.300+0000] {local_task_job_runner.py:234} INFO - Task exited with return code 0
[2026-08-12T18:00:06.321+0000] {taskinstance.py:3280} INFO - 0 downstream tasks scheduled from follow-on schedule check
