[2026-09-04T14:05:00.494+0000] {taskinstance.py:1956} INFO - Dependencies all met for dep_context=non-requeueable deps ti=<TaskInstance: air_quality_pipeline.wait_for_ingestion scheduled__2026-09-04T13:05:00+00:00 [queued]>
[2026-09-04T14:05:00.500+0000] {taskinstance.py:1956} INFO - Dependencies all met for dep_context=requeueable deps ti=<TaskInstance: air_quality_pipeline.wait_for_ingestion scheduled__2026-09-04T13:05:00+00:00 [queued]>
[2026-09-04T14:05:00.500+0000] {taskinstance.py:2170} INFO - Starting attempt 1 of 3
[2026-09-04T14:05:00.511+0000] {taskinstance.py:2191} INFO - Executing <Task(ExternalTaskSensor): wait_for_ingestion> on 2026-09-04 13:05:00+00:00
[2026-09-04T14:05:00.516+0000] {standard_task_runner.py:60} INFO - Started process 55257 to run task
[2026-09-04T14:05:00.519+0000] {standard_task_runner.py:87} INFO - Running: ['***', 'tasks', 'run', 'air_quality_pipeline', 'wait_for_ingestion', 'scheduled__2026-09-04T13:05:00+00:00', '--job-id', '607', '--raw', '--subdir', 'DAGS_FOLDER/spark_pipeline_dag.py', '--cfg-path', '/tmp/tmpr5g06vu9']
[2026-09-04T14:05:00.522+0000] {standard_task_runner.py:88} INFO - Job 607: Subtask wait_for_ingestion
[2026-09-04T14:05:00.582+0000] {task_command.py:423} INFO - Running <TaskInstance: air_quality_pipeline.wait_for_ingestion scheduled__2026-09-04T13:05:00+00:00 [running]> on host 6a0525c4c718
[2026-09-04T14:05:00.647+0000] {taskinstance.py:2480} INFO - Exporting env vars: AIRFLOW_CTX_DAG_OWNER='***' AIRFLOW_CTX_DAG_ID='air_quality_pipeline' AIRFLOW_CTX_TASK_ID='wait_for_ingestion' AIRFLOW_CTX_EXECUTION_DATE='2026-09-04T13:05:00+00:00' AIRFLOW_CTX_TRY_NUMBER='1' AIRFLOW_CTX_DAG_RUN_ID='scheduled__2026-09-04T13:05:00+00:00'
[2026-09-04T14:05:00.648+0000] {external_task.py:244} INFO - Poking for tasks ['ingest_to_bronze'] in dag air_quality_ingestion on 2026-09-04T13:05:00+00:00 ... 
[2026-09-04T14:05:30.654+0000] {external_task.py:244} INFO - Poking for tasks ['ingest_to_bronze'] in dag air_quality_ingestion on 2026-09-04T13:05:00+00:00 ... 
[2026-09-04T14:06:00.668+0000] {external_task.py:244} INFO - Poking for tasks ['ingest_to_bronze'] in dag air_quality_ingestion on 2026-09-04T13:05:00+00:00 ... 
[2026-09-04T14:06:30.673+0000] {external_task.py:244} INFO - Poking for tasks ['ingest_to_bronze'] in dag air_quality_ingestion on 2026-09-04T13:05:00+00:00 ... 
[2026-09-04T14:07:00.687+0000] {external_task.py:244} INFO - Poking for tasks ['ingest_to_bronze'] in dag air_quality_ingestion on 2026-09-04T13:05:00+00:00 ... 
[2026-09-04T14:07:30.700+0000] {external_task.py:244} INFO - Poking for tasks ['ingest_to_bronze'] in dag air_quality_ingestion on 2026-09-04T13:05:00+00:00 ... 
[2026-09-04T14:08:00.707+0000] {external_task.py:244} INFO - Poking for tasks ['ingest_to_bronze'] in dag air_quality_ingestion on 2026-09-04T13:05:00+00:00 ... 
[2026-09-04T14:08:30.716+0000] {external_task.py:244} INFO - Poking for tasks ['ingest_to_bronze'] in dag air_quality_ingestion on 2026-09-04T13:05:00+00:00 ... 
[2026-09-04T14:09:00.722+0000] {external_task.py:244} INFO - Poking for tasks ['ingest_to_bronze'] in dag air_quality_ingestion on 2026-09-04T13:05:00+00:00 ... 
[2026-09-04T14:09:30.729+0000] {external_task.py:244} INFO - Poking for tasks ['ingest_to_bronze'] in dag air_quality_ingestion on 2026-09-04T13:05:00+00:00 ... 
[2026-09-04T14:10:00.740+0000] {external_task.py:244} INFO - Poking for tasks ['ingest_to_bronze'] in dag air_quality_ingestion on 2026-09-04T13:05:00+00:00 ... 
[2026-09-04T14:10:00.749+0000] {taskinstance.py:2698} ERROR - Task failed with exception
Traceback (most recent call last):
  File "/home/airflow/.local/lib/python3.11/site-packages/airflow/models/taskinstance.py", line 433, in _execute_task
    result = execute_callable(context=context, **execute_callable_kwargs)
             ^^^^^^^^^^^^^^^^^^^^^^^^^^^^^^^^^^^^^^^^^^^^^^^^^^^^^^^^^^^^
  File "/home/airflow/.local/lib/python3.11/site-packages/airflow/sensors/external_task.py", line 334, in execute
    super().execute(context)
  File "/home/airflow/.local/lib/python3.11/site-packages/airflow/sensors/base.py", line 282, in execute
    raise AirflowSensorTimeout(message)
airflow.exceptions.AirflowSensorTimeout: Sensor has timed out; run duration of 300.1338716429891 seconds exceeds the specified timeout of 300.0.
[2026-09-04T14:10:00.760+0000] {taskinstance.py:1138} INFO - Immediate failure requested. Marking task as FAILED. dag_id=air_quality_pipeline, task_id=wait_for_ingestion, execution_date=20260904T130500, start_date=20260904T140500, end_date=20260904T141000
[2026-09-04T14:10:00.775+0000] {standard_task_runner.py:107} ERROR - Failed to execute job 607 for task wait_for_ingestion (Sensor has timed out; run duration of 300.1338716429891 seconds exceeds the specified timeout of 300.0.; 55257)
[2026-09-04T14:10:00.812+0000] {local_task_job_runner.py:234} INFO - Task exited with return code 1
[2026-09-04T14:10:00.832+0000] {taskinstance.py:3280} INFO - 0 downstream tasks scheduled from follow-on schedule check
