[2026-08-30T05:52:50.500+0000] {taskinstance.py:1956} INFO - Dependencies all met for dep_context=non-requeueable deps ti=<TaskInstance: air_quality_ingestion.ingest_to_bronze scheduled__2026-08-30T04:00:00+00:00 [queued]>
[2026-08-30T05:52:50.522+0000] {taskinstance.py:1956} INFO - Dependencies all met for dep_context=requeueable deps ti=<TaskInstance: air_quality_ingestion.ingest_to_bronze scheduled__2026-08-30T04:00:00+00:00 [queued]>
[2026-08-30T05:52:50.549+0000] {taskinstance.py:2170} INFO - Starting attempt 1 of 4
[2026-08-30T05:52:50.666+0000] {taskinstance.py:2191} INFO - Executing <Task(PythonOperator): ingest_to_bronze> on 2026-08-30 04:00:00+00:00
[2026-08-30T05:52:50.686+0000] {standard_task_runner.py:60} INFO - Started process 13824 to run task
[2026-08-30T05:52:50.692+0000] {standard_task_runner.py:87} INFO - Running: ['***', 'tasks', 'run', 'air_quality_ingestion', 'ingest_to_bronze', 'scheduled__2026-08-30T04:00:00+00:00', '--job-id', '441', '--raw', '--subdir', 'DAGS_FOLDER/ingestion_dag.py', '--cfg-path', '/tmp/tmpk6v5tiqa']
[2026-08-30T05:52:50.705+0000] {standard_task_runner.py:88} INFO - Job 441: Subtask ingest_to_bronze
[2026-08-30T05:52:50.879+0000] {task_command.py:423} INFO - Running <TaskInstance: air_quality_ingestion.ingest_to_bronze scheduled__2026-08-30T04:00:00+00:00 [running]> on host 6a0525c4c718
[2026-08-30T05:52:51.014+0000] {taskinstance.py:2480} INFO - Exporting env vars: AIRFLOW_CTX_DAG_OWNER='***' AIRFLOW_CTX_DAG_ID='air_quality_ingestion' AIRFLOW_CTX_TASK_ID='ingest_to_bronze' AIRFLOW_CTX_EXECUTION_DATE='2026-08-30T04:00:00+00:00' AIRFLOW_CTX_TRY_NUMBER='1' AIRFLOW_CTX_DAG_RUN_ID='scheduled__2026-08-30T04:00:00+00:00'
[2026-08-30T05:52:51.138+0000] {logging_mixin.py:188} INFO - Created bucket: bronze-air-quality
[2026-08-30T05:52:51.152+0000] {logging_mixin.py:188} INFO - Created bucket: silver-air-quality
[2026-08-30T05:52:51.167+0000] {logging_mixin.py:188} INFO - Created bucket: gold-air-quality
[2026-08-30T05:52:51.246+0000] {logging_mixin.py:188} INFO - ✗ new york: HTTPSConnectionPool(host='api.waqi.info', port=443): Max retries exceeded with url: /feed/new%20york/?token=2cc5f2fc84f739a6377a29001c83fd1911c54797 (Caused by NewConnectionError('<urllib3.connection.HTTPSConnection object at 0x70c3c5193850>: Failed to establish a new connection: [Errno 111] Connection refused'))
[2026-08-30T05:52:51.302+0000] {logging_mixin.py:188} INFO - ✗ london: HTTPSConnectionPool(host='api.waqi.info', port=443): Max retries exceeded with url: /feed/london/?token=2cc5f2fc84f739a6377a29001c83fd1911c54797 (Caused by NewConnectionError('<urllib3.connection.HTTPSConnection object at 0x70c3bd3312d0>: Failed to establish a new connection: [Errno 111] Connection refused'))
[2026-08-30T05:52:51.345+0000] {logging_mixin.py:188} INFO - ✗ beijing: HTTPSConnectionPool(host='api.waqi.info', port=443): Max retries exceeded with url: /feed/beijing/?token=2cc5f2fc84f739a6377a29001c83fd1911c54797 (Caused by NewConnectionError('<urllib3.connection.HTTPSConnection object at 0x70c3bd333790>: Failed to establish a new connection: [Errno 111] Connection refused'))
[2026-08-30T05:52:51.375+0000] {logging_mixin.py:188} INFO - ✗ delhi: HTTPSConnectionPool(host='api.waqi.info', port=443): Max retries exceeded with url: /feed/delhi/?token=2cc5f2fc84f739a6377a29001c83fd1911c54797 (Caused by NewConnectionError('<urllib3.connection.HTTPSConnection object at 0x70c3bd329cd0>: Failed to establish a new connection: [Errno 111] Connection refused'))
[2026-08-30T05:52:51.797+0000] {logging_mixin.py:188} INFO - ✗ sydney: HTTPSConnectionPool(host='api.waqi.info', port=443): Max retries exceeded with url: /feed/sydney/?token=2cc5f2fc84f739a6377a29001c83fd1911c54797 (Caused by NewConnectionError('<urllib3.connection.HTTPSConnection object at 0x70c3bd33c650>: Failed to establish a new connection: [Errno 111] Connection refused'))
[2026-08-30T05:52:51.839+0000] {logging_mixin.py:188} INFO - 
Total records ingested: 0
[2026-08-30T05:52:51.885+0000] {python.py:201} INFO - Done. Returned value was: None
[2026-08-30T05:52:51.938+0000] {taskinstance.py:1138} INFO - Marking task as SUCCESS. dag_id=air_quality_ingestion, task_id=ingest_to_bronze, execution_date=20260830T040000, start_date=20260830T055250, end_date=20260830T055251
[2026-08-30T05:52:52.067+0000] {local_task_job_runner.py:234} INFO - Task exited with return code 0
[2026-08-30T05:52:52.112+0000] {taskinstance.py:3280} INFO - 0 downstream tasks scheduled from follow-on schedule check
