[2026-08-11T18:00:01.044+0000] {taskinstance.py:1956} INFO - Dependencies all met for dep_context=non-requeueable deps ti=<TaskInstance: air_quality_ingestion.ingest_to_bronze scheduled__2026-08-11T17:00:00+00:00 [queued]>
[2026-08-11T18:00:01.052+0000] {taskinstance.py:1956} INFO - Dependencies all met for dep_context=requeueable deps ti=<TaskInstance: air_quality_ingestion.ingest_to_bronze scheduled__2026-08-11T17:00:00+00:00 [queued]>
[2026-08-11T18:00:01.053+0000] {taskinstance.py:2170} INFO - Starting attempt 1 of 4
[2026-08-11T18:00:01.065+0000] {taskinstance.py:2191} INFO - Executing <Task(PythonOperator): ingest_to_bronze> on 2026-08-11 17:00:00+00:00
[2026-08-11T18:00:01.069+0000] {standard_task_runner.py:60} INFO - Started process 31445 to run task
[2026-08-11T18:00:01.072+0000] {standard_task_runner.py:87} INFO - Running: ['***', 'tasks', 'run', 'air_quality_ingestion', 'ingest_to_bronze', 'scheduled__2026-08-11T17:00:00+00:00', '--job-id', '220', '--raw', '--subdir', 'DAGS_FOLDER/ingestion_dag.py', '--cfg-path', '/tmp/tmp63roudt2']
[2026-08-11T18:00:01.075+0000] {standard_task_runner.py:88} INFO - Job 220: Subtask ingest_to_bronze
[2026-08-11T18:00:01.141+0000] {task_command.py:423} INFO - Running <TaskInstance: air_quality_ingestion.ingest_to_bronze scheduled__2026-08-11T17:00:00+00:00 [running]> on host 6a0525c4c718
[2026-08-11T18:00:01.207+0000] {taskinstance.py:2480} INFO - Exporting env vars: AIRFLOW_CTX_DAG_OWNER='***' AIRFLOW_CTX_DAG_ID='air_quality_ingestion' AIRFLOW_CTX_TASK_ID='ingest_to_bronze' AIRFLOW_CTX_EXECUTION_DATE='2026-08-11T17:00:00+00:00' AIRFLOW_CTX_TRY_NUMBER='1' AIRFLOW_CTX_DAG_RUN_ID='scheduled__2026-08-11T17:00:00+00:00'
[2026-08-11T18:00:01.305+0000] {logging_mixin.py:188} INFO - Created bucket: bronze-air-quality
[2026-08-11T18:00:01.313+0000] {logging_mixin.py:188} INFO - Created bucket: silver-air-quality
[2026-08-11T18:00:01.319+0000] {logging_mixin.py:188} INFO - Created bucket: gold-air-quality
[2026-08-11T18:00:02.133+0000] {logging_mixin.py:188} INFO - ✓ new york: AQI=55
[2026-08-11T18:00:02.891+0000] {logging_mixin.py:188} INFO - ✓ london: AQI=34
[2026-08-11T18:00:03.692+0000] {logging_mixin.py:188} INFO - ✓ beijing: AQI=55
[2026-08-11T18:00:04.447+0000] {logging_mixin.py:188} INFO - ✓ delhi: AQI=89
[2026-08-11T18:00:05.180+0000] {logging_mixin.py:188} INFO - ✓ sydney: AQI=10
[2026-08-11T18:00:05.196+0000] {logging_mixin.py:188} INFO - Saved → s3://bronze-air-quality/year=2026/month=08/day=11/city=new_york/180001.json
[2026-08-11T18:00:05.205+0000] {logging_mixin.py:188} INFO - Saved → s3://bronze-air-quality/year=2026/month=08/day=11/city=london/180001.json
[2026-08-11T18:00:05.214+0000] {logging_mixin.py:188} INFO - Saved → s3://bronze-air-quality/year=2026/month=08/day=11/city=beijing/180001.json
[2026-08-11T18:00:05.221+0000] {logging_mixin.py:188} INFO - Saved → s3://bronze-air-quality/year=2026/month=08/day=11/city=delhi/180001.json
[2026-08-11T18:00:05.230+0000] {logging_mixin.py:188} INFO - Saved → s3://bronze-air-quality/year=2026/month=08/day=11/city=sydney/180001.json
[2026-08-11T18:00:05.231+0000] {logging_mixin.py:188} INFO - 
Total records ingested: 5
[2026-08-11T18:00:05.232+0000] {python.py:201} INFO - Done. Returned value was: None
[2026-08-11T18:00:05.242+0000] {taskinstance.py:1138} INFO - Marking task as SUCCESS. dag_id=air_quality_ingestion, task_id=ingest_to_bronze, execution_date=20260811T170000, start_date=20260811T180001, end_date=20260811T180005
[2026-08-11T18:00:05.270+0000] {local_task_job_runner.py:234} INFO - Task exited with return code 0
[2026-08-11T18:00:05.285+0000] {taskinstance.py:3280} INFO - 0 downstream tasks scheduled from follow-on schedule check
