[2026-08-07T16:00:01.319+0000] {taskinstance.py:1956} INFO - Dependencies all met for dep_context=non-requeueable deps ti=<TaskInstance: air_quality_ingestion.ingest_to_bronze scheduled__2026-08-07T15:00:00+00:00 [queued]>
[2026-08-07T16:00:01.325+0000] {taskinstance.py:1956} INFO - Dependencies all met for dep_context=requeueable deps ti=<TaskInstance: air_quality_ingestion.ingest_to_bronze scheduled__2026-08-07T15:00:00+00:00 [queued]>
[2026-08-07T16:00:01.326+0000] {taskinstance.py:2170} INFO - Starting attempt 1 of 4
[2026-08-07T16:00:01.338+0000] {taskinstance.py:2191} INFO - Executing <Task(PythonOperator): ingest_to_bronze> on 2026-08-07 15:00:00+00:00
[2026-08-07T16:00:01.343+0000] {standard_task_runner.py:60} INFO - Started process 12672 to run task
[2026-08-07T16:00:01.346+0000] {standard_task_runner.py:87} INFO - Running: ['***', 'tasks', 'run', 'air_quality_ingestion', 'ingest_to_bronze', 'scheduled__2026-08-07T15:00:00+00:00', '--job-id', '119', '--raw', '--subdir', 'DAGS_FOLDER/ingestion_dag.py', '--cfg-path', '/tmp/tmp21zx2cee']
[2026-08-07T16:00:01.348+0000] {standard_task_runner.py:88} INFO - Job 119: Subtask ingest_to_bronze
[2026-08-07T16:00:01.410+0000] {task_command.py:423} INFO - Running <TaskInstance: air_quality_ingestion.ingest_to_bronze scheduled__2026-08-07T15:00:00+00:00 [running]> on host 6a0525c4c718
[2026-08-07T16:00:01.478+0000] {taskinstance.py:2480} INFO - Exporting env vars: AIRFLOW_CTX_DAG_OWNER='***' AIRFLOW_CTX_DAG_ID='air_quality_ingestion' AIRFLOW_CTX_TASK_ID='ingest_to_bronze' AIRFLOW_CTX_EXECUTION_DATE='2026-08-07T15:00:00+00:00' AIRFLOW_CTX_TRY_NUMBER='1' AIRFLOW_CTX_DAG_RUN_ID='scheduled__2026-08-07T15:00:00+00:00'
[2026-08-07T16:00:01.628+0000] {logging_mixin.py:188} INFO - Created bucket: bronze-air-quality
[2026-08-07T16:00:01.633+0000] {logging_mixin.py:188} INFO - Created bucket: silver-air-quality
[2026-08-07T16:00:01.638+0000] {logging_mixin.py:188} INFO - Created bucket: gold-air-quality
[2026-08-07T16:00:02.445+0000] {logging_mixin.py:188} INFO - ✓ new york: AQI=43
[2026-08-07T16:00:03.209+0000] {logging_mixin.py:188} INFO - ✓ london: AQI=30
[2026-08-07T16:00:04.019+0000] {logging_mixin.py:188} INFO - ✓ beijing: AQI=55
[2026-08-07T16:00:04.776+0000] {logging_mixin.py:188} INFO - ✓ delhi: AQI=55
[2026-08-07T16:00:05.576+0000] {logging_mixin.py:188} INFO - ✓ sydney: AQI=51
[2026-08-07T16:00:05.593+0000] {logging_mixin.py:188} INFO - Saved → s3://bronze-air-quality/year=2026/month=08/day=07/city=new_york/160001.json
[2026-08-07T16:00:05.600+0000] {logging_mixin.py:188} INFO - Saved → s3://bronze-air-quality/year=2026/month=08/day=07/city=london/160001.json
[2026-08-07T16:00:05.606+0000] {logging_mixin.py:188} INFO - Saved → s3://bronze-air-quality/year=2026/month=08/day=07/city=beijing/160001.json
[2026-08-07T16:00:05.612+0000] {logging_mixin.py:188} INFO - Saved → s3://bronze-air-quality/year=2026/month=08/day=07/city=delhi/160001.json
[2026-08-07T16:00:05.620+0000] {logging_mixin.py:188} INFO - Saved → s3://bronze-air-quality/year=2026/month=08/day=07/city=sydney/160001.json
[2026-08-07T16:00:05.620+0000] {logging_mixin.py:188} INFO - 
Total records ingested: 5
[2026-08-07T16:00:05.621+0000] {python.py:201} INFO - Done. Returned value was: None
[2026-08-07T16:00:05.629+0000] {taskinstance.py:1138} INFO - Marking task as SUCCESS. dag_id=air_quality_ingestion, task_id=ingest_to_bronze, execution_date=20260807T150000, start_date=20260807T160001, end_date=20260807T160005
[2026-08-07T16:00:05.672+0000] {local_task_job_runner.py:234} INFO - Task exited with return code 0
[2026-08-07T16:00:05.688+0000] {taskinstance.py:3280} INFO - 0 downstream tasks scheduled from follow-on schedule check
