[2026-08-30T19:30:08.220+0000] {taskinstance.py:1956} INFO - Dependencies all met for dep_context=non-requeueable deps ti=<TaskInstance: air_quality_pipeline.wait_for_ingestion scheduled__2026-08-30T18:05:00+00:00 [queued]>
[2026-08-30T19:30:08.266+0000] {taskinstance.py:1956} INFO - Dependencies all met for dep_context=requeueable deps ti=<TaskInstance: air_quality_pipeline.wait_for_ingestion scheduled__2026-08-30T18:05:00+00:00 [queued]>
[2026-08-30T19:30:08.268+0000] {taskinstance.py:2170} INFO - Starting attempt 1 of 3
[2026-08-30T19:30:08.358+0000] {taskinstance.py:2191} INFO - Executing <Task(ExternalTaskSensor): wait_for_ingestion> on 2026-08-30 18:05:00+00:00
[2026-08-30T19:30:08.379+0000] {standard_task_runner.py:60} INFO - Started process 16703 to run task
[2026-08-30T19:30:08.401+0000] {standard_task_runner.py:87} INFO - Running: ['***', 'tasks', 'run', 'air_quality_pipeline', 'wait_for_ingestion', 'scheduled__2026-08-30T18:05:00+00:00', '--job-id', '464', '--raw', '--subdir', 'DAGS_FOLDER/spark_pipeline_dag.py', '--cfg-path', '/tmp/tmp7msz7i2f']
[2026-08-30T19:30:08.407+0000] {standard_task_runner.py:88} INFO - Job 464: Subtask wait_for_ingestion
[2026-08-30T19:30:08.666+0000] {task_command.py:423} INFO - Running <TaskInstance: air_quality_pipeline.wait_for_ingestion scheduled__2026-08-30T18:05:00+00:00 [running]> on host 6a0525c4c718
[2026-08-30T19:30:09.070+0000] {taskinstance.py:2480} INFO - Exporting env vars: AIRFLOW_CTX_DAG_OWNER='***' AIRFLOW_CTX_DAG_ID='air_quality_pipeline' AIRFLOW_CTX_TASK_ID='wait_for_ingestion' AIRFLOW_CTX_EXECUTION_DATE='2026-08-30T18:05:00+00:00' AIRFLOW_CTX_TRY_NUMBER='1' AIRFLOW_CTX_DAG_RUN_ID='scheduled__2026-08-30T18:05:00+00:00'
[2026-08-30T19:30:09.079+0000] {external_task.py:244} INFO - Poking for tasks ['ingest_to_bronze'] in dag air_quality_ingestion on 2026-08-30T18:05:00+00:00 ... 
[2026-08-30T19:30:39.118+0000] {external_task.py:244} INFO - Poking for tasks ['ingest_to_bronze'] in dag air_quality_ingestion on 2026-08-30T18:05:00+00:00 ... 
[2026-08-30T19:31:09.130+0000] {external_task.py:244} INFO - Poking for tasks ['ingest_to_bronze'] in dag air_quality_ingestion on 2026-08-30T18:05:00+00:00 ... 
[2026-08-30T19:31:39.137+0000] {external_task.py:244} INFO - Poking for tasks ['ingest_to_bronze'] in dag air_quality_ingestion on 2026-08-30T18:05:00+00:00 ... 
[2026-08-30T19:32:09.157+0000] {external_task.py:244} INFO - Poking for tasks ['ingest_to_bronze'] in dag air_quality_ingestion on 2026-08-30T18:05:00+00:00 ... 
[2026-08-30T19:32:39.166+0000] {external_task.py:244} INFO - Poking for tasks ['ingest_to_bronze'] in dag air_quality_ingestion on 2026-08-30T18:05:00+00:00 ... 
[2026-08-30T19:33:09.173+0000] {external_task.py:244} INFO - Poking for tasks ['ingest_to_bronze'] in dag air_quality_ingestion on 2026-08-30T18:05:00+00:00 ... 
[2026-08-30T19:33:39.230+0000] {external_task.py:244} INFO - Poking for tasks ['ingest_to_bronze'] in dag air_quality_ingestion on 2026-08-30T18:05:00+00:00 ... 
[2026-08-30T19:34:09.255+0000] {external_task.py:244} INFO - Poking for tasks ['ingest_to_bronze'] in dag air_quality_ingestion on 2026-08-30T18:05:00+00:00 ... 
[2026-08-30T19:34:39.264+0000] {external_task.py:244} INFO - Poking for tasks ['ingest_to_bronze'] in dag air_quality_ingestion on 2026-08-30T18:05:00+00:00 ... 
[2026-08-30T19:35:09.271+0000] {external_task.py:244} INFO - Poking for tasks ['ingest_to_bronze'] in dag air_quality_ingestion on 2026-08-30T18:05:00+00:00 ... 
[2026-08-30T19:35:09.282+0000] {taskinstance.py:2698} ERROR - Task failed with exception
Traceback (most recent call last):
  File "/home/airflow/.local/lib/python3.11/site-packages/airflow/models/taskinstance.py", line 433, in _execute_task
    result = execute_callable(context=context, **execute_callable_kwargs)
             ^^^^^^^^^^^^^^^^^^^^^^^^^^^^^^^^^^^^^^^^^^^^^^^^^^^^^^^^^^^^
  File "/home/airflow/.local/lib/python3.11/site-packages/airflow/sensors/external_task.py", line 334, in execute
    super().execute(context)
  File "/home/airflow/.local/lib/python3.11/site-packages/airflow/sensors/base.py", line 282, in execute
    raise AirflowSensorTimeout(message)
airflow.exceptions.AirflowSensorTimeout: Sensor has timed out; run duration of 300.22861947098863 seconds exceeds the specified timeout of 300.0.
[2026-08-30T19:35:09.291+0000] {taskinstance.py:1138} INFO - Immediate failure requested. Marking task as FAILED. dag_id=air_quality_pipeline, task_id=wait_for_ingestion, execution_date=20260830T180500, start_date=20260830T193008, end_date=20260830T193509
[2026-08-30T19:35:09.315+0000] {standard_task_runner.py:107} ERROR - Failed to execute job 464 for task wait_for_ingestion (Sensor has timed out; run duration of 300.22861947098863 seconds exceeds the specified timeout of 300.0.; 16703)
[2026-08-30T19:35:09.362+0000] {local_task_job_runner.py:234} INFO - Task exited with return code 1
[2026-08-30T19:35:09.409+0000] {taskinstance.py:3280} INFO - 0 downstream tasks scheduled from follow-on schedule check
