[2026-08-28T00:36:08.245+0000] {taskinstance.py:1956} INFO - Dependencies all met for dep_context=non-requeueable deps ti=<TaskInstance: air_quality_ingestion.ingest_to_bronze scheduled__2026-08-27T23:00:00+00:00 [queued]>
[2026-08-28T00:36:08.276+0000] {taskinstance.py:1956} INFO - Dependencies all met for dep_context=requeueable deps ti=<TaskInstance: air_quality_ingestion.ingest_to_bronze scheduled__2026-08-27T23:00:00+00:00 [queued]>
[2026-08-28T00:36:08.278+0000] {taskinstance.py:2170} INFO - Starting attempt 1 of 4
[2026-08-28T00:36:08.309+0000] {taskinstance.py:2191} INFO - Executing <Task(PythonOperator): ingest_to_bronze> on 2026-08-27 23:00:00+00:00
[2026-08-28T00:36:08.328+0000] {standard_task_runner.py:60} INFO - Started process 12517 to run task
[2026-08-28T00:36:08.358+0000] {standard_task_runner.py:87} INFO - Running: ['***', 'tasks', 'run', 'air_quality_ingestion', 'ingest_to_bronze', 'scheduled__2026-08-27T23:00:00+00:00', '--job-id', '416', '--raw', '--subdir', 'DAGS_FOLDER/ingestion_dag.py', '--cfg-path', '/tmp/tmpe4unij8l']
[2026-08-28T00:36:08.369+0000] {standard_task_runner.py:88} INFO - Job 416: Subtask ingest_to_bronze
[2026-08-28T00:36:08.668+0000] {task_command.py:423} INFO - Running <TaskInstance: air_quality_ingestion.ingest_to_bronze scheduled__2026-08-27T23:00:00+00:00 [running]> on host 6a0525c4c718
[2026-08-28T00:36:09.066+0000] {taskinstance.py:2480} INFO - Exporting env vars: AIRFLOW_CTX_DAG_OWNER='***' AIRFLOW_CTX_DAG_ID='air_quality_ingestion' AIRFLOW_CTX_TASK_ID='ingest_to_bronze' AIRFLOW_CTX_EXECUTION_DATE='2026-08-27T23:00:00+00:00' AIRFLOW_CTX_TRY_NUMBER='1' AIRFLOW_CTX_DAG_RUN_ID='scheduled__2026-08-27T23:00:00+00:00'
[2026-08-28T00:36:11.615+0000] {logging_mixin.py:188} INFO - Created bucket: bronze-air-quality
[2026-08-28T00:36:11.647+0000] {logging_mixin.py:188} INFO - Created bucket: silver-air-quality
[2026-08-28T00:36:11.670+0000] {logging_mixin.py:188} INFO - Created bucket: gold-air-quality
[2026-08-28T00:36:12.853+0000] {logging_mixin.py:188} INFO - ✓ new york: AQI=34
[2026-08-28T00:36:13.675+0000] {logging_mixin.py:188} INFO - ✓ london: AQI=34
[2026-08-28T00:36:14.570+0000] {logging_mixin.py:188} INFO - ✓ beijing: AQI=42
[2026-08-28T00:36:15.458+0000] {logging_mixin.py:188} INFO - ✓ delhi: AQI=95
[2026-08-28T00:36:16.292+0000] {logging_mixin.py:188} INFO - ✓ sydney: AQI=47
[2026-08-28T00:36:16.349+0000] {logging_mixin.py:188} INFO - Saved → s3://bronze-air-quality/year=2026/month=08/day=28/city=new_york/003611.json
[2026-08-28T00:36:16.358+0000] {logging_mixin.py:188} INFO - Saved → s3://bronze-air-quality/year=2026/month=08/day=28/city=london/003611.json
[2026-08-28T00:36:16.369+0000] {logging_mixin.py:188} INFO - Saved → s3://bronze-air-quality/year=2026/month=08/day=28/city=beijing/003611.json
[2026-08-28T00:36:16.380+0000] {logging_mixin.py:188} INFO - Saved → s3://bronze-air-quality/year=2026/month=08/day=28/city=delhi/003611.json
[2026-08-28T00:36:16.391+0000] {logging_mixin.py:188} INFO - Saved → s3://bronze-air-quality/year=2026/month=08/day=28/city=sydney/003611.json
[2026-08-28T00:36:16.392+0000] {logging_mixin.py:188} INFO - 
Total records ingested: 5
[2026-08-28T00:36:16.393+0000] {python.py:201} INFO - Done. Returned value was: None
[2026-08-28T00:36:16.409+0000] {taskinstance.py:1138} INFO - Marking task as SUCCESS. dag_id=air_quality_ingestion, task_id=ingest_to_bronze, execution_date=20260827T230000, start_date=20260828T003608, end_date=20260828T003616
[2026-08-28T00:36:16.448+0000] {local_task_job_runner.py:234} INFO - Task exited with return code 0
[2026-08-28T00:36:16.467+0000] {taskinstance.py:3280} INFO - 0 downstream tasks scheduled from follow-on schedule check
