[2026-08-04T13:34:13.074+0000] {taskinstance.py:1956} INFO - Dependencies all met for dep_context=non-requeueable deps ti=<TaskInstance: air_quality_ingestion.ingest_to_bronze scheduled__2026-08-04T12:00:00+00:00 [queued]>
[2026-08-04T13:34:13.114+0000] {taskinstance.py:1956} INFO - Dependencies all met for dep_context=requeueable deps ti=<TaskInstance: air_quality_ingestion.ingest_to_bronze scheduled__2026-08-04T12:00:00+00:00 [queued]>
[2026-08-04T13:34:13.115+0000] {taskinstance.py:2170} INFO - Starting attempt 1 of 4
[2026-08-04T13:34:13.198+0000] {taskinstance.py:2191} INFO - Executing <Task(PythonOperator): ingest_to_bronze> on 2026-08-04 12:00:00+00:00
[2026-08-04T13:34:13.231+0000] {standard_task_runner.py:60} INFO - Started process 7524 to run task
[2026-08-04T13:34:13.249+0000] {standard_task_runner.py:87} INFO - Running: ['***', 'tasks', 'run', 'air_quality_ingestion', 'ingest_to_bronze', 'scheduled__2026-08-04T12:00:00+00:00', '--job-id', '53', '--raw', '--subdir', 'DAGS_FOLDER/ingestion_dag.py', '--cfg-path', '/tmp/tmpnxs70ebe']
[2026-08-04T13:34:13.267+0000] {standard_task_runner.py:88} INFO - Job 53: Subtask ingest_to_bronze
[2026-08-04T13:34:13.546+0000] {task_command.py:423} INFO - Running <TaskInstance: air_quality_ingestion.ingest_to_bronze scheduled__2026-08-04T12:00:00+00:00 [running]> on host cd53ba4eefa8
[2026-08-04T13:34:13.952+0000] {taskinstance.py:2480} INFO - Exporting env vars: AIRFLOW_CTX_DAG_OWNER='***' AIRFLOW_CTX_DAG_ID='air_quality_ingestion' AIRFLOW_CTX_TASK_ID='ingest_to_bronze' AIRFLOW_CTX_EXECUTION_DATE='2026-08-04T12:00:00+00:00' AIRFLOW_CTX_TRY_NUMBER='1' AIRFLOW_CTX_DAG_RUN_ID='scheduled__2026-08-04T12:00:00+00:00'
[2026-08-04T13:34:15.601+0000] {logging_mixin.py:188} INFO - Created bucket: bronze-air-quality
[2026-08-05T02:45:53.208+0000] {logging_mixin.py:188} INFO - Created bucket: silver-air-quality
[2026-08-05T02:45:53.311+0000] {logging_mixin.py:188} INFO - Created bucket: gold-air-quality
[2026-08-05T02:45:53.696+0000] {logging_mixin.py:188} INFO - ✗ new york: HTTPSConnectionPool(host='api.waqi.info', port=443): Max retries exceeded with url: /feed/new%20york/?token=your_aqicn_key_here (Caused by NameResolutionError("<urllib3.connection.HTTPSConnection object at 0x7c1f239e9bd0>: Failed to resolve 'api.waqi.info' ([Errno -2] Name or service not known)"))
[2026-08-05T02:45:53.838+0000] {logging_mixin.py:188} INFO - ✗ london: HTTPSConnectionPool(host='api.waqi.info', port=443): Max retries exceeded with url: /feed/london/?token=your_aqicn_key_here (Caused by NameResolutionError("<urllib3.connection.HTTPSConnection object at 0x7c1f20ab1810>: Failed to resolve 'api.waqi.info' ([Errno -2] Name or service not known)"))
[2026-08-05T02:45:53.940+0000] {logging_mixin.py:188} INFO - ✗ beijing: HTTPSConnectionPool(host='api.waqi.info', port=443): Max retries exceeded with url: /feed/beijing/?token=your_aqicn_key_here (Caused by NameResolutionError("<urllib3.connection.HTTPSConnection object at 0x7c1f20ab3d90>: Failed to resolve 'api.waqi.info' ([Errno -2] Name or service not known)"))
[2026-08-05T02:45:54.046+0000] {logging_mixin.py:188} INFO - ✗ delhi: HTTPSConnectionPool(host='api.waqi.info', port=443): Max retries exceeded with url: /feed/delhi/?token=your_aqicn_key_here (Caused by NameResolutionError("<urllib3.connection.HTTPSConnection object at 0x7c1f20ab3a50>: Failed to resolve 'api.waqi.info' ([Errno -2] Name or service not known)"))
[2026-08-05T02:45:54.863+0000] {logging_mixin.py:188} INFO - ✗ sydney: HTTPSConnectionPool(host='api.waqi.info', port=443): Max retries exceeded with url: /feed/sydney/?token=your_aqicn_key_here (Caused by NewConnectionError('<urllib3.connection.HTTPSConnection object at 0x7c1f22ee7490>: Failed to establish a new connection: [Errno 111] Connection refused'))
[2026-08-05T02:45:54.907+0000] {logging_mixin.py:188} INFO - 
Total records ingested: 0
[2026-08-05T02:45:54.919+0000] {python.py:201} INFO - Done. Returned value was: None
[2026-08-05T02:45:55.063+0000] {taskinstance.py:1138} INFO - Marking task as SUCCESS. dag_id=air_quality_ingestion, task_id=ingest_to_bronze, execution_date=20260804T120000, start_date=20260804T133413, end_date=20260805T024555
[2026-08-05T02:45:55.980+0000] {local_task_job_runner.py:234} INFO - Task exited with return code 0
[2026-08-05T02:45:56.130+0000] {taskinstance.py:3280} INFO - 0 downstream tasks scheduled from follow-on schedule check
