[2026-08-12T15:25:16.639+0000] {taskinstance.py:1956} INFO - Dependencies all met for dep_context=non-requeueable deps ti=<TaskInstance: air_quality_ingestion.ingest_to_bronze scheduled__2026-08-12T12:00:00+00:00 [queued]>
[2026-08-12T15:25:16.686+0000] {taskinstance.py:1956} INFO - Dependencies all met for dep_context=requeueable deps ti=<TaskInstance: air_quality_ingestion.ingest_to_bronze scheduled__2026-08-12T12:00:00+00:00 [queued]>
[2026-08-12T15:25:16.775+0000] {taskinstance.py:2170} INFO - Starting attempt 1 of 4
[2026-08-12T15:25:16.887+0000] {taskinstance.py:2191} INFO - Executing <Task(PythonOperator): ingest_to_bronze> on 2026-08-12 12:00:00+00:00
[2026-08-12T15:25:16.902+0000] {standard_task_runner.py:60} INFO - Started process 36543 to run task
[2026-08-12T15:25:16.909+0000] {standard_task_runner.py:87} INFO - Running: ['***', 'tasks', 'run', 'air_quality_ingestion', 'ingest_to_bronze', 'scheduled__2026-08-12T12:00:00+00:00', '--job-id', '247', '--raw', '--subdir', 'DAGS_FOLDER/ingestion_dag.py', '--cfg-path', '/tmp/tmp4l3imqn0']
[2026-08-12T15:25:16.949+0000] {standard_task_runner.py:88} INFO - Job 247: Subtask ingest_to_bronze
[2026-08-12T15:25:17.422+0000] {task_command.py:423} INFO - Running <TaskInstance: air_quality_ingestion.ingest_to_bronze scheduled__2026-08-12T12:00:00+00:00 [running]> on host 6a0525c4c718
[2026-08-12T15:25:17.896+0000] {taskinstance.py:2480} INFO - Exporting env vars: AIRFLOW_CTX_DAG_OWNER='***' AIRFLOW_CTX_DAG_ID='air_quality_ingestion' AIRFLOW_CTX_TASK_ID='ingest_to_bronze' AIRFLOW_CTX_EXECUTION_DATE='2026-08-12T12:00:00+00:00' AIRFLOW_CTX_TRY_NUMBER='1' AIRFLOW_CTX_DAG_RUN_ID='scheduled__2026-08-12T12:00:00+00:00'
[2026-08-12T15:25:18.633+0000] {logging_mixin.py:188} INFO - Created bucket: bronze-air-quality
[2026-08-12T15:25:18.669+0000] {logging_mixin.py:188} INFO - Created bucket: silver-air-quality
[2026-08-12T15:25:18.693+0000] {logging_mixin.py:188} INFO - Created bucket: gold-air-quality
[2026-08-12T15:25:18.789+0000] {logging_mixin.py:188} INFO - ✗ new york: HTTPSConnectionPool(host='api.waqi.info', port=443): Max retries exceeded with url: /feed/new%20york/?token=2cc5f2fc84f739a6377a29001c83fd1911c54797 (Caused by NewConnectionError('<urllib3.connection.HTTPSConnection object at 0x7d6db6facfd0>: Failed to establish a new connection: [Errno 111] Connection refused'))
[2026-08-12T15:25:18.841+0000] {logging_mixin.py:188} INFO - ✗ london: HTTPSConnectionPool(host='api.waqi.info', port=443): Max retries exceeded with url: /feed/london/?token=2cc5f2fc84f739a6377a29001c83fd1911c54797 (Caused by NewConnectionError('<urllib3.connection.HTTPSConnection object at 0x7d6db68d0750>: Failed to establish a new connection: [Errno 111] Connection refused'))
[2026-08-12T15:25:18.882+0000] {logging_mixin.py:188} INFO - ✗ beijing: HTTPSConnectionPool(host='api.waqi.info', port=443): Max retries exceeded with url: /feed/beijing/?token=2cc5f2fc84f739a6377a29001c83fd1911c54797 (Caused by NewConnectionError('<urllib3.connection.HTTPSConnection object at 0x7d6db68d2d10>: Failed to establish a new connection: [Errno 111] Connection refused'))
[2026-08-12T15:25:18.945+0000] {logging_mixin.py:188} INFO - ✗ delhi: HTTPSConnectionPool(host='api.waqi.info', port=443): Max retries exceeded with url: /feed/delhi/?token=2cc5f2fc84f739a6377a29001c83fd1911c54797 (Caused by NewConnectionError('<urllib3.connection.HTTPSConnection object at 0x7d6db68bd390>: Failed to establish a new connection: [Errno 111] Connection refused'))
[2026-08-12T15:25:18.980+0000] {logging_mixin.py:188} INFO - ✗ sydney: HTTPSConnectionPool(host='api.waqi.info', port=443): Max retries exceeded with url: /feed/sydney/?token=2cc5f2fc84f739a6377a29001c83fd1911c54797 (Caused by NewConnectionError('<urllib3.connection.HTTPSConnection object at 0x7d6db68d3c10>: Failed to establish a new connection: [Errno 111] Connection refused'))
[2026-08-12T15:25:18.984+0000] {logging_mixin.py:188} INFO - 
Total records ingested: 0
[2026-08-12T15:25:18.987+0000] {python.py:201} INFO - Done. Returned value was: None
[2026-08-12T15:25:19.024+0000] {taskinstance.py:1138} INFO - Marking task as SUCCESS. dag_id=air_quality_ingestion, task_id=ingest_to_bronze, execution_date=20260812T120000, start_date=20260812T152516, end_date=20260812T152519
[2026-08-12T15:25:19.241+0000] {local_task_job_runner.py:234} INFO - Task exited with return code 0
[2026-08-12T15:25:19.312+0000] {taskinstance.py:3280} INFO - 0 downstream tasks scheduled from follow-on schedule check
