[2026-08-27T10:30:05.421+0000] {taskinstance.py:1956} INFO - Dependencies all met for dep_context=non-requeueable deps ti=<TaskInstance: air_quality_pipeline.wait_for_ingestion scheduled__2026-08-27T02:05:00+00:00 [queued]>
[2026-08-27T10:30:05.450+0000] {taskinstance.py:1956} INFO - Dependencies all met for dep_context=requeueable deps ti=<TaskInstance: air_quality_pipeline.wait_for_ingestion scheduled__2026-08-27T02:05:00+00:00 [queued]>
[2026-08-27T10:30:05.452+0000] {taskinstance.py:2170} INFO - Starting attempt 1 of 3
[2026-08-27T10:30:05.500+0000] {taskinstance.py:2191} INFO - Executing <Task(ExternalTaskSensor): wait_for_ingestion> on 2026-08-27 02:05:00+00:00
[2026-08-27T10:30:05.518+0000] {standard_task_runner.py:60} INFO - Started process 5584 to run task
[2026-08-27T10:30:05.530+0000] {standard_task_runner.py:87} INFO - Running: ['***', 'tasks', 'run', 'air_quality_pipeline', 'wait_for_ingestion', 'scheduled__2026-08-27T02:05:00+00:00', '--job-id', '389', '--raw', '--subdir', 'DAGS_FOLDER/spark_pipeline_dag.py', '--cfg-path', '/tmp/tmp6pg54kpl']
[2026-08-27T10:30:05.537+0000] {standard_task_runner.py:88} INFO - Job 389: Subtask wait_for_ingestion
[2026-08-27T10:30:05.771+0000] {task_command.py:423} INFO - Running <TaskInstance: air_quality_pipeline.wait_for_ingestion scheduled__2026-08-27T02:05:00+00:00 [running]> on host 6a0525c4c718
[2026-08-27T10:30:06.082+0000] {taskinstance.py:2480} INFO - Exporting env vars: AIRFLOW_CTX_DAG_OWNER='***' AIRFLOW_CTX_DAG_ID='air_quality_pipeline' AIRFLOW_CTX_TASK_ID='wait_for_ingestion' AIRFLOW_CTX_EXECUTION_DATE='2026-08-27T02:05:00+00:00' AIRFLOW_CTX_TRY_NUMBER='1' AIRFLOW_CTX_DAG_RUN_ID='scheduled__2026-08-27T02:05:00+00:00'
[2026-08-27T10:30:06.092+0000] {external_task.py:244} INFO - Poking for tasks ['ingest_to_bronze'] in dag air_quality_ingestion on 2026-08-27T02:05:00+00:00 ... 
[2026-08-27T14:09:19.414+0000] {external_task.py:244} INFO - Poking for tasks ['ingest_to_bronze'] in dag air_quality_ingestion on 2026-08-27T02:05:00+00:00 ... 
[2026-08-27T14:09:49.438+0000] {external_task.py:244} INFO - Poking for tasks ['ingest_to_bronze'] in dag air_quality_ingestion on 2026-08-27T02:05:00+00:00 ... 
[2026-08-27T14:10:19.451+0000] {external_task.py:244} INFO - Poking for tasks ['ingest_to_bronze'] in dag air_quality_ingestion on 2026-08-27T02:05:00+00:00 ... 
[2026-08-27T14:10:49.458+0000] {external_task.py:244} INFO - Poking for tasks ['ingest_to_bronze'] in dag air_quality_ingestion on 2026-08-27T02:05:00+00:00 ... 
[2026-08-27T14:11:19.469+0000] {external_task.py:244} INFO - Poking for tasks ['ingest_to_bronze'] in dag air_quality_ingestion on 2026-08-27T02:05:00+00:00 ... 
[2026-08-27T14:11:49.479+0000] {external_task.py:244} INFO - Poking for tasks ['ingest_to_bronze'] in dag air_quality_ingestion on 2026-08-27T02:05:00+00:00 ... 
[2026-08-27T14:12:19.488+0000] {external_task.py:244} INFO - Poking for tasks ['ingest_to_bronze'] in dag air_quality_ingestion on 2026-08-27T02:05:00+00:00 ... 
[2026-08-27T14:12:49.505+0000] {external_task.py:244} INFO - Poking for tasks ['ingest_to_bronze'] in dag air_quality_ingestion on 2026-08-27T02:05:00+00:00 ... 
[2026-08-27T14:13:19.521+0000] {external_task.py:244} INFO - Poking for tasks ['ingest_to_bronze'] in dag air_quality_ingestion on 2026-08-27T02:05:00+00:00 ... 
[2026-08-27T14:13:49.560+0000] {external_task.py:244} INFO - Poking for tasks ['ingest_to_bronze'] in dag air_quality_ingestion on 2026-08-27T02:05:00+00:00 ... 
[2026-08-27T14:13:49.585+0000] {taskinstance.py:2698} ERROR - Task failed with exception
Traceback (most recent call last):
  File "/home/airflow/.local/lib/python3.11/site-packages/airflow/models/taskinstance.py", line 433, in _execute_task
    result = execute_callable(context=context, **execute_callable_kwargs)
             ^^^^^^^^^^^^^^^^^^^^^^^^^^^^^^^^^^^^^^^^^^^^^^^^^^^^^^^^^^^^
  File "/home/airflow/.local/lib/python3.11/site-packages/airflow/sensors/external_task.py", line 334, in execute
    super().execute(context)
  File "/home/airflow/.local/lib/python3.11/site-packages/airflow/sensors/base.py", line 282, in execute
    raise AirflowSensorTimeout(message)
airflow.exceptions.AirflowSensorTimeout: Sensor has timed out; run duration of 300.21239737799624 seconds exceeds the specified timeout of 300.0.
[2026-08-27T14:13:49.621+0000] {taskinstance.py:1138} INFO - Immediate failure requested. Marking task as FAILED. dag_id=air_quality_pipeline, task_id=wait_for_ingestion, execution_date=20260827T020500, start_date=20260827T103005, end_date=20260827T141349
[2026-08-27T14:13:49.672+0000] {standard_task_runner.py:107} ERROR - Failed to execute job 389 for task wait_for_ingestion (Sensor has timed out; run duration of 300.21239737799624 seconds exceeds the specified timeout of 300.0.; 5584)
[2026-08-27T14:13:49.732+0000] {local_task_job_runner.py:234} INFO - Task exited with return code 1
[2026-08-27T14:13:49.837+0000] {taskinstance.py:3280} INFO - 0 downstream tasks scheduled from follow-on schedule check
