[2026-08-14T14:49:53.280+0000] {taskinstance.py:1956} INFO - Dependencies all met for dep_context=non-requeueable deps ti=<TaskInstance: air_quality_ingestion.ingest_to_bronze scheduled__2026-08-14T09:00:00+00:00 [queued]>
[2026-08-14T14:49:53.329+0000] {taskinstance.py:1956} INFO - Dependencies all met for dep_context=requeueable deps ti=<TaskInstance: air_quality_ingestion.ingest_to_bronze scheduled__2026-08-14T09:00:00+00:00 [queued]>
[2026-08-14T14:49:53.340+0000] {taskinstance.py:2170} INFO - Starting attempt 1 of 4
[2026-08-14T14:49:53.720+0000] {taskinstance.py:2191} INFO - Executing <Task(PythonOperator): ingest_to_bronze> on 2026-08-14 09:00:00+00:00
[2026-08-14T14:49:53.744+0000] {standard_task_runner.py:60} INFO - Started process 51281 to run task
[2026-08-14T14:49:53.763+0000] {standard_task_runner.py:87} INFO - Running: ['***', 'tasks', 'run', 'air_quality_ingestion', 'ingest_to_bronze', 'scheduled__2026-08-14T09:00:00+00:00', '--job-id', '304', '--raw', '--subdir', 'DAGS_FOLDER/ingestion_dag.py', '--cfg-path', '/tmp/tmpm2_s5m7v']
[2026-08-14T14:49:53.781+0000] {standard_task_runner.py:88} INFO - Job 304: Subtask ingest_to_bronze
[2026-08-14T14:49:54.246+0000] {task_command.py:423} INFO - Running <TaskInstance: air_quality_ingestion.ingest_to_bronze scheduled__2026-08-14T09:00:00+00:00 [running]> on host 6a0525c4c718
[2026-08-14T14:49:55.180+0000] {taskinstance.py:2480} INFO - Exporting env vars: AIRFLOW_CTX_DAG_OWNER='***' AIRFLOW_CTX_DAG_ID='air_quality_ingestion' AIRFLOW_CTX_TASK_ID='ingest_to_bronze' AIRFLOW_CTX_EXECUTION_DATE='2026-08-14T09:00:00+00:00' AIRFLOW_CTX_TRY_NUMBER='1' AIRFLOW_CTX_DAG_RUN_ID='scheduled__2026-08-14T09:00:00+00:00'
[2026-08-14T14:49:56.748+0000] {logging_mixin.py:188} INFO - Created bucket: bronze-air-quality
[2026-08-14T14:49:56.787+0000] {logging_mixin.py:188} INFO - Created bucket: silver-air-quality
[2026-08-14T14:49:56.823+0000] {logging_mixin.py:188} INFO - Created bucket: gold-air-quality
[2026-08-14T14:49:58.412+0000] {logging_mixin.py:188} INFO - ✓ new york: AQI=47
[2026-08-14T14:49:59.825+0000] {logging_mixin.py:188} INFO - ✓ london: AQI=61
[2026-08-14T14:50:01.168+0000] {logging_mixin.py:188} INFO - ✓ beijing: AQI=57
[2026-08-14T14:50:02.429+0000] {logging_mixin.py:188} INFO - ✓ delhi: AQI=93
[2026-08-14T16:30:30.644+0000] {logging_mixin.py:188} INFO - ✗ sydney: HTTPSConnectionPool(host='api.waqi.info', port=443): Max retries exceeded with url: /feed/sydney/?token=2cc5f2fc84f739a6377a29001c83fd1911c54797 (Caused by SSLError(SSLEOFError(8, '[SSL: UNEXPECTED_EOF_WHILE_READING] EOF occurred in violation of protocol (_ssl.c:1006)')))
[2026-08-14T16:30:31.097+0000] {logging_mixin.py:188} INFO - Saved → s3://bronze-air-quality/year=2026/month=08/day=14/city=new_york/144956.json
[2026-08-14T16:30:31.198+0000] {logging_mixin.py:188} INFO - Saved → s3://bronze-air-quality/year=2026/month=08/day=14/city=london/144956.json
[2026-08-14T16:30:31.321+0000] {logging_mixin.py:188} INFO - Saved → s3://bronze-air-quality/year=2026/month=08/day=14/city=beijing/144956.json
[2026-08-14T16:30:31.413+0000] {logging_mixin.py:188} INFO - Saved → s3://bronze-air-quality/year=2026/month=08/day=14/city=delhi/144956.json
[2026-08-14T16:30:31.429+0000] {logging_mixin.py:188} INFO - 
Total records ingested: 4
[2026-08-14T16:30:31.452+0000] {python.py:201} INFO - Done. Returned value was: None
[2026-08-14T16:30:31.621+0000] {taskinstance.py:1138} INFO - Marking task as SUCCESS. dag_id=air_quality_ingestion, task_id=ingest_to_bronze, execution_date=20260814T090000, start_date=20260814T144953, end_date=20260814T163031
[2026-08-14T16:30:31.957+0000] {local_task_job_runner.py:234} INFO - Task exited with return code 0
[2026-08-14T16:30:32.065+0000] {taskinstance.py:3280} INFO - 0 downstream tasks scheduled from follow-on schedule check
