[2026-08-03T15:27:31.346+0000] {taskinstance.py:1956} INFO - Dependencies all met for dep_context=non-requeueable deps ti=<TaskInstance: air_quality_ingestion.ingest_to_bronze scheduled__2026-08-03T14:00:00+00:00 [queued]>
[2026-08-03T15:27:31.412+0000] {taskinstance.py:1956} INFO - Dependencies all met for dep_context=requeueable deps ti=<TaskInstance: air_quality_ingestion.ingest_to_bronze scheduled__2026-08-03T14:00:00+00:00 [queued]>
[2026-08-03T15:27:31.453+0000] {taskinstance.py:2170} INFO - Starting attempt 1 of 4
[2026-08-03T15:27:31.493+0000] {taskinstance.py:2191} INFO - Executing <Task(PythonOperator): ingest_to_bronze> on 2026-08-03 14:00:00+00:00
[2026-08-03T15:27:31.518+0000] {standard_task_runner.py:60} INFO - Started process 4644 to run task
[2026-08-03T15:27:31.522+0000] {standard_task_runner.py:87} INFO - Running: ['***', 'tasks', 'run', 'air_quality_ingestion', 'ingest_to_bronze', 'scheduled__2026-08-03T14:00:00+00:00', '--job-id', '39', '--raw', '--subdir', 'DAGS_FOLDER/ingestion_dag.py', '--cfg-path', '/tmp/tmp128mt23z']
[2026-08-03T15:27:31.529+0000] {standard_task_runner.py:88} INFO - Job 39: Subtask ingest_to_bronze
[2026-08-03T15:27:31.649+0000] {task_command.py:423} INFO - Running <TaskInstance: air_quality_ingestion.ingest_to_bronze scheduled__2026-08-03T14:00:00+00:00 [running]> on host cd53ba4eefa8
[2026-08-03T15:27:31.814+0000] {taskinstance.py:2480} INFO - Exporting env vars: AIRFLOW_CTX_DAG_OWNER='***' AIRFLOW_CTX_DAG_ID='air_quality_ingestion' AIRFLOW_CTX_TASK_ID='ingest_to_bronze' AIRFLOW_CTX_EXECUTION_DATE='2026-08-03T14:00:00+00:00' AIRFLOW_CTX_TRY_NUMBER='1' AIRFLOW_CTX_DAG_RUN_ID='scheduled__2026-08-03T14:00:00+00:00'
[2026-08-03T15:27:32.074+0000] {logging_mixin.py:188} INFO - Created bucket: bronze-air-quality
[2026-08-03T15:27:32.089+0000] {logging_mixin.py:188} INFO - Created bucket: silver-air-quality
[2026-08-03T15:27:32.100+0000] {logging_mixin.py:188} INFO - Created bucket: gold-air-quality
[2026-08-03T15:27:32.306+0000] {logging_mixin.py:188} INFO - ✗ new york: HTTPSConnectionPool(host='api.waqi.info', port=443): Max retries exceeded with url: /feed/new%20york/?token=your_aqicn_key_here (Caused by NewConnectionError('<urllib3.connection.HTTPSConnection object at 0x7c1f234c2190>: Failed to establish a new connection: [Errno 111] Connection refused'))
[2026-08-03T15:27:32.327+0000] {logging_mixin.py:188} INFO - ✗ london: HTTPSConnectionPool(host='api.waqi.info', port=443): Max retries exceeded with url: /feed/london/?token=your_aqicn_key_here (Caused by NewConnectionError('<urllib3.connection.HTTPSConnection object at 0x7c1f20a9ff90>: Failed to establish a new connection: [Errno 111] Connection refused'))
[2026-08-03T15:27:32.346+0000] {logging_mixin.py:188} INFO - ✗ beijing: HTTPSConnectionPool(host='api.waqi.info', port=443): Max retries exceeded with url: /feed/beijing/?token=your_aqicn_key_here (Caused by NewConnectionError('<urllib3.connection.HTTPSConnection object at 0x7c1f20aae5d0>: Failed to establish a new connection: [Errno 111] Connection refused'))
[2026-08-03T15:27:32.364+0000] {logging_mixin.py:188} INFO - ✗ delhi: HTTPSConnectionPool(host='api.waqi.info', port=443): Max retries exceeded with url: /feed/delhi/?token=your_aqicn_key_here (Caused by NewConnectionError('<urllib3.connection.HTTPSConnection object at 0x7c1f20a9e0d0>: Failed to establish a new connection: [Errno 111] Connection refused'))
[2026-08-03T15:27:32.479+0000] {logging_mixin.py:188} INFO - ✗ sydney: HTTPSConnectionPool(host='api.waqi.info', port=443): Max retries exceeded with url: /feed/sydney/?token=your_aqicn_key_here (Caused by NewConnectionError('<urllib3.connection.HTTPSConnection object at 0x7c1f20aaf4d0>: Failed to establish a new connection: [Errno 111] Connection refused'))
[2026-08-03T15:27:32.504+0000] {logging_mixin.py:188} INFO - 
Total records ingested: 0
[2026-08-03T15:27:32.523+0000] {python.py:201} INFO - Done. Returned value was: None
[2026-08-03T15:27:32.558+0000] {taskinstance.py:1138} INFO - Marking task as SUCCESS. dag_id=air_quality_ingestion, task_id=ingest_to_bronze, execution_date=20260803T140000, start_date=20260803T152731, end_date=20260803T152732
[2026-08-03T15:27:32.625+0000] {local_task_job_runner.py:234} INFO - Task exited with return code 0
[2026-08-03T15:27:32.651+0000] {taskinstance.py:3280} INFO - 0 downstream tasks scheduled from follow-on schedule check
