[2026-08-26T22:00:01.656+0000] {taskinstance.py:1956} INFO - Dependencies all met for dep_context=non-requeueable deps ti=<TaskInstance: air_quality_ingestion.ingest_to_bronze scheduled__2026-08-26T21:00:00+00:00 [queued]>
[2026-08-26T22:00:01.663+0000] {taskinstance.py:1956} INFO - Dependencies all met for dep_context=requeueable deps ti=<TaskInstance: air_quality_ingestion.ingest_to_bronze scheduled__2026-08-26T21:00:00+00:00 [queued]>
[2026-08-26T22:00:01.664+0000] {taskinstance.py:2170} INFO - Starting attempt 1 of 4
[2026-08-26T22:00:01.678+0000] {taskinstance.py:2191} INFO - Executing <Task(PythonOperator): ingest_to_bronze> on 2026-08-26 21:00:00+00:00
[2026-08-26T22:00:01.682+0000] {standard_task_runner.py:60} INFO - Started process 3600 to run task
[2026-08-26T22:00:01.687+0000] {standard_task_runner.py:87} INFO - Running: ['***', 'tasks', 'run', 'air_quality_ingestion', 'ingest_to_bronze', 'scheduled__2026-08-26T21:00:00+00:00', '--job-id', '379', '--raw', '--subdir', 'DAGS_FOLDER/ingestion_dag.py', '--cfg-path', '/tmp/tmp1k77dwn_']
[2026-08-26T22:00:01.690+0000] {standard_task_runner.py:88} INFO - Job 379: Subtask ingest_to_bronze
[2026-08-26T22:00:01.763+0000] {task_command.py:423} INFO - Running <TaskInstance: air_quality_ingestion.ingest_to_bronze scheduled__2026-08-26T21:00:00+00:00 [running]> on host 6a0525c4c718
[2026-08-26T22:00:01.833+0000] {taskinstance.py:2480} INFO - Exporting env vars: AIRFLOW_CTX_DAG_OWNER='***' AIRFLOW_CTX_DAG_ID='air_quality_ingestion' AIRFLOW_CTX_TASK_ID='ingest_to_bronze' AIRFLOW_CTX_EXECUTION_DATE='2026-08-26T21:00:00+00:00' AIRFLOW_CTX_TRY_NUMBER='1' AIRFLOW_CTX_DAG_RUN_ID='scheduled__2026-08-26T21:00:00+00:00'
[2026-08-26T22:00:01.946+0000] {logging_mixin.py:188} INFO - Created bucket: bronze-air-quality
[2026-08-26T22:00:01.952+0000] {logging_mixin.py:188} INFO - Created bucket: silver-air-quality
[2026-08-26T22:00:01.957+0000] {logging_mixin.py:188} INFO - Created bucket: gold-air-quality
[2026-08-26T22:00:02.705+0000] {logging_mixin.py:188} INFO - ✓ new york: AQI=28
[2026-08-26T22:00:03.475+0000] {logging_mixin.py:188} INFO - ✓ london: AQI=59
[2026-08-26T22:00:04.192+0000] {logging_mixin.py:188} INFO - ✓ beijing: AQI=70
[2026-08-26T22:00:04.987+0000] {logging_mixin.py:188} INFO - ✓ delhi: AQI=95
[2026-08-26T22:00:05.694+0000] {logging_mixin.py:188} INFO - ✓ sydney: AQI=17
[2026-08-26T22:00:05.711+0000] {logging_mixin.py:188} INFO - Saved → s3://bronze-air-quality/year=2026/month=08/day=26/city=new_york/220001.json
[2026-08-26T22:00:05.719+0000] {logging_mixin.py:188} INFO - Saved → s3://bronze-air-quality/year=2026/month=08/day=26/city=london/220001.json
[2026-08-26T22:00:05.726+0000] {logging_mixin.py:188} INFO - Saved → s3://bronze-air-quality/year=2026/month=08/day=26/city=beijing/220001.json
[2026-08-26T22:00:05.734+0000] {logging_mixin.py:188} INFO - Saved → s3://bronze-air-quality/year=2026/month=08/day=26/city=delhi/220001.json
[2026-08-26T22:00:05.739+0000] {logging_mixin.py:188} INFO - Saved → s3://bronze-air-quality/year=2026/month=08/day=26/city=sydney/220001.json
[2026-08-26T22:00:05.740+0000] {logging_mixin.py:188} INFO - 
Total records ingested: 5
[2026-08-26T22:00:05.741+0000] {python.py:201} INFO - Done. Returned value was: None
[2026-08-26T22:00:05.749+0000] {taskinstance.py:1138} INFO - Marking task as SUCCESS. dag_id=air_quality_ingestion, task_id=ingest_to_bronze, execution_date=20260826T210000, start_date=20260826T220001, end_date=20260826T220005
[2026-08-26T22:00:05.771+0000] {local_task_job_runner.py:234} INFO - Task exited with return code 0
[2026-08-26T22:00:05.783+0000] {taskinstance.py:3280} INFO - 0 downstream tasks scheduled from follow-on schedule check
