[2026-09-08T17:00:00.418+0000] {taskinstance.py:1956} INFO - Dependencies all met for dep_context=non-requeueable deps ti=<TaskInstance: air_quality_ingestion.ingest_to_bronze scheduled__2026-09-08T16:00:00+00:00 [queued]>
[2026-09-08T17:00:00.423+0000] {taskinstance.py:1956} INFO - Dependencies all met for dep_context=requeueable deps ti=<TaskInstance: air_quality_ingestion.ingest_to_bronze scheduled__2026-09-08T16:00:00+00:00 [queued]>
[2026-09-08T17:00:00.424+0000] {taskinstance.py:2170} INFO - Starting attempt 1 of 4
[2026-09-08T17:00:00.433+0000] {taskinstance.py:2191} INFO - Executing <Task(PythonOperator): ingest_to_bronze> on 2026-09-08 16:00:00+00:00
[2026-09-08T17:00:00.437+0000] {standard_task_runner.py:60} INFO - Started process 99280 to run task
[2026-09-08T17:00:00.440+0000] {standard_task_runner.py:87} INFO - Running: ['***', 'tasks', 'run', 'air_quality_ingestion', 'ingest_to_bronze', 'scheduled__2026-09-08T16:00:00+00:00', '--job-id', '722', '--raw', '--subdir', 'DAGS_FOLDER/ingestion_dag.py', '--cfg-path', '/tmp/tmpan14prkv']
[2026-09-08T17:00:00.442+0000] {standard_task_runner.py:88} INFO - Job 722: Subtask ingest_to_bronze
[2026-09-08T17:00:00.496+0000] {task_command.py:423} INFO - Running <TaskInstance: air_quality_ingestion.ingest_to_bronze scheduled__2026-09-08T16:00:00+00:00 [running]> on host 6a0525c4c718
[2026-09-08T17:00:00.567+0000] {taskinstance.py:2480} INFO - Exporting env vars: AIRFLOW_CTX_DAG_OWNER='***' AIRFLOW_CTX_DAG_ID='air_quality_ingestion' AIRFLOW_CTX_TASK_ID='ingest_to_bronze' AIRFLOW_CTX_EXECUTION_DATE='2026-09-08T16:00:00+00:00' AIRFLOW_CTX_TRY_NUMBER='1' AIRFLOW_CTX_DAG_RUN_ID='scheduled__2026-09-08T16:00:00+00:00'
[2026-09-08T17:00:00.635+0000] {logging_mixin.py:188} INFO - Created bucket: bronze-air-quality
[2026-09-08T17:00:00.640+0000] {logging_mixin.py:188} INFO - Created bucket: silver-air-quality
[2026-09-08T17:00:00.645+0000] {logging_mixin.py:188} INFO - Created bucket: gold-air-quality
[2026-09-08T17:00:01.433+0000] {logging_mixin.py:188} INFO - ✓ new york: AQI=28
[2026-09-08T17:00:02.167+0000] {logging_mixin.py:188} INFO - ✓ london: AQI=17
[2026-09-08T17:00:02.952+0000] {logging_mixin.py:188} INFO - ✓ beijing: AQI=38
[2026-09-08T17:00:03.687+0000] {logging_mixin.py:188} INFO - ✓ delhi: AQI=122
[2026-09-08T17:00:04.501+0000] {logging_mixin.py:188} INFO - ✓ sydney: AQI=19
[2026-09-08T17:00:04.516+0000] {logging_mixin.py:188} INFO - Saved → s3://bronze-air-quality/year=2026/month=09/day=08/city=new_york/170000.json
[2026-09-08T17:00:04.523+0000] {logging_mixin.py:188} INFO - Saved → s3://bronze-air-quality/year=2026/month=09/day=08/city=london/170000.json
[2026-09-08T17:00:04.529+0000] {logging_mixin.py:188} INFO - Saved → s3://bronze-air-quality/year=2026/month=09/day=08/city=beijing/170000.json
[2026-09-08T17:00:04.534+0000] {logging_mixin.py:188} INFO - Saved → s3://bronze-air-quality/year=2026/month=09/day=08/city=delhi/170000.json
[2026-09-08T17:00:04.541+0000] {logging_mixin.py:188} INFO - Saved → s3://bronze-air-quality/year=2026/month=09/day=08/city=sydney/170000.json
[2026-09-08T17:00:04.545+0000] {logging_mixin.py:188} INFO - 
Total records ingested: 5
[2026-09-08T17:00:04.548+0000] {python.py:201} INFO - Done. Returned value was: None
[2026-09-08T17:00:04.557+0000] {taskinstance.py:1138} INFO - Marking task as SUCCESS. dag_id=air_quality_ingestion, task_id=ingest_to_bronze, execution_date=20260908T160000, start_date=20260908T170000, end_date=20260908T170004
[2026-09-08T17:00:04.605+0000] {local_task_job_runner.py:234} INFO - Task exited with return code 0
[2026-09-08T17:00:04.619+0000] {taskinstance.py:3280} INFO - 0 downstream tasks scheduled from follow-on schedule check
