[2026-08-30T15:31:43.266+0000] {taskinstance.py:1956} INFO - Dependencies all met for dep_context=non-requeueable deps ti=<TaskInstance: air_quality_ingestion.ingest_to_bronze scheduled__2026-08-30T07:00:00+00:00 [queued]>
[2026-08-30T15:31:43.310+0000] {taskinstance.py:1956} INFO - Dependencies all met for dep_context=requeueable deps ti=<TaskInstance: air_quality_ingestion.ingest_to_bronze scheduled__2026-08-30T07:00:00+00:00 [queued]>
[2026-08-30T15:31:43.320+0000] {taskinstance.py:2170} INFO - Starting attempt 1 of 4
[2026-08-30T15:31:43.387+0000] {taskinstance.py:2191} INFO - Executing <Task(PythonOperator): ingest_to_bronze> on 2026-08-30 07:00:00+00:00
[2026-08-30T15:31:43.457+0000] {standard_task_runner.py:60} INFO - Started process 14070 to run task
[2026-08-30T15:31:43.723+0000] {standard_task_runner.py:87} INFO - Running: ['***', 'tasks', 'run', 'air_quality_ingestion', 'ingest_to_bronze', 'scheduled__2026-08-30T07:00:00+00:00', '--job-id', '449', '--raw', '--subdir', 'DAGS_FOLDER/ingestion_dag.py', '--cfg-path', '/tmp/tmp0kxsgcxw']
[2026-08-30T15:31:43.851+0000] {standard_task_runner.py:88} INFO - Job 449: Subtask ingest_to_bronze
[2026-08-30T15:31:44.255+0000] {task_command.py:423} INFO - Running <TaskInstance: air_quality_ingestion.ingest_to_bronze scheduled__2026-08-30T07:00:00+00:00 [running]> on host 6a0525c4c718
[2026-08-30T15:31:45.059+0000] {taskinstance.py:2480} INFO - Exporting env vars: AIRFLOW_CTX_DAG_OWNER='***' AIRFLOW_CTX_DAG_ID='air_quality_ingestion' AIRFLOW_CTX_TASK_ID='ingest_to_bronze' AIRFLOW_CTX_EXECUTION_DATE='2026-08-30T07:00:00+00:00' AIRFLOW_CTX_TRY_NUMBER='1' AIRFLOW_CTX_DAG_RUN_ID='scheduled__2026-08-30T07:00:00+00:00'
[2026-08-30T15:31:45.922+0000] {logging_mixin.py:188} INFO - Created bucket: bronze-air-quality
[2026-08-30T15:31:45.969+0000] {logging_mixin.py:188} INFO - Created bucket: silver-air-quality
[2026-08-30T15:31:46.017+0000] {logging_mixin.py:188} INFO - Created bucket: gold-air-quality
[2026-08-30T15:31:48.466+0000] {logging_mixin.py:188} INFO - ✓ new york: AQI=24
[2026-08-30T15:31:49.474+0000] {logging_mixin.py:188} INFO - ✓ london: AQI=22
[2026-08-30T15:31:50.273+0000] {logging_mixin.py:188} INFO - ✓ beijing: AQI=38
[2026-08-30T15:31:51.074+0000] {logging_mixin.py:188} INFO - ✓ delhi: AQI=87
[2026-08-30T15:31:52.081+0000] {logging_mixin.py:188} INFO - ✓ sydney: AQI=57
[2026-08-30T15:31:52.114+0000] {logging_mixin.py:188} INFO - Saved → s3://bronze-air-quality/year=2026/month=08/day=30/city=new_york/153146.json
[2026-08-30T15:31:52.142+0000] {logging_mixin.py:188} INFO - Saved → s3://bronze-air-quality/year=2026/month=08/day=30/city=london/153146.json
[2026-08-30T15:31:52.155+0000] {logging_mixin.py:188} INFO - Saved → s3://bronze-air-quality/year=2026/month=08/day=30/city=beijing/153146.json
[2026-08-30T15:31:52.174+0000] {logging_mixin.py:188} INFO - Saved → s3://bronze-air-quality/year=2026/month=08/day=30/city=delhi/153146.json
[2026-08-30T15:31:52.196+0000] {logging_mixin.py:188} INFO - Saved → s3://bronze-air-quality/year=2026/month=08/day=30/city=sydney/153146.json
[2026-08-30T15:31:52.200+0000] {logging_mixin.py:188} INFO - 
Total records ingested: 5
[2026-08-30T15:31:52.203+0000] {python.py:201} INFO - Done. Returned value was: None
[2026-08-30T15:31:52.262+0000] {taskinstance.py:1138} INFO - Marking task as SUCCESS. dag_id=air_quality_ingestion, task_id=ingest_to_bronze, execution_date=20260830T070000, start_date=20260830T153143, end_date=20260830T153152
[2026-08-30T15:31:52.323+0000] {local_task_job_runner.py:234} INFO - Task exited with return code 0
[2026-08-30T15:31:52.350+0000] {taskinstance.py:3280} INFO - 0 downstream tasks scheduled from follow-on schedule check
