[2026-08-30T19:30:08.603+0000] {taskinstance.py:1956} INFO - Dependencies all met for dep_context=non-requeueable deps ti=<TaskInstance: air_quality_ingestion.ingest_to_bronze scheduled__2026-08-30T18:00:00+00:00 [queued]>
[2026-08-30T19:30:08.630+0000] {taskinstance.py:1956} INFO - Dependencies all met for dep_context=requeueable deps ti=<TaskInstance: air_quality_ingestion.ingest_to_bronze scheduled__2026-08-30T18:00:00+00:00 [queued]>
[2026-08-30T19:30:08.634+0000] {taskinstance.py:2170} INFO - Starting attempt 1 of 4
[2026-08-30T19:30:08.738+0000] {taskinstance.py:2191} INFO - Executing <Task(PythonOperator): ingest_to_bronze> on 2026-08-30 18:00:00+00:00
[2026-08-30T19:30:08.771+0000] {standard_task_runner.py:60} INFO - Started process 16705 to run task
[2026-08-30T19:30:08.827+0000] {standard_task_runner.py:87} INFO - Running: ['***', 'tasks', 'run', 'air_quality_ingestion', 'ingest_to_bronze', 'scheduled__2026-08-30T18:00:00+00:00', '--job-id', '465', '--raw', '--subdir', 'DAGS_FOLDER/ingestion_dag.py', '--cfg-path', '/tmp/tmprg9yq0ut']
[2026-08-30T19:30:08.843+0000] {standard_task_runner.py:88} INFO - Job 465: Subtask ingest_to_bronze
[2026-08-30T19:30:09.139+0000] {task_command.py:423} INFO - Running <TaskInstance: air_quality_ingestion.ingest_to_bronze scheduled__2026-08-30T18:00:00+00:00 [running]> on host 6a0525c4c718
[2026-08-30T19:30:09.636+0000] {taskinstance.py:2480} INFO - Exporting env vars: AIRFLOW_CTX_DAG_OWNER='***' AIRFLOW_CTX_DAG_ID='air_quality_ingestion' AIRFLOW_CTX_TASK_ID='ingest_to_bronze' AIRFLOW_CTX_EXECUTION_DATE='2026-08-30T18:00:00+00:00' AIRFLOW_CTX_TRY_NUMBER='1' AIRFLOW_CTX_DAG_RUN_ID='scheduled__2026-08-30T18:00:00+00:00'
[2026-08-30T19:30:10.709+0000] {logging_mixin.py:188} INFO - Created bucket: bronze-air-quality
[2026-08-30T19:30:10.739+0000] {logging_mixin.py:188} INFO - Created bucket: silver-air-quality
[2026-08-30T19:30:10.768+0000] {logging_mixin.py:188} INFO - Created bucket: gold-air-quality
[2026-08-30T19:30:10.843+0000] {logging_mixin.py:188} INFO - ✗ new york: HTTPSConnectionPool(host='api.waqi.info', port=443): Max retries exceeded with url: /feed/new%20york/?token=2cc5f2fc84f739a6377a29001c83fd1911c54797 (Caused by NameResolutionError("<urllib3.connection.HTTPSConnection object at 0x70c3bd32b610>: Failed to resolve 'api.waqi.info' ([Errno -2] Name or service not known)"))
[2026-08-30T19:30:10.854+0000] {logging_mixin.py:188} INFO - ✗ london: HTTPSConnectionPool(host='api.waqi.info', port=443): Max retries exceeded with url: /feed/london/?token=2cc5f2fc84f739a6377a29001c83fd1911c54797 (Caused by NameResolutionError("<urllib3.connection.HTTPSConnection object at 0x70c3bd331250>: Failed to resolve 'api.waqi.info' ([Errno -2] Name or service not known)"))
[2026-08-30T19:30:10.870+0000] {logging_mixin.py:188} INFO - ✗ beijing: HTTPSConnectionPool(host='api.waqi.info', port=443): Max retries exceeded with url: /feed/beijing/?token=2cc5f2fc84f739a6377a29001c83fd1911c54797 (Caused by NameResolutionError("<urllib3.connection.HTTPSConnection object at 0x70c3bd3337d0>: Failed to resolve 'api.waqi.info' ([Errno -2] Name or service not known)"))
[2026-08-30T19:30:10.883+0000] {logging_mixin.py:188} INFO - ✗ delhi: HTTPSConnectionPool(host='api.waqi.info', port=443): Max retries exceeded with url: /feed/delhi/?token=2cc5f2fc84f739a6377a29001c83fd1911c54797 (Caused by NameResolutionError("<urllib3.connection.HTTPSConnection object at 0x70c3bd333410>: Failed to resolve 'api.waqi.info' ([Errno -2] Name or service not known)"))
[2026-08-30T19:30:10.895+0000] {logging_mixin.py:188} INFO - ✗ sydney: HTTPSConnectionPool(host='api.waqi.info', port=443): Max retries exceeded with url: /feed/sydney/?token=2cc5f2fc84f739a6377a29001c83fd1911c54797 (Caused by NameResolutionError("<urllib3.connection.HTTPSConnection object at 0x70c3bd32a0d0>: Failed to resolve 'api.waqi.info' ([Errno -2] Name or service not known)"))
[2026-08-30T19:30:10.899+0000] {logging_mixin.py:188} INFO - 
Total records ingested: 0
[2026-08-30T19:30:10.901+0000] {python.py:201} INFO - Done. Returned value was: None
[2026-08-30T19:30:10.942+0000] {taskinstance.py:1138} INFO - Marking task as SUCCESS. dag_id=air_quality_ingestion, task_id=ingest_to_bronze, execution_date=20260830T180000, start_date=20260830T193008, end_date=20260830T193010
[2026-08-30T19:30:11.010+0000] {local_task_job_runner.py:234} INFO - Task exited with return code 0
[2026-08-30T19:30:11.049+0000] {taskinstance.py:3280} INFO - 0 downstream tasks scheduled from follow-on schedule check
