[2026-08-10T07:08:15.018+0000] {taskinstance.py:1956} INFO - Dependencies all met for dep_context=non-requeueable deps ti=<TaskInstance: air_quality_ingestion.ingest_to_bronze scheduled__2026-08-10T06:00:00+00:00 [queued]>
[2026-08-10T07:08:15.053+0000] {taskinstance.py:1956} INFO - Dependencies all met for dep_context=requeueable deps ti=<TaskInstance: air_quality_ingestion.ingest_to_bronze scheduled__2026-08-10T06:00:00+00:00 [queued]>
[2026-08-10T07:08:15.054+0000] {taskinstance.py:2170} INFO - Starting attempt 1 of 4
[2026-08-10T07:08:15.116+0000] {taskinstance.py:2191} INFO - Executing <Task(PythonOperator): ingest_to_bronze> on 2026-08-10 06:00:00+00:00
[2026-08-10T07:08:15.128+0000] {standard_task_runner.py:60} INFO - Started process 21085 to run task
[2026-08-10T07:08:15.140+0000] {standard_task_runner.py:87} INFO - Running: ['***', 'tasks', 'run', 'air_quality_ingestion', 'ingest_to_bronze', 'scheduled__2026-08-10T06:00:00+00:00', '--job-id', '180', '--raw', '--subdir', 'DAGS_FOLDER/ingestion_dag.py', '--cfg-path', '/tmp/tmpx8c3gm4m']
[2026-08-10T07:08:15.150+0000] {standard_task_runner.py:88} INFO - Job 180: Subtask ingest_to_bronze
[2026-08-10T07:08:15.312+0000] {task_command.py:423} INFO - Running <TaskInstance: air_quality_ingestion.ingest_to_bronze scheduled__2026-08-10T06:00:00+00:00 [running]> on host 6a0525c4c718
[2026-08-10T07:08:15.658+0000] {taskinstance.py:2480} INFO - Exporting env vars: AIRFLOW_CTX_DAG_OWNER='***' AIRFLOW_CTX_DAG_ID='air_quality_ingestion' AIRFLOW_CTX_TASK_ID='ingest_to_bronze' AIRFLOW_CTX_EXECUTION_DATE='2026-08-10T06:00:00+00:00' AIRFLOW_CTX_TRY_NUMBER='1' AIRFLOW_CTX_DAG_RUN_ID='scheduled__2026-08-10T06:00:00+00:00'
[2026-08-10T07:08:16.086+0000] {logging_mixin.py:188} INFO - Created bucket: bronze-air-quality
[2026-08-10T07:08:16.102+0000] {logging_mixin.py:188} INFO - Created bucket: silver-air-quality
[2026-08-10T07:08:16.122+0000] {logging_mixin.py:188} INFO - Created bucket: gold-air-quality
[2026-08-10T07:08:16.152+0000] {logging_mixin.py:188} INFO - ✗ new york: HTTPSConnectionPool(host='api.waqi.info', port=443): Max retries exceeded with url: /feed/new%20york/?token=2cc5f2fc84f739a6377a29001c83fd1911c54797 (Caused by NewConnectionError('<urllib3.connection.HTTPSConnection object at 0x7d6db68c1a90>: Failed to establish a new connection: [Errno 111] Connection refused'))
[2026-08-10T07:08:16.169+0000] {logging_mixin.py:188} INFO - ✗ london: HTTPSConnectionPool(host='api.waqi.info', port=443): Max retries exceeded with url: /feed/london/?token=2cc5f2fc84f739a6377a29001c83fd1911c54797 (Caused by NewConnectionError('<urllib3.connection.HTTPSConnection object at 0x7d6db68c3a90>: Failed to establish a new connection: [Errno 111] Connection refused'))
[2026-08-10T07:08:16.185+0000] {logging_mixin.py:188} INFO - ✗ beijing: HTTPSConnectionPool(host='api.waqi.info', port=443): Max retries exceeded with url: /feed/beijing/?token=2cc5f2fc84f739a6377a29001c83fd1911c54797 (Caused by NewConnectionError('<urllib3.connection.HTTPSConnection object at 0x7d6db68ca050>: Failed to establish a new connection: [Errno 111] Connection refused'))
[2026-08-10T07:08:16.215+0000] {logging_mixin.py:188} INFO - ✗ delhi: HTTPSConnectionPool(host='api.waqi.info', port=443): Max retries exceeded with url: /feed/delhi/?token=2cc5f2fc84f739a6377a29001c83fd1911c54797 (Caused by NewConnectionError('<urllib3.connection.HTTPSConnection object at 0x7d6db68c1cd0>: Failed to establish a new connection: [Errno 111] Connection refused'))
[2026-08-10T07:08:16.231+0000] {logging_mixin.py:188} INFO - ✗ sydney: HTTPSConnectionPool(host='api.waqi.info', port=443): Max retries exceeded with url: /feed/sydney/?token=2cc5f2fc84f739a6377a29001c83fd1911c54797 (Caused by NewConnectionError('<urllib3.connection.HTTPSConnection object at 0x7d6db68cb050>: Failed to establish a new connection: [Errno 111] Connection refused'))
[2026-08-10T07:08:16.232+0000] {logging_mixin.py:188} INFO - 
Total records ingested: 0
[2026-08-10T07:08:16.233+0000] {python.py:201} INFO - Done. Returned value was: None
[2026-08-10T07:08:16.262+0000] {taskinstance.py:1138} INFO - Marking task as SUCCESS. dag_id=air_quality_ingestion, task_id=ingest_to_bronze, execution_date=20260810T060000, start_date=20260810T070815, end_date=20260810T070816
[2026-08-10T07:08:16.335+0000] {local_task_job_runner.py:234} INFO - Task exited with return code 0
[2026-08-10T07:08:16.376+0000] {taskinstance.py:3280} INFO - 0 downstream tasks scheduled from follow-on schedule check
