[2026-09-02T22:56:13.025+0000] {taskinstance.py:1956} INFO - Dependencies all met for dep_context=non-requeueable deps ti=<TaskInstance: air_quality_ingestion.ingest_to_bronze scheduled__2026-09-02T21:00:00+00:00 [queued]>
[2026-09-02T22:56:13.073+0000] {taskinstance.py:1956} INFO - Dependencies all met for dep_context=requeueable deps ti=<TaskInstance: air_quality_ingestion.ingest_to_bronze scheduled__2026-09-02T21:00:00+00:00 [queued]>
[2026-09-02T22:56:13.077+0000] {taskinstance.py:2170} INFO - Starting attempt 1 of 4
[2026-09-02T22:56:13.144+0000] {taskinstance.py:2191} INFO - Executing <Task(PythonOperator): ingest_to_bronze> on 2026-09-02 21:00:00+00:00
[2026-09-02T22:56:13.159+0000] {standard_task_runner.py:60} INFO - Started process 44058 to run task
[2026-09-02T22:56:13.175+0000] {standard_task_runner.py:87} INFO - Running: ['***', 'tasks', 'run', 'air_quality_ingestion', 'ingest_to_bronze', 'scheduled__2026-09-02T21:00:00+00:00', '--job-id', '559', '--raw', '--subdir', 'DAGS_FOLDER/ingestion_dag.py', '--cfg-path', '/tmp/tmpgigo5c3k']
[2026-09-02T22:56:13.195+0000] {standard_task_runner.py:88} INFO - Job 559: Subtask ingest_to_bronze
[2026-09-02T22:56:13.450+0000] {task_command.py:423} INFO - Running <TaskInstance: air_quality_ingestion.ingest_to_bronze scheduled__2026-09-02T21:00:00+00:00 [running]> on host 6a0525c4c718
[2026-09-02T22:56:13.851+0000] {taskinstance.py:2480} INFO - Exporting env vars: AIRFLOW_CTX_DAG_OWNER='***' AIRFLOW_CTX_DAG_ID='air_quality_ingestion' AIRFLOW_CTX_TASK_ID='ingest_to_bronze' AIRFLOW_CTX_EXECUTION_DATE='2026-09-02T21:00:00+00:00' AIRFLOW_CTX_TRY_NUMBER='1' AIRFLOW_CTX_DAG_RUN_ID='scheduled__2026-09-02T21:00:00+00:00'
[2026-09-02T22:56:14.193+0000] {logging_mixin.py:188} INFO - Created bucket: bronze-air-quality
[2026-09-02T22:56:14.210+0000] {logging_mixin.py:188} INFO - Created bucket: silver-air-quality
[2026-09-02T22:56:14.226+0000] {logging_mixin.py:188} INFO - Created bucket: gold-air-quality
[2026-09-02T22:56:14.250+0000] {logging_mixin.py:188} INFO - ✗ new york: HTTPSConnectionPool(host='api.waqi.info', port=443): Max retries exceeded with url: /feed/new%20york/?token=2cc5f2fc84f739a6377a29001c83fd1911c54797 (Caused by NameResolutionError("<urllib3.connection.HTTPSConnection object at 0x70c3bd32b3d0>: Failed to resolve 'api.waqi.info' ([Errno -2] Name or service not known)"))
[2026-09-02T22:56:14.260+0000] {logging_mixin.py:188} INFO - ✗ london: HTTPSConnectionPool(host='api.waqi.info', port=443): Max retries exceeded with url: /feed/london/?token=2cc5f2fc84f739a6377a29001c83fd1911c54797 (Caused by NameResolutionError("<urllib3.connection.HTTPSConnection object at 0x70c3bd331150>: Failed to resolve 'api.waqi.info' ([Errno -2] Name or service not known)"))
[2026-09-02T22:56:14.270+0000] {logging_mixin.py:188} INFO - ✗ beijing: HTTPSConnectionPool(host='api.waqi.info', port=443): Max retries exceeded with url: /feed/beijing/?token=2cc5f2fc84f739a6377a29001c83fd1911c54797 (Caused by NameResolutionError("<urllib3.connection.HTTPSConnection object at 0x70c3bd3334d0>: Failed to resolve 'api.waqi.info' ([Errno -2] Name or service not known)"))
[2026-09-02T22:56:14.281+0000] {logging_mixin.py:188} INFO - ✗ delhi: HTTPSConnectionPool(host='api.waqi.info', port=443): Max retries exceeded with url: /feed/delhi/?token=2cc5f2fc84f739a6377a29001c83fd1911c54797 (Caused by NameResolutionError("<urllib3.connection.HTTPSConnection object at 0x70c3bd3331d0>: Failed to resolve 'api.waqi.info' ([Errno -2] Name or service not known)"))
[2026-09-02T22:56:14.295+0000] {logging_mixin.py:188} INFO - ✗ sydney: HTTPSConnectionPool(host='api.waqi.info', port=443): Max retries exceeded with url: /feed/sydney/?token=2cc5f2fc84f739a6377a29001c83fd1911c54797 (Caused by NameResolutionError("<urllib3.connection.HTTPSConnection object at 0x70c3bd2ff950>: Failed to resolve 'api.waqi.info' ([Errno -2] Name or service not known)"))
[2026-09-02T22:56:14.296+0000] {logging_mixin.py:188} INFO - 
Total records ingested: 0
[2026-09-02T22:56:14.297+0000] {python.py:201} INFO - Done. Returned value was: None
[2026-09-02T22:56:14.325+0000] {taskinstance.py:1138} INFO - Marking task as SUCCESS. dag_id=air_quality_ingestion, task_id=ingest_to_bronze, execution_date=20260902T210000, start_date=20260902T225613, end_date=20260902T225614
[2026-09-02T22:56:14.394+0000] {local_task_job_runner.py:234} INFO - Task exited with return code 0
[2026-09-02T22:56:14.434+0000] {taskinstance.py:3280} INFO - 0 downstream tasks scheduled from follow-on schedule check
