[2026-09-07T14:33:26.417+0000] {taskinstance.py:1956} INFO - Dependencies all met for dep_context=non-requeueable deps ti=<TaskInstance: air_quality_pipeline.wait_for_ingestion scheduled__2026-09-07T12:05:00+00:00 [queued]>
[2026-09-07T14:33:26.441+0000] {taskinstance.py:1956} INFO - Dependencies all met for dep_context=requeueable deps ti=<TaskInstance: air_quality_pipeline.wait_for_ingestion scheduled__2026-09-07T12:05:00+00:00 [queued]>
[2026-09-07T14:33:26.445+0000] {taskinstance.py:2170} INFO - Starting attempt 1 of 3
[2026-09-07T14:33:26.493+0000] {taskinstance.py:2191} INFO - Executing <Task(ExternalTaskSensor): wait_for_ingestion> on 2026-09-07 12:05:00+00:00
[2026-09-07T14:33:26.511+0000] {standard_task_runner.py:60} INFO - Started process 92484 to run task
[2026-09-07T14:33:26.516+0000] {standard_task_runner.py:87} INFO - Running: ['***', 'tasks', 'run', 'air_quality_pipeline', 'wait_for_ingestion', 'scheduled__2026-09-07T12:05:00+00:00', '--job-id', '695', '--raw', '--subdir', 'DAGS_FOLDER/spark_pipeline_dag.py', '--cfg-path', '/tmp/tmpwl3asf5q']
[2026-09-07T14:33:26.540+0000] {standard_task_runner.py:88} INFO - Job 695: Subtask wait_for_ingestion
[2026-09-07T14:33:26.782+0000] {task_command.py:423} INFO - Running <TaskInstance: air_quality_pipeline.wait_for_ingestion scheduled__2026-09-07T12:05:00+00:00 [running]> on host 6a0525c4c718
[2026-09-07T14:33:27.068+0000] {taskinstance.py:2480} INFO - Exporting env vars: AIRFLOW_CTX_DAG_OWNER='***' AIRFLOW_CTX_DAG_ID='air_quality_pipeline' AIRFLOW_CTX_TASK_ID='wait_for_ingestion' AIRFLOW_CTX_EXECUTION_DATE='2026-09-07T12:05:00+00:00' AIRFLOW_CTX_TRY_NUMBER='1' AIRFLOW_CTX_DAG_RUN_ID='scheduled__2026-09-07T12:05:00+00:00'
[2026-09-07T14:33:27.100+0000] {external_task.py:244} INFO - Poking for tasks ['ingest_to_bronze'] in dag air_quality_ingestion on 2026-09-07T12:05:00+00:00 ... 
[2026-09-07T14:33:57.145+0000] {external_task.py:244} INFO - Poking for tasks ['ingest_to_bronze'] in dag air_quality_ingestion on 2026-09-07T12:05:00+00:00 ... 
[2026-09-07T14:34:27.157+0000] {external_task.py:244} INFO - Poking for tasks ['ingest_to_bronze'] in dag air_quality_ingestion on 2026-09-07T12:05:00+00:00 ... 
[2026-09-07T14:34:57.169+0000] {external_task.py:244} INFO - Poking for tasks ['ingest_to_bronze'] in dag air_quality_ingestion on 2026-09-07T12:05:00+00:00 ... 
[2026-09-07T14:35:27.178+0000] {external_task.py:244} INFO - Poking for tasks ['ingest_to_bronze'] in dag air_quality_ingestion on 2026-09-07T12:05:00+00:00 ... 
[2026-09-07T14:35:57.184+0000] {external_task.py:244} INFO - Poking for tasks ['ingest_to_bronze'] in dag air_quality_ingestion on 2026-09-07T12:05:00+00:00 ... 
[2026-09-07T14:36:27.198+0000] {external_task.py:244} INFO - Poking for tasks ['ingest_to_bronze'] in dag air_quality_ingestion on 2026-09-07T12:05:00+00:00 ... 
[2026-09-07T14:36:57.208+0000] {external_task.py:244} INFO - Poking for tasks ['ingest_to_bronze'] in dag air_quality_ingestion on 2026-09-07T12:05:00+00:00 ... 
[2026-09-07T14:37:27.215+0000] {external_task.py:244} INFO - Poking for tasks ['ingest_to_bronze'] in dag air_quality_ingestion on 2026-09-07T12:05:00+00:00 ... 
[2026-09-07T14:37:57.223+0000] {external_task.py:244} INFO - Poking for tasks ['ingest_to_bronze'] in dag air_quality_ingestion on 2026-09-07T12:05:00+00:00 ... 
[2026-09-07T14:38:27.233+0000] {external_task.py:244} INFO - Poking for tasks ['ingest_to_bronze'] in dag air_quality_ingestion on 2026-09-07T12:05:00+00:00 ... 
[2026-09-07T14:38:27.247+0000] {taskinstance.py:2698} ERROR - Task failed with exception
Traceback (most recent call last):
  File "/home/airflow/.local/lib/python3.11/site-packages/airflow/models/taskinstance.py", line 433, in _execute_task
    result = execute_callable(context=context, **execute_callable_kwargs)
             ^^^^^^^^^^^^^^^^^^^^^^^^^^^^^^^^^^^^^^^^^^^^^^^^^^^^^^^^^^^^
  File "/home/airflow/.local/lib/python3.11/site-packages/airflow/sensors/external_task.py", line 334, in execute
    super().execute(context)
  File "/home/airflow/.local/lib/python3.11/site-packages/airflow/sensors/base.py", line 282, in execute
    raise AirflowSensorTimeout(message)
airflow.exceptions.AirflowSensorTimeout: Sensor has timed out; run duration of 300.1691367989988 seconds exceeds the specified timeout of 300.0.
[2026-09-07T14:38:27.259+0000] {taskinstance.py:1138} INFO - Immediate failure requested. Marking task as FAILED. dag_id=air_quality_pipeline, task_id=wait_for_ingestion, execution_date=20260907T120500, start_date=20260907T143326, end_date=20260907T143827
[2026-09-07T14:38:27.286+0000] {standard_task_runner.py:107} ERROR - Failed to execute job 695 for task wait_for_ingestion (Sensor has timed out; run duration of 300.1691367989988 seconds exceeds the specified timeout of 300.0.; 92484)
[2026-09-07T14:38:27.307+0000] {local_task_job_runner.py:234} INFO - Task exited with return code 1
[2026-09-07T14:38:27.339+0000] {taskinstance.py:3280} INFO - 0 downstream tasks scheduled from follow-on schedule check
