[2026-08-10T02:24:43.183+0000] {taskinstance.py:1956} INFO - Dependencies all met for dep_context=non-requeueable deps ti=<TaskInstance: air_quality_pipeline.wait_for_ingestion scheduled__2026-08-09T10:05:00+00:00 [queued]>
[2026-08-10T02:24:43.192+0000] {taskinstance.py:1956} INFO - Dependencies all met for dep_context=requeueable deps ti=<TaskInstance: air_quality_pipeline.wait_for_ingestion scheduled__2026-08-09T10:05:00+00:00 [queued]>
[2026-08-10T02:24:43.193+0000] {taskinstance.py:2170} INFO - Starting attempt 2 of 3
[2026-08-10T02:24:43.213+0000] {taskinstance.py:2191} INFO - Executing <Task(ExternalTaskSensor): wait_for_ingestion> on 2026-08-09 10:05:00+00:00
[2026-08-10T02:24:43.218+0000] {standard_task_runner.py:60} INFO - Started process 20297 to run task
[2026-08-10T02:24:43.221+0000] {standard_task_runner.py:87} INFO - Running: ['***', 'tasks', 'run', 'air_quality_pipeline', 'wait_for_ingestion', 'scheduled__2026-08-09T10:05:00+00:00', '--job-id', '173', '--raw', '--subdir', 'DAGS_FOLDER/spark_pipeline_dag.py', '--cfg-path', '/tmp/tmpq8jf6ykg']
[2026-08-10T02:24:43.225+0000] {standard_task_runner.py:88} INFO - Job 173: Subtask wait_for_ingestion
[2026-08-10T02:24:43.305+0000] {task_command.py:423} INFO - Running <TaskInstance: air_quality_pipeline.wait_for_ingestion scheduled__2026-08-09T10:05:00+00:00 [running]> on host 6a0525c4c718
[2026-08-10T02:24:43.417+0000] {taskinstance.py:2480} INFO - Exporting env vars: AIRFLOW_CTX_DAG_OWNER='***' AIRFLOW_CTX_DAG_ID='air_quality_pipeline' AIRFLOW_CTX_TASK_ID='wait_for_ingestion' AIRFLOW_CTX_EXECUTION_DATE='2026-08-09T10:05:00+00:00' AIRFLOW_CTX_TRY_NUMBER='2' AIRFLOW_CTX_DAG_RUN_ID='scheduled__2026-08-09T10:05:00+00:00'
[2026-08-10T02:24:43.422+0000] {external_task.py:244} INFO - Poking for tasks ['ingest_to_bronze'] in dag air_quality_ingestion on 2026-08-09T10:05:00+00:00 ... 
[2026-08-10T02:25:13.444+0000] {external_task.py:244} INFO - Poking for tasks ['ingest_to_bronze'] in dag air_quality_ingestion on 2026-08-09T10:05:00+00:00 ... 
[2026-08-10T02:25:43.457+0000] {external_task.py:244} INFO - Poking for tasks ['ingest_to_bronze'] in dag air_quality_ingestion on 2026-08-09T10:05:00+00:00 ... 
[2026-08-10T02:26:13.469+0000] {external_task.py:244} INFO - Poking for tasks ['ingest_to_bronze'] in dag air_quality_ingestion on 2026-08-09T10:05:00+00:00 ... 
[2026-08-10T02:26:43.489+0000] {external_task.py:244} INFO - Poking for tasks ['ingest_to_bronze'] in dag air_quality_ingestion on 2026-08-09T10:05:00+00:00 ... 
[2026-08-10T02:27:13.500+0000] {external_task.py:244} INFO - Poking for tasks ['ingest_to_bronze'] in dag air_quality_ingestion on 2026-08-09T10:05:00+00:00 ... 
[2026-08-10T02:27:43.509+0000] {external_task.py:244} INFO - Poking for tasks ['ingest_to_bronze'] in dag air_quality_ingestion on 2026-08-09T10:05:00+00:00 ... 
[2026-08-10T02:28:13.537+0000] {external_task.py:244} INFO - Poking for tasks ['ingest_to_bronze'] in dag air_quality_ingestion on 2026-08-09T10:05:00+00:00 ... 
[2026-08-10T02:28:43.548+0000] {external_task.py:244} INFO - Poking for tasks ['ingest_to_bronze'] in dag air_quality_ingestion on 2026-08-09T10:05:00+00:00 ... 
[2026-08-10T02:29:13.564+0000] {external_task.py:244} INFO - Poking for tasks ['ingest_to_bronze'] in dag air_quality_ingestion on 2026-08-09T10:05:00+00:00 ... 
[2026-08-10T02:29:43.575+0000] {external_task.py:244} INFO - Poking for tasks ['ingest_to_bronze'] in dag air_quality_ingestion on 2026-08-09T10:05:00+00:00 ... 
[2026-08-10T02:29:43.615+0000] {taskinstance.py:2698} ERROR - Task failed with exception
Traceback (most recent call last):
  File "/home/airflow/.local/lib/python3.11/site-packages/airflow/models/taskinstance.py", line 433, in _execute_task
    result = execute_callable(context=context, **execute_callable_kwargs)
             ^^^^^^^^^^^^^^^^^^^^^^^^^^^^^^^^^^^^^^^^^^^^^^^^^^^^^^^^^^^^
  File "/home/airflow/.local/lib/python3.11/site-packages/airflow/sensors/external_task.py", line 334, in execute
    super().execute(context)
  File "/home/airflow/.local/lib/python3.11/site-packages/airflow/sensors/base.py", line 282, in execute
    raise AirflowSensorTimeout(message)
airflow.exceptions.AirflowSensorTimeout: Sensor has timed out; run duration of 300.1907191000064 seconds exceeds the specified timeout of 300.0.
[2026-08-10T02:29:43.640+0000] {taskinstance.py:1138} INFO - Immediate failure requested. Marking task as FAILED. dag_id=air_quality_pipeline, task_id=wait_for_ingestion, execution_date=20260809T100500, start_date=20260810T022443, end_date=20260810T022943
[2026-08-10T02:29:43.661+0000] {standard_task_runner.py:107} ERROR - Failed to execute job 173 for task wait_for_ingestion (Sensor has timed out; run duration of 300.1907191000064 seconds exceeds the specified timeout of 300.0.; 20297)
[2026-08-10T02:29:43.708+0000] {local_task_job_runner.py:234} INFO - Task exited with return code 1
[2026-08-10T02:29:43.749+0000] {taskinstance.py:3280} INFO - 0 downstream tasks scheduled from follow-on schedule check
