[2026-09-07T03:00:00.855+0000] {taskinstance.py:1956} INFO - Dependencies all met for dep_context=non-requeueable deps ti=<TaskInstance: air_quality_ingestion.ingest_to_bronze scheduled__2026-09-07T02:00:00+00:00 [queued]>
[2026-09-07T03:00:00.861+0000] {taskinstance.py:1956} INFO - Dependencies all met for dep_context=requeueable deps ti=<TaskInstance: air_quality_ingestion.ingest_to_bronze scheduled__2026-09-07T02:00:00+00:00 [queued]>
[2026-09-07T03:00:00.862+0000] {taskinstance.py:2170} INFO - Starting attempt 1 of 4
[2026-09-07T03:00:00.872+0000] {taskinstance.py:2191} INFO - Executing <Task(PythonOperator): ingest_to_bronze> on 2026-09-07 02:00:00+00:00
[2026-09-07T03:00:00.876+0000] {standard_task_runner.py:60} INFO - Started process 91849 to run task
[2026-09-07T03:00:00.878+0000] {standard_task_runner.py:87} INFO - Running: ['***', 'tasks', 'run', 'air_quality_ingestion', 'ingest_to_bronze', 'scheduled__2026-09-07T02:00:00+00:00', '--job-id', '685', '--raw', '--subdir', 'DAGS_FOLDER/ingestion_dag.py', '--cfg-path', '/tmp/tmpwfrhd1n8']
[2026-09-07T03:00:00.880+0000] {standard_task_runner.py:88} INFO - Job 685: Subtask ingest_to_bronze
[2026-09-07T03:00:00.942+0000] {task_command.py:423} INFO - Running <TaskInstance: air_quality_ingestion.ingest_to_bronze scheduled__2026-09-07T02:00:00+00:00 [running]> on host 6a0525c4c718
[2026-09-07T03:00:01.011+0000] {taskinstance.py:2480} INFO - Exporting env vars: AIRFLOW_CTX_DAG_OWNER='***' AIRFLOW_CTX_DAG_ID='air_quality_ingestion' AIRFLOW_CTX_TASK_ID='ingest_to_bronze' AIRFLOW_CTX_EXECUTION_DATE='2026-09-07T02:00:00+00:00' AIRFLOW_CTX_TRY_NUMBER='1' AIRFLOW_CTX_DAG_RUN_ID='scheduled__2026-09-07T02:00:00+00:00'
[2026-09-07T03:00:01.087+0000] {logging_mixin.py:188} INFO - Created bucket: bronze-air-quality
[2026-09-07T03:00:01.092+0000] {logging_mixin.py:188} INFO - Created bucket: silver-air-quality
[2026-09-07T03:00:01.098+0000] {logging_mixin.py:188} INFO - Created bucket: gold-air-quality
[2026-09-07T03:00:02.013+0000] {logging_mixin.py:188} INFO - ✓ new york: AQI=53
[2026-09-07T03:00:02.748+0000] {logging_mixin.py:188} INFO - ✓ london: AQI=53
[2026-09-07T03:00:03.580+0000] {logging_mixin.py:188} INFO - ✓ beijing: AQI=107
[2026-09-07T03:00:04.408+0000] {logging_mixin.py:188} INFO - ✓ delhi: AQI=85
[2026-09-07T03:00:05.364+0000] {logging_mixin.py:188} INFO - ✓ sydney: AQI=27
[2026-09-07T03:00:05.376+0000] {logging_mixin.py:188} INFO - Saved → s3://bronze-air-quality/year=2026/month=09/day=07/city=new_york/030001.json
[2026-09-07T03:00:05.382+0000] {logging_mixin.py:188} INFO - Saved → s3://bronze-air-quality/year=2026/month=09/day=07/city=london/030001.json
[2026-09-07T03:00:05.391+0000] {logging_mixin.py:188} INFO - Saved → s3://bronze-air-quality/year=2026/month=09/day=07/city=beijing/030001.json
[2026-09-07T03:00:05.397+0000] {logging_mixin.py:188} INFO - Saved → s3://bronze-air-quality/year=2026/month=09/day=07/city=delhi/030001.json
[2026-09-07T03:00:05.404+0000] {logging_mixin.py:188} INFO - Saved → s3://bronze-air-quality/year=2026/month=09/day=07/city=sydney/030001.json
[2026-09-07T03:00:05.405+0000] {logging_mixin.py:188} INFO - 
Total records ingested: 5
[2026-09-07T03:00:05.406+0000] {python.py:201} INFO - Done. Returned value was: None
[2026-09-07T03:00:05.414+0000] {taskinstance.py:1138} INFO - Marking task as SUCCESS. dag_id=air_quality_ingestion, task_id=ingest_to_bronze, execution_date=20260907T020000, start_date=20260907T030000, end_date=20260907T030005
[2026-09-07T03:00:05.446+0000] {local_task_job_runner.py:234} INFO - Task exited with return code 0
[2026-09-07T03:00:05.459+0000] {taskinstance.py:3280} INFO - 0 downstream tasks scheduled from follow-on schedule check
