[2026-09-03T15:00:01.456+0000] {taskinstance.py:1956} INFO - Dependencies all met for dep_context=non-requeueable deps ti=<TaskInstance: air_quality_ingestion.ingest_to_bronze scheduled__2026-09-03T14:00:00+00:00 [queued]>
[2026-09-03T15:00:01.463+0000] {taskinstance.py:1956} INFO - Dependencies all met for dep_context=requeueable deps ti=<TaskInstance: air_quality_ingestion.ingest_to_bronze scheduled__2026-09-03T14:00:00+00:00 [queued]>
[2026-09-03T15:00:01.464+0000] {taskinstance.py:2170} INFO - Starting attempt 1 of 4
[2026-09-03T15:00:01.476+0000] {taskinstance.py:2191} INFO - Executing <Task(PythonOperator): ingest_to_bronze> on 2026-09-03 14:00:00+00:00
[2026-09-03T15:00:01.480+0000] {standard_task_runner.py:60} INFO - Started process 46876 to run task
[2026-09-03T15:00:01.483+0000] {standard_task_runner.py:87} INFO - Running: ['***', 'tasks', 'run', 'air_quality_ingestion', 'ingest_to_bronze', 'scheduled__2026-09-03T14:00:00+00:00', '--job-id', '577', '--raw', '--subdir', 'DAGS_FOLDER/ingestion_dag.py', '--cfg-path', '/tmp/tmp0u9jsszd']
[2026-09-03T15:00:01.486+0000] {standard_task_runner.py:88} INFO - Job 577: Subtask ingest_to_bronze
[2026-09-03T15:00:01.547+0000] {task_command.py:423} INFO - Running <TaskInstance: air_quality_ingestion.ingest_to_bronze scheduled__2026-09-03T14:00:00+00:00 [running]> on host 6a0525c4c718
[2026-09-03T15:00:01.614+0000] {taskinstance.py:2480} INFO - Exporting env vars: AIRFLOW_CTX_DAG_OWNER='***' AIRFLOW_CTX_DAG_ID='air_quality_ingestion' AIRFLOW_CTX_TASK_ID='ingest_to_bronze' AIRFLOW_CTX_EXECUTION_DATE='2026-09-03T14:00:00+00:00' AIRFLOW_CTX_TRY_NUMBER='1' AIRFLOW_CTX_DAG_RUN_ID='scheduled__2026-09-03T14:00:00+00:00'
[2026-09-03T15:00:01.722+0000] {logging_mixin.py:188} INFO - Created bucket: bronze-air-quality
[2026-09-03T15:00:01.727+0000] {logging_mixin.py:188} INFO - Created bucket: silver-air-quality
[2026-09-03T15:00:01.732+0000] {logging_mixin.py:188} INFO - Created bucket: gold-air-quality
[2026-09-03T15:00:03.550+0000] {logging_mixin.py:188} INFO - ✓ new york: AQI=32
[2026-09-03T15:00:04.586+0000] {logging_mixin.py:188} INFO - ✓ london: AQI=17
[2026-09-03T15:00:05.551+0000] {logging_mixin.py:188} INFO - ✓ beijing: AQI=68
[2026-09-03T15:00:06.501+0000] {logging_mixin.py:188} INFO - ✓ delhi: AQI=51
[2026-09-03T15:00:07.327+0000] {logging_mixin.py:188} INFO - ✓ sydney: AQI=48
[2026-09-03T15:00:07.350+0000] {logging_mixin.py:188} INFO - Saved → s3://bronze-air-quality/year=2026/month=09/day=03/city=new_york/150001.json
[2026-09-03T15:00:07.359+0000] {logging_mixin.py:188} INFO - Saved → s3://bronze-air-quality/year=2026/month=09/day=03/city=london/150001.json
[2026-09-03T15:00:07.367+0000] {logging_mixin.py:188} INFO - Saved → s3://bronze-air-quality/year=2026/month=09/day=03/city=beijing/150001.json
[2026-09-03T15:00:07.374+0000] {logging_mixin.py:188} INFO - Saved → s3://bronze-air-quality/year=2026/month=09/day=03/city=delhi/150001.json
[2026-09-03T15:00:07.381+0000] {logging_mixin.py:188} INFO - Saved → s3://bronze-air-quality/year=2026/month=09/day=03/city=sydney/150001.json
[2026-09-03T15:00:07.382+0000] {logging_mixin.py:188} INFO - 
Total records ingested: 5
[2026-09-03T15:00:07.382+0000] {python.py:201} INFO - Done. Returned value was: None
[2026-09-03T15:00:07.392+0000] {taskinstance.py:1138} INFO - Marking task as SUCCESS. dag_id=air_quality_ingestion, task_id=ingest_to_bronze, execution_date=20260903T140000, start_date=20260903T150001, end_date=20260903T150007
[2026-09-03T15:00:07.446+0000] {local_task_job_runner.py:234} INFO - Task exited with return code 0
[2026-09-03T15:00:07.466+0000] {taskinstance.py:3280} INFO - 0 downstream tasks scheduled from follow-on schedule check
