[2026-08-12T01:44:39.356+0000] {taskinstance.py:1956} INFO - Dependencies all met for dep_context=non-requeueable deps ti=<TaskInstance: air_quality_pipeline.wait_for_ingestion scheduled__2026-08-12T00:05:00+00:00 [queued]>
[2026-08-12T01:44:39.397+0000] {taskinstance.py:1956} INFO - Dependencies all met for dep_context=requeueable deps ti=<TaskInstance: air_quality_pipeline.wait_for_ingestion scheduled__2026-08-12T00:05:00+00:00 [queued]>
[2026-08-12T01:44:39.412+0000] {taskinstance.py:2170} INFO - Starting attempt 1 of 3
[2026-08-12T01:44:39.468+0000] {taskinstance.py:2191} INFO - Executing <Task(ExternalTaskSensor): wait_for_ingestion> on 2026-08-12 00:05:00+00:00
[2026-08-12T01:44:39.482+0000] {standard_task_runner.py:60} INFO - Started process 35677 to run task
[2026-08-12T01:44:39.485+0000] {standard_task_runner.py:87} INFO - Running: ['***', 'tasks', 'run', 'air_quality_pipeline', 'wait_for_ingestion', 'scheduled__2026-08-12T00:05:00+00:00', '--job-id', '235', '--raw', '--subdir', 'DAGS_FOLDER/spark_pipeline_dag.py', '--cfg-path', '/tmp/tmph9bkdlv3']
[2026-08-12T01:44:39.503+0000] {standard_task_runner.py:88} INFO - Job 235: Subtask wait_for_ingestion
[2026-08-12T01:44:40.342+0000] {task_command.py:423} INFO - Running <TaskInstance: air_quality_pipeline.wait_for_ingestion scheduled__2026-08-12T00:05:00+00:00 [running]> on host 6a0525c4c718
[2026-08-12T01:44:40.802+0000] {taskinstance.py:2480} INFO - Exporting env vars: AIRFLOW_CTX_DAG_OWNER='***' AIRFLOW_CTX_DAG_ID='air_quality_pipeline' AIRFLOW_CTX_TASK_ID='wait_for_ingestion' AIRFLOW_CTX_EXECUTION_DATE='2026-08-12T00:05:00+00:00' AIRFLOW_CTX_TRY_NUMBER='1' AIRFLOW_CTX_DAG_RUN_ID='scheduled__2026-08-12T00:05:00+00:00'
[2026-08-12T01:44:40.811+0000] {external_task.py:244} INFO - Poking for tasks ['ingest_to_bronze'] in dag air_quality_ingestion on 2026-08-12T00:05:00+00:00 ... 
[2026-08-12T01:45:10.883+0000] {external_task.py:244} INFO - Poking for tasks ['ingest_to_bronze'] in dag air_quality_ingestion on 2026-08-12T00:05:00+00:00 ... 
[2026-08-12T01:45:40.906+0000] {external_task.py:244} INFO - Poking for tasks ['ingest_to_bronze'] in dag air_quality_ingestion on 2026-08-12T00:05:00+00:00 ... 
[2026-08-12T01:46:10.926+0000] {external_task.py:244} INFO - Poking for tasks ['ingest_to_bronze'] in dag air_quality_ingestion on 2026-08-12T00:05:00+00:00 ... 
[2026-08-12T01:46:40.943+0000] {external_task.py:244} INFO - Poking for tasks ['ingest_to_bronze'] in dag air_quality_ingestion on 2026-08-12T00:05:00+00:00 ... 
[2026-08-12T01:47:10.958+0000] {external_task.py:244} INFO - Poking for tasks ['ingest_to_bronze'] in dag air_quality_ingestion on 2026-08-12T00:05:00+00:00 ... 
[2026-08-12T01:47:40.966+0000] {external_task.py:244} INFO - Poking for tasks ['ingest_to_bronze'] in dag air_quality_ingestion on 2026-08-12T00:05:00+00:00 ... 
[2026-08-12T01:48:10.976+0000] {external_task.py:244} INFO - Poking for tasks ['ingest_to_bronze'] in dag air_quality_ingestion on 2026-08-12T00:05:00+00:00 ... 
[2026-08-12T01:48:40.993+0000] {external_task.py:244} INFO - Poking for tasks ['ingest_to_bronze'] in dag air_quality_ingestion on 2026-08-12T00:05:00+00:00 ... 
[2026-08-12T01:49:11.006+0000] {external_task.py:244} INFO - Poking for tasks ['ingest_to_bronze'] in dag air_quality_ingestion on 2026-08-12T00:05:00+00:00 ... 
[2026-08-12T01:49:41.016+0000] {external_task.py:244} INFO - Poking for tasks ['ingest_to_bronze'] in dag air_quality_ingestion on 2026-08-12T00:05:00+00:00 ... 
[2026-08-12T01:49:41.038+0000] {taskinstance.py:2698} ERROR - Task failed with exception
Traceback (most recent call last):
  File "/home/airflow/.local/lib/python3.11/site-packages/airflow/models/taskinstance.py", line 433, in _execute_task
    result = execute_callable(context=context, **execute_callable_kwargs)
             ^^^^^^^^^^^^^^^^^^^^^^^^^^^^^^^^^^^^^^^^^^^^^^^^^^^^^^^^^^^^
  File "/home/airflow/.local/lib/python3.11/site-packages/airflow/sensors/external_task.py", line 334, in execute
    super().execute(context)
  File "/home/airflow/.local/lib/python3.11/site-packages/airflow/sensors/base.py", line 282, in execute
    raise AirflowSensorTimeout(message)
airflow.exceptions.AirflowSensorTimeout: Sensor has timed out; run duration of 300.2413639269944 seconds exceeds the specified timeout of 300.0.
[2026-08-12T01:49:41.052+0000] {taskinstance.py:1138} INFO - Immediate failure requested. Marking task as FAILED. dag_id=air_quality_pipeline, task_id=wait_for_ingestion, execution_date=20260812T000500, start_date=20260812T014439, end_date=20260812T014941
[2026-08-12T01:49:41.096+0000] {standard_task_runner.py:107} ERROR - Failed to execute job 235 for task wait_for_ingestion (Sensor has timed out; run duration of 300.2413639269944 seconds exceeds the specified timeout of 300.0.; 35677)
[2026-08-12T01:49:41.112+0000] {local_task_job_runner.py:234} INFO - Task exited with return code 1
[2026-08-12T01:49:41.154+0000] {taskinstance.py:3280} INFO - 0 downstream tasks scheduled from follow-on schedule check
