[2026-08-30T05:58:29.085+0000] {taskinstance.py:1956} INFO - Dependencies all met for dep_context=non-requeueable deps ti=<TaskInstance: air_quality_pipeline.wait_for_ingestion scheduled__2026-08-29T05:05:00+00:00 [queued]>
[2026-08-30T05:58:29.104+0000] {taskinstance.py:1956} INFO - Dependencies all met for dep_context=requeueable deps ti=<TaskInstance: air_quality_pipeline.wait_for_ingestion scheduled__2026-08-29T05:05:00+00:00 [queued]>
[2026-08-30T05:58:29.105+0000] {taskinstance.py:2170} INFO - Starting attempt 2 of 3
[2026-08-30T05:58:29.137+0000] {taskinstance.py:2191} INFO - Executing <Task(ExternalTaskSensor): wait_for_ingestion> on 2026-08-29 05:05:00+00:00
[2026-08-30T05:58:29.157+0000] {standard_task_runner.py:60} INFO - Started process 13938 to run task
[2026-08-30T05:58:29.162+0000] {standard_task_runner.py:87} INFO - Running: ['***', 'tasks', 'run', 'air_quality_pipeline', 'wait_for_ingestion', 'scheduled__2026-08-29T05:05:00+00:00', '--job-id', '443', '--raw', '--subdir', 'DAGS_FOLDER/spark_pipeline_dag.py', '--cfg-path', '/tmp/tmp8x8wwupc']
[2026-08-30T05:58:29.168+0000] {standard_task_runner.py:88} INFO - Job 443: Subtask wait_for_ingestion
[2026-08-30T05:58:29.344+0000] {task_command.py:423} INFO - Running <TaskInstance: air_quality_pipeline.wait_for_ingestion scheduled__2026-08-29T05:05:00+00:00 [running]> on host 6a0525c4c718
[2026-08-30T05:58:29.538+0000] {taskinstance.py:2480} INFO - Exporting env vars: AIRFLOW_CTX_DAG_OWNER='***' AIRFLOW_CTX_DAG_ID='air_quality_pipeline' AIRFLOW_CTX_TASK_ID='wait_for_ingestion' AIRFLOW_CTX_EXECUTION_DATE='2026-08-29T05:05:00+00:00' AIRFLOW_CTX_TRY_NUMBER='2' AIRFLOW_CTX_DAG_RUN_ID='scheduled__2026-08-29T05:05:00+00:00'
[2026-08-30T05:58:29.541+0000] {external_task.py:244} INFO - Poking for tasks ['ingest_to_bronze'] in dag air_quality_ingestion on 2026-08-29T05:05:00+00:00 ... 
[2026-08-30T05:58:59.564+0000] {external_task.py:244} INFO - Poking for tasks ['ingest_to_bronze'] in dag air_quality_ingestion on 2026-08-29T05:05:00+00:00 ... 
[2026-08-30T05:59:29.573+0000] {external_task.py:244} INFO - Poking for tasks ['ingest_to_bronze'] in dag air_quality_ingestion on 2026-08-29T05:05:00+00:00 ... 
[2026-08-30T05:59:59.587+0000] {external_task.py:244} INFO - Poking for tasks ['ingest_to_bronze'] in dag air_quality_ingestion on 2026-08-29T05:05:00+00:00 ... 
[2026-08-30T06:00:29.593+0000] {external_task.py:244} INFO - Poking for tasks ['ingest_to_bronze'] in dag air_quality_ingestion on 2026-08-29T05:05:00+00:00 ... 
[2026-08-30T06:00:59.609+0000] {external_task.py:244} INFO - Poking for tasks ['ingest_to_bronze'] in dag air_quality_ingestion on 2026-08-29T05:05:00+00:00 ... 
[2026-08-30T06:01:29.625+0000] {external_task.py:244} INFO - Poking for tasks ['ingest_to_bronze'] in dag air_quality_ingestion on 2026-08-29T05:05:00+00:00 ... 
[2026-08-30T06:02:00.656+0000] {external_task.py:244} INFO - Poking for tasks ['ingest_to_bronze'] in dag air_quality_ingestion on 2026-08-29T05:05:00+00:00 ... 
[2026-08-30T06:02:30.675+0000] {external_task.py:244} INFO - Poking for tasks ['ingest_to_bronze'] in dag air_quality_ingestion on 2026-08-29T05:05:00+00:00 ... 
[2026-08-30T12:59:51.819+0000] {external_task.py:244} INFO - Poking for tasks ['ingest_to_bronze'] in dag air_quality_ingestion on 2026-08-29T05:05:00+00:00 ... 
[2026-08-30T15:31:50.400+0000] {local_task_job_runner.py:302} WARNING - State of this instance has been externally set to up_for_retry. Terminating instance.
[2026-08-30T15:31:50.462+0000] {process_utils.py:131} INFO - Sending 15 to group 13938. PIDs of all processes in the group: [13938]
[2026-08-30T15:31:50.466+0000] {process_utils.py:86} INFO - Sending the signal 15 to group 13938
[2026-08-30T15:31:50.497+0000] {taskinstance.py:2450} ERROR - Received SIGTERM. Terminating subprocesses.
[2026-08-30T15:31:51.076+0000] {taskinstance.py:2698} ERROR - Task failed with exception
Traceback (most recent call last):
  File "/home/airflow/.local/lib/python3.11/site-packages/airflow/models/taskinstance.py", line 433, in _execute_task
    result = execute_callable(context=context, **execute_callable_kwargs)
             ^^^^^^^^^^^^^^^^^^^^^^^^^^^^^^^^^^^^^^^^^^^^^^^^^^^^^^^^^^^^
  File "/home/airflow/.local/lib/python3.11/site-packages/airflow/sensors/external_task.py", line 334, in execute
    super().execute(context)
  File "/home/airflow/.local/lib/python3.11/site-packages/airflow/sensors/base.py", line 293, in execute
    time.sleep(self._get_next_poke_interval(started_at, run_duration, try_number))
  File "/home/airflow/.local/lib/python3.11/site-packages/airflow/models/taskinstance.py", line 2452, in signal_handler
    raise AirflowException("Task received SIGTERM signal")
airflow.exceptions.AirflowException: Task received SIGTERM signal
[2026-08-30T15:31:51.512+0000] {taskinstance.py:1138} INFO - Marking task as FAILED. dag_id=air_quality_pipeline, task_id=wait_for_ingestion, execution_date=20260829T050500, start_date=20260830T055829, end_date=20260830T153151
[2026-08-30T15:31:51.916+0000] {standard_task_runner.py:107} ERROR - Failed to execute job 443 for task wait_for_ingestion (Task received SIGTERM signal; 13938)
[2026-08-30T15:31:52.022+0000] {process_utils.py:79} INFO - Process psutil.Process(pid=13938, status='terminated', exitcode=1, started='05:58:28') (13938) terminated with exit code 1
