[2026-09-02T04:05:01.012+0000] {taskinstance.py:1956} INFO - Dependencies all met for dep_context=non-requeueable deps ti=<TaskInstance: air_quality_pipeline.wait_for_ingestion scheduled__2026-09-02T03:05:00+00:00 [queued]>
[2026-09-02T04:05:01.019+0000] {taskinstance.py:1956} INFO - Dependencies all met for dep_context=requeueable deps ti=<TaskInstance: air_quality_pipeline.wait_for_ingestion scheduled__2026-09-02T03:05:00+00:00 [queued]>
[2026-09-02T04:05:01.020+0000] {taskinstance.py:2170} INFO - Starting attempt 1 of 3
[2026-09-02T04:05:01.030+0000] {taskinstance.py:2191} INFO - Executing <Task(ExternalTaskSensor): wait_for_ingestion> on 2026-09-02 03:05:00+00:00
[2026-09-02T04:05:01.034+0000] {standard_task_runner.py:60} INFO - Started process 38999 to run task
[2026-09-02T04:05:01.037+0000] {standard_task_runner.py:87} INFO - Running: ['***', 'tasks', 'run', 'air_quality_pipeline', 'wait_for_ingestion', 'scheduled__2026-09-02T03:05:00+00:00', '--job-id', '544', '--raw', '--subdir', 'DAGS_FOLDER/spark_pipeline_dag.py', '--cfg-path', '/tmp/tmppeicsir_']
[2026-09-02T04:05:01.040+0000] {standard_task_runner.py:88} INFO - Job 544: Subtask wait_for_ingestion
[2026-09-02T04:05:01.107+0000] {task_command.py:423} INFO - Running <TaskInstance: air_quality_pipeline.wait_for_ingestion scheduled__2026-09-02T03:05:00+00:00 [running]> on host 6a0525c4c718
[2026-09-02T04:05:01.172+0000] {taskinstance.py:2480} INFO - Exporting env vars: AIRFLOW_CTX_DAG_OWNER='***' AIRFLOW_CTX_DAG_ID='air_quality_pipeline' AIRFLOW_CTX_TASK_ID='wait_for_ingestion' AIRFLOW_CTX_EXECUTION_DATE='2026-09-02T03:05:00+00:00' AIRFLOW_CTX_TRY_NUMBER='1' AIRFLOW_CTX_DAG_RUN_ID='scheduled__2026-09-02T03:05:00+00:00'
[2026-09-02T04:05:01.173+0000] {external_task.py:244} INFO - Poking for tasks ['ingest_to_bronze'] in dag air_quality_ingestion on 2026-09-02T03:05:00+00:00 ... 
[2026-09-02T04:05:31.180+0000] {external_task.py:244} INFO - Poking for tasks ['ingest_to_bronze'] in dag air_quality_ingestion on 2026-09-02T03:05:00+00:00 ... 
[2026-09-02T04:06:01.179+0000] {external_task.py:244} INFO - Poking for tasks ['ingest_to_bronze'] in dag air_quality_ingestion on 2026-09-02T03:05:00+00:00 ... 
[2026-09-02T04:06:31.190+0000] {external_task.py:244} INFO - Poking for tasks ['ingest_to_bronze'] in dag air_quality_ingestion on 2026-09-02T03:05:00+00:00 ... 
[2026-09-02T04:07:01.200+0000] {external_task.py:244} INFO - Poking for tasks ['ingest_to_bronze'] in dag air_quality_ingestion on 2026-09-02T03:05:00+00:00 ... 
[2026-09-02T04:07:31.213+0000] {external_task.py:244} INFO - Poking for tasks ['ingest_to_bronze'] in dag air_quality_ingestion on 2026-09-02T03:05:00+00:00 ... 
[2026-09-02T04:08:01.225+0000] {external_task.py:244} INFO - Poking for tasks ['ingest_to_bronze'] in dag air_quality_ingestion on 2026-09-02T03:05:00+00:00 ... 
[2026-09-02T04:08:31.234+0000] {external_task.py:244} INFO - Poking for tasks ['ingest_to_bronze'] in dag air_quality_ingestion on 2026-09-02T03:05:00+00:00 ... 
[2026-09-02T04:09:01.247+0000] {external_task.py:244} INFO - Poking for tasks ['ingest_to_bronze'] in dag air_quality_ingestion on 2026-09-02T03:05:00+00:00 ... 
[2026-09-02T04:09:31.253+0000] {external_task.py:244} INFO - Poking for tasks ['ingest_to_bronze'] in dag air_quality_ingestion on 2026-09-02T03:05:00+00:00 ... 
[2026-09-02T04:10:01.266+0000] {external_task.py:244} INFO - Poking for tasks ['ingest_to_bronze'] in dag air_quality_ingestion on 2026-09-02T03:05:00+00:00 ... 
[2026-09-02T04:10:01.275+0000] {taskinstance.py:2698} ERROR - Task failed with exception
Traceback (most recent call last):
  File "/home/airflow/.local/lib/python3.11/site-packages/airflow/models/taskinstance.py", line 433, in _execute_task
    result = execute_callable(context=context, **execute_callable_kwargs)
             ^^^^^^^^^^^^^^^^^^^^^^^^^^^^^^^^^^^^^^^^^^^^^^^^^^^^^^^^^^^^
  File "/home/airflow/.local/lib/python3.11/site-packages/airflow/sensors/external_task.py", line 334, in execute
    super().execute(context)
  File "/home/airflow/.local/lib/python3.11/site-packages/airflow/sensors/base.py", line 282, in execute
    raise AirflowSensorTimeout(message)
airflow.exceptions.AirflowSensorTimeout: Sensor has timed out; run duration of 300.15377725401777 seconds exceeds the specified timeout of 300.0.
[2026-09-02T04:10:01.285+0000] {taskinstance.py:1138} INFO - Immediate failure requested. Marking task as FAILED. dag_id=air_quality_pipeline, task_id=wait_for_ingestion, execution_date=20260902T030500, start_date=20260902T040501, end_date=20260902T041001
[2026-09-02T04:10:01.298+0000] {standard_task_runner.py:107} ERROR - Failed to execute job 544 for task wait_for_ingestion (Sensor has timed out; run duration of 300.15377725401777 seconds exceeds the specified timeout of 300.0.; 38999)
[2026-09-02T04:10:01.326+0000] {local_task_job_runner.py:234} INFO - Task exited with return code 1
[2026-09-02T04:10:01.348+0000] {taskinstance.py:3280} INFO - 0 downstream tasks scheduled from follow-on schedule check
