[2026-09-06T23:00:00.637+0000] {taskinstance.py:1956} INFO - Dependencies all met for dep_context=non-requeueable deps ti=<TaskInstance: air_quality_ingestion.ingest_to_bronze scheduled__2026-09-06T22:00:00+00:00 [queued]>
[2026-09-06T23:00:00.654+0000] {taskinstance.py:1956} INFO - Dependencies all met for dep_context=requeueable deps ti=<TaskInstance: air_quality_ingestion.ingest_to_bronze scheduled__2026-09-06T22:00:00+00:00 [queued]>
[2026-09-06T23:00:00.660+0000] {taskinstance.py:2170} INFO - Starting attempt 1 of 4
[2026-09-06T23:00:00.678+0000] {taskinstance.py:2191} INFO - Executing <Task(PythonOperator): ingest_to_bronze> on 2026-09-06 22:00:00+00:00
[2026-09-06T23:00:00.686+0000] {standard_task_runner.py:60} INFO - Started process 87113 to run task
[2026-09-06T23:00:00.689+0000] {standard_task_runner.py:87} INFO - Running: ['***', 'tasks', 'run', 'air_quality_ingestion', 'ingest_to_bronze', 'scheduled__2026-09-06T22:00:00+00:00', '--job-id', '677', '--raw', '--subdir', 'DAGS_FOLDER/ingestion_dag.py', '--cfg-path', '/tmp/tmp77eowybl']
[2026-09-06T23:00:00.702+0000] {standard_task_runner.py:88} INFO - Job 677: Subtask ingest_to_bronze
[2026-09-06T23:00:00.776+0000] {task_command.py:423} INFO - Running <TaskInstance: air_quality_ingestion.ingest_to_bronze scheduled__2026-09-06T22:00:00+00:00 [running]> on host 6a0525c4c718
[2026-09-06T23:00:00.854+0000] {taskinstance.py:2480} INFO - Exporting env vars: AIRFLOW_CTX_DAG_OWNER='***' AIRFLOW_CTX_DAG_ID='air_quality_ingestion' AIRFLOW_CTX_TASK_ID='ingest_to_bronze' AIRFLOW_CTX_EXECUTION_DATE='2026-09-06T22:00:00+00:00' AIRFLOW_CTX_TRY_NUMBER='1' AIRFLOW_CTX_DAG_RUN_ID='scheduled__2026-09-06T22:00:00+00:00'
[2026-09-06T23:00:00.927+0000] {logging_mixin.py:188} INFO - Created bucket: bronze-air-quality
[2026-09-06T23:00:00.933+0000] {logging_mixin.py:188} INFO - Created bucket: silver-air-quality
[2026-09-06T23:00:00.938+0000] {logging_mixin.py:188} INFO - Created bucket: gold-air-quality
[2026-09-06T23:00:01.850+0000] {logging_mixin.py:188} INFO - ✓ new york: AQI=18
[2026-09-06T23:00:02.915+0000] {logging_mixin.py:188} INFO - ✓ london: AQI=34
[2026-09-06T23:00:03.975+0000] {logging_mixin.py:188} INFO - ✓ beijing: AQI=93
[2026-09-06T23:00:04.681+0000] {logging_mixin.py:188} INFO - ✓ delhi: AQI=72
[2026-09-06T23:00:05.482+0000] {logging_mixin.py:188} INFO - ✓ sydney: AQI=13
[2026-09-06T23:00:05.491+0000] {logging_mixin.py:188} INFO - Saved → s3://bronze-air-quality/year=2026/month=09/day=06/city=new_york/230000.json
[2026-09-06T23:00:05.500+0000] {logging_mixin.py:188} INFO - Saved → s3://bronze-air-quality/year=2026/month=09/day=06/city=london/230000.json
[2026-09-06T23:00:05.507+0000] {logging_mixin.py:188} INFO - Saved → s3://bronze-air-quality/year=2026/month=09/day=06/city=beijing/230000.json
[2026-09-06T23:00:05.513+0000] {logging_mixin.py:188} INFO - Saved → s3://bronze-air-quality/year=2026/month=09/day=06/city=delhi/230000.json
[2026-09-06T23:00:05.519+0000] {logging_mixin.py:188} INFO - Saved → s3://bronze-air-quality/year=2026/month=09/day=06/city=sydney/230000.json
[2026-09-06T23:00:05.520+0000] {logging_mixin.py:188} INFO - 
Total records ingested: 5
[2026-09-06T23:00:05.520+0000] {python.py:201} INFO - Done. Returned value was: None
[2026-09-06T23:00:05.529+0000] {taskinstance.py:1138} INFO - Marking task as SUCCESS. dag_id=air_quality_ingestion, task_id=ingest_to_bronze, execution_date=20260906T220000, start_date=20260906T230000, end_date=20260906T230005
[2026-09-06T23:00:05.546+0000] {local_task_job_runner.py:234} INFO - Task exited with return code 0
[2026-09-06T23:00:05.565+0000] {taskinstance.py:3280} INFO - 0 downstream tasks scheduled from follow-on schedule check
