[2026-08-27T23:00:01.120+0000] {taskinstance.py:1956} INFO - Dependencies all met for dep_context=non-requeueable deps ti=<TaskInstance: air_quality_ingestion.ingest_to_bronze scheduled__2026-08-27T22:00:00+00:00 [queued]>
[2026-08-27T23:00:01.129+0000] {taskinstance.py:1956} INFO - Dependencies all met for dep_context=requeueable deps ti=<TaskInstance: air_quality_ingestion.ingest_to_bronze scheduled__2026-08-27T22:00:00+00:00 [queued]>
[2026-08-27T23:00:01.130+0000] {taskinstance.py:2170} INFO - Starting attempt 1 of 4
[2026-08-27T23:00:01.146+0000] {taskinstance.py:2191} INFO - Executing <Task(PythonOperator): ingest_to_bronze> on 2026-08-27 22:00:00+00:00
[2026-08-27T23:00:01.153+0000] {standard_task_runner.py:60} INFO - Started process 11459 to run task
[2026-08-27T23:00:01.155+0000] {standard_task_runner.py:87} INFO - Running: ['***', 'tasks', 'run', 'air_quality_ingestion', 'ingest_to_bronze', 'scheduled__2026-08-27T22:00:00+00:00', '--job-id', '413', '--raw', '--subdir', 'DAGS_FOLDER/ingestion_dag.py', '--cfg-path', '/tmp/tmpmmj79ohc']
[2026-08-27T23:00:01.159+0000] {standard_task_runner.py:88} INFO - Job 413: Subtask ingest_to_bronze
[2026-08-27T23:00:01.238+0000] {task_command.py:423} INFO - Running <TaskInstance: air_quality_ingestion.ingest_to_bronze scheduled__2026-08-27T22:00:00+00:00 [running]> on host 6a0525c4c718
[2026-08-27T23:00:01.326+0000] {taskinstance.py:2480} INFO - Exporting env vars: AIRFLOW_CTX_DAG_OWNER='***' AIRFLOW_CTX_DAG_ID='air_quality_ingestion' AIRFLOW_CTX_TASK_ID='ingest_to_bronze' AIRFLOW_CTX_EXECUTION_DATE='2026-08-27T22:00:00+00:00' AIRFLOW_CTX_TRY_NUMBER='1' AIRFLOW_CTX_DAG_RUN_ID='scheduled__2026-08-27T22:00:00+00:00'
[2026-08-27T23:00:01.465+0000] {logging_mixin.py:188} INFO - Created bucket: bronze-air-quality
[2026-08-27T23:00:01.473+0000] {logging_mixin.py:188} INFO - Created bucket: silver-air-quality
[2026-08-27T23:00:01.483+0000] {logging_mixin.py:188} INFO - Created bucket: gold-air-quality
[2026-08-27T23:00:02.688+0000] {logging_mixin.py:188} INFO - ✓ new york: AQI=38
[2026-08-27T23:00:03.703+0000] {logging_mixin.py:188} INFO - ✓ london: AQI=57
[2026-08-27T23:00:04.828+0000] {logging_mixin.py:188} INFO - ✓ beijing: AQI=35
[2026-08-27T23:00:05.975+0000] {logging_mixin.py:188} INFO - ✓ delhi: AQI=102
[2026-08-27T23:00:07.260+0000] {logging_mixin.py:188} INFO - ✓ sydney: AQI=45
[2026-08-27T23:00:07.284+0000] {logging_mixin.py:188} INFO - Saved → s3://bronze-air-quality/year=2026/month=08/day=27/city=new_york/230001.json
[2026-08-27T23:00:07.295+0000] {logging_mixin.py:188} INFO - Saved → s3://bronze-air-quality/year=2026/month=08/day=27/city=london/230001.json
[2026-08-27T23:00:07.305+0000] {logging_mixin.py:188} INFO - Saved → s3://bronze-air-quality/year=2026/month=08/day=27/city=beijing/230001.json
[2026-08-27T23:00:07.317+0000] {logging_mixin.py:188} INFO - Saved → s3://bronze-air-quality/year=2026/month=08/day=27/city=delhi/230001.json
[2026-08-27T23:00:07.330+0000] {logging_mixin.py:188} INFO - Saved → s3://bronze-air-quality/year=2026/month=08/day=27/city=sydney/230001.json
[2026-08-27T23:00:07.331+0000] {logging_mixin.py:188} INFO - 
Total records ingested: 5
[2026-08-27T23:00:07.332+0000] {python.py:201} INFO - Done. Returned value was: None
[2026-08-27T23:00:07.348+0000] {taskinstance.py:1138} INFO - Marking task as SUCCESS. dag_id=air_quality_ingestion, task_id=ingest_to_bronze, execution_date=20260827T220000, start_date=20260827T230001, end_date=20260827T230007
[2026-08-27T23:00:07.373+0000] {local_task_job_runner.py:234} INFO - Task exited with return code 0
[2026-08-27T23:00:07.389+0000] {taskinstance.py:3280} INFO - 0 downstream tasks scheduled from follow-on schedule check
