[2026-09-04T09:51:40.891+0000] {taskinstance.py:1956} INFO - Dependencies all met for dep_context=non-requeueable deps ti=<TaskInstance: air_quality_ingestion.ingest_to_bronze scheduled__2026-09-04T08:00:00+00:00 [queued]>
[2026-09-04T09:51:40.931+0000] {taskinstance.py:1956} INFO - Dependencies all met for dep_context=requeueable deps ti=<TaskInstance: air_quality_ingestion.ingest_to_bronze scheduled__2026-09-04T08:00:00+00:00 [queued]>
[2026-09-04T09:51:40.933+0000] {taskinstance.py:2170} INFO - Starting attempt 1 of 4
[2026-09-04T09:51:41.011+0000] {taskinstance.py:2191} INFO - Executing <Task(PythonOperator): ingest_to_bronze> on 2026-09-04 08:00:00+00:00
[2026-09-04T09:51:41.027+0000] {standard_task_runner.py:60} INFO - Started process 54124 to run task
[2026-09-04T09:51:41.037+0000] {standard_task_runner.py:87} INFO - Running: ['***', 'tasks', 'run', 'air_quality_ingestion', 'ingest_to_bronze', 'scheduled__2026-09-04T08:00:00+00:00', '--job-id', '601', '--raw', '--subdir', 'DAGS_FOLDER/ingestion_dag.py', '--cfg-path', '/tmp/tmpa9no_hw1']
[2026-09-04T09:51:41.052+0000] {standard_task_runner.py:88} INFO - Job 601: Subtask ingest_to_bronze
[2026-09-04T09:51:41.306+0000] {task_command.py:423} INFO - Running <TaskInstance: air_quality_ingestion.ingest_to_bronze scheduled__2026-09-04T08:00:00+00:00 [running]> on host 6a0525c4c718
[2026-09-04T09:51:41.737+0000] {taskinstance.py:2480} INFO - Exporting env vars: AIRFLOW_CTX_DAG_OWNER='***' AIRFLOW_CTX_DAG_ID='air_quality_ingestion' AIRFLOW_CTX_TASK_ID='ingest_to_bronze' AIRFLOW_CTX_EXECUTION_DATE='2026-09-04T08:00:00+00:00' AIRFLOW_CTX_TRY_NUMBER='1' AIRFLOW_CTX_DAG_RUN_ID='scheduled__2026-09-04T08:00:00+00:00'
[2026-09-04T09:51:42.192+0000] {logging_mixin.py:188} INFO - Created bucket: bronze-air-quality
[2026-09-04T09:51:42.208+0000] {logging_mixin.py:188} INFO - Created bucket: silver-air-quality
[2026-09-04T09:51:42.235+0000] {logging_mixin.py:188} INFO - Created bucket: gold-air-quality
[2026-09-04T09:51:42.324+0000] {logging_mixin.py:188} INFO - ✗ new york: HTTPSConnectionPool(host='api.waqi.info', port=443): Max retries exceeded with url: /feed/new%20york/?token=2cc5f2fc84f739a6377a29001c83fd1911c54797 (Caused by NewConnectionError('<urllib3.connection.HTTPSConnection object at 0x70c3bd32c6d0>: Failed to establish a new connection: [Errno 111] Connection refused'))
[2026-09-04T09:51:42.342+0000] {logging_mixin.py:188} INFO - ✗ london: HTTPSConnectionPool(host='api.waqi.info', port=443): Max retries exceeded with url: /feed/london/?token=2cc5f2fc84f739a6377a29001c83fd1911c54797 (Caused by NewConnectionError('<urllib3.connection.HTTPSConnection object at 0x70c3bd32e3d0>: Failed to establish a new connection: [Errno 111] Connection refused'))
[2026-09-04T09:51:42.357+0000] {logging_mixin.py:188} INFO - ✗ beijing: HTTPSConnectionPool(host='api.waqi.info', port=443): Max retries exceeded with url: /feed/beijing/?token=2cc5f2fc84f739a6377a29001c83fd1911c54797 (Caused by NewConnectionError('<urllib3.connection.HTTPSConnection object at 0x70c3bd338b50>: Failed to establish a new connection: [Errno 111] Connection refused'))
[2026-09-04T09:51:42.382+0000] {logging_mixin.py:188} INFO - ✗ delhi: HTTPSConnectionPool(host='api.waqi.info', port=443): Max retries exceeded with url: /feed/delhi/?token=2cc5f2fc84f739a6377a29001c83fd1911c54797 (Caused by NewConnectionError('<urllib3.connection.HTTPSConnection object at 0x70c3bd32b150>: Failed to establish a new connection: [Errno 111] Connection refused'))
[2026-09-04T09:51:42.401+0000] {logging_mixin.py:188} INFO - ✗ sydney: HTTPSConnectionPool(host='api.waqi.info', port=443): Max retries exceeded with url: /feed/sydney/?token=2cc5f2fc84f739a6377a29001c83fd1911c54797 (Caused by NewConnectionError('<urllib3.connection.HTTPSConnection object at 0x70c3bd339e50>: Failed to establish a new connection: [Errno 111] Connection refused'))
[2026-09-04T09:51:42.403+0000] {logging_mixin.py:188} INFO - 
Total records ingested: 0
[2026-09-04T09:51:42.404+0000] {python.py:201} INFO - Done. Returned value was: None
[2026-09-04T09:51:42.439+0000] {taskinstance.py:1138} INFO - Marking task as SUCCESS. dag_id=air_quality_ingestion, task_id=ingest_to_bronze, execution_date=20260904T080000, start_date=20260904T095140, end_date=20260904T095142
[2026-09-04T09:51:42.510+0000] {local_task_job_runner.py:234} INFO - Task exited with return code 0
[2026-09-04T09:51:42.569+0000] {taskinstance.py:3280} INFO - 0 downstream tasks scheduled from follow-on schedule check
