[2026-09-04T00:29:54.195+0000] {taskinstance.py:1956} INFO - Dependencies all met for dep_context=non-requeueable deps ti=<TaskInstance: air_quality_pipeline.wait_for_ingestion scheduled__2026-09-03T23:05:00+00:00 [queued]>
[2026-09-04T00:29:54.210+0000] {taskinstance.py:1956} INFO - Dependencies all met for dep_context=requeueable deps ti=<TaskInstance: air_quality_pipeline.wait_for_ingestion scheduled__2026-09-03T23:05:00+00:00 [queued]>
[2026-09-04T00:29:54.216+0000] {taskinstance.py:2170} INFO - Starting attempt 1 of 3
[2026-09-04T00:29:54.240+0000] {taskinstance.py:2191} INFO - Executing <Task(ExternalTaskSensor): wait_for_ingestion> on 2026-09-03 23:05:00+00:00
[2026-09-04T00:29:54.266+0000] {standard_task_runner.py:60} INFO - Started process 53200 to run task
[2026-09-04T00:29:54.270+0000] {standard_task_runner.py:87} INFO - Running: ['***', 'tasks', 'run', 'air_quality_pipeline', 'wait_for_ingestion', 'scheduled__2026-09-03T23:05:00+00:00', '--job-id', '595', '--raw', '--subdir', 'DAGS_FOLDER/spark_pipeline_dag.py', '--cfg-path', '/tmp/tmpoiuccvyl']
[2026-09-04T00:29:54.282+0000] {standard_task_runner.py:88} INFO - Job 595: Subtask wait_for_ingestion
[2026-09-04T00:29:54.450+0000] {task_command.py:423} INFO - Running <TaskInstance: air_quality_pipeline.wait_for_ingestion scheduled__2026-09-03T23:05:00+00:00 [running]> on host 6a0525c4c718
[2026-09-04T00:29:54.559+0000] {taskinstance.py:2480} INFO - Exporting env vars: AIRFLOW_CTX_DAG_OWNER='***' AIRFLOW_CTX_DAG_ID='air_quality_pipeline' AIRFLOW_CTX_TASK_ID='wait_for_ingestion' AIRFLOW_CTX_EXECUTION_DATE='2026-09-03T23:05:00+00:00' AIRFLOW_CTX_TRY_NUMBER='1' AIRFLOW_CTX_DAG_RUN_ID='scheduled__2026-09-03T23:05:00+00:00'
[2026-09-04T00:29:54.561+0000] {external_task.py:244} INFO - Poking for tasks ['ingest_to_bronze'] in dag air_quality_ingestion on 2026-09-03T23:05:00+00:00 ... 
[2026-09-04T00:30:24.573+0000] {external_task.py:244} INFO - Poking for tasks ['ingest_to_bronze'] in dag air_quality_ingestion on 2026-09-03T23:05:00+00:00 ... 
[2026-09-04T00:30:54.587+0000] {external_task.py:244} INFO - Poking for tasks ['ingest_to_bronze'] in dag air_quality_ingestion on 2026-09-03T23:05:00+00:00 ... 
[2026-09-04T00:31:24.601+0000] {external_task.py:244} INFO - Poking for tasks ['ingest_to_bronze'] in dag air_quality_ingestion on 2026-09-03T23:05:00+00:00 ... 
[2026-09-04T00:31:54.611+0000] {external_task.py:244} INFO - Poking for tasks ['ingest_to_bronze'] in dag air_quality_ingestion on 2026-09-03T23:05:00+00:00 ... 
[2026-09-04T00:32:24.622+0000] {external_task.py:244} INFO - Poking for tasks ['ingest_to_bronze'] in dag air_quality_ingestion on 2026-09-03T23:05:00+00:00 ... 
[2026-09-04T00:32:54.631+0000] {external_task.py:244} INFO - Poking for tasks ['ingest_to_bronze'] in dag air_quality_ingestion on 2026-09-03T23:05:00+00:00 ... 
[2026-09-04T00:33:24.639+0000] {external_task.py:244} INFO - Poking for tasks ['ingest_to_bronze'] in dag air_quality_ingestion on 2026-09-03T23:05:00+00:00 ... 
[2026-09-04T00:33:54.649+0000] {external_task.py:244} INFO - Poking for tasks ['ingest_to_bronze'] in dag air_quality_ingestion on 2026-09-03T23:05:00+00:00 ... 
[2026-09-04T00:34:24.658+0000] {external_task.py:244} INFO - Poking for tasks ['ingest_to_bronze'] in dag air_quality_ingestion on 2026-09-03T23:05:00+00:00 ... 
[2026-09-04T00:34:54.672+0000] {external_task.py:244} INFO - Poking for tasks ['ingest_to_bronze'] in dag air_quality_ingestion on 2026-09-03T23:05:00+00:00 ... 
[2026-09-04T00:34:54.685+0000] {taskinstance.py:2698} ERROR - Task failed with exception
Traceback (most recent call last):
  File "/home/airflow/.local/lib/python3.11/site-packages/airflow/models/taskinstance.py", line 433, in _execute_task
    result = execute_callable(context=context, **execute_callable_kwargs)
             ^^^^^^^^^^^^^^^^^^^^^^^^^^^^^^^^^^^^^^^^^^^^^^^^^^^^^^^^^^^^
  File "/home/airflow/.local/lib/python3.11/site-packages/airflow/sensors/external_task.py", line 334, in execute
    super().execute(context)
  File "/home/airflow/.local/lib/python3.11/site-packages/airflow/sensors/base.py", line 282, in execute
    raise AirflowSensorTimeout(message)
airflow.exceptions.AirflowSensorTimeout: Sensor has timed out; run duration of 300.15064393001376 seconds exceeds the specified timeout of 300.0.
[2026-09-04T00:34:54.698+0000] {taskinstance.py:1138} INFO - Immediate failure requested. Marking task as FAILED. dag_id=air_quality_pipeline, task_id=wait_for_ingestion, execution_date=20260903T230500, start_date=20260904T002954, end_date=20260904T003454
[2026-09-04T00:34:54.715+0000] {standard_task_runner.py:107} ERROR - Failed to execute job 595 for task wait_for_ingestion (Sensor has timed out; run duration of 300.15064393001376 seconds exceeds the specified timeout of 300.0.; 53200)
[2026-09-04T00:34:54.762+0000] {local_task_job_runner.py:234} INFO - Task exited with return code 1
[2026-09-04T00:34:54.787+0000] {taskinstance.py:3280} INFO - 0 downstream tasks scheduled from follow-on schedule check
