[2026-08-31T13:15:48.394+0000] {taskinstance.py:1956} INFO - Dependencies all met for dep_context=non-requeueable deps ti=<TaskInstance: air_quality_pipeline.wait_for_ingestion scheduled__2026-08-31T03:05:00+00:00 [queued]>
[2026-08-31T13:15:48.458+0000] {taskinstance.py:1956} INFO - Dependencies all met for dep_context=requeueable deps ti=<TaskInstance: air_quality_pipeline.wait_for_ingestion scheduled__2026-08-31T03:05:00+00:00 [queued]>
[2026-08-31T13:15:48.469+0000] {taskinstance.py:2170} INFO - Starting attempt 1 of 3
[2026-08-31T13:15:48.587+0000] {taskinstance.py:2191} INFO - Executing <Task(ExternalTaskSensor): wait_for_ingestion> on 2026-08-31 03:05:00+00:00
[2026-08-31T13:15:48.678+0000] {standard_task_runner.py:60} INFO - Started process 23900 to run task
[2026-08-31T13:15:48.709+0000] {standard_task_runner.py:87} INFO - Running: ['***', 'tasks', 'run', 'air_quality_pipeline', 'wait_for_ingestion', 'scheduled__2026-08-31T03:05:00+00:00', '--job-id', '483', '--raw', '--subdir', 'DAGS_FOLDER/spark_pipeline_dag.py', '--cfg-path', '/tmp/tmp6qf6407e']
[2026-08-31T13:15:48.764+0000] {standard_task_runner.py:88} INFO - Job 483: Subtask wait_for_ingestion
[2026-08-31T13:15:49.213+0000] {task_command.py:423} INFO - Running <TaskInstance: air_quality_pipeline.wait_for_ingestion scheduled__2026-08-31T03:05:00+00:00 [running]> on host 6a0525c4c718
[2026-08-31T13:15:49.869+0000] {taskinstance.py:2480} INFO - Exporting env vars: AIRFLOW_CTX_DAG_OWNER='***' AIRFLOW_CTX_DAG_ID='air_quality_pipeline' AIRFLOW_CTX_TASK_ID='wait_for_ingestion' AIRFLOW_CTX_EXECUTION_DATE='2026-08-31T03:05:00+00:00' AIRFLOW_CTX_TRY_NUMBER='1' AIRFLOW_CTX_DAG_RUN_ID='scheduled__2026-08-31T03:05:00+00:00'
[2026-08-31T13:15:49.874+0000] {external_task.py:244} INFO - Poking for tasks ['ingest_to_bronze'] in dag air_quality_ingestion on 2026-08-31T03:05:00+00:00 ... 
[2026-08-31T13:16:19.922+0000] {external_task.py:244} INFO - Poking for tasks ['ingest_to_bronze'] in dag air_quality_ingestion on 2026-08-31T03:05:00+00:00 ... 
[2026-08-31T13:16:49.939+0000] {external_task.py:244} INFO - Poking for tasks ['ingest_to_bronze'] in dag air_quality_ingestion on 2026-08-31T03:05:00+00:00 ... 
[2026-08-31T13:17:19.951+0000] {external_task.py:244} INFO - Poking for tasks ['ingest_to_bronze'] in dag air_quality_ingestion on 2026-08-31T03:05:00+00:00 ... 
[2026-08-31T13:17:49.966+0000] {external_task.py:244} INFO - Poking for tasks ['ingest_to_bronze'] in dag air_quality_ingestion on 2026-08-31T03:05:00+00:00 ... 
[2026-08-31T13:18:19.975+0000] {external_task.py:244} INFO - Poking for tasks ['ingest_to_bronze'] in dag air_quality_ingestion on 2026-08-31T03:05:00+00:00 ... 
[2026-08-31T13:18:49.988+0000] {external_task.py:244} INFO - Poking for tasks ['ingest_to_bronze'] in dag air_quality_ingestion on 2026-08-31T03:05:00+00:00 ... 
[2026-08-31T13:19:20.002+0000] {external_task.py:244} INFO - Poking for tasks ['ingest_to_bronze'] in dag air_quality_ingestion on 2026-08-31T03:05:00+00:00 ... 
[2026-08-31T13:19:50.008+0000] {external_task.py:244} INFO - Poking for tasks ['ingest_to_bronze'] in dag air_quality_ingestion on 2026-08-31T03:05:00+00:00 ... 
[2026-08-31T13:20:20.022+0000] {external_task.py:244} INFO - Poking for tasks ['ingest_to_bronze'] in dag air_quality_ingestion on 2026-08-31T03:05:00+00:00 ... 
[2026-08-31T13:20:50.038+0000] {external_task.py:244} INFO - Poking for tasks ['ingest_to_bronze'] in dag air_quality_ingestion on 2026-08-31T03:05:00+00:00 ... 
[2026-08-31T13:20:50.050+0000] {taskinstance.py:2698} ERROR - Task failed with exception
Traceback (most recent call last):
  File "/home/airflow/.local/lib/python3.11/site-packages/airflow/models/taskinstance.py", line 433, in _execute_task
    result = execute_callable(context=context, **execute_callable_kwargs)
             ^^^^^^^^^^^^^^^^^^^^^^^^^^^^^^^^^^^^^^^^^^^^^^^^^^^^^^^^^^^^
  File "/home/airflow/.local/lib/python3.11/site-packages/airflow/sensors/external_task.py", line 334, in execute
    super().execute(context)
  File "/home/airflow/.local/lib/python3.11/site-packages/airflow/sensors/base.py", line 282, in execute
    raise AirflowSensorTimeout(message)
airflow.exceptions.AirflowSensorTimeout: Sensor has timed out; run duration of 300.19040867401054 seconds exceeds the specified timeout of 300.0.
[2026-08-31T13:20:50.061+0000] {taskinstance.py:1138} INFO - Immediate failure requested. Marking task as FAILED. dag_id=air_quality_pipeline, task_id=wait_for_ingestion, execution_date=20260831T030500, start_date=20260831T131548, end_date=20260831T132050
[2026-08-31T13:20:50.098+0000] {standard_task_runner.py:107} ERROR - Failed to execute job 483 for task wait_for_ingestion (Sensor has timed out; run duration of 300.19040867401054 seconds exceeds the specified timeout of 300.0.; 23900)
[2026-08-31T13:20:50.136+0000] {local_task_job_runner.py:234} INFO - Task exited with return code 1
[2026-08-31T13:20:50.163+0000] {taskinstance.py:3280} INFO - 0 downstream tasks scheduled from follow-on schedule check
