[2026-08-06T18:00:00.570+0000] {taskinstance.py:1956} INFO - Dependencies all met for dep_context=non-requeueable deps ti=<TaskInstance: air_quality_ingestion.ingest_to_bronze scheduled__2026-08-06T17:00:00+00:00 [queued]>
[2026-08-06T18:00:00.577+0000] {taskinstance.py:1956} INFO - Dependencies all met for dep_context=requeueable deps ti=<TaskInstance: air_quality_ingestion.ingest_to_bronze scheduled__2026-08-06T17:00:00+00:00 [queued]>
[2026-08-06T18:00:00.577+0000] {taskinstance.py:2170} INFO - Starting attempt 1 of 4
[2026-08-06T18:00:00.592+0000] {taskinstance.py:2191} INFO - Executing <Task(PythonOperator): ingest_to_bronze> on 2026-08-06 17:00:00+00:00
[2026-08-06T18:00:00.597+0000] {standard_task_runner.py:60} INFO - Started process 637 to run task
[2026-08-06T18:00:00.601+0000] {standard_task_runner.py:87} INFO - Running: ['***', 'tasks', 'run', 'air_quality_ingestion', 'ingest_to_bronze', 'scheduled__2026-08-06T17:00:00+00:00', '--job-id', '84', '--raw', '--subdir', 'DAGS_FOLDER/ingestion_dag.py', '--cfg-path', '/tmp/tmp8wc_fkau']
[2026-08-06T18:00:00.604+0000] {standard_task_runner.py:88} INFO - Job 84: Subtask ingest_to_bronze
[2026-08-06T18:00:00.692+0000] {task_command.py:423} INFO - Running <TaskInstance: air_quality_ingestion.ingest_to_bronze scheduled__2026-08-06T17:00:00+00:00 [running]> on host 6a0525c4c718
[2026-08-06T18:00:00.779+0000] {taskinstance.py:2480} INFO - Exporting env vars: AIRFLOW_CTX_DAG_OWNER='***' AIRFLOW_CTX_DAG_ID='air_quality_ingestion' AIRFLOW_CTX_TASK_ID='ingest_to_bronze' AIRFLOW_CTX_EXECUTION_DATE='2026-08-06T17:00:00+00:00' AIRFLOW_CTX_TRY_NUMBER='1' AIRFLOW_CTX_DAG_RUN_ID='scheduled__2026-08-06T17:00:00+00:00'
[2026-08-06T18:00:00.881+0000] {logging_mixin.py:188} INFO - Created bucket: bronze-air-quality
[2026-08-06T18:00:00.888+0000] {logging_mixin.py:188} INFO - Created bucket: silver-air-quality
[2026-08-06T18:00:00.894+0000] {logging_mixin.py:188} INFO - Created bucket: gold-air-quality
[2026-08-06T18:00:01.757+0000] {logging_mixin.py:188} INFO - ✓ new york: AQI=54
[2026-08-06T18:00:02.895+0000] {logging_mixin.py:188} INFO - ✓ london: AQI=26
[2026-08-06T18:00:03.695+0000] {logging_mixin.py:188} INFO - ✓ beijing: AQI=80
[2026-08-06T18:00:04.609+0000] {logging_mixin.py:188} INFO - ✓ delhi: AQI=87
[2026-08-06T18:00:05.492+0000] {logging_mixin.py:188} INFO - ✓ sydney: AQI=21
[2026-08-06T18:00:05.505+0000] {logging_mixin.py:188} INFO - Saved → s3://bronze-air-quality/year=2026/month=08/day=06/city=new_york/180000.json
[2026-08-06T18:00:05.514+0000] {logging_mixin.py:188} INFO - Saved → s3://bronze-air-quality/year=2026/month=08/day=06/city=london/180000.json
[2026-08-06T18:00:05.523+0000] {logging_mixin.py:188} INFO - Saved → s3://bronze-air-quality/year=2026/month=08/day=06/city=beijing/180000.json
[2026-08-06T18:00:05.532+0000] {logging_mixin.py:188} INFO - Saved → s3://bronze-air-quality/year=2026/month=08/day=06/city=delhi/180000.json
[2026-08-06T18:00:05.542+0000] {logging_mixin.py:188} INFO - Saved → s3://bronze-air-quality/year=2026/month=08/day=06/city=sydney/180000.json
[2026-08-06T18:00:05.543+0000] {logging_mixin.py:188} INFO - 
Total records ingested: 5
[2026-08-06T18:00:05.544+0000] {python.py:201} INFO - Done. Returned value was: None
[2026-08-06T18:00:05.556+0000] {taskinstance.py:1138} INFO - Marking task as SUCCESS. dag_id=air_quality_ingestion, task_id=ingest_to_bronze, execution_date=20260806T170000, start_date=20260806T180000, end_date=20260806T180005
[2026-08-06T18:00:05.628+0000] {local_task_job_runner.py:234} INFO - Task exited with return code 0
[2026-08-06T18:00:05.650+0000] {taskinstance.py:3280} INFO - 0 downstream tasks scheduled from follow-on schedule check
