[2026-08-27T21:00:02.052+0000] {taskinstance.py:1956} INFO - Dependencies all met for dep_context=non-requeueable deps ti=<TaskInstance: air_quality_ingestion.ingest_to_bronze scheduled__2026-08-27T20:00:00+00:00 [queued]>
[2026-08-27T21:00:02.059+0000] {taskinstance.py:1956} INFO - Dependencies all met for dep_context=requeueable deps ti=<TaskInstance: air_quality_ingestion.ingest_to_bronze scheduled__2026-08-27T20:00:00+00:00 [queued]>
[2026-08-27T21:00:02.060+0000] {taskinstance.py:2170} INFO - Starting attempt 1 of 4
[2026-08-27T21:00:02.072+0000] {taskinstance.py:2191} INFO - Executing <Task(PythonOperator): ingest_to_bronze> on 2026-08-27 20:00:00+00:00
[2026-08-27T21:00:02.080+0000] {standard_task_runner.py:60} INFO - Started process 9605 to run task
[2026-08-27T21:00:02.084+0000] {standard_task_runner.py:87} INFO - Running: ['***', 'tasks', 'run', 'air_quality_ingestion', 'ingest_to_bronze', 'scheduled__2026-08-27T20:00:00+00:00', '--job-id', '409', '--raw', '--subdir', 'DAGS_FOLDER/ingestion_dag.py', '--cfg-path', '/tmp/tmp4t0go1py']
[2026-08-27T21:00:02.086+0000] {standard_task_runner.py:88} INFO - Job 409: Subtask ingest_to_bronze
[2026-08-27T21:00:02.177+0000] {task_command.py:423} INFO - Running <TaskInstance: air_quality_ingestion.ingest_to_bronze scheduled__2026-08-27T20:00:00+00:00 [running]> on host 6a0525c4c718
[2026-08-27T21:00:02.352+0000] {taskinstance.py:2480} INFO - Exporting env vars: AIRFLOW_CTX_DAG_OWNER='***' AIRFLOW_CTX_DAG_ID='air_quality_ingestion' AIRFLOW_CTX_TASK_ID='ingest_to_bronze' AIRFLOW_CTX_EXECUTION_DATE='2026-08-27T20:00:00+00:00' AIRFLOW_CTX_TRY_NUMBER='1' AIRFLOW_CTX_DAG_RUN_ID='scheduled__2026-08-27T20:00:00+00:00'
[2026-08-27T21:00:02.608+0000] {logging_mixin.py:188} INFO - Created bucket: bronze-air-quality
[2026-08-27T21:00:02.617+0000] {logging_mixin.py:188} INFO - Created bucket: silver-air-quality
[2026-08-27T21:00:02.625+0000] {logging_mixin.py:188} INFO - Created bucket: gold-air-quality
[2026-08-27T21:00:03.532+0000] {logging_mixin.py:188} INFO - ✓ new york: AQI=42
[2026-08-27T21:00:04.441+0000] {logging_mixin.py:188} INFO - ✓ london: AQI=59
[2026-08-27T21:00:05.314+0000] {logging_mixin.py:188} INFO - ✓ beijing: AQI=30
[2026-08-27T21:00:06.218+0000] {logging_mixin.py:188} INFO - ✓ delhi: AQI=127
[2026-08-27T21:00:07.074+0000] {logging_mixin.py:188} INFO - ✓ sydney: AQI=35
[2026-08-27T21:00:07.134+0000] {logging_mixin.py:188} INFO - Saved → s3://bronze-air-quality/year=2026/month=08/day=27/city=new_york/210002.json
[2026-08-27T21:00:07.149+0000] {logging_mixin.py:188} INFO - Saved → s3://bronze-air-quality/year=2026/month=08/day=27/city=london/210002.json
[2026-08-27T21:00:07.161+0000] {logging_mixin.py:188} INFO - Saved → s3://bronze-air-quality/year=2026/month=08/day=27/city=beijing/210002.json
[2026-08-27T21:00:07.172+0000] {logging_mixin.py:188} INFO - Saved → s3://bronze-air-quality/year=2026/month=08/day=27/city=delhi/210002.json
[2026-08-27T21:00:07.185+0000] {logging_mixin.py:188} INFO - Saved → s3://bronze-air-quality/year=2026/month=08/day=27/city=sydney/210002.json
[2026-08-27T21:00:07.186+0000] {logging_mixin.py:188} INFO - 
Total records ingested: 5
[2026-08-27T21:00:07.186+0000] {python.py:201} INFO - Done. Returned value was: None
[2026-08-27T21:00:07.197+0000] {taskinstance.py:1138} INFO - Marking task as SUCCESS. dag_id=air_quality_ingestion, task_id=ingest_to_bronze, execution_date=20260827T200000, start_date=20260827T210002, end_date=20260827T210007
[2026-08-27T21:00:07.221+0000] {local_task_job_runner.py:234} INFO - Task exited with return code 0
[2026-08-27T21:00:07.236+0000] {taskinstance.py:3280} INFO - 0 downstream tasks scheduled from follow-on schedule check
