[2026-09-07T12:10:23.176+0000] {taskinstance.py:1956} INFO - Dependencies all met for dep_context=non-requeueable deps ti=<TaskInstance: air_quality_pipeline.wait_for_ingestion scheduled__2026-09-07T04:05:00+00:00 [queued]>
[2026-09-07T12:10:23.222+0000] {taskinstance.py:1956} INFO - Dependencies all met for dep_context=requeueable deps ti=<TaskInstance: air_quality_pipeline.wait_for_ingestion scheduled__2026-09-07T04:05:00+00:00 [queued]>
[2026-09-07T12:10:23.537+0000] {taskinstance.py:2170} INFO - Starting attempt 1 of 3
[2026-09-07T12:10:23.715+0000] {taskinstance.py:2191} INFO - Executing <Task(ExternalTaskSensor): wait_for_ingestion> on 2026-09-07 04:05:00+00:00
[2026-09-07T12:10:23.962+0000] {standard_task_runner.py:60} INFO - Started process 92470 to run task
[2026-09-07T12:10:24.002+0000] {standard_task_runner.py:87} INFO - Running: ['***', 'tasks', 'run', 'air_quality_pipeline', 'wait_for_ingestion', 'scheduled__2026-09-07T04:05:00+00:00', '--job-id', '689', '--raw', '--subdir', 'DAGS_FOLDER/spark_pipeline_dag.py', '--cfg-path', '/tmp/tmp84n5akdp']
[2026-09-07T12:10:24.107+0000] {standard_task_runner.py:88} INFO - Job 689: Subtask wait_for_ingestion
[2026-09-07T12:10:24.658+0000] {task_command.py:423} INFO - Running <TaskInstance: air_quality_pipeline.wait_for_ingestion scheduled__2026-09-07T04:05:00+00:00 [running]> on host 6a0525c4c718
[2026-09-07T12:10:25.202+0000] {taskinstance.py:2480} INFO - Exporting env vars: AIRFLOW_CTX_DAG_OWNER='***' AIRFLOW_CTX_DAG_ID='air_quality_pipeline' AIRFLOW_CTX_TASK_ID='wait_for_ingestion' AIRFLOW_CTX_EXECUTION_DATE='2026-09-07T04:05:00+00:00' AIRFLOW_CTX_TRY_NUMBER='1' AIRFLOW_CTX_DAG_RUN_ID='scheduled__2026-09-07T04:05:00+00:00'
[2026-09-07T12:10:25.207+0000] {external_task.py:244} INFO - Poking for tasks ['ingest_to_bronze'] in dag air_quality_ingestion on 2026-09-07T04:05:00+00:00 ... 
[2026-09-07T14:33:48.171+0000] {external_task.py:244} INFO - Poking for tasks ['ingest_to_bronze'] in dag air_quality_ingestion on 2026-09-07T04:05:00+00:00 ... 
[2026-09-07T14:34:18.184+0000] {external_task.py:244} INFO - Poking for tasks ['ingest_to_bronze'] in dag air_quality_ingestion on 2026-09-07T04:05:00+00:00 ... 
[2026-09-07T14:34:48.190+0000] {external_task.py:244} INFO - Poking for tasks ['ingest_to_bronze'] in dag air_quality_ingestion on 2026-09-07T04:05:00+00:00 ... 
[2026-09-07T14:35:18.199+0000] {external_task.py:244} INFO - Poking for tasks ['ingest_to_bronze'] in dag air_quality_ingestion on 2026-09-07T04:05:00+00:00 ... 
[2026-09-07T14:35:48.210+0000] {external_task.py:244} INFO - Poking for tasks ['ingest_to_bronze'] in dag air_quality_ingestion on 2026-09-07T04:05:00+00:00 ... 
[2026-09-07T14:36:18.226+0000] {external_task.py:244} INFO - Poking for tasks ['ingest_to_bronze'] in dag air_quality_ingestion on 2026-09-07T04:05:00+00:00 ... 
[2026-09-07T14:36:48.236+0000] {external_task.py:244} INFO - Poking for tasks ['ingest_to_bronze'] in dag air_quality_ingestion on 2026-09-07T04:05:00+00:00 ... 
[2026-09-07T14:37:18.250+0000] {external_task.py:244} INFO - Poking for tasks ['ingest_to_bronze'] in dag air_quality_ingestion on 2026-09-07T04:05:00+00:00 ... 
[2026-09-07T14:37:48.286+0000] {external_task.py:244} INFO - Poking for tasks ['ingest_to_bronze'] in dag air_quality_ingestion on 2026-09-07T04:05:00+00:00 ... 
[2026-09-07T14:38:18.295+0000] {external_task.py:244} INFO - Poking for tasks ['ingest_to_bronze'] in dag air_quality_ingestion on 2026-09-07T04:05:00+00:00 ... 
[2026-09-07T14:38:18.305+0000] {taskinstance.py:2698} ERROR - Task failed with exception
Traceback (most recent call last):
  File "/home/airflow/.local/lib/python3.11/site-packages/airflow/models/taskinstance.py", line 433, in _execute_task
    result = execute_callable(context=context, **execute_callable_kwargs)
             ^^^^^^^^^^^^^^^^^^^^^^^^^^^^^^^^^^^^^^^^^^^^^^^^^^^^^^^^^^^^
  File "/home/airflow/.local/lib/python3.11/site-packages/airflow/sensors/external_task.py", line 334, in execute
    super().execute(context)
  File "/home/airflow/.local/lib/python3.11/site-packages/airflow/sensors/base.py", line 282, in execute
    raise AirflowSensorTimeout(message)
airflow.exceptions.AirflowSensorTimeout: Sensor has timed out; run duration of 300.19832641800167 seconds exceeds the specified timeout of 300.0.
[2026-09-07T14:38:18.316+0000] {taskinstance.py:1138} INFO - Immediate failure requested. Marking task as FAILED. dag_id=air_quality_pipeline, task_id=wait_for_ingestion, execution_date=20260907T040500, start_date=20260907T121023, end_date=20260907T143818
[2026-09-07T14:38:18.331+0000] {standard_task_runner.py:107} ERROR - Failed to execute job 689 for task wait_for_ingestion (Sensor has timed out; run duration of 300.19832641800167 seconds exceeds the specified timeout of 300.0.; 92470)
[2026-09-07T14:38:18.368+0000] {local_task_job_runner.py:234} INFO - Task exited with return code 1
[2026-09-07T14:38:18.395+0000] {taskinstance.py:3280} INFO - 0 downstream tasks scheduled from follow-on schedule check
