[2026-08-12T12:50:36.000+0000] {taskinstance.py:1956} INFO - Dependencies all met for dep_context=non-requeueable deps ti=<TaskInstance: air_quality_pipeline.wait_for_ingestion scheduled__2026-08-12T04:05:00+00:00 [queued]>
[2026-08-12T12:50:36.060+0000] {taskinstance.py:1956} INFO - Dependencies all met for dep_context=requeueable deps ti=<TaskInstance: air_quality_pipeline.wait_for_ingestion scheduled__2026-08-12T04:05:00+00:00 [queued]>
[2026-08-12T12:50:36.062+0000] {taskinstance.py:2170} INFO - Starting attempt 1 of 3
[2026-08-12T12:50:36.137+0000] {taskinstance.py:2191} INFO - Executing <Task(ExternalTaskSensor): wait_for_ingestion> on 2026-08-12 04:05:00+00:00
[2026-08-12T12:50:36.168+0000] {standard_task_runner.py:60} INFO - Started process 36523 to run task
[2026-08-12T12:50:36.180+0000] {standard_task_runner.py:87} INFO - Running: ['***', 'tasks', 'run', 'air_quality_pipeline', 'wait_for_ingestion', 'scheduled__2026-08-12T04:05:00+00:00', '--job-id', '243', '--raw', '--subdir', 'DAGS_FOLDER/spark_pipeline_dag.py', '--cfg-path', '/tmp/tmpar4k7fkd']
[2026-08-12T12:50:36.200+0000] {standard_task_runner.py:88} INFO - Job 243: Subtask wait_for_ingestion
[2026-08-12T12:50:36.484+0000] {task_command.py:423} INFO - Running <TaskInstance: air_quality_pipeline.wait_for_ingestion scheduled__2026-08-12T04:05:00+00:00 [running]> on host 6a0525c4c718
[2026-08-12T12:50:36.871+0000] {taskinstance.py:2480} INFO - Exporting env vars: AIRFLOW_CTX_DAG_OWNER='***' AIRFLOW_CTX_DAG_ID='air_quality_pipeline' AIRFLOW_CTX_TASK_ID='wait_for_ingestion' AIRFLOW_CTX_EXECUTION_DATE='2026-08-12T04:05:00+00:00' AIRFLOW_CTX_TRY_NUMBER='1' AIRFLOW_CTX_DAG_RUN_ID='scheduled__2026-08-12T04:05:00+00:00'
[2026-08-12T12:50:36.874+0000] {external_task.py:244} INFO - Poking for tasks ['ingest_to_bronze'] in dag air_quality_ingestion on 2026-08-12T04:05:00+00:00 ... 
[2026-08-12T15:25:34.752+0000] {external_task.py:244} INFO - Poking for tasks ['ingest_to_bronze'] in dag air_quality_ingestion on 2026-08-12T04:05:00+00:00 ... 
[2026-08-12T15:26:04.771+0000] {external_task.py:244} INFO - Poking for tasks ['ingest_to_bronze'] in dag air_quality_ingestion on 2026-08-12T04:05:00+00:00 ... 
[2026-08-12T15:26:34.778+0000] {external_task.py:244} INFO - Poking for tasks ['ingest_to_bronze'] in dag air_quality_ingestion on 2026-08-12T04:05:00+00:00 ... 
[2026-08-12T15:27:04.792+0000] {external_task.py:244} INFO - Poking for tasks ['ingest_to_bronze'] in dag air_quality_ingestion on 2026-08-12T04:05:00+00:00 ... 
[2026-08-12T15:27:34.802+0000] {external_task.py:244} INFO - Poking for tasks ['ingest_to_bronze'] in dag air_quality_ingestion on 2026-08-12T04:05:00+00:00 ... 
[2026-08-12T15:28:04.817+0000] {external_task.py:244} INFO - Poking for tasks ['ingest_to_bronze'] in dag air_quality_ingestion on 2026-08-12T04:05:00+00:00 ... 
[2026-08-12T15:28:34.825+0000] {external_task.py:244} INFO - Poking for tasks ['ingest_to_bronze'] in dag air_quality_ingestion on 2026-08-12T04:05:00+00:00 ... 
[2026-08-12T15:29:04.842+0000] {external_task.py:244} INFO - Poking for tasks ['ingest_to_bronze'] in dag air_quality_ingestion on 2026-08-12T04:05:00+00:00 ... 
[2026-08-12T15:29:34.851+0000] {external_task.py:244} INFO - Poking for tasks ['ingest_to_bronze'] in dag air_quality_ingestion on 2026-08-12T04:05:00+00:00 ... 
[2026-08-12T15:30:04.864+0000] {external_task.py:244} INFO - Poking for tasks ['ingest_to_bronze'] in dag air_quality_ingestion on 2026-08-12T04:05:00+00:00 ... 
[2026-08-12T15:30:04.878+0000] {taskinstance.py:2698} ERROR - Task failed with exception
Traceback (most recent call last):
  File "/home/airflow/.local/lib/python3.11/site-packages/airflow/models/taskinstance.py", line 433, in _execute_task
    result = execute_callable(context=context, **execute_callable_kwargs)
             ^^^^^^^^^^^^^^^^^^^^^^^^^^^^^^^^^^^^^^^^^^^^^^^^^^^^^^^^^^^^
  File "/home/airflow/.local/lib/python3.11/site-packages/airflow/sensors/external_task.py", line 334, in execute
    super().execute(context)
  File "/home/airflow/.local/lib/python3.11/site-packages/airflow/sensors/base.py", line 282, in execute
    raise AirflowSensorTimeout(message)
airflow.exceptions.AirflowSensorTimeout: Sensor has timed out; run duration of 300.22143312799744 seconds exceeds the specified timeout of 300.0.
[2026-08-12T15:30:04.890+0000] {taskinstance.py:1138} INFO - Immediate failure requested. Marking task as FAILED. dag_id=air_quality_pipeline, task_id=wait_for_ingestion, execution_date=20260812T040500, start_date=20260812T125036, end_date=20260812T153004
[2026-08-12T15:30:04.911+0000] {standard_task_runner.py:107} ERROR - Failed to execute job 243 for task wait_for_ingestion (Sensor has timed out; run duration of 300.22143312799744 seconds exceeds the specified timeout of 300.0.; 36523)
[2026-08-12T15:30:04.938+0000] {local_task_job_runner.py:234} INFO - Task exited with return code 1
[2026-08-12T15:30:04.970+0000] {taskinstance.py:3280} INFO - 0 downstream tasks scheduled from follow-on schedule check
