[2026-08-13T13:32:00.688+0000] {taskinstance.py:1956} INFO - Dependencies all met for dep_context=non-requeueable deps ti=<TaskInstance: air_quality_ingestion.ingest_to_bronze scheduled__2026-08-13T08:00:00+00:00 [queued]>
[2026-08-13T13:32:00.746+0000] {taskinstance.py:1956} INFO - Dependencies all met for dep_context=requeueable deps ti=<TaskInstance: air_quality_ingestion.ingest_to_bronze scheduled__2026-08-13T08:00:00+00:00 [queued]>
[2026-08-13T13:32:00.752+0000] {taskinstance.py:2170} INFO - Starting attempt 1 of 4
[2026-08-13T13:32:00.852+0000] {taskinstance.py:2191} INFO - Executing <Task(PythonOperator): ingest_to_bronze> on 2026-08-13 08:00:00+00:00
[2026-08-13T13:32:00.892+0000] {standard_task_runner.py:60} INFO - Started process 44528 to run task
[2026-08-13T13:32:00.951+0000] {standard_task_runner.py:87} INFO - Running: ['***', 'tasks', 'run', 'air_quality_ingestion', 'ingest_to_bronze', 'scheduled__2026-08-13T08:00:00+00:00', '--job-id', '276', '--raw', '--subdir', 'DAGS_FOLDER/ingestion_dag.py', '--cfg-path', '/tmp/tmpfz_m0g1q']
[2026-08-13T13:32:00.972+0000] {standard_task_runner.py:88} INFO - Job 276: Subtask ingest_to_bronze
[2026-08-13T13:32:01.287+0000] {task_command.py:423} INFO - Running <TaskInstance: air_quality_ingestion.ingest_to_bronze scheduled__2026-08-13T08:00:00+00:00 [running]> on host 6a0525c4c718
[2026-08-13T13:32:01.704+0000] {taskinstance.py:2480} INFO - Exporting env vars: AIRFLOW_CTX_DAG_OWNER='***' AIRFLOW_CTX_DAG_ID='air_quality_ingestion' AIRFLOW_CTX_TASK_ID='ingest_to_bronze' AIRFLOW_CTX_EXECUTION_DATE='2026-08-13T08:00:00+00:00' AIRFLOW_CTX_TRY_NUMBER='1' AIRFLOW_CTX_DAG_RUN_ID='scheduled__2026-08-13T08:00:00+00:00'
[2026-08-13T13:32:03.173+0000] {logging_mixin.py:188} INFO - Created bucket: bronze-air-quality
[2026-08-13T13:32:03.205+0000] {logging_mixin.py:188} INFO - Created bucket: silver-air-quality
[2026-08-13T13:32:03.235+0000] {logging_mixin.py:188} INFO - Created bucket: gold-air-quality
[2026-08-13T13:32:04.637+0000] {logging_mixin.py:188} INFO - ✓ new york: AQI=60
[2026-08-13T13:32:05.869+0000] {logging_mixin.py:188} INFO - ✓ london: AQI=53
[2026-08-13T16:13:17.215+0000] {logging_mixin.py:188} INFO - ✗ beijing: ('Connection aborted.', RemoteDisconnected('Remote end closed connection without response'))
[2026-08-13T16:13:20.013+0000] {logging_mixin.py:188} INFO - ✓ delhi: AQI=74
[2026-08-13T16:13:21.631+0000] {logging_mixin.py:188} INFO - ✓ sydney: AQI=27
[2026-08-13T16:13:21.775+0000] {logging_mixin.py:188} INFO - Saved → s3://bronze-air-quality/year=2026/month=08/day=13/city=new_york/133203.json
[2026-08-13T16:13:21.956+0000] {logging_mixin.py:188} INFO - Saved → s3://bronze-air-quality/year=2026/month=08/day=13/city=london/133203.json
[2026-08-13T16:13:22.354+0000] {logging_mixin.py:188} INFO - Saved → s3://bronze-air-quality/year=2026/month=08/day=13/city=delhi/133203.json
[2026-08-13T16:13:23.413+0000] {logging_mixin.py:188} INFO - Saved → s3://bronze-air-quality/year=2026/month=08/day=13/city=sydney/133203.json
[2026-08-13T16:13:23.418+0000] {logging_mixin.py:188} INFO - 
Total records ingested: 4
[2026-08-13T16:13:23.474+0000] {python.py:201} INFO - Done. Returned value was: None
[2026-08-13T16:13:23.707+0000] {taskinstance.py:1138} INFO - Marking task as SUCCESS. dag_id=air_quality_ingestion, task_id=ingest_to_bronze, execution_date=20260813T080000, start_date=20260813T133200, end_date=20260813T161323
[2026-08-13T16:13:24.315+0000] {local_task_job_runner.py:234} INFO - Task exited with return code 0
[2026-08-13T16:13:24.418+0000] {taskinstance.py:3280} INFO - 0 downstream tasks scheduled from follow-on schedule check
