[2026-09-04T22:00:00.736+0000] {taskinstance.py:1956} INFO - Dependencies all met for dep_context=non-requeueable deps ti=<TaskInstance: air_quality_ingestion.ingest_to_bronze scheduled__2026-09-04T21:00:00+00:00 [queued]>
[2026-09-04T22:00:00.742+0000] {taskinstance.py:1956} INFO - Dependencies all met for dep_context=requeueable deps ti=<TaskInstance: air_quality_ingestion.ingest_to_bronze scheduled__2026-09-04T21:00:00+00:00 [queued]>
[2026-09-04T22:00:00.743+0000] {taskinstance.py:2170} INFO - Starting attempt 1 of 4
[2026-09-04T22:00:00.754+0000] {taskinstance.py:2191} INFO - Executing <Task(PythonOperator): ingest_to_bronze> on 2026-09-04 21:00:00+00:00
[2026-09-04T22:00:00.759+0000] {standard_task_runner.py:60} INFO - Started process 61287 to run task
[2026-09-04T22:00:00.762+0000] {standard_task_runner.py:87} INFO - Running: ['***', 'tasks', 'run', 'air_quality_ingestion', 'ingest_to_bronze', 'scheduled__2026-09-04T21:00:00+00:00', '--job-id', '620', '--raw', '--subdir', 'DAGS_FOLDER/ingestion_dag.py', '--cfg-path', '/tmp/tmpxmbthsj7']
[2026-09-04T22:00:00.765+0000] {standard_task_runner.py:88} INFO - Job 620: Subtask ingest_to_bronze
[2026-09-04T22:00:00.825+0000] {task_command.py:423} INFO - Running <TaskInstance: air_quality_ingestion.ingest_to_bronze scheduled__2026-09-04T21:00:00+00:00 [running]> on host 6a0525c4c718
[2026-09-04T22:00:00.892+0000] {taskinstance.py:2480} INFO - Exporting env vars: AIRFLOW_CTX_DAG_OWNER='***' AIRFLOW_CTX_DAG_ID='air_quality_ingestion' AIRFLOW_CTX_TASK_ID='ingest_to_bronze' AIRFLOW_CTX_EXECUTION_DATE='2026-09-04T21:00:00+00:00' AIRFLOW_CTX_TRY_NUMBER='1' AIRFLOW_CTX_DAG_RUN_ID='scheduled__2026-09-04T21:00:00+00:00'
[2026-09-04T22:00:00.968+0000] {logging_mixin.py:188} INFO - Created bucket: bronze-air-quality
[2026-09-04T22:00:00.974+0000] {logging_mixin.py:188} INFO - Created bucket: silver-air-quality
[2026-09-04T22:00:00.979+0000] {logging_mixin.py:188} INFO - Created bucket: gold-air-quality
[2026-09-04T22:00:01.736+0000] {logging_mixin.py:188} INFO - ✓ new york: AQI=26
[2026-09-04T22:00:02.440+0000] {logging_mixin.py:188} INFO - ✓ london: AQI=17
[2026-09-04T22:00:03.262+0000] {logging_mixin.py:188} INFO - ✓ beijing: AQI=65
[2026-09-04T22:00:04.042+0000] {logging_mixin.py:188} INFO - ✓ delhi: AQI=23
[2026-09-04T22:00:04.763+0000] {logging_mixin.py:188} INFO - ✓ sydney: AQI=20
[2026-09-04T22:00:04.778+0000] {logging_mixin.py:188} INFO - Saved → s3://bronze-air-quality/year=2026/month=09/day=04/city=new_york/220000.json
[2026-09-04T22:00:04.785+0000] {logging_mixin.py:188} INFO - Saved → s3://bronze-air-quality/year=2026/month=09/day=04/city=london/220000.json
[2026-09-04T22:00:04.792+0000] {logging_mixin.py:188} INFO - Saved → s3://bronze-air-quality/year=2026/month=09/day=04/city=beijing/220000.json
[2026-09-04T22:00:04.799+0000] {logging_mixin.py:188} INFO - Saved → s3://bronze-air-quality/year=2026/month=09/day=04/city=delhi/220000.json
[2026-09-04T22:00:04.805+0000] {logging_mixin.py:188} INFO - Saved → s3://bronze-air-quality/year=2026/month=09/day=04/city=sydney/220000.json
[2026-09-04T22:00:04.806+0000] {logging_mixin.py:188} INFO - 
Total records ingested: 5
[2026-09-04T22:00:04.806+0000] {python.py:201} INFO - Done. Returned value was: None
[2026-09-04T22:00:04.815+0000] {taskinstance.py:1138} INFO - Marking task as SUCCESS. dag_id=air_quality_ingestion, task_id=ingest_to_bronze, execution_date=20260904T210000, start_date=20260904T220000, end_date=20260904T220004
[2026-09-04T22:00:04.841+0000] {local_task_job_runner.py:234} INFO - Task exited with return code 0
[2026-09-04T22:00:04.855+0000] {taskinstance.py:3280} INFO - 0 downstream tasks scheduled from follow-on schedule check
