[2026-08-14T14:49:58.458+0000] {taskinstance.py:1956} INFO - Dependencies all met for dep_context=non-requeueable deps ti=<TaskInstance: air_quality_ingestion.ingest_to_bronze scheduled__2026-08-14T13:00:00+00:00 [queued]>
[2026-08-14T14:49:58.526+0000] {taskinstance.py:1956} INFO - Dependencies all met for dep_context=requeueable deps ti=<TaskInstance: air_quality_ingestion.ingest_to_bronze scheduled__2026-08-14T13:00:00+00:00 [queued]>
[2026-08-14T14:49:58.528+0000] {taskinstance.py:2170} INFO - Starting attempt 1 of 4
[2026-08-14T14:49:58.609+0000] {taskinstance.py:2191} INFO - Executing <Task(PythonOperator): ingest_to_bronze> on 2026-08-14 13:00:00+00:00
[2026-08-14T14:49:58.627+0000] {standard_task_runner.py:60} INFO - Started process 51292 to run task
[2026-08-14T14:49:58.665+0000] {standard_task_runner.py:87} INFO - Running: ['***', 'tasks', 'run', 'air_quality_ingestion', 'ingest_to_bronze', 'scheduled__2026-08-14T13:00:00+00:00', '--job-id', '308', '--raw', '--subdir', 'DAGS_FOLDER/ingestion_dag.py', '--cfg-path', '/tmp/tmpdonqvbfe']
[2026-08-14T14:49:58.680+0000] {standard_task_runner.py:88} INFO - Job 308: Subtask ingest_to_bronze
[2026-08-14T14:49:59.181+0000] {task_command.py:423} INFO - Running <TaskInstance: air_quality_ingestion.ingest_to_bronze scheduled__2026-08-14T13:00:00+00:00 [running]> on host 6a0525c4c718
[2026-08-14T14:49:59.646+0000] {taskinstance.py:2480} INFO - Exporting env vars: AIRFLOW_CTX_DAG_OWNER='***' AIRFLOW_CTX_DAG_ID='air_quality_ingestion' AIRFLOW_CTX_TASK_ID='ingest_to_bronze' AIRFLOW_CTX_EXECUTION_DATE='2026-08-14T13:00:00+00:00' AIRFLOW_CTX_TRY_NUMBER='1' AIRFLOW_CTX_DAG_RUN_ID='scheduled__2026-08-14T13:00:00+00:00'
[2026-08-14T14:50:00.351+0000] {logging_mixin.py:188} INFO - Created bucket: bronze-air-quality
[2026-08-14T14:50:00.378+0000] {logging_mixin.py:188} INFO - Created bucket: silver-air-quality
[2026-08-14T14:50:00.418+0000] {logging_mixin.py:188} INFO - Created bucket: gold-air-quality
[2026-08-14T14:50:01.743+0000] {logging_mixin.py:188} INFO - ✓ new york: AQI=47
[2026-08-14T16:30:30.644+0000] {logging_mixin.py:188} INFO - ✗ london: ('Connection aborted.', RemoteDisconnected('Remote end closed connection without response'))
[2026-08-14T16:30:30.947+0000] {logging_mixin.py:188} INFO - ✗ beijing: HTTPSConnectionPool(host='api.waqi.info', port=443): Max retries exceeded with url: /feed/beijing/?token=2cc5f2fc84f739a6377a29001c83fd1911c54797 (Caused by NameResolutionError("<urllib3.connection.HTTPSConnection object at 0x7d6db68d2310>: Failed to resolve 'api.waqi.info' ([Errno -2] Name or service not known)"))
[2026-08-14T16:30:31.207+0000] {logging_mixin.py:188} INFO - ✗ delhi: HTTPSConnectionPool(host='api.waqi.info', port=443): Max retries exceeded with url: /feed/delhi/?token=2cc5f2fc84f739a6377a29001c83fd1911c54797 (Caused by NameResolutionError("<urllib3.connection.HTTPSConnection object at 0x7d6db68d82d0>: Failed to resolve 'api.waqi.info' ([Errno -2] Name or service not known)"))
[2026-08-14T16:30:31.426+0000] {logging_mixin.py:188} INFO - ✗ sydney: HTTPSConnectionPool(host='api.waqi.info', port=443): Max retries exceeded with url: /feed/sydney/?token=2cc5f2fc84f739a6377a29001c83fd1911c54797 (Caused by NameResolutionError("<urllib3.connection.HTTPSConnection object at 0x7d6db68d0590>: Failed to resolve 'api.waqi.info' ([Errno -2] Name or service not known)"))
[2026-08-14T16:30:31.485+0000] {logging_mixin.py:188} INFO - Saved → s3://bronze-air-quality/year=2026/month=08/day=14/city=new_york/145000.json
[2026-08-14T16:30:31.544+0000] {logging_mixin.py:188} INFO - 
Total records ingested: 1
[2026-08-14T16:30:31.602+0000] {python.py:201} INFO - Done. Returned value was: None
[2026-08-14T16:30:31.915+0000] {taskinstance.py:1138} INFO - Marking task as SUCCESS. dag_id=air_quality_ingestion, task_id=ingest_to_bronze, execution_date=20260814T130000, start_date=20260814T144958, end_date=20260814T163031
[2026-08-14T16:30:32.083+0000] {local_task_job_runner.py:234} INFO - Task exited with return code 0
[2026-08-14T16:30:32.183+0000] {taskinstance.py:3280} INFO - 0 downstream tasks scheduled from follow-on schedule check
