[2026-08-26T20:04:48.171+0000] {taskinstance.py:1956} INFO - Dependencies all met for dep_context=non-requeueable deps ti=<TaskInstance: air_quality_ingestion.ingest_to_bronze scheduled__2026-08-26T19:00:00+00:00 [queued]>
[2026-08-26T20:04:48.190+0000] {taskinstance.py:1956} INFO - Dependencies all met for dep_context=requeueable deps ti=<TaskInstance: air_quality_ingestion.ingest_to_bronze scheduled__2026-08-26T19:00:00+00:00 [queued]>
[2026-08-26T20:04:48.194+0000] {taskinstance.py:2170} INFO - Starting attempt 1 of 4
[2026-08-26T20:04:48.228+0000] {taskinstance.py:2191} INFO - Executing <Task(PythonOperator): ingest_to_bronze> on 2026-08-26 19:00:00+00:00
[2026-08-26T20:04:48.240+0000] {standard_task_runner.py:60} INFO - Started process 1754 to run task
[2026-08-26T20:04:48.246+0000] {standard_task_runner.py:87} INFO - Running: ['***', 'tasks', 'run', 'air_quality_ingestion', 'ingest_to_bronze', 'scheduled__2026-08-26T19:00:00+00:00', '--job-id', '375', '--raw', '--subdir', 'DAGS_FOLDER/ingestion_dag.py', '--cfg-path', '/tmp/tmpo2g7ik4t']
[2026-08-26T20:04:48.254+0000] {standard_task_runner.py:88} INFO - Job 375: Subtask ingest_to_bronze
[2026-08-26T20:04:48.402+0000] {task_command.py:423} INFO - Running <TaskInstance: air_quality_ingestion.ingest_to_bronze scheduled__2026-08-26T19:00:00+00:00 [running]> on host 6a0525c4c718
[2026-08-26T20:04:48.568+0000] {taskinstance.py:2480} INFO - Exporting env vars: AIRFLOW_CTX_DAG_OWNER='***' AIRFLOW_CTX_DAG_ID='air_quality_ingestion' AIRFLOW_CTX_TASK_ID='ingest_to_bronze' AIRFLOW_CTX_EXECUTION_DATE='2026-08-26T19:00:00+00:00' AIRFLOW_CTX_TRY_NUMBER='1' AIRFLOW_CTX_DAG_RUN_ID='scheduled__2026-08-26T19:00:00+00:00'
[2026-08-26T20:04:48.694+0000] {logging_mixin.py:188} INFO - Created bucket: bronze-air-quality
[2026-08-26T20:04:48.706+0000] {logging_mixin.py:188} INFO - Created bucket: silver-air-quality
[2026-08-26T20:04:48.718+0000] {logging_mixin.py:188} INFO - Created bucket: gold-air-quality
[2026-08-26T20:04:48.780+0000] {logging_mixin.py:188} INFO - ✗ new york: HTTPSConnectionPool(host='api.waqi.info', port=443): Max retries exceeded with url: /feed/new%20york/?token=2cc5f2fc84f739a6377a29001c83fd1911c54797 (Caused by NewConnectionError('<urllib3.connection.HTTPSConnection object at 0x70c3bddccb90>: Failed to establish a new connection: [Errno 111] Connection refused'))
[2026-08-26T20:04:48.793+0000] {logging_mixin.py:188} INFO - ✗ london: HTTPSConnectionPool(host='api.waqi.info', port=443): Max retries exceeded with url: /feed/london/?token=2cc5f2fc84f739a6377a29001c83fd1911c54797 (Caused by NewConnectionError('<urllib3.connection.HTTPSConnection object at 0x70c3bd331510>: Failed to establish a new connection: [Errno 111] Connection refused'))
[2026-08-26T20:04:48.805+0000] {logging_mixin.py:188} INFO - ✗ beijing: HTTPSConnectionPool(host='api.waqi.info', port=443): Max retries exceeded with url: /feed/beijing/?token=2cc5f2fc84f739a6377a29001c83fd1911c54797 (Caused by NewConnectionError('<urllib3.connection.HTTPSConnection object at 0x70c3bd333b10>: Failed to establish a new connection: [Errno 111] Connection refused'))
[2026-08-26T20:04:48.823+0000] {logging_mixin.py:188} INFO - ✗ delhi: HTTPSConnectionPool(host='api.waqi.info', port=443): Max retries exceeded with url: /feed/delhi/?token=2cc5f2fc84f739a6377a29001c83fd1911c54797 (Caused by NewConnectionError('<urllib3.connection.HTTPSConnection object at 0x70c3c51e4510>: Failed to establish a new connection: [Errno 111] Connection refused'))
[2026-08-26T20:04:48.836+0000] {logging_mixin.py:188} INFO - ✗ sydney: HTTPSConnectionPool(host='api.waqi.info', port=443): Max retries exceeded with url: /feed/sydney/?token=2cc5f2fc84f739a6377a29001c83fd1911c54797 (Caused by NewConnectionError('<urllib3.connection.HTTPSConnection object at 0x70c3bd33ca10>: Failed to establish a new connection: [Errno 111] Connection refused'))
[2026-08-26T20:04:48.837+0000] {logging_mixin.py:188} INFO - 
Total records ingested: 0
[2026-08-26T20:04:48.838+0000] {python.py:201} INFO - Done. Returned value was: None
[2026-08-26T20:04:48.855+0000] {taskinstance.py:1138} INFO - Marking task as SUCCESS. dag_id=air_quality_ingestion, task_id=ingest_to_bronze, execution_date=20260826T190000, start_date=20260826T200448, end_date=20260826T200448
[2026-08-26T20:04:49.065+0000] {local_task_job_runner.py:234} INFO - Task exited with return code 0
[2026-08-26T20:04:49.103+0000] {taskinstance.py:3280} INFO - 0 downstream tasks scheduled from follow-on schedule check
