[2026-08-30T21:00:02.784+0000] {taskinstance.py:1956} INFO - Dependencies all met for dep_context=non-requeueable deps ti=<TaskInstance: air_quality_ingestion.ingest_to_bronze scheduled__2026-08-30T20:00:00+00:00 [queued]>
[2026-08-30T21:00:02.792+0000] {taskinstance.py:1956} INFO - Dependencies all met for dep_context=requeueable deps ti=<TaskInstance: air_quality_ingestion.ingest_to_bronze scheduled__2026-08-30T20:00:00+00:00 [queued]>
[2026-08-30T21:00:02.793+0000] {taskinstance.py:2170} INFO - Starting attempt 1 of 4
[2026-08-30T21:00:02.808+0000] {taskinstance.py:2191} INFO - Executing <Task(PythonOperator): ingest_to_bronze> on 2026-08-30 20:00:00+00:00
[2026-08-30T21:00:02.816+0000] {standard_task_runner.py:60} INFO - Started process 18482 to run task
[2026-08-30T21:00:02.820+0000] {standard_task_runner.py:87} INFO - Running: ['***', 'tasks', 'run', 'air_quality_ingestion', 'ingest_to_bronze', 'scheduled__2026-08-30T20:00:00+00:00', '--job-id', '469', '--raw', '--subdir', 'DAGS_FOLDER/ingestion_dag.py', '--cfg-path', '/tmp/tmpdeqfsvwa']
[2026-08-30T21:00:02.823+0000] {standard_task_runner.py:88} INFO - Job 469: Subtask ingest_to_bronze
[2026-08-30T21:00:02.920+0000] {task_command.py:423} INFO - Running <TaskInstance: air_quality_ingestion.ingest_to_bronze scheduled__2026-08-30T20:00:00+00:00 [running]> on host 6a0525c4c718
[2026-08-30T21:00:03.011+0000] {taskinstance.py:2480} INFO - Exporting env vars: AIRFLOW_CTX_DAG_OWNER='***' AIRFLOW_CTX_DAG_ID='air_quality_ingestion' AIRFLOW_CTX_TASK_ID='ingest_to_bronze' AIRFLOW_CTX_EXECUTION_DATE='2026-08-30T20:00:00+00:00' AIRFLOW_CTX_TRY_NUMBER='1' AIRFLOW_CTX_DAG_RUN_ID='scheduled__2026-08-30T20:00:00+00:00'
[2026-08-30T21:00:03.251+0000] {logging_mixin.py:188} INFO - Created bucket: bronze-air-quality
[2026-08-30T21:00:03.262+0000] {logging_mixin.py:188} INFO - Created bucket: silver-air-quality
[2026-08-30T21:00:03.269+0000] {logging_mixin.py:188} INFO - Created bucket: gold-air-quality
[2026-08-30T21:00:04.201+0000] {logging_mixin.py:188} INFO - ✓ new york: AQI=39
[2026-08-30T21:00:05.051+0000] {logging_mixin.py:188} INFO - ✓ london: AQI=30
[2026-08-30T21:00:05.911+0000] {logging_mixin.py:188} INFO - ✓ beijing: AQI=17
[2026-08-30T21:00:06.755+0000] {logging_mixin.py:188} INFO - ✓ delhi: AQI=89
[2026-08-30T21:00:07.605+0000] {logging_mixin.py:188} INFO - ✓ sydney: AQI=49
[2026-08-30T21:00:07.627+0000] {logging_mixin.py:188} INFO - Saved → s3://bronze-air-quality/year=2026/month=08/day=30/city=new_york/210003.json
[2026-08-30T21:00:07.638+0000] {logging_mixin.py:188} INFO - Saved → s3://bronze-air-quality/year=2026/month=08/day=30/city=london/210003.json
[2026-08-30T21:00:07.647+0000] {logging_mixin.py:188} INFO - Saved → s3://bronze-air-quality/year=2026/month=08/day=30/city=beijing/210003.json
[2026-08-30T21:00:07.658+0000] {logging_mixin.py:188} INFO - Saved → s3://bronze-air-quality/year=2026/month=08/day=30/city=delhi/210003.json
[2026-08-30T21:00:07.668+0000] {logging_mixin.py:188} INFO - Saved → s3://bronze-air-quality/year=2026/month=08/day=30/city=sydney/210003.json
[2026-08-30T21:00:07.669+0000] {logging_mixin.py:188} INFO - 
Total records ingested: 5
[2026-08-30T21:00:07.669+0000] {python.py:201} INFO - Done. Returned value was: None
[2026-08-30T21:00:07.681+0000] {taskinstance.py:1138} INFO - Marking task as SUCCESS. dag_id=air_quality_ingestion, task_id=ingest_to_bronze, execution_date=20260830T200000, start_date=20260830T210002, end_date=20260830T210007
[2026-08-30T21:00:07.702+0000] {local_task_job_runner.py:234} INFO - Task exited with return code 0
[2026-08-30T21:00:07.718+0000] {taskinstance.py:3280} INFO - 0 downstream tasks scheduled from follow-on schedule check
