[2026-08-11T17:05:00.802+0000] {taskinstance.py:1956} INFO - Dependencies all met for dep_context=non-requeueable deps ti=<TaskInstance: air_quality_pipeline.wait_for_ingestion scheduled__2026-08-11T16:05:00+00:00 [queued]>
[2026-08-11T17:05:00.822+0000] {taskinstance.py:1956} INFO - Dependencies all met for dep_context=requeueable deps ti=<TaskInstance: air_quality_pipeline.wait_for_ingestion scheduled__2026-08-11T16:05:00+00:00 [queued]>
[2026-08-11T17:05:00.883+0000] {taskinstance.py:2170} INFO - Starting attempt 1 of 3
[2026-08-11T17:05:00.914+0000] {taskinstance.py:2191} INFO - Executing <Task(ExternalTaskSensor): wait_for_ingestion> on 2026-08-11 16:05:00+00:00
[2026-08-11T17:05:00.938+0000] {standard_task_runner.py:60} INFO - Started process 30549 to run task
[2026-08-11T17:05:00.941+0000] {standard_task_runner.py:87} INFO - Running: ['***', 'tasks', 'run', 'air_quality_pipeline', 'wait_for_ingestion', 'scheduled__2026-08-11T16:05:00+00:00', '--job-id', '219', '--raw', '--subdir', 'DAGS_FOLDER/spark_pipeline_dag.py', '--cfg-path', '/tmp/tmpqyq4w8dq']
[2026-08-11T17:05:00.987+0000] {standard_task_runner.py:88} INFO - Job 219: Subtask wait_for_ingestion
[2026-08-11T17:05:01.087+0000] {task_command.py:423} INFO - Running <TaskInstance: air_quality_pipeline.wait_for_ingestion scheduled__2026-08-11T16:05:00+00:00 [running]> on host 6a0525c4c718
[2026-08-11T17:05:01.168+0000] {taskinstance.py:2480} INFO - Exporting env vars: AIRFLOW_CTX_DAG_OWNER='***' AIRFLOW_CTX_DAG_ID='air_quality_pipeline' AIRFLOW_CTX_TASK_ID='wait_for_ingestion' AIRFLOW_CTX_EXECUTION_DATE='2026-08-11T16:05:00+00:00' AIRFLOW_CTX_TRY_NUMBER='1' AIRFLOW_CTX_DAG_RUN_ID='scheduled__2026-08-11T16:05:00+00:00'
[2026-08-11T17:05:01.173+0000] {external_task.py:244} INFO - Poking for tasks ['ingest_to_bronze'] in dag air_quality_ingestion on 2026-08-11T16:05:00+00:00 ... 
[2026-08-11T17:05:31.180+0000] {external_task.py:244} INFO - Poking for tasks ['ingest_to_bronze'] in dag air_quality_ingestion on 2026-08-11T16:05:00+00:00 ... 
[2026-08-11T17:06:01.188+0000] {external_task.py:244} INFO - Poking for tasks ['ingest_to_bronze'] in dag air_quality_ingestion on 2026-08-11T16:05:00+00:00 ... 
[2026-08-11T17:06:31.207+0000] {external_task.py:244} INFO - Poking for tasks ['ingest_to_bronze'] in dag air_quality_ingestion on 2026-08-11T16:05:00+00:00 ... 
[2026-08-11T17:07:01.224+0000] {external_task.py:244} INFO - Poking for tasks ['ingest_to_bronze'] in dag air_quality_ingestion on 2026-08-11T16:05:00+00:00 ... 
[2026-08-11T17:07:31.256+0000] {external_task.py:244} INFO - Poking for tasks ['ingest_to_bronze'] in dag air_quality_ingestion on 2026-08-11T16:05:00+00:00 ... 
[2026-08-11T17:08:01.344+0000] {external_task.py:244} INFO - Poking for tasks ['ingest_to_bronze'] in dag air_quality_ingestion on 2026-08-11T16:05:00+00:00 ... 
[2026-08-11T17:08:31.353+0000] {external_task.py:244} INFO - Poking for tasks ['ingest_to_bronze'] in dag air_quality_ingestion on 2026-08-11T16:05:00+00:00 ... 
[2026-08-11T17:09:01.367+0000] {external_task.py:244} INFO - Poking for tasks ['ingest_to_bronze'] in dag air_quality_ingestion on 2026-08-11T16:05:00+00:00 ... 
[2026-08-11T17:09:31.377+0000] {external_task.py:244} INFO - Poking for tasks ['ingest_to_bronze'] in dag air_quality_ingestion on 2026-08-11T16:05:00+00:00 ... 
[2026-08-11T17:10:01.392+0000] {external_task.py:244} INFO - Poking for tasks ['ingest_to_bronze'] in dag air_quality_ingestion on 2026-08-11T16:05:00+00:00 ... 
[2026-08-11T17:10:01.416+0000] {taskinstance.py:2698} ERROR - Task failed with exception
Traceback (most recent call last):
  File "/home/airflow/.local/lib/python3.11/site-packages/airflow/models/taskinstance.py", line 433, in _execute_task
    result = execute_callable(context=context, **execute_callable_kwargs)
             ^^^^^^^^^^^^^^^^^^^^^^^^^^^^^^^^^^^^^^^^^^^^^^^^^^^^^^^^^^^^
  File "/home/airflow/.local/lib/python3.11/site-packages/airflow/sensors/external_task.py", line 334, in execute
    super().execute(context)
  File "/home/airflow/.local/lib/python3.11/site-packages/airflow/sensors/base.py", line 282, in execute
    raise AirflowSensorTimeout(message)
airflow.exceptions.AirflowSensorTimeout: Sensor has timed out; run duration of 300.2709191229951 seconds exceeds the specified timeout of 300.0.
[2026-08-11T17:10:01.428+0000] {taskinstance.py:1138} INFO - Immediate failure requested. Marking task as FAILED. dag_id=air_quality_pipeline, task_id=wait_for_ingestion, execution_date=20260811T160500, start_date=20260811T170500, end_date=20260811T171001
[2026-08-11T17:10:01.444+0000] {standard_task_runner.py:107} ERROR - Failed to execute job 219 for task wait_for_ingestion (Sensor has timed out; run duration of 300.2709191229951 seconds exceeds the specified timeout of 300.0.; 30549)
[2026-08-11T17:10:01.453+0000] {local_task_job_runner.py:234} INFO - Task exited with return code 1
[2026-08-11T17:10:01.483+0000] {taskinstance.py:3280} INFO - 0 downstream tasks scheduled from follow-on schedule check
