[2026-08-10T06:34:29.832+0000] {taskinstance.py:1956} INFO - Dependencies all met for dep_context=non-requeueable deps ti=<TaskInstance: air_quality_pipeline.wait_for_ingestion scheduled__2026-08-10T05:05:00+00:00 [queued]>
[2026-08-10T06:34:29.868+0000] {taskinstance.py:1956} INFO - Dependencies all met for dep_context=requeueable deps ti=<TaskInstance: air_quality_pipeline.wait_for_ingestion scheduled__2026-08-10T05:05:00+00:00 [queued]>
[2026-08-10T06:34:29.948+0000] {taskinstance.py:2170} INFO - Starting attempt 1 of 3
[2026-08-10T06:34:30.036+0000] {taskinstance.py:2191} INFO - Executing <Task(ExternalTaskSensor): wait_for_ingestion> on 2026-08-10 05:05:00+00:00
[2026-08-10T06:34:30.054+0000] {standard_task_runner.py:60} INFO - Started process 21069 to run task
[2026-08-10T06:34:30.061+0000] {standard_task_runner.py:87} INFO - Running: ['***', 'tasks', 'run', 'air_quality_pipeline', 'wait_for_ingestion', 'scheduled__2026-08-10T05:05:00+00:00', '--job-id', '176', '--raw', '--subdir', 'DAGS_FOLDER/spark_pipeline_dag.py', '--cfg-path', '/tmp/tmpdtzzgy7g']
[2026-08-10T06:34:30.079+0000] {standard_task_runner.py:88} INFO - Job 176: Subtask wait_for_ingestion
[2026-08-10T07:08:11.531+0000] {task_command.py:423} INFO - Running <TaskInstance: air_quality_pipeline.wait_for_ingestion scheduled__2026-08-10T05:05:00+00:00 [running]> on host 6a0525c4c718
[2026-08-10T07:08:12.826+0000] {taskinstance.py:2480} INFO - Exporting env vars: AIRFLOW_CTX_DAG_OWNER='***' AIRFLOW_CTX_DAG_ID='air_quality_pipeline' AIRFLOW_CTX_TASK_ID='wait_for_ingestion' AIRFLOW_CTX_EXECUTION_DATE='2026-08-10T05:05:00+00:00' AIRFLOW_CTX_TRY_NUMBER='1' AIRFLOW_CTX_DAG_RUN_ID='scheduled__2026-08-10T05:05:00+00:00'
[2026-08-10T07:08:12.856+0000] {external_task.py:244} INFO - Poking for tasks ['ingest_to_bronze'] in dag air_quality_ingestion on 2026-08-10T05:05:00+00:00 ... 
[2026-08-10T17:51:05.223+0000] {external_task.py:244} INFO - Poking for tasks ['ingest_to_bronze'] in dag air_quality_ingestion on 2026-08-10T05:05:00+00:00 ... 
[2026-08-10T17:51:35.257+0000] {external_task.py:244} INFO - Poking for tasks ['ingest_to_bronze'] in dag air_quality_ingestion on 2026-08-10T05:05:00+00:00 ... 
[2026-08-10T17:52:05.279+0000] {external_task.py:244} INFO - Poking for tasks ['ingest_to_bronze'] in dag air_quality_ingestion on 2026-08-10T05:05:00+00:00 ... 
[2026-08-10T17:52:35.285+0000] {external_task.py:244} INFO - Poking for tasks ['ingest_to_bronze'] in dag air_quality_ingestion on 2026-08-10T05:05:00+00:00 ... 
[2026-08-10T17:53:05.296+0000] {external_task.py:244} INFO - Poking for tasks ['ingest_to_bronze'] in dag air_quality_ingestion on 2026-08-10T05:05:00+00:00 ... 
[2026-08-10T17:53:35.312+0000] {external_task.py:244} INFO - Poking for tasks ['ingest_to_bronze'] in dag air_quality_ingestion on 2026-08-10T05:05:00+00:00 ... 
[2026-08-10T17:54:05.325+0000] {external_task.py:244} INFO - Poking for tasks ['ingest_to_bronze'] in dag air_quality_ingestion on 2026-08-10T05:05:00+00:00 ... 
[2026-08-10T17:54:35.335+0000] {external_task.py:244} INFO - Poking for tasks ['ingest_to_bronze'] in dag air_quality_ingestion on 2026-08-10T05:05:00+00:00 ... 
[2026-08-10T17:55:05.344+0000] {external_task.py:244} INFO - Poking for tasks ['ingest_to_bronze'] in dag air_quality_ingestion on 2026-08-10T05:05:00+00:00 ... 
[2026-08-10T17:55:35.350+0000] {external_task.py:244} INFO - Poking for tasks ['ingest_to_bronze'] in dag air_quality_ingestion on 2026-08-10T05:05:00+00:00 ... 
[2026-08-10T17:55:35.361+0000] {taskinstance.py:2698} ERROR - Task failed with exception
Traceback (most recent call last):
  File "/home/airflow/.local/lib/python3.11/site-packages/airflow/models/taskinstance.py", line 433, in _execute_task
    result = execute_callable(context=context, **execute_callable_kwargs)
             ^^^^^^^^^^^^^^^^^^^^^^^^^^^^^^^^^^^^^^^^^^^^^^^^^^^^^^^^^^^^
  File "/home/airflow/.local/lib/python3.11/site-packages/airflow/sensors/external_task.py", line 334, in execute
    super().execute(context)
  File "/home/airflow/.local/lib/python3.11/site-packages/airflow/sensors/base.py", line 282, in execute
    raise AirflowSensorTimeout(message)
airflow.exceptions.AirflowSensorTimeout: Sensor has timed out; run duration of 300.2541020020144 seconds exceeds the specified timeout of 300.0.
[2026-08-10T17:55:35.370+0000] {taskinstance.py:1138} INFO - Immediate failure requested. Marking task as FAILED. dag_id=air_quality_pipeline, task_id=wait_for_ingestion, execution_date=20260810T050500, start_date=20260810T063429, end_date=20260810T175535
[2026-08-10T17:55:35.381+0000] {standard_task_runner.py:107} ERROR - Failed to execute job 176 for task wait_for_ingestion (Sensor has timed out; run duration of 300.2541020020144 seconds exceeds the specified timeout of 300.0.; 21069)
[2026-08-10T17:55:35.389+0000] {local_task_job_runner.py:234} INFO - Task exited with return code 1
[2026-08-10T17:55:35.413+0000] {taskinstance.py:3280} INFO - 0 downstream tasks scheduled from follow-on schedule check
