[2026-09-09T17:05:01.200+0000] {taskinstance.py:1956} INFO - Dependencies all met for dep_context=non-requeueable deps ti=<TaskInstance: air_quality_pipeline.wait_for_ingestion scheduled__2026-09-09T16:05:00+00:00 [queued]>
[2026-09-09T17:05:01.205+0000] {taskinstance.py:1956} INFO - Dependencies all met for dep_context=requeueable deps ti=<TaskInstance: air_quality_pipeline.wait_for_ingestion scheduled__2026-09-09T16:05:00+00:00 [queued]>
[2026-09-09T17:05:01.206+0000] {taskinstance.py:2170} INFO - Starting attempt 1 of 3
[2026-09-09T17:05:01.216+0000] {taskinstance.py:2191} INFO - Executing <Task(ExternalTaskSensor): wait_for_ingestion> on 2026-09-09 16:05:00+00:00
[2026-09-09T17:05:01.222+0000] {standard_task_runner.py:60} INFO - Started process 7890 to run task
[2026-09-09T17:05:01.224+0000] {standard_task_runner.py:87} INFO - Running: ['***', 'tasks', 'run', 'air_quality_pipeline', 'wait_for_ingestion', 'scheduled__2026-09-09T16:05:00+00:00', '--job-id', '750', '--raw', '--subdir', 'DAGS_FOLDER/spark_pipeline_dag.py', '--cfg-path', '/tmp/tmp2qec66ka']
[2026-09-09T17:05:01.226+0000] {standard_task_runner.py:88} INFO - Job 750: Subtask wait_for_ingestion
[2026-09-09T17:05:01.285+0000] {task_command.py:423} INFO - Running <TaskInstance: air_quality_pipeline.wait_for_ingestion scheduled__2026-09-09T16:05:00+00:00 [running]> on host 6a0525c4c718
[2026-09-09T17:05:01.361+0000] {taskinstance.py:2480} INFO - Exporting env vars: AIRFLOW_CTX_DAG_OWNER='***' AIRFLOW_CTX_DAG_ID='air_quality_pipeline' AIRFLOW_CTX_TASK_ID='wait_for_ingestion' AIRFLOW_CTX_EXECUTION_DATE='2026-09-09T16:05:00+00:00' AIRFLOW_CTX_TRY_NUMBER='1' AIRFLOW_CTX_DAG_RUN_ID='scheduled__2026-09-09T16:05:00+00:00'
[2026-09-09T17:05:01.363+0000] {external_task.py:244} INFO - Poking for tasks ['ingest_to_bronze'] in dag air_quality_ingestion on 2026-09-09T16:05:00+00:00 ... 
[2026-09-09T17:05:31.369+0000] {external_task.py:244} INFO - Poking for tasks ['ingest_to_bronze'] in dag air_quality_ingestion on 2026-09-09T16:05:00+00:00 ... 
[2026-09-09T17:06:01.382+0000] {external_task.py:244} INFO - Poking for tasks ['ingest_to_bronze'] in dag air_quality_ingestion on 2026-09-09T16:05:00+00:00 ... 
[2026-09-09T17:06:31.397+0000] {external_task.py:244} INFO - Poking for tasks ['ingest_to_bronze'] in dag air_quality_ingestion on 2026-09-09T16:05:00+00:00 ... 
[2026-09-09T17:07:01.413+0000] {external_task.py:244} INFO - Poking for tasks ['ingest_to_bronze'] in dag air_quality_ingestion on 2026-09-09T16:05:00+00:00 ... 
[2026-09-09T17:07:31.426+0000] {external_task.py:244} INFO - Poking for tasks ['ingest_to_bronze'] in dag air_quality_ingestion on 2026-09-09T16:05:00+00:00 ... 
[2026-09-09T17:08:01.439+0000] {external_task.py:244} INFO - Poking for tasks ['ingest_to_bronze'] in dag air_quality_ingestion on 2026-09-09T16:05:00+00:00 ... 
[2026-09-09T17:08:31.451+0000] {external_task.py:244} INFO - Poking for tasks ['ingest_to_bronze'] in dag air_quality_ingestion on 2026-09-09T16:05:00+00:00 ... 
[2026-09-09T17:09:01.461+0000] {external_task.py:244} INFO - Poking for tasks ['ingest_to_bronze'] in dag air_quality_ingestion on 2026-09-09T16:05:00+00:00 ... 
[2026-09-09T17:09:31.473+0000] {external_task.py:244} INFO - Poking for tasks ['ingest_to_bronze'] in dag air_quality_ingestion on 2026-09-09T16:05:00+00:00 ... 
[2026-09-09T17:10:01.480+0000] {external_task.py:244} INFO - Poking for tasks ['ingest_to_bronze'] in dag air_quality_ingestion on 2026-09-09T16:05:00+00:00 ... 
[2026-09-09T17:10:01.491+0000] {taskinstance.py:2698} ERROR - Task failed with exception
Traceback (most recent call last):
  File "/home/airflow/.local/lib/python3.11/site-packages/airflow/models/taskinstance.py", line 433, in _execute_task
    result = execute_callable(context=context, **execute_callable_kwargs)
             ^^^^^^^^^^^^^^^^^^^^^^^^^^^^^^^^^^^^^^^^^^^^^^^^^^^^^^^^^^^^
  File "/home/airflow/.local/lib/python3.11/site-packages/airflow/sensors/external_task.py", line 334, in execute
    super().execute(context)
  File "/home/airflow/.local/lib/python3.11/site-packages/airflow/sensors/base.py", line 282, in execute
    raise AirflowSensorTimeout(message)
airflow.exceptions.AirflowSensorTimeout: Sensor has timed out; run duration of 300.1571566670318 seconds exceeds the specified timeout of 300.0.
[2026-09-09T17:10:01.511+0000] {taskinstance.py:1138} INFO - Immediate failure requested. Marking task as FAILED. dag_id=air_quality_pipeline, task_id=wait_for_ingestion, execution_date=20260909T160500, start_date=20260909T170501, end_date=20260909T171001
[2026-09-09T17:10:01.544+0000] {standard_task_runner.py:107} ERROR - Failed to execute job 750 for task wait_for_ingestion (Sensor has timed out; run duration of 300.1571566670318 seconds exceeds the specified timeout of 300.0.; 7890)
[2026-09-09T17:10:01.565+0000] {local_task_job_runner.py:234} INFO - Task exited with return code 1
[2026-09-09T17:10:01.592+0000] {taskinstance.py:3280} INFO - 0 downstream tasks scheduled from follow-on schedule check
