[2026-08-13T04:08:08.417+0000] {taskinstance.py:1956} INFO - Dependencies all met for dep_context=non-requeueable deps ti=<TaskInstance: air_quality_ingestion.ingest_to_bronze scheduled__2026-08-13T00:00:00+00:00 [queued]>
[2026-08-13T04:08:08.486+0000] {taskinstance.py:1956} INFO - Dependencies all met for dep_context=requeueable deps ti=<TaskInstance: air_quality_ingestion.ingest_to_bronze scheduled__2026-08-13T00:00:00+00:00 [queued]>
[2026-08-13T04:08:08.512+0000] {taskinstance.py:2170} INFO - Starting attempt 1 of 4
[2026-08-13T04:08:08.616+0000] {taskinstance.py:2191} INFO - Executing <Task(PythonOperator): ingest_to_bronze> on 2026-08-13 00:00:00+00:00
[2026-08-13T04:08:08.771+0000] {standard_task_runner.py:60} INFO - Started process 43638 to run task
[2026-08-13T04:08:08.818+0000] {standard_task_runner.py:87} INFO - Running: ['***', 'tasks', 'run', 'air_quality_ingestion', 'ingest_to_bronze', 'scheduled__2026-08-13T00:00:00+00:00', '--job-id', '272', '--raw', '--subdir', 'DAGS_FOLDER/ingestion_dag.py', '--cfg-path', '/tmp/tmpfivlj2f2']
[2026-08-13T04:08:08.862+0000] {standard_task_runner.py:88} INFO - Job 272: Subtask ingest_to_bronze
[2026-08-13T04:08:10.563+0000] {task_command.py:423} INFO - Running <TaskInstance: air_quality_ingestion.ingest_to_bronze scheduled__2026-08-13T00:00:00+00:00 [running]> on host 6a0525c4c718
[2026-08-13T04:08:11.031+0000] {taskinstance.py:2480} INFO - Exporting env vars: AIRFLOW_CTX_DAG_OWNER='***' AIRFLOW_CTX_DAG_ID='air_quality_ingestion' AIRFLOW_CTX_TASK_ID='ingest_to_bronze' AIRFLOW_CTX_EXECUTION_DATE='2026-08-13T00:00:00+00:00' AIRFLOW_CTX_TRY_NUMBER='1' AIRFLOW_CTX_DAG_RUN_ID='scheduled__2026-08-13T00:00:00+00:00'
[2026-08-13T04:08:16.728+0000] {logging_mixin.py:188} INFO - Created bucket: bronze-air-quality
[2026-08-13T04:08:16.756+0000] {logging_mixin.py:188} INFO - Created bucket: silver-air-quality
[2026-08-13T04:08:16.777+0000] {logging_mixin.py:188} INFO - Created bucket: gold-air-quality
[2026-08-13T04:08:18.656+0000] {logging_mixin.py:188} INFO - ✓ new york: AQI=38
[2026-08-13T04:08:19.991+0000] {logging_mixin.py:188} INFO - ✓ london: AQI=53
[2026-08-13T04:08:21.193+0000] {logging_mixin.py:188} INFO - ✓ beijing: AQI=26
[2026-08-13T04:08:22.197+0000] {logging_mixin.py:188} INFO - ✓ delhi: AQI=95
[2026-08-13T04:08:23.245+0000] {logging_mixin.py:188} INFO - ✓ sydney: AQI=19
[2026-08-13T04:08:23.627+0000] {logging_mixin.py:188} INFO - Saved → s3://bronze-air-quality/year=2026/month=08/day=13/city=new_york/040816.json
[2026-08-13T04:08:23.668+0000] {logging_mixin.py:188} INFO - Saved → s3://bronze-air-quality/year=2026/month=08/day=13/city=london/040816.json
[2026-08-13T04:08:23.712+0000] {logging_mixin.py:188} INFO - Saved → s3://bronze-air-quality/year=2026/month=08/day=13/city=beijing/040816.json
[2026-08-13T04:08:23.787+0000] {logging_mixin.py:188} INFO - Saved → s3://bronze-air-quality/year=2026/month=08/day=13/city=delhi/040816.json
[2026-08-13T04:08:23.870+0000] {logging_mixin.py:188} INFO - Saved → s3://bronze-air-quality/year=2026/month=08/day=13/city=sydney/040816.json
[2026-08-13T04:08:23.874+0000] {logging_mixin.py:188} INFO - 
Total records ingested: 5
[2026-08-13T04:08:23.879+0000] {python.py:201} INFO - Done. Returned value was: None
[2026-08-13T04:08:23.927+0000] {taskinstance.py:1138} INFO - Marking task as SUCCESS. dag_id=air_quality_ingestion, task_id=ingest_to_bronze, execution_date=20260813T000000, start_date=20260813T040808, end_date=20260813T040823
[2026-08-13T04:08:24.159+0000] {local_task_job_runner.py:234} INFO - Task exited with return code 0
[2026-08-13T04:08:24.229+0000] {taskinstance.py:3280} INFO - 0 downstream tasks scheduled from follow-on schedule check
