[2026-09-02T04:00:01.351+0000] {taskinstance.py:1956} INFO - Dependencies all met for dep_context=non-requeueable deps ti=<TaskInstance: air_quality_ingestion.ingest_to_bronze scheduled__2026-09-02T03:00:00+00:00 [queued]>
[2026-09-02T04:00:01.356+0000] {taskinstance.py:1956} INFO - Dependencies all met for dep_context=requeueable deps ti=<TaskInstance: air_quality_ingestion.ingest_to_bronze scheduled__2026-09-02T03:00:00+00:00 [queued]>
[2026-09-02T04:00:01.357+0000] {taskinstance.py:2170} INFO - Starting attempt 1 of 4
[2026-09-02T04:00:01.366+0000] {taskinstance.py:2191} INFO - Executing <Task(PythonOperator): ingest_to_bronze> on 2026-09-02 03:00:00+00:00
[2026-09-02T04:00:01.370+0000] {standard_task_runner.py:60} INFO - Started process 38897 to run task
[2026-09-02T04:00:01.373+0000] {standard_task_runner.py:87} INFO - Running: ['***', 'tasks', 'run', 'air_quality_ingestion', 'ingest_to_bronze', 'scheduled__2026-09-02T03:00:00+00:00', '--job-id', '543', '--raw', '--subdir', 'DAGS_FOLDER/ingestion_dag.py', '--cfg-path', '/tmp/tmpdsyqd_ij']
[2026-09-02T04:00:01.375+0000] {standard_task_runner.py:88} INFO - Job 543: Subtask ingest_to_bronze
[2026-09-02T04:00:01.435+0000] {task_command.py:423} INFO - Running <TaskInstance: air_quality_ingestion.ingest_to_bronze scheduled__2026-09-02T03:00:00+00:00 [running]> on host 6a0525c4c718
[2026-09-02T04:00:01.500+0000] {taskinstance.py:2480} INFO - Exporting env vars: AIRFLOW_CTX_DAG_OWNER='***' AIRFLOW_CTX_DAG_ID='air_quality_ingestion' AIRFLOW_CTX_TASK_ID='ingest_to_bronze' AIRFLOW_CTX_EXECUTION_DATE='2026-09-02T03:00:00+00:00' AIRFLOW_CTX_TRY_NUMBER='1' AIRFLOW_CTX_DAG_RUN_ID='scheduled__2026-09-02T03:00:00+00:00'
[2026-09-02T04:00:01.572+0000] {logging_mixin.py:188} INFO - Created bucket: bronze-air-quality
[2026-09-02T04:00:01.576+0000] {logging_mixin.py:188} INFO - Created bucket: silver-air-quality
[2026-09-02T04:00:01.581+0000] {logging_mixin.py:188} INFO - Created bucket: gold-air-quality
[2026-09-02T04:00:02.334+0000] {logging_mixin.py:188} INFO - ✓ new york: AQI=41
[2026-09-02T04:00:03.138+0000] {logging_mixin.py:188} INFO - ✓ london: AQI=30
[2026-09-02T04:00:03.875+0000] {logging_mixin.py:188} INFO - ✓ beijing: AQI=46
[2026-09-02T04:00:04.595+0000] {logging_mixin.py:188} INFO - ✓ delhi: AQI=151
[2026-09-02T04:00:05.351+0000] {logging_mixin.py:188} INFO - ✓ sydney: AQI=48
[2026-09-02T04:00:05.363+0000] {logging_mixin.py:188} INFO - Saved → s3://bronze-air-quality/year=2026/month=09/day=02/city=new_york/040001.json
[2026-09-02T04:00:05.370+0000] {logging_mixin.py:188} INFO - Saved → s3://bronze-air-quality/year=2026/month=09/day=02/city=london/040001.json
[2026-09-02T04:00:05.376+0000] {logging_mixin.py:188} INFO - Saved → s3://bronze-air-quality/year=2026/month=09/day=02/city=beijing/040001.json
[2026-09-02T04:00:05.381+0000] {logging_mixin.py:188} INFO - Saved → s3://bronze-air-quality/year=2026/month=09/day=02/city=delhi/040001.json
[2026-09-02T04:00:05.386+0000] {logging_mixin.py:188} INFO - Saved → s3://bronze-air-quality/year=2026/month=09/day=02/city=sydney/040001.json
[2026-09-02T04:00:05.387+0000] {logging_mixin.py:188} INFO - 
Total records ingested: 5
[2026-09-02T04:00:05.387+0000] {python.py:201} INFO - Done. Returned value was: None
[2026-09-02T04:00:05.395+0000] {taskinstance.py:1138} INFO - Marking task as SUCCESS. dag_id=air_quality_ingestion, task_id=ingest_to_bronze, execution_date=20260902T030000, start_date=20260902T040001, end_date=20260902T040005
[2026-09-02T04:00:05.410+0000] {local_task_job_runner.py:234} INFO - Task exited with return code 0
[2026-09-02T04:00:05.422+0000] {taskinstance.py:3280} INFO - 0 downstream tasks scheduled from follow-on schedule check
