[2026-09-04T18:00:01.085+0000] {taskinstance.py:1956} INFO - Dependencies all met for dep_context=non-requeueable deps ti=<TaskInstance: air_quality_ingestion.ingest_to_bronze scheduled__2026-09-04T17:00:00+00:00 [queued]>
[2026-09-04T18:00:01.091+0000] {taskinstance.py:1956} INFO - Dependencies all met for dep_context=requeueable deps ti=<TaskInstance: air_quality_ingestion.ingest_to_bronze scheduled__2026-09-04T17:00:00+00:00 [queued]>
[2026-09-04T18:00:01.091+0000] {taskinstance.py:2170} INFO - Starting attempt 1 of 4
[2026-09-04T18:00:01.102+0000] {taskinstance.py:2191} INFO - Executing <Task(PythonOperator): ingest_to_bronze> on 2026-09-04 17:00:00+00:00
[2026-09-04T18:00:01.106+0000] {standard_task_runner.py:60} INFO - Started process 59891 to run task
[2026-09-04T18:00:01.109+0000] {standard_task_runner.py:87} INFO - Running: ['***', 'tasks', 'run', 'air_quality_ingestion', 'ingest_to_bronze', 'scheduled__2026-09-04T17:00:00+00:00', '--job-id', '614', '--raw', '--subdir', 'DAGS_FOLDER/ingestion_dag.py', '--cfg-path', '/tmp/tmp7f8wvxk2']
[2026-09-04T18:00:01.111+0000] {standard_task_runner.py:88} INFO - Job 614: Subtask ingest_to_bronze
[2026-09-04T18:00:01.174+0000] {task_command.py:423} INFO - Running <TaskInstance: air_quality_ingestion.ingest_to_bronze scheduled__2026-09-04T17:00:00+00:00 [running]> on host 6a0525c4c718
[2026-09-04T18:00:01.247+0000] {taskinstance.py:2480} INFO - Exporting env vars: AIRFLOW_CTX_DAG_OWNER='***' AIRFLOW_CTX_DAG_ID='air_quality_ingestion' AIRFLOW_CTX_TASK_ID='ingest_to_bronze' AIRFLOW_CTX_EXECUTION_DATE='2026-09-04T17:00:00+00:00' AIRFLOW_CTX_TRY_NUMBER='1' AIRFLOW_CTX_DAG_RUN_ID='scheduled__2026-09-04T17:00:00+00:00'
[2026-09-04T18:00:01.338+0000] {logging_mixin.py:188} INFO - Created bucket: bronze-air-quality
[2026-09-04T18:00:01.345+0000] {logging_mixin.py:188} INFO - Created bucket: silver-air-quality
[2026-09-04T18:00:01.351+0000] {logging_mixin.py:188} INFO - Created bucket: gold-air-quality
[2026-09-04T18:00:02.118+0000] {logging_mixin.py:188} INFO - ✓ new york: AQI=34
[2026-09-04T18:00:02.875+0000] {logging_mixin.py:188} INFO - ✓ london: AQI=19
[2026-09-04T18:00:03.602+0000] {logging_mixin.py:188} INFO - ✓ beijing: AQI=76
[2026-09-04T18:00:04.380+0000] {logging_mixin.py:188} INFO - ✓ delhi: AQI=8
[2026-09-04T18:00:05.179+0000] {logging_mixin.py:188} INFO - ✓ sydney: AQI=52
[2026-09-04T18:00:05.192+0000] {logging_mixin.py:188} INFO - Saved → s3://bronze-air-quality/year=2026/month=09/day=04/city=new_york/180001.json
[2026-09-04T18:00:05.200+0000] {logging_mixin.py:188} INFO - Saved → s3://bronze-air-quality/year=2026/month=09/day=04/city=london/180001.json
[2026-09-04T18:00:05.205+0000] {logging_mixin.py:188} INFO - Saved → s3://bronze-air-quality/year=2026/month=09/day=04/city=beijing/180001.json
[2026-09-04T18:00:05.212+0000] {logging_mixin.py:188} INFO - Saved → s3://bronze-air-quality/year=2026/month=09/day=04/city=delhi/180001.json
[2026-09-04T18:00:05.222+0000] {logging_mixin.py:188} INFO - Saved → s3://bronze-air-quality/year=2026/month=09/day=04/city=sydney/180001.json
[2026-09-04T18:00:05.223+0000] {logging_mixin.py:188} INFO - 
Total records ingested: 5
[2026-09-04T18:00:05.224+0000] {python.py:201} INFO - Done. Returned value was: None
[2026-09-04T18:00:05.234+0000] {taskinstance.py:1138} INFO - Marking task as SUCCESS. dag_id=air_quality_ingestion, task_id=ingest_to_bronze, execution_date=20260904T170000, start_date=20260904T180001, end_date=20260904T180005
[2026-09-04T18:00:05.270+0000] {local_task_job_runner.py:234} INFO - Task exited with return code 0
[2026-09-04T18:00:05.283+0000] {taskinstance.py:3280} INFO - 0 downstream tasks scheduled from follow-on schedule check
