[2026-09-02T02:00:01.655+0000] {taskinstance.py:1956} INFO - Dependencies all met for dep_context=non-requeueable deps ti=<TaskInstance: air_quality_ingestion.ingest_to_bronze scheduled__2026-09-02T01:00:00+00:00 [queued]>
[2026-09-02T02:00:01.660+0000] {taskinstance.py:1956} INFO - Dependencies all met for dep_context=requeueable deps ti=<TaskInstance: air_quality_ingestion.ingest_to_bronze scheduled__2026-09-02T01:00:00+00:00 [queued]>
[2026-09-02T02:00:01.660+0000] {taskinstance.py:2170} INFO - Starting attempt 1 of 4
[2026-09-02T02:00:01.671+0000] {taskinstance.py:2191} INFO - Executing <Task(PythonOperator): ingest_to_bronze> on 2026-09-02 01:00:00+00:00
[2026-09-02T02:00:01.676+0000] {standard_task_runner.py:60} INFO - Started process 36727 to run task
[2026-09-02T02:00:01.680+0000] {standard_task_runner.py:87} INFO - Running: ['***', 'tasks', 'run', 'air_quality_ingestion', 'ingest_to_bronze', 'scheduled__2026-09-02T01:00:00+00:00', '--job-id', '539', '--raw', '--subdir', 'DAGS_FOLDER/ingestion_dag.py', '--cfg-path', '/tmp/tmpstp2bkhm']
[2026-09-02T02:00:01.682+0000] {standard_task_runner.py:88} INFO - Job 539: Subtask ingest_to_bronze
[2026-09-02T02:00:01.744+0000] {task_command.py:423} INFO - Running <TaskInstance: air_quality_ingestion.ingest_to_bronze scheduled__2026-09-02T01:00:00+00:00 [running]> on host 6a0525c4c718
[2026-09-02T02:00:01.811+0000] {taskinstance.py:2480} INFO - Exporting env vars: AIRFLOW_CTX_DAG_OWNER='***' AIRFLOW_CTX_DAG_ID='air_quality_ingestion' AIRFLOW_CTX_TASK_ID='ingest_to_bronze' AIRFLOW_CTX_EXECUTION_DATE='2026-09-02T01:00:00+00:00' AIRFLOW_CTX_TRY_NUMBER='1' AIRFLOW_CTX_DAG_RUN_ID='scheduled__2026-09-02T01:00:00+00:00'
[2026-09-02T02:00:01.947+0000] {logging_mixin.py:188} INFO - Created bucket: bronze-air-quality
[2026-09-02T02:00:01.953+0000] {logging_mixin.py:188} INFO - Created bucket: silver-air-quality
[2026-09-02T02:00:01.959+0000] {logging_mixin.py:188} INFO - Created bucket: gold-air-quality
[2026-09-02T02:00:03.410+0000] {logging_mixin.py:188} INFO - ✓ new york: AQI=70
[2026-09-02T02:00:04.215+0000] {logging_mixin.py:188} INFO - ✓ london: AQI=46
[2026-09-02T02:00:04.967+0000] {logging_mixin.py:188} INFO - ✓ beijing: AQI=38
[2026-09-02T02:00:05.766+0000] {logging_mixin.py:188} INFO - ✓ delhi: AQI=48
[2026-09-02T02:00:06.540+0000] {logging_mixin.py:188} INFO - ✓ sydney: AQI=48
[2026-09-02T02:00:06.565+0000] {logging_mixin.py:188} INFO - Saved → s3://bronze-air-quality/year=2026/month=09/day=02/city=new_york/020001.json
[2026-09-02T02:00:06.572+0000] {logging_mixin.py:188} INFO - Saved → s3://bronze-air-quality/year=2026/month=09/day=02/city=london/020001.json
[2026-09-02T02:00:06.577+0000] {logging_mixin.py:188} INFO - Saved → s3://bronze-air-quality/year=2026/month=09/day=02/city=beijing/020001.json
[2026-09-02T02:00:06.581+0000] {logging_mixin.py:188} INFO - Saved → s3://bronze-air-quality/year=2026/month=09/day=02/city=delhi/020001.json
[2026-09-02T02:00:06.587+0000] {logging_mixin.py:188} INFO - Saved → s3://bronze-air-quality/year=2026/month=09/day=02/city=sydney/020001.json
[2026-09-02T02:00:06.588+0000] {logging_mixin.py:188} INFO - 
Total records ingested: 5
[2026-09-02T02:00:06.588+0000] {python.py:201} INFO - Done. Returned value was: None
[2026-09-02T02:00:06.595+0000] {taskinstance.py:1138} INFO - Marking task as SUCCESS. dag_id=air_quality_ingestion, task_id=ingest_to_bronze, execution_date=20260902T010000, start_date=20260902T020001, end_date=20260902T020006
[2026-09-02T02:00:06.649+0000] {local_task_job_runner.py:234} INFO - Task exited with return code 0
[2026-09-02T02:00:06.697+0000] {taskinstance.py:3280} INFO - 0 downstream tasks scheduled from follow-on schedule check
