[2026-09-08T15:14:43.931+0000] {taskinstance.py:1956} INFO - Dependencies all met for dep_context=non-requeueable deps ti=<TaskInstance: air_quality_pipeline.wait_for_ingestion scheduled__2026-09-08T05:05:00+00:00 [queued]>
[2026-09-08T15:14:43.973+0000] {taskinstance.py:1956} INFO - Dependencies all met for dep_context=requeueable deps ti=<TaskInstance: air_quality_pipeline.wait_for_ingestion scheduled__2026-09-08T05:05:00+00:00 [queued]>
[2026-09-08T15:14:43.978+0000] {taskinstance.py:2170} INFO - Starting attempt 1 of 3
[2026-09-08T15:14:44.044+0000] {taskinstance.py:2191} INFO - Executing <Task(ExternalTaskSensor): wait_for_ingestion> on 2026-09-08 05:05:00+00:00
[2026-09-08T15:14:44.203+0000] {standard_task_runner.py:60} INFO - Started process 97193 to run task
[2026-09-08T15:14:44.432+0000] {standard_task_runner.py:87} INFO - Running: ['***', 'tasks', 'run', 'air_quality_pipeline', 'wait_for_ingestion', 'scheduled__2026-09-08T05:05:00+00:00', '--job-id', '711', '--raw', '--subdir', 'DAGS_FOLDER/spark_pipeline_dag.py', '--cfg-path', '/tmp/tmprqhsw_17']
[2026-09-08T15:14:44.542+0000] {standard_task_runner.py:88} INFO - Job 711: Subtask wait_for_ingestion
[2026-09-08T15:14:46.047+0000] {task_command.py:423} INFO - Running <TaskInstance: air_quality_pipeline.wait_for_ingestion scheduled__2026-09-08T05:05:00+00:00 [running]> on host 6a0525c4c718
[2026-09-08T15:14:47.041+0000] {taskinstance.py:2480} INFO - Exporting env vars: AIRFLOW_CTX_DAG_OWNER='***' AIRFLOW_CTX_DAG_ID='air_quality_pipeline' AIRFLOW_CTX_TASK_ID='wait_for_ingestion' AIRFLOW_CTX_EXECUTION_DATE='2026-09-08T05:05:00+00:00' AIRFLOW_CTX_TRY_NUMBER='1' AIRFLOW_CTX_DAG_RUN_ID='scheduled__2026-09-08T05:05:00+00:00'
[2026-09-08T15:14:47.129+0000] {external_task.py:244} INFO - Poking for tasks ['ingest_to_bronze'] in dag air_quality_ingestion on 2026-09-08T05:05:00+00:00 ... 
[2026-09-08T15:15:17.217+0000] {external_task.py:244} INFO - Poking for tasks ['ingest_to_bronze'] in dag air_quality_ingestion on 2026-09-08T05:05:00+00:00 ... 
[2026-09-08T15:15:47.226+0000] {external_task.py:244} INFO - Poking for tasks ['ingest_to_bronze'] in dag air_quality_ingestion on 2026-09-08T05:05:00+00:00 ... 
[2026-09-08T15:16:17.232+0000] {external_task.py:244} INFO - Poking for tasks ['ingest_to_bronze'] in dag air_quality_ingestion on 2026-09-08T05:05:00+00:00 ... 
[2026-09-08T15:16:47.238+0000] {external_task.py:244} INFO - Poking for tasks ['ingest_to_bronze'] in dag air_quality_ingestion on 2026-09-08T05:05:00+00:00 ... 
[2026-09-08T15:17:17.242+0000] {external_task.py:244} INFO - Poking for tasks ['ingest_to_bronze'] in dag air_quality_ingestion on 2026-09-08T05:05:00+00:00 ... 
[2026-09-08T15:17:47.249+0000] {external_task.py:244} INFO - Poking for tasks ['ingest_to_bronze'] in dag air_quality_ingestion on 2026-09-08T05:05:00+00:00 ... 
[2026-09-08T15:18:17.264+0000] {external_task.py:244} INFO - Poking for tasks ['ingest_to_bronze'] in dag air_quality_ingestion on 2026-09-08T05:05:00+00:00 ... 
[2026-09-08T15:18:47.268+0000] {external_task.py:244} INFO - Poking for tasks ['ingest_to_bronze'] in dag air_quality_ingestion on 2026-09-08T05:05:00+00:00 ... 
[2026-09-08T15:19:17.279+0000] {external_task.py:244} INFO - Poking for tasks ['ingest_to_bronze'] in dag air_quality_ingestion on 2026-09-08T05:05:00+00:00 ... 
[2026-09-08T15:19:47.293+0000] {external_task.py:244} INFO - Poking for tasks ['ingest_to_bronze'] in dag air_quality_ingestion on 2026-09-08T05:05:00+00:00 ... 
[2026-09-08T15:19:47.353+0000] {taskinstance.py:2698} ERROR - Task failed with exception
Traceback (most recent call last):
  File "/home/airflow/.local/lib/python3.11/site-packages/airflow/models/taskinstance.py", line 433, in _execute_task
    result = execute_callable(context=context, **execute_callable_kwargs)
             ^^^^^^^^^^^^^^^^^^^^^^^^^^^^^^^^^^^^^^^^^^^^^^^^^^^^^^^^^^^^
  File "/home/airflow/.local/lib/python3.11/site-packages/airflow/sensors/external_task.py", line 334, in execute
    super().execute(context)
  File "/home/airflow/.local/lib/python3.11/site-packages/airflow/sensors/base.py", line 282, in execute
    raise AirflowSensorTimeout(message)
airflow.exceptions.AirflowSensorTimeout: Sensor has timed out; run duration of 300.2556492550066 seconds exceeds the specified timeout of 300.0.
[2026-09-08T15:19:47.364+0000] {taskinstance.py:1138} INFO - Immediate failure requested. Marking task as FAILED. dag_id=air_quality_pipeline, task_id=wait_for_ingestion, execution_date=20260908T050500, start_date=20260908T151443, end_date=20260908T151947
[2026-09-08T15:19:47.377+0000] {standard_task_runner.py:107} ERROR - Failed to execute job 711 for task wait_for_ingestion (Sensor has timed out; run duration of 300.2556492550066 seconds exceeds the specified timeout of 300.0.; 97193)
[2026-09-08T15:19:47.414+0000] {local_task_job_runner.py:234} INFO - Task exited with return code 1
[2026-09-08T15:19:47.440+0000] {taskinstance.py:3280} INFO - 0 downstream tasks scheduled from follow-on schedule check
