[2026-09-06T03:00:01.124+0000] {taskinstance.py:1956} INFO - Dependencies all met for dep_context=non-requeueable deps ti=<TaskInstance: air_quality_ingestion.ingest_to_bronze scheduled__2026-09-06T02:00:00+00:00 [queued]>
[2026-09-06T03:00:01.131+0000] {taskinstance.py:1956} INFO - Dependencies all met for dep_context=requeueable deps ti=<TaskInstance: air_quality_ingestion.ingest_to_bronze scheduled__2026-09-06T02:00:00+00:00 [queued]>
[2026-09-06T03:00:01.132+0000] {taskinstance.py:2170} INFO - Starting attempt 1 of 4
[2026-09-06T03:00:01.143+0000] {taskinstance.py:2191} INFO - Executing <Task(PythonOperator): ingest_to_bronze> on 2026-09-06 02:00:00+00:00
[2026-09-06T03:00:01.147+0000] {standard_task_runner.py:60} INFO - Started process 63453 to run task
[2026-09-06T03:00:01.149+0000] {standard_task_runner.py:87} INFO - Running: ['***', 'tasks', 'run', 'air_quality_ingestion', 'ingest_to_bronze', 'scheduled__2026-09-06T02:00:00+00:00', '--job-id', '637', '--raw', '--subdir', 'DAGS_FOLDER/ingestion_dag.py', '--cfg-path', '/tmp/tmp2cqm8yzm']
[2026-09-06T03:00:01.152+0000] {standard_task_runner.py:88} INFO - Job 637: Subtask ingest_to_bronze
[2026-09-06T03:00:01.217+0000] {task_command.py:423} INFO - Running <TaskInstance: air_quality_ingestion.ingest_to_bronze scheduled__2026-09-06T02:00:00+00:00 [running]> on host 6a0525c4c718
[2026-09-06T03:00:01.291+0000] {taskinstance.py:2480} INFO - Exporting env vars: AIRFLOW_CTX_DAG_OWNER='***' AIRFLOW_CTX_DAG_ID='air_quality_ingestion' AIRFLOW_CTX_TASK_ID='ingest_to_bronze' AIRFLOW_CTX_EXECUTION_DATE='2026-09-06T02:00:00+00:00' AIRFLOW_CTX_TRY_NUMBER='1' AIRFLOW_CTX_DAG_RUN_ID='scheduled__2026-09-06T02:00:00+00:00'
[2026-09-06T03:00:01.371+0000] {logging_mixin.py:188} INFO - Created bucket: bronze-air-quality
[2026-09-06T03:00:01.377+0000] {logging_mixin.py:188} INFO - Created bucket: silver-air-quality
[2026-09-06T03:00:01.383+0000] {logging_mixin.py:188} INFO - Created bucket: gold-air-quality
[2026-09-06T03:00:02.215+0000] {logging_mixin.py:188} INFO - ✓ new york: AQI=19
[2026-09-06T03:00:02.959+0000] {logging_mixin.py:188} INFO - ✓ london: AQI=35
[2026-09-06T03:00:03.731+0000] {logging_mixin.py:188} INFO - ✓ beijing: AQI=87
[2026-09-06T03:00:04.453+0000] {logging_mixin.py:188} INFO - ✓ delhi: AQI=36
[2026-09-06T03:00:05.188+0000] {logging_mixin.py:188} INFO - ✓ sydney: AQI=21
[2026-09-06T03:00:05.201+0000] {logging_mixin.py:188} INFO - Saved → s3://bronze-air-quality/year=2026/month=09/day=06/city=new_york/030001.json
[2026-09-06T03:00:05.211+0000] {logging_mixin.py:188} INFO - Saved → s3://bronze-air-quality/year=2026/month=09/day=06/city=london/030001.json
[2026-09-06T03:00:05.218+0000] {logging_mixin.py:188} INFO - Saved → s3://bronze-air-quality/year=2026/month=09/day=06/city=beijing/030001.json
[2026-09-06T03:00:05.226+0000] {logging_mixin.py:188} INFO - Saved → s3://bronze-air-quality/year=2026/month=09/day=06/city=delhi/030001.json
[2026-09-06T03:00:05.233+0000] {logging_mixin.py:188} INFO - Saved → s3://bronze-air-quality/year=2026/month=09/day=06/city=sydney/030001.json
[2026-09-06T03:00:05.234+0000] {logging_mixin.py:188} INFO - 
Total records ingested: 5
[2026-09-06T03:00:05.234+0000] {python.py:201} INFO - Done. Returned value was: None
[2026-09-06T03:00:05.247+0000] {taskinstance.py:1138} INFO - Marking task as SUCCESS. dag_id=air_quality_ingestion, task_id=ingest_to_bronze, execution_date=20260906T020000, start_date=20260906T030001, end_date=20260906T030005
[2026-09-06T03:00:05.270+0000] {local_task_job_runner.py:234} INFO - Task exited with return code 0
[2026-09-06T03:00:05.285+0000] {taskinstance.py:3280} INFO - 0 downstream tasks scheduled from follow-on schedule check
