[2026-08-07T13:29:29.200+0000] {taskinstance.py:1956} INFO - Dependencies all met for dep_context=non-requeueable deps ti=<TaskInstance: air_quality_pipeline.wait_for_ingestion scheduled__2026-08-07T06:05:00+00:00 [queued]>
[2026-08-07T13:29:29.252+0000] {taskinstance.py:1956} INFO - Dependencies all met for dep_context=requeueable deps ti=<TaskInstance: air_quality_pipeline.wait_for_ingestion scheduled__2026-08-07T06:05:00+00:00 [queued]>
[2026-08-07T13:29:29.254+0000] {taskinstance.py:2170} INFO - Starting attempt 1 of 3
[2026-08-07T13:29:29.337+0000] {taskinstance.py:2191} INFO - Executing <Task(ExternalTaskSensor): wait_for_ingestion> on 2026-08-07 06:05:00+00:00
[2026-08-07T13:29:29.366+0000] {standard_task_runner.py:60} INFO - Started process 11113 to run task
[2026-08-07T13:29:29.376+0000] {standard_task_runner.py:87} INFO - Running: ['***', 'tasks', 'run', 'air_quality_pipeline', 'wait_for_ingestion', 'scheduled__2026-08-07T06:05:00+00:00', '--job-id', '111', '--raw', '--subdir', 'DAGS_FOLDER/spark_pipeline_dag.py', '--cfg-path', '/tmp/tmpx36ulv6e']
[2026-08-07T13:29:29.397+0000] {standard_task_runner.py:88} INFO - Job 111: Subtask wait_for_ingestion
[2026-08-07T14:41:18.521+0000] {task_command.py:423} INFO - Running <TaskInstance: air_quality_pipeline.wait_for_ingestion scheduled__2026-08-07T06:05:00+00:00 [running]> on host 6a0525c4c718
[2026-08-07T14:41:18.769+0000] {taskinstance.py:2480} INFO - Exporting env vars: AIRFLOW_CTX_DAG_OWNER='***' AIRFLOW_CTX_DAG_ID='air_quality_pipeline' AIRFLOW_CTX_TASK_ID='wait_for_ingestion' AIRFLOW_CTX_EXECUTION_DATE='2026-08-07T06:05:00+00:00' AIRFLOW_CTX_TRY_NUMBER='1' AIRFLOW_CTX_DAG_RUN_ID='scheduled__2026-08-07T06:05:00+00:00'
[2026-08-07T14:41:18.778+0000] {external_task.py:244} INFO - Poking for tasks ['ingest_to_bronze'] in dag air_quality_ingestion on 2026-08-07T06:05:00+00:00 ... 
[2026-08-07T14:41:48.807+0000] {external_task.py:244} INFO - Poking for tasks ['ingest_to_bronze'] in dag air_quality_ingestion on 2026-08-07T06:05:00+00:00 ... 
[2026-08-07T14:42:18.831+0000] {external_task.py:244} INFO - Poking for tasks ['ingest_to_bronze'] in dag air_quality_ingestion on 2026-08-07T06:05:00+00:00 ... 
[2026-08-07T14:42:48.844+0000] {external_task.py:244} INFO - Poking for tasks ['ingest_to_bronze'] in dag air_quality_ingestion on 2026-08-07T06:05:00+00:00 ... 
[2026-08-07T14:43:18.859+0000] {external_task.py:244} INFO - Poking for tasks ['ingest_to_bronze'] in dag air_quality_ingestion on 2026-08-07T06:05:00+00:00 ... 
[2026-08-07T14:43:48.869+0000] {external_task.py:244} INFO - Poking for tasks ['ingest_to_bronze'] in dag air_quality_ingestion on 2026-08-07T06:05:00+00:00 ... 
[2026-08-07T14:44:18.879+0000] {external_task.py:244} INFO - Poking for tasks ['ingest_to_bronze'] in dag air_quality_ingestion on 2026-08-07T06:05:00+00:00 ... 
[2026-08-07T14:44:48.887+0000] {external_task.py:244} INFO - Poking for tasks ['ingest_to_bronze'] in dag air_quality_ingestion on 2026-08-07T06:05:00+00:00 ... 
[2026-08-07T14:45:18.898+0000] {external_task.py:244} INFO - Poking for tasks ['ingest_to_bronze'] in dag air_quality_ingestion on 2026-08-07T06:05:00+00:00 ... 
[2026-08-07T14:45:48.910+0000] {external_task.py:244} INFO - Poking for tasks ['ingest_to_bronze'] in dag air_quality_ingestion on 2026-08-07T06:05:00+00:00 ... 
[2026-08-07T14:46:18.923+0000] {external_task.py:244} INFO - Poking for tasks ['ingest_to_bronze'] in dag air_quality_ingestion on 2026-08-07T06:05:00+00:00 ... 
[2026-08-07T14:46:18.937+0000] {taskinstance.py:2698} ERROR - Task failed with exception
Traceback (most recent call last):
  File "/home/airflow/.local/lib/python3.11/site-packages/airflow/models/taskinstance.py", line 433, in _execute_task
    result = execute_callable(context=context, **execute_callable_kwargs)
             ^^^^^^^^^^^^^^^^^^^^^^^^^^^^^^^^^^^^^^^^^^^^^^^^^^^^^^^^^^^^
  File "/home/airflow/.local/lib/python3.11/site-packages/airflow/sensors/external_task.py", line 334, in execute
    super().execute(context)
  File "/home/airflow/.local/lib/python3.11/site-packages/airflow/sensors/base.py", line 282, in execute
    raise AirflowSensorTimeout(message)
airflow.exceptions.AirflowSensorTimeout: Sensor has timed out; run duration of 300.18987415599986 seconds exceeds the specified timeout of 300.0.
[2026-08-07T14:46:18.946+0000] {taskinstance.py:1138} INFO - Immediate failure requested. Marking task as FAILED. dag_id=air_quality_pipeline, task_id=wait_for_ingestion, execution_date=20260807T060500, start_date=20260807T132929, end_date=20260807T144618
[2026-08-07T14:46:18.958+0000] {standard_task_runner.py:107} ERROR - Failed to execute job 111 for task wait_for_ingestion (Sensor has timed out; run duration of 300.18987415599986 seconds exceeds the specified timeout of 300.0.; 11113)
[2026-08-07T14:46:19.002+0000] {local_task_job_runner.py:234} INFO - Task exited with return code 1
[2026-08-07T14:46:19.025+0000] {taskinstance.py:3280} INFO - 0 downstream tasks scheduled from follow-on schedule check
