[2026-08-31T21:03:20.296+0000] {taskinstance.py:1956} INFO - Dependencies all met for dep_context=non-requeueable deps ti=<TaskInstance: air_quality_ingestion.ingest_to_bronze scheduled__2026-08-31T20:00:00+00:00 [queued]>
[2026-08-31T21:03:20.306+0000] {taskinstance.py:1956} INFO - Dependencies all met for dep_context=requeueable deps ti=<TaskInstance: air_quality_ingestion.ingest_to_bronze scheduled__2026-08-31T20:00:00+00:00 [queued]>
[2026-08-31T21:03:20.307+0000] {taskinstance.py:2170} INFO - Starting attempt 1 of 4
[2026-08-31T21:03:20.322+0000] {taskinstance.py:2191} INFO - Executing <Task(PythonOperator): ingest_to_bronze> on 2026-08-31 20:00:00+00:00
[2026-08-31T21:03:20.329+0000] {standard_task_runner.py:60} INFO - Started process 32296 to run task
[2026-08-31T21:03:20.334+0000] {standard_task_runner.py:87} INFO - Running: ['***', 'tasks', 'run', 'air_quality_ingestion', 'ingest_to_bronze', 'scheduled__2026-08-31T20:00:00+00:00', '--job-id', '502', '--raw', '--subdir', 'DAGS_FOLDER/ingestion_dag.py', '--cfg-path', '/tmp/tmp95twlo1f']
[2026-08-31T21:03:20.337+0000] {standard_task_runner.py:88} INFO - Job 502: Subtask ingest_to_bronze
[2026-08-31T21:03:20.405+0000] {task_command.py:423} INFO - Running <TaskInstance: air_quality_ingestion.ingest_to_bronze scheduled__2026-08-31T20:00:00+00:00 [running]> on host 6a0525c4c718
[2026-08-31T21:03:20.482+0000] {taskinstance.py:2480} INFO - Exporting env vars: AIRFLOW_CTX_DAG_OWNER='***' AIRFLOW_CTX_DAG_ID='air_quality_ingestion' AIRFLOW_CTX_TASK_ID='ingest_to_bronze' AIRFLOW_CTX_EXECUTION_DATE='2026-08-31T20:00:00+00:00' AIRFLOW_CTX_TRY_NUMBER='1' AIRFLOW_CTX_DAG_RUN_ID='scheduled__2026-08-31T20:00:00+00:00'
[2026-08-31T21:03:20.620+0000] {logging_mixin.py:188} INFO - Created bucket: bronze-air-quality
[2026-08-31T21:03:20.631+0000] {logging_mixin.py:188} INFO - Created bucket: silver-air-quality
[2026-08-31T21:03:20.647+0000] {logging_mixin.py:188} INFO - Created bucket: gold-air-quality
[2026-08-31T21:03:21.849+0000] {logging_mixin.py:188} INFO - ✓ new york: AQI=30
[2026-08-31T21:03:22.937+0000] {logging_mixin.py:188} INFO - ✓ london: AQI=22
[2026-08-31T21:03:24.156+0000] {logging_mixin.py:188} INFO - ✓ beijing: AQI=34
[2026-08-31T21:03:25.309+0000] {logging_mixin.py:188} INFO - ✓ delhi: AQI=99
[2026-08-31T21:03:26.525+0000] {logging_mixin.py:188} INFO - ✓ sydney: AQI=37
[2026-08-31T21:03:26.547+0000] {logging_mixin.py:188} INFO - Saved → s3://bronze-air-quality/year=2026/month=08/day=31/city=new_york/210320.json
[2026-08-31T21:03:26.561+0000] {logging_mixin.py:188} INFO - Saved → s3://bronze-air-quality/year=2026/month=08/day=31/city=london/210320.json
[2026-08-31T21:03:26.574+0000] {logging_mixin.py:188} INFO - Saved → s3://bronze-air-quality/year=2026/month=08/day=31/city=beijing/210320.json
[2026-08-31T21:03:26.588+0000] {logging_mixin.py:188} INFO - Saved → s3://bronze-air-quality/year=2026/month=08/day=31/city=delhi/210320.json
[2026-08-31T21:03:26.600+0000] {logging_mixin.py:188} INFO - Saved → s3://bronze-air-quality/year=2026/month=08/day=31/city=sydney/210320.json
[2026-08-31T21:03:26.602+0000] {logging_mixin.py:188} INFO - 
Total records ingested: 5
[2026-08-31T21:03:26.604+0000] {python.py:201} INFO - Done. Returned value was: None
[2026-08-31T21:03:26.627+0000] {taskinstance.py:1138} INFO - Marking task as SUCCESS. dag_id=air_quality_ingestion, task_id=ingest_to_bronze, execution_date=20260831T200000, start_date=20260831T210320, end_date=20260831T210326
[2026-08-31T21:03:26.673+0000] {local_task_job_runner.py:234} INFO - Task exited with return code 0
[2026-08-31T21:03:26.704+0000] {taskinstance.py:3280} INFO - 0 downstream tasks scheduled from follow-on schedule check
