[2026-08-27T22:00:02.316+0000] {taskinstance.py:1956} INFO - Dependencies all met for dep_context=non-requeueable deps ti=<TaskInstance: air_quality_ingestion.ingest_to_bronze scheduled__2026-08-27T21:00:00+00:00 [queued]>
[2026-08-27T22:00:02.323+0000] {taskinstance.py:1956} INFO - Dependencies all met for dep_context=requeueable deps ti=<TaskInstance: air_quality_ingestion.ingest_to_bronze scheduled__2026-08-27T21:00:00+00:00 [queued]>
[2026-08-27T22:00:02.324+0000] {taskinstance.py:2170} INFO - Starting attempt 1 of 4
[2026-08-27T22:00:02.337+0000] {taskinstance.py:2191} INFO - Executing <Task(PythonOperator): ingest_to_bronze> on 2026-08-27 21:00:00+00:00
[2026-08-27T22:00:02.341+0000] {standard_task_runner.py:60} INFO - Started process 10313 to run task
[2026-08-27T22:00:02.344+0000] {standard_task_runner.py:87} INFO - Running: ['***', 'tasks', 'run', 'air_quality_ingestion', 'ingest_to_bronze', 'scheduled__2026-08-27T21:00:00+00:00', '--job-id', '411', '--raw', '--subdir', 'DAGS_FOLDER/ingestion_dag.py', '--cfg-path', '/tmp/tmp5aux4wjf']
[2026-08-27T22:00:02.346+0000] {standard_task_runner.py:88} INFO - Job 411: Subtask ingest_to_bronze
[2026-08-27T22:00:02.425+0000] {task_command.py:423} INFO - Running <TaskInstance: air_quality_ingestion.ingest_to_bronze scheduled__2026-08-27T21:00:00+00:00 [running]> on host 6a0525c4c718
[2026-08-27T22:00:02.512+0000] {taskinstance.py:2480} INFO - Exporting env vars: AIRFLOW_CTX_DAG_OWNER='***' AIRFLOW_CTX_DAG_ID='air_quality_ingestion' AIRFLOW_CTX_TASK_ID='ingest_to_bronze' AIRFLOW_CTX_EXECUTION_DATE='2026-08-27T21:00:00+00:00' AIRFLOW_CTX_TRY_NUMBER='1' AIRFLOW_CTX_DAG_RUN_ID='scheduled__2026-08-27T21:00:00+00:00'
[2026-08-27T22:00:02.663+0000] {logging_mixin.py:188} INFO - Created bucket: bronze-air-quality
[2026-08-27T22:00:02.669+0000] {logging_mixin.py:188} INFO - Created bucket: silver-air-quality
[2026-08-27T22:00:02.675+0000] {logging_mixin.py:188} INFO - Created bucket: gold-air-quality
[2026-08-27T22:00:03.797+0000] {logging_mixin.py:188} INFO - ✓ new york: AQI=38
[2026-08-27T22:00:04.871+0000] {logging_mixin.py:188} INFO - ✓ london: AQI=57
[2026-08-27T22:00:06.162+0000] {logging_mixin.py:188} INFO - ✓ beijing: AQI=33
[2026-08-27T22:00:07.940+0000] {logging_mixin.py:188} INFO - ✓ delhi: AQI=102
[2026-08-27T22:00:09.440+0000] {logging_mixin.py:188} INFO - ✓ sydney: AQI=45
[2026-08-27T22:00:09.458+0000] {logging_mixin.py:188} INFO - Saved → s3://bronze-air-quality/year=2026/month=08/day=27/city=new_york/220002.json
[2026-08-27T22:00:09.465+0000] {logging_mixin.py:188} INFO - Saved → s3://bronze-air-quality/year=2026/month=08/day=27/city=london/220002.json
[2026-08-27T22:00:09.474+0000] {logging_mixin.py:188} INFO - Saved → s3://bronze-air-quality/year=2026/month=08/day=27/city=beijing/220002.json
[2026-08-27T22:00:09.480+0000] {logging_mixin.py:188} INFO - Saved → s3://bronze-air-quality/year=2026/month=08/day=27/city=delhi/220002.json
[2026-08-27T22:00:09.487+0000] {logging_mixin.py:188} INFO - Saved → s3://bronze-air-quality/year=2026/month=08/day=27/city=sydney/220002.json
[2026-08-27T22:00:09.488+0000] {logging_mixin.py:188} INFO - 
Total records ingested: 5
[2026-08-27T22:00:09.488+0000] {python.py:201} INFO - Done. Returned value was: None
[2026-08-27T22:00:09.497+0000] {taskinstance.py:1138} INFO - Marking task as SUCCESS. dag_id=air_quality_ingestion, task_id=ingest_to_bronze, execution_date=20260827T210000, start_date=20260827T220002, end_date=20260827T220009
[2026-08-27T22:00:09.541+0000] {local_task_job_runner.py:234} INFO - Task exited with return code 0
[2026-08-27T22:00:09.555+0000] {taskinstance.py:3280} INFO - 0 downstream tasks scheduled from follow-on schedule check
