[2026-08-10T02:19:34.887+0000] {taskinstance.py:1956} INFO - Dependencies all met for dep_context=non-requeueable deps ti=<TaskInstance: air_quality_pipeline.wait_for_ingestion scheduled__2026-08-10T01:05:00+00:00 [queued]>
[2026-08-10T02:19:34.935+0000] {taskinstance.py:1956} INFO - Dependencies all met for dep_context=requeueable deps ti=<TaskInstance: air_quality_pipeline.wait_for_ingestion scheduled__2026-08-10T01:05:00+00:00 [queued]>
[2026-08-10T02:19:34.944+0000] {taskinstance.py:2170} INFO - Starting attempt 1 of 3
[2026-08-10T02:19:35.032+0000] {taskinstance.py:2191} INFO - Executing <Task(ExternalTaskSensor): wait_for_ingestion> on 2026-08-10 01:05:00+00:00
[2026-08-10T02:19:35.049+0000] {standard_task_runner.py:60} INFO - Started process 20184 to run task
[2026-08-10T02:19:35.069+0000] {standard_task_runner.py:87} INFO - Running: ['***', 'tasks', 'run', 'air_quality_pipeline', 'wait_for_ingestion', 'scheduled__2026-08-10T01:05:00+00:00', '--job-id', '166', '--raw', '--subdir', 'DAGS_FOLDER/spark_pipeline_dag.py', '--cfg-path', '/tmp/tmpmb3u1rb_']
[2026-08-10T02:19:35.100+0000] {standard_task_runner.py:88} INFO - Job 166: Subtask wait_for_ingestion
[2026-08-10T02:19:35.432+0000] {task_command.py:423} INFO - Running <TaskInstance: air_quality_pipeline.wait_for_ingestion scheduled__2026-08-10T01:05:00+00:00 [running]> on host 6a0525c4c718
[2026-08-10T02:19:35.859+0000] {taskinstance.py:2480} INFO - Exporting env vars: AIRFLOW_CTX_DAG_OWNER='***' AIRFLOW_CTX_DAG_ID='air_quality_pipeline' AIRFLOW_CTX_TASK_ID='wait_for_ingestion' AIRFLOW_CTX_EXECUTION_DATE='2026-08-10T01:05:00+00:00' AIRFLOW_CTX_TRY_NUMBER='1' AIRFLOW_CTX_DAG_RUN_ID='scheduled__2026-08-10T01:05:00+00:00'
[2026-08-10T02:19:35.874+0000] {external_task.py:244} INFO - Poking for tasks ['ingest_to_bronze'] in dag air_quality_ingestion on 2026-08-10T01:05:00+00:00 ... 
[2026-08-10T02:20:06.332+0000] {external_task.py:244} INFO - Poking for tasks ['ingest_to_bronze'] in dag air_quality_ingestion on 2026-08-10T01:05:00+00:00 ... 
[2026-08-10T02:20:36.365+0000] {external_task.py:244} INFO - Poking for tasks ['ingest_to_bronze'] in dag air_quality_ingestion on 2026-08-10T01:05:00+00:00 ... 
[2026-08-10T02:21:06.386+0000] {external_task.py:244} INFO - Poking for tasks ['ingest_to_bronze'] in dag air_quality_ingestion on 2026-08-10T01:05:00+00:00 ... 
[2026-08-10T02:21:36.394+0000] {external_task.py:244} INFO - Poking for tasks ['ingest_to_bronze'] in dag air_quality_ingestion on 2026-08-10T01:05:00+00:00 ... 
[2026-08-10T02:22:06.407+0000] {external_task.py:244} INFO - Poking for tasks ['ingest_to_bronze'] in dag air_quality_ingestion on 2026-08-10T01:05:00+00:00 ... 
[2026-08-10T02:22:36.417+0000] {external_task.py:244} INFO - Poking for tasks ['ingest_to_bronze'] in dag air_quality_ingestion on 2026-08-10T01:05:00+00:00 ... 
[2026-08-10T02:23:06.426+0000] {external_task.py:244} INFO - Poking for tasks ['ingest_to_bronze'] in dag air_quality_ingestion on 2026-08-10T01:05:00+00:00 ... 
[2026-08-10T02:23:36.438+0000] {external_task.py:244} INFO - Poking for tasks ['ingest_to_bronze'] in dag air_quality_ingestion on 2026-08-10T01:05:00+00:00 ... 
[2026-08-10T02:24:06.452+0000] {external_task.py:244} INFO - Poking for tasks ['ingest_to_bronze'] in dag air_quality_ingestion on 2026-08-10T01:05:00+00:00 ... 
[2026-08-10T02:24:36.464+0000] {external_task.py:244} INFO - Poking for tasks ['ingest_to_bronze'] in dag air_quality_ingestion on 2026-08-10T01:05:00+00:00 ... 
[2026-08-10T02:24:36.474+0000] {taskinstance.py:2698} ERROR - Task failed with exception
Traceback (most recent call last):
  File "/home/airflow/.local/lib/python3.11/site-packages/airflow/models/taskinstance.py", line 433, in _execute_task
    result = execute_callable(context=context, **execute_callable_kwargs)
             ^^^^^^^^^^^^^^^^^^^^^^^^^^^^^^^^^^^^^^^^^^^^^^^^^^^^^^^^^^^^
  File "/home/airflow/.local/lib/python3.11/site-packages/airflow/sensors/external_task.py", line 334, in execute
    super().execute(context)
  File "/home/airflow/.local/lib/python3.11/site-packages/airflow/sensors/base.py", line 282, in execute
    raise AirflowSensorTimeout(message)
airflow.exceptions.AirflowSensorTimeout: Sensor has timed out; run duration of 300.6254499350034 seconds exceeds the specified timeout of 300.0.
[2026-08-10T02:24:36.486+0000] {taskinstance.py:1138} INFO - Immediate failure requested. Marking task as FAILED. dag_id=air_quality_pipeline, task_id=wait_for_ingestion, execution_date=20260810T010500, start_date=20260810T021934, end_date=20260810T022436
[2026-08-10T02:24:36.506+0000] {standard_task_runner.py:107} ERROR - Failed to execute job 166 for task wait_for_ingestion (Sensor has timed out; run duration of 300.6254499350034 seconds exceeds the specified timeout of 300.0.; 20184)
[2026-08-10T02:24:36.529+0000] {local_task_job_runner.py:234} INFO - Task exited with return code 1
[2026-08-10T02:24:36.585+0000] {taskinstance.py:3280} INFO - 0 downstream tasks scheduled from follow-on schedule check
