[2026-09-05T01:36:05.965+0000] {taskinstance.py:1956} INFO - Dependencies all met for dep_context=non-requeueable deps ti=<TaskInstance: air_quality_pipeline.wait_for_ingestion scheduled__2026-09-05T00:05:00+00:00 [queued]>
[2026-09-05T01:36:06.005+0000] {taskinstance.py:1956} INFO - Dependencies all met for dep_context=requeueable deps ti=<TaskInstance: air_quality_pipeline.wait_for_ingestion scheduled__2026-09-05T00:05:00+00:00 [queued]>
[2026-09-05T01:36:06.007+0000] {taskinstance.py:2170} INFO - Starting attempt 1 of 3
[2026-09-05T01:36:06.066+0000] {taskinstance.py:2191} INFO - Executing <Task(ExternalTaskSensor): wait_for_ingestion> on 2026-09-05 00:05:00+00:00
[2026-09-05T01:36:06.085+0000] {standard_task_runner.py:60} INFO - Started process 62468 to run task
[2026-09-05T01:36:06.086+0000] {standard_task_runner.py:87} INFO - Running: ['***', 'tasks', 'run', 'air_quality_pipeline', 'wait_for_ingestion', 'scheduled__2026-09-05T00:05:00+00:00', '--job-id', '626', '--raw', '--subdir', 'DAGS_FOLDER/spark_pipeline_dag.py', '--cfg-path', '/tmp/tmpapper3xs']
[2026-09-05T01:36:06.102+0000] {standard_task_runner.py:88} INFO - Job 626: Subtask wait_for_ingestion
[2026-09-05T01:36:06.385+0000] {task_command.py:423} INFO - Running <TaskInstance: air_quality_pipeline.wait_for_ingestion scheduled__2026-09-05T00:05:00+00:00 [running]> on host 6a0525c4c718
[2026-09-05T01:36:06.742+0000] {taskinstance.py:2480} INFO - Exporting env vars: AIRFLOW_CTX_DAG_OWNER='***' AIRFLOW_CTX_DAG_ID='air_quality_pipeline' AIRFLOW_CTX_TASK_ID='wait_for_ingestion' AIRFLOW_CTX_EXECUTION_DATE='2026-09-05T00:05:00+00:00' AIRFLOW_CTX_TRY_NUMBER='1' AIRFLOW_CTX_DAG_RUN_ID='scheduled__2026-09-05T00:05:00+00:00'
[2026-09-05T01:36:06.764+0000] {external_task.py:244} INFO - Poking for tasks ['ingest_to_bronze'] in dag air_quality_ingestion on 2026-09-05T00:05:00+00:00 ... 
[2026-09-05T01:36:36.804+0000] {external_task.py:244} INFO - Poking for tasks ['ingest_to_bronze'] in dag air_quality_ingestion on 2026-09-05T00:05:00+00:00 ... 
[2026-09-05T01:37:06.813+0000] {external_task.py:244} INFO - Poking for tasks ['ingest_to_bronze'] in dag air_quality_ingestion on 2026-09-05T00:05:00+00:00 ... 
[2026-09-05T01:37:36.820+0000] {external_task.py:244} INFO - Poking for tasks ['ingest_to_bronze'] in dag air_quality_ingestion on 2026-09-05T00:05:00+00:00 ... 
[2026-09-05T01:38:06.834+0000] {external_task.py:244} INFO - Poking for tasks ['ingest_to_bronze'] in dag air_quality_ingestion on 2026-09-05T00:05:00+00:00 ... 
[2026-09-05T01:38:36.852+0000] {external_task.py:244} INFO - Poking for tasks ['ingest_to_bronze'] in dag air_quality_ingestion on 2026-09-05T00:05:00+00:00 ... 
[2026-09-05T01:39:06.870+0000] {external_task.py:244} INFO - Poking for tasks ['ingest_to_bronze'] in dag air_quality_ingestion on 2026-09-05T00:05:00+00:00 ... 
[2026-09-05T01:39:36.874+0000] {external_task.py:244} INFO - Poking for tasks ['ingest_to_bronze'] in dag air_quality_ingestion on 2026-09-05T00:05:00+00:00 ... 
[2026-09-05T01:40:06.888+0000] {external_task.py:244} INFO - Poking for tasks ['ingest_to_bronze'] in dag air_quality_ingestion on 2026-09-05T00:05:00+00:00 ... 
[2026-09-05T01:40:36.901+0000] {external_task.py:244} INFO - Poking for tasks ['ingest_to_bronze'] in dag air_quality_ingestion on 2026-09-05T00:05:00+00:00 ... 
[2026-09-05T01:41:06.918+0000] {external_task.py:244} INFO - Poking for tasks ['ingest_to_bronze'] in dag air_quality_ingestion on 2026-09-05T00:05:00+00:00 ... 
[2026-09-05T01:41:06.939+0000] {taskinstance.py:2698} ERROR - Task failed with exception
Traceback (most recent call last):
  File "/home/airflow/.local/lib/python3.11/site-packages/airflow/models/taskinstance.py", line 433, in _execute_task
    result = execute_callable(context=context, **execute_callable_kwargs)
             ^^^^^^^^^^^^^^^^^^^^^^^^^^^^^^^^^^^^^^^^^^^^^^^^^^^^^^^^^^^^
  File "/home/airflow/.local/lib/python3.11/site-packages/airflow/sensors/external_task.py", line 334, in execute
    super().execute(context)
  File "/home/airflow/.local/lib/python3.11/site-packages/airflow/sensors/base.py", line 282, in execute
    raise AirflowSensorTimeout(message)
airflow.exceptions.AirflowSensorTimeout: Sensor has timed out; run duration of 300.2030349589768 seconds exceeds the specified timeout of 300.0.
[2026-09-05T01:41:06.951+0000] {taskinstance.py:1138} INFO - Immediate failure requested. Marking task as FAILED. dag_id=air_quality_pipeline, task_id=wait_for_ingestion, execution_date=20260905T000500, start_date=20260905T013605, end_date=20260905T014106
[2026-09-05T01:41:06.990+0000] {standard_task_runner.py:107} ERROR - Failed to execute job 626 for task wait_for_ingestion (Sensor has timed out; run duration of 300.2030349589768 seconds exceeds the specified timeout of 300.0.; 62468)
[2026-09-05T01:41:07.038+0000] {local_task_job_runner.py:234} INFO - Task exited with return code 1
[2026-09-05T01:41:07.075+0000] {taskinstance.py:3280} INFO - 0 downstream tasks scheduled from follow-on schedule check
