[2026-08-31T03:25:16.653+0000] {taskinstance.py:1956} INFO - Dependencies all met for dep_context=non-requeueable deps ti=<TaskInstance: air_quality_pipeline.wait_for_ingestion scheduled__2026-08-31T00:05:00+00:00 [queued]>
[2026-08-31T03:25:16.689+0000] {taskinstance.py:1956} INFO - Dependencies all met for dep_context=requeueable deps ti=<TaskInstance: air_quality_pipeline.wait_for_ingestion scheduled__2026-08-31T00:05:00+00:00 [queued]>
[2026-08-31T03:25:16.692+0000] {taskinstance.py:2170} INFO - Starting attempt 1 of 3
[2026-08-31T03:25:16.752+0000] {taskinstance.py:2191} INFO - Executing <Task(ExternalTaskSensor): wait_for_ingestion> on 2026-08-31 00:05:00+00:00
[2026-08-31T03:25:16.764+0000] {standard_task_runner.py:60} INFO - Started process 23190 to run task
[2026-08-31T03:25:16.781+0000] {standard_task_runner.py:87} INFO - Running: ['***', 'tasks', 'run', 'air_quality_pipeline', 'wait_for_ingestion', 'scheduled__2026-08-31T00:05:00+00:00', '--job-id', '479', '--raw', '--subdir', 'DAGS_FOLDER/spark_pipeline_dag.py', '--cfg-path', '/tmp/tmpg_4wwapl']
[2026-08-31T03:25:16.803+0000] {standard_task_runner.py:88} INFO - Job 479: Subtask wait_for_ingestion
[2026-08-31T03:25:17.082+0000] {task_command.py:423} INFO - Running <TaskInstance: air_quality_pipeline.wait_for_ingestion scheduled__2026-08-31T00:05:00+00:00 [running]> on host 6a0525c4c718
[2026-08-31T03:25:17.589+0000] {taskinstance.py:2480} INFO - Exporting env vars: AIRFLOW_CTX_DAG_OWNER='***' AIRFLOW_CTX_DAG_ID='air_quality_pipeline' AIRFLOW_CTX_TASK_ID='wait_for_ingestion' AIRFLOW_CTX_EXECUTION_DATE='2026-08-31T00:05:00+00:00' AIRFLOW_CTX_TRY_NUMBER='1' AIRFLOW_CTX_DAG_RUN_ID='scheduled__2026-08-31T00:05:00+00:00'
[2026-08-31T03:25:17.592+0000] {external_task.py:244} INFO - Poking for tasks ['ingest_to_bronze'] in dag air_quality_ingestion on 2026-08-31T00:05:00+00:00 ... 
[2026-08-31T03:25:47.624+0000] {external_task.py:244} INFO - Poking for tasks ['ingest_to_bronze'] in dag air_quality_ingestion on 2026-08-31T00:05:00+00:00 ... 
[2026-08-31T03:26:17.634+0000] {external_task.py:244} INFO - Poking for tasks ['ingest_to_bronze'] in dag air_quality_ingestion on 2026-08-31T00:05:00+00:00 ... 
[2026-08-31T03:26:47.644+0000] {external_task.py:244} INFO - Poking for tasks ['ingest_to_bronze'] in dag air_quality_ingestion on 2026-08-31T00:05:00+00:00 ... 
[2026-08-31T03:27:17.651+0000] {external_task.py:244} INFO - Poking for tasks ['ingest_to_bronze'] in dag air_quality_ingestion on 2026-08-31T00:05:00+00:00 ... 
[2026-08-31T03:27:47.671+0000] {external_task.py:244} INFO - Poking for tasks ['ingest_to_bronze'] in dag air_quality_ingestion on 2026-08-31T00:05:00+00:00 ... 
[2026-08-31T03:28:17.678+0000] {external_task.py:244} INFO - Poking for tasks ['ingest_to_bronze'] in dag air_quality_ingestion on 2026-08-31T00:05:00+00:00 ... 
[2026-08-31T03:28:47.695+0000] {external_task.py:244} INFO - Poking for tasks ['ingest_to_bronze'] in dag air_quality_ingestion on 2026-08-31T00:05:00+00:00 ... 
[2026-08-31T03:29:17.704+0000] {external_task.py:244} INFO - Poking for tasks ['ingest_to_bronze'] in dag air_quality_ingestion on 2026-08-31T00:05:00+00:00 ... 
[2026-08-31T03:29:47.718+0000] {external_task.py:244} INFO - Poking for tasks ['ingest_to_bronze'] in dag air_quality_ingestion on 2026-08-31T00:05:00+00:00 ... 
[2026-08-31T03:30:17.735+0000] {external_task.py:244} INFO - Poking for tasks ['ingest_to_bronze'] in dag air_quality_ingestion on 2026-08-31T00:05:00+00:00 ... 
[2026-08-31T03:30:17.747+0000] {taskinstance.py:2698} ERROR - Task failed with exception
Traceback (most recent call last):
  File "/home/airflow/.local/lib/python3.11/site-packages/airflow/models/taskinstance.py", line 433, in _execute_task
    result = execute_callable(context=context, **execute_callable_kwargs)
             ^^^^^^^^^^^^^^^^^^^^^^^^^^^^^^^^^^^^^^^^^^^^^^^^^^^^^^^^^^^^
  File "/home/airflow/.local/lib/python3.11/site-packages/airflow/sensors/external_task.py", line 334, in execute
    super().execute(context)
  File "/home/airflow/.local/lib/python3.11/site-packages/airflow/sensors/base.py", line 282, in execute
    raise AirflowSensorTimeout(message)
airflow.exceptions.AirflowSensorTimeout: Sensor has timed out; run duration of 300.17433797800913 seconds exceeds the specified timeout of 300.0.
[2026-08-31T03:30:17.759+0000] {taskinstance.py:1138} INFO - Immediate failure requested. Marking task as FAILED. dag_id=air_quality_pipeline, task_id=wait_for_ingestion, execution_date=20260831T000500, start_date=20260831T032516, end_date=20260831T033017
[2026-08-31T03:30:17.784+0000] {standard_task_runner.py:107} ERROR - Failed to execute job 479 for task wait_for_ingestion (Sensor has timed out; run duration of 300.17433797800913 seconds exceeds the specified timeout of 300.0.; 23190)
[2026-08-31T03:30:17.829+0000] {local_task_job_runner.py:234} INFO - Task exited with return code 1
[2026-08-31T03:30:17.854+0000] {taskinstance.py:3280} INFO - 0 downstream tasks scheduled from follow-on schedule check
