[2026-08-14T18:15:07.916+0000] {taskinstance.py:1956} INFO - Dependencies all met for dep_context=non-requeueable deps ti=<TaskInstance: air_quality_pipeline.wait_for_ingestion scheduled__2026-08-14T17:05:00+00:00 [queued]>
[2026-08-14T18:15:07.946+0000] {taskinstance.py:1956} INFO - Dependencies all met for dep_context=requeueable deps ti=<TaskInstance: air_quality_pipeline.wait_for_ingestion scheduled__2026-08-14T17:05:00+00:00 [queued]>
[2026-08-14T18:15:07.948+0000] {taskinstance.py:2170} INFO - Starting attempt 1 of 3
[2026-08-14T18:15:07.983+0000] {taskinstance.py:2191} INFO - Executing <Task(ExternalTaskSensor): wait_for_ingestion> on 2026-08-14 17:05:00+00:00
[2026-08-14T18:15:07.994+0000] {standard_task_runner.py:60} INFO - Started process 52995 to run task
[2026-08-14T18:15:07.999+0000] {standard_task_runner.py:87} INFO - Running: ['***', 'tasks', 'run', 'air_quality_pipeline', 'wait_for_ingestion', 'scheduled__2026-08-14T17:05:00+00:00', '--job-id', '317', '--raw', '--subdir', 'DAGS_FOLDER/spark_pipeline_dag.py', '--cfg-path', '/tmp/tmp6lnrwfzk']
[2026-08-14T18:15:08.005+0000] {standard_task_runner.py:88} INFO - Job 317: Subtask wait_for_ingestion
[2026-08-14T18:15:08.155+0000] {task_command.py:423} INFO - Running <TaskInstance: air_quality_pipeline.wait_for_ingestion scheduled__2026-08-14T17:05:00+00:00 [running]> on host 6a0525c4c718
[2026-08-14T18:15:08.358+0000] {taskinstance.py:2480} INFO - Exporting env vars: AIRFLOW_CTX_DAG_OWNER='***' AIRFLOW_CTX_DAG_ID='air_quality_pipeline' AIRFLOW_CTX_TASK_ID='wait_for_ingestion' AIRFLOW_CTX_EXECUTION_DATE='2026-08-14T17:05:00+00:00' AIRFLOW_CTX_TRY_NUMBER='1' AIRFLOW_CTX_DAG_RUN_ID='scheduled__2026-08-14T17:05:00+00:00'
[2026-08-14T18:15:08.361+0000] {external_task.py:244} INFO - Poking for tasks ['ingest_to_bronze'] in dag air_quality_ingestion on 2026-08-14T17:05:00+00:00 ... 
[2026-08-14T18:15:45.558+0000] {external_task.py:244} INFO - Poking for tasks ['ingest_to_bronze'] in dag air_quality_ingestion on 2026-08-14T17:05:00+00:00 ... 
[2026-08-14T18:16:15.569+0000] {external_task.py:244} INFO - Poking for tasks ['ingest_to_bronze'] in dag air_quality_ingestion on 2026-08-14T17:05:00+00:00 ... 
[2026-08-14T18:16:45.577+0000] {external_task.py:244} INFO - Poking for tasks ['ingest_to_bronze'] in dag air_quality_ingestion on 2026-08-14T17:05:00+00:00 ... 
[2026-08-14T19:17:04.604+0000] {external_task.py:244} INFO - Poking for tasks ['ingest_to_bronze'] in dag air_quality_ingestion on 2026-08-14T17:05:00+00:00 ... 
[2026-08-14T19:29:13.316+0000] {external_task.py:244} INFO - Poking for tasks ['ingest_to_bronze'] in dag air_quality_ingestion on 2026-08-14T17:05:00+00:00 ... 
[2026-08-14T19:29:43.324+0000] {external_task.py:244} INFO - Poking for tasks ['ingest_to_bronze'] in dag air_quality_ingestion on 2026-08-14T17:05:00+00:00 ... 
[2026-08-14T19:33:11.753+0000] {external_task.py:244} INFO - Poking for tasks ['ingest_to_bronze'] in dag air_quality_ingestion on 2026-08-14T17:05:00+00:00 ... 
[2026-08-14T19:33:41.769+0000] {external_task.py:244} INFO - Poking for tasks ['ingest_to_bronze'] in dag air_quality_ingestion on 2026-08-14T17:05:00+00:00 ... 
[2026-08-14T19:34:11.778+0000] {external_task.py:244} INFO - Poking for tasks ['ingest_to_bronze'] in dag air_quality_ingestion on 2026-08-14T17:05:00+00:00 ... 
[2026-08-14T19:34:41.790+0000] {external_task.py:244} INFO - Poking for tasks ['ingest_to_bronze'] in dag air_quality_ingestion on 2026-08-14T17:05:00+00:00 ... 
[2026-08-14T19:34:41.803+0000] {taskinstance.py:2698} ERROR - Task failed with exception
Traceback (most recent call last):
  File "/home/airflow/.local/lib/python3.11/site-packages/airflow/models/taskinstance.py", line 433, in _execute_task
    result = execute_callable(context=context, **execute_callable_kwargs)
             ^^^^^^^^^^^^^^^^^^^^^^^^^^^^^^^^^^^^^^^^^^^^^^^^^^^^^^^^^^^^
  File "/home/airflow/.local/lib/python3.11/site-packages/airflow/sensors/external_task.py", line 334, in execute
    super().execute(context)
  File "/home/airflow/.local/lib/python3.11/site-packages/airflow/sensors/base.py", line 282, in execute
    raise AirflowSensorTimeout(message)
airflow.exceptions.AirflowSensorTimeout: Sensor has timed out; run duration of 300.1665776289883 seconds exceeds the specified timeout of 300.0.
[2026-08-14T19:34:41.814+0000] {taskinstance.py:1138} INFO - Immediate failure requested. Marking task as FAILED. dag_id=air_quality_pipeline, task_id=wait_for_ingestion, execution_date=20260814T170500, start_date=20260814T181507, end_date=20260814T193441
[2026-08-14T19:34:41.829+0000] {standard_task_runner.py:107} ERROR - Failed to execute job 317 for task wait_for_ingestion (Sensor has timed out; run duration of 300.1665776289883 seconds exceeds the specified timeout of 300.0.; 52995)
[2026-08-14T19:34:41.845+0000] {local_task_job_runner.py:234} INFO - Task exited with return code 1
[2026-08-14T19:34:41.871+0000] {taskinstance.py:3280} INFO - 0 downstream tasks scheduled from follow-on schedule check
